[2026-09-05 23:52:32] === Run started: lcfix_s123_fedbn_stdce_p100_seed123_job388719 ===
[2026-09-05 23:52:32] Config loaded from configs/learning_curve_fedbn_stdce.yaml
[2026-09-05 23:52:32] Run directories: {'log_dir': 'logs/fl/lcfix_s123_fedbn_stdce_p100_seed123_job388719', 'tb_dir': 'logs/fl/lcfix_s123_fedbn_stdce_p100_seed123_job388719/tb', 'checkpoint_dir': 'checkpoints/fl/lcfix_s123_fedbn_stdce_p100_seed123_job388719', 'output_dir': 'outputs/fl/lcfix_s123_fedbn_stdce_p100_seed123_job388719'}
[2026-09-05 23:52:32] Reproducibility enabled: seed=123, cudnn_deterministic=True, cudnn_benchmark=False
[2026-09-05 23:52:32] Indexing dataset...
[2026-09-05 23:52:32] Indexed 2538 train samples, 637 test samples.
[2026-09-05 23:52:32] Built 3 client partition(s) (client_split=hospital_based).
[2026-09-05 23:52:32]   client_id=Spain_Dataset hospital=Spain_Dataset n_samples=398
[2026-09-05 23:52:32]   client_id=Canada_Dataset hospital=Canada_Dataset n_samples=1635
[2026-09-05 23:52:32]   client_id=India_Dataset hospital=India_Dataset n_samples=505
[2026-09-05 23:52:32] Run hyperparameters:
  algorithm: fedbn
  model: resnet18
  num_clients: 3
  global_epochs: 50
  local_epochs: 3
  batch_size: 16
  learning_rate: 0.001
  domain_adaptation: True
  imbalance_method: standard_ce
[2026-09-05 23:52:32] [class_imbalance] method=standard_ce, global_train_counts=[1388, 772, 378], beta=0.999, weight_clip=None
[2026-09-05 23:52:32] [class_imbalance/client] client_id=Spain_Dataset, hospital=Spain_Dataset, local_counts=[151, 161, 86], loss_weights=None
[2026-09-05 23:52:32] [class_imbalance/client] client_id=Canada_Dataset, hospital=Canada_Dataset, local_counts=[1226, 272, 137], loss_weights=None
[2026-09-05 23:52:32] [class_imbalance/client] client_id=India_Dataset, hospital=India_Dataset, local_counts=[11, 339, 155], loss_weights=None
[2026-09-05 23:52:33] Starting Flower simulation: algorithm=fedbn, clients=3, rounds=50
[2026-09-05 23:55:28] [FL round 1] comm=134021412B comp=254.97s
[2026-09-05 23:58:28] [FL round 2] comm=134021412B comp=260.33s
[2026-09-06 00:01:27] [FL round 3] comm=134021412B comp=260.26s
[2026-09-06 00:04:32] [FL round 4] comm=134021412B comp=265.92s
[2026-09-06 00:07:30] [FL round 5] comm=134021412B comp=257.94s
[2026-09-06 00:10:28] [FL round 6] comm=134021412B comp=256.82s
[2026-09-06 00:13:27] [FL round 7] comm=134021412B comp=258.52s
[2026-09-06 00:16:24] [FL round 8] comm=134021412B comp=259.19s
[2026-09-06 00:19:24] [FL round 9] comm=134021412B comp=261.12s
[2026-09-06 00:22:24] [FL round 10] comm=134021412B comp=261.44s
[2026-09-06 00:25:25] [FL round 11] comm=134021412B comp=261.74s
[2026-09-06 00:28:22] [FL round 12] comm=134021412B comp=259.98s
[2026-09-06 00:31:17] [FL round 13] comm=134021412B comp=253.04s
[2026-09-06 00:34:13] [FL round 14] comm=134021412B comp=255.25s
[2026-09-06 00:37:12] [FL round 15] comm=134021412B comp=256.10s
[2026-09-06 00:40:03] [FL round 16] comm=134021412B comp=250.25s
[2026-09-06 00:43:05] [FL round 17] comm=134021412B comp=260.49s
[2026-09-06 00:46:09] [FL round 18] comm=134021412B comp=264.87s
[2026-09-06 00:49:05] [FL round 19] comm=134021412B comp=253.54s
[2026-09-06 00:52:03] [FL round 20] comm=134021412B comp=256.20s
[2026-09-06 00:55:05] [FL round 21] comm=134021412B comp=261.67s
[2026-09-06 00:58:02] [FL round 22] comm=134021412B comp=257.17s
[2026-09-06 01:00:57] [FL round 23] comm=134021412B comp=251.48s
[2026-09-06 01:03:56] [FL round 24] comm=134021412B comp=260.26s
[2026-09-06 01:06:53] [FL round 25] comm=134021412B comp=257.67s
[2026-09-06 01:09:55] [FL round 26] comm=134021412B comp=264.96s
[2026-09-06 01:12:54] [FL round 27] comm=134021412B comp=261.41s
[2026-09-06 01:15:54] [FL round 28] comm=134021412B comp=262.11s
[2026-09-06 01:18:56] [FL round 29] comm=134021412B comp=263.52s
[2026-09-06 01:21:55] [FL round 30] comm=134021412B comp=258.18s
[2026-09-06 01:24:53] [FL round 31] comm=134021412B comp=256.95s
[2026-09-06 01:27:51] [FL round 32] comm=134021412B comp=255.38s
[2026-09-06 01:30:48] [FL round 33] comm=134021412B comp=257.07s
[2026-09-06 01:33:45] [FL round 34] comm=134021412B comp=255.74s
[2026-09-06 01:36:43] [FL round 35] comm=134021412B comp=257.47s
[2026-09-06 01:39:39] [FL round 36] comm=134021412B comp=255.19s
[2026-09-06 01:42:28] [FL round 37] comm=134021412B comp=248.58s
[2026-09-06 01:45:28] [FL round 38] comm=134021412B comp=261.42s
[2026-09-06 01:48:24] [FL round 39] comm=134021412B comp=254.41s
[2026-09-06 01:51:18] [FL round 40] comm=134021412B comp=252.46s
[2026-09-06 01:54:14] [FL round 41] comm=134021412B comp=256.99s
[2026-09-06 01:57:08] [FL round 42] comm=134021412B comp=250.90s
[2026-09-06 02:00:02] [FL round 43] comm=134021412B comp=249.86s
[2026-09-06 02:02:56] [FL round 44] comm=134021412B comp=250.90s
[2026-09-06 02:05:51] [FL round 45] comm=134021412B comp=252.17s
[2026-09-06 02:08:45] [FL round 46] comm=134021412B comp=251.84s
[2026-09-06 02:11:41] [FL round 47] comm=134021412B comp=251.46s
[2026-09-06 02:14:32] [FL round 48] comm=134021412B comp=249.23s
[2026-09-06 02:17:26] [FL round 49] comm=134021412B comp=253.31s
[2026-09-06 02:20:21] [FL round 50] comm=134021412B comp=252.18s
[2026-09-06 02:20:37] FedBN checkpoint assembled: non-BN params from server aggregation, BN params taken from client 'Spain_Dataset' (representative).
[2026-09-06 02:20:38] Running FedBN final evaluation with hospital-specific BN models.
[2026-09-06 02:20:48] [eval/fedbn_per_hospital] hospital=Spain_Dataset acc=0.8113 loss=1.0222 n=106
[2026-09-06 02:20:53] [eval/fedbn_per_hospital] hospital=Canada_Dataset acc=0.8897 loss=0.6810 n=399
[2026-09-06 02:20:56] [eval/fedbn_per_hospital] hospital=India_Dataset acc=0.7727 loss=1.2780 n=132
[2026-09-06 02:20:56] [eval/fedbn_weighted_overall] overall_acc=0.8524 overall_loss=0.8615 total_samples=637
[2026-09-06 02:20:57] [eval/classification] accuracy=0.8524 macro_precision=0.8144 macro_recall=0.8229 macro_f1=0.8184 weighted_f1=0.8532
[2026-09-06 02:20:57] Saved final global model checkpoint to checkpoints/fl/lcfix_s123_fedbn_stdce_p100_seed123_job388719/best.pt
[2026-09-06 02:20:57] Saved 3 per-hospital BN-complete checkpoints to checkpoints/fl/lcfix_s123_fedbn_stdce_p100_seed123_job388719/per_hospital
[2026-09-06 02:20:57] === Run finished: lcfix_s123_fedbn_stdce_p100_seed123_job388719 (elapsed 8905.7s) ===
