[2026-09-03 03:43:30] === Run started: lc_s2026_fedbn_stdce_p60_seed2026_job386749 ===
[2026-09-03 03:43:30] Config loaded from configs/learning_curve_fedbn_stdce.yaml
[2026-09-03 03:43:30] Run directories: {'log_dir': 'logs/fl/lc_s2026_fedbn_stdce_p60_seed2026_job386749', 'tb_dir': 'logs/fl/lc_s2026_fedbn_stdce_p60_seed2026_job386749/tb', 'checkpoint_dir': 'checkpoints/fl/lc_s2026_fedbn_stdce_p60_seed2026_job386749', 'output_dir': 'outputs/fl/lc_s2026_fedbn_stdce_p60_seed2026_job386749'}
[2026-09-03 03:43:30] Indexing dataset...
[2026-09-03 03:43:32] Indexed 1524 train samples, 637 test samples.
[2026-09-03 03:43:32] Built 3 client partition(s) (client_split=hospital_based).
[2026-09-03 03:43:32]   client_id=Spain_Dataset hospital=Spain_Dataset n_samples=240
[2026-09-03 03:43:32]   client_id=Canada_Dataset hospital=Canada_Dataset n_samples=981
[2026-09-03 03:43:32]   client_id=India_Dataset hospital=India_Dataset n_samples=303
[2026-09-03 03:43:32] Run hyperparameters:
  algorithm: fedbn
  model: resnet18
  num_clients: 3
  global_epochs: 50
  local_epochs: 3
  batch_size: 16
  learning_rate: 0.001
  domain_adaptation: True
  imbalance_method: standard_ce
[2026-09-03 03:43:33] [class_imbalance] method=standard_ce, global_train_counts=[834, 463, 227], beta=0.999, weight_clip=None
[2026-09-03 03:43:33] [class_imbalance/client] client_id=Spain_Dataset, hospital=Spain_Dataset, local_counts=[91, 97, 52], loss_weights=None
[2026-09-03 03:43:33] [class_imbalance/client] client_id=Canada_Dataset, hospital=Canada_Dataset, local_counts=[736, 163, 82], loss_weights=None
[2026-09-03 03:43:33] [class_imbalance/client] client_id=India_Dataset, hospital=India_Dataset, local_counts=[7, 203, 93], loss_weights=None
[2026-09-03 03:43:33] Starting Flower simulation: algorithm=fedbn, clients=3, rounds=50
[2026-09-03 03:45:29] [FL round 1] comm=134021412B comp=156.36s
[2026-09-03 03:47:21] [FL round 2] comm=134021412B comp=153.51s
[2026-09-03 03:49:13] [FL round 3] comm=134021412B comp=155.33s
[2026-09-03 03:51:05] [FL round 4] comm=134021412B comp=154.26s
[2026-09-03 03:52:56] [FL round 5] comm=134021412B comp=155.39s
[2026-09-03 03:54:48] [FL round 6] comm=134021412B comp=155.42s
[2026-09-03 03:56:40] [FL round 7] comm=134021412B comp=154.86s
[2026-09-03 03:58:34] [FL round 8] comm=134021412B comp=155.86s
[2026-09-03 04:00:25] [FL round 9] comm=134021412B comp=153.73s
[2026-09-03 04:02:17] [FL round 10] comm=134021412B comp=155.23s
[2026-09-03 04:04:11] [FL round 11] comm=134021412B comp=155.69s
[2026-09-03 04:06:03] [FL round 12] comm=134021412B comp=156.52s
[2026-09-03 04:07:56] [FL round 13] comm=134021412B comp=155.95s
[2026-09-03 04:09:49] [FL round 14] comm=134021412B comp=155.67s
[2026-09-03 04:11:45] [FL round 15] comm=134021412B comp=159.73s
[2026-09-03 04:13:38] [FL round 16] comm=134021412B comp=158.13s
[2026-09-03 04:15:31] [FL round 17] comm=134021412B comp=156.80s
[2026-09-03 04:17:24] [FL round 18] comm=134021412B comp=157.14s
[2026-09-03 04:19:17] [FL round 19] comm=134021412B comp=156.19s
[2026-09-03 04:21:10] [FL round 20] comm=134021412B comp=156.91s
[2026-09-03 04:23:04] [FL round 21] comm=134021412B comp=157.19s
[2026-09-03 04:24:55] [FL round 22] comm=134021412B comp=152.50s
[2026-09-03 04:26:48] [FL round 23] comm=134021412B comp=156.61s
[2026-09-03 04:28:40] [FL round 24] comm=134021412B comp=154.29s
[2026-09-03 04:30:33] [FL round 25] comm=134021412B comp=156.03s
[2026-09-03 04:32:28] [FL round 26] comm=134021412B comp=156.83s
[2026-09-03 04:34:22] [FL round 27] comm=134021412B comp=157.14s
[2026-09-03 04:36:14] [FL round 28] comm=134021412B comp=156.39s
[2026-09-03 04:38:05] [FL round 29] comm=134021412B comp=153.70s
[2026-09-03 04:39:55] [FL round 30] comm=134021412B comp=153.70s
[2026-09-03 04:41:48] [FL round 31] comm=134021412B comp=155.65s
[2026-09-03 04:43:39] [FL round 32] comm=134021412B comp=154.23s
[2026-09-03 04:45:31] [FL round 33] comm=134021412B comp=155.41s
[2026-09-03 04:47:24] [FL round 34] comm=134021412B comp=157.29s
[2026-09-03 04:49:17] [FL round 35] comm=134021412B comp=156.58s
[2026-09-03 04:51:10] [FL round 36] comm=134021412B comp=154.33s
[2026-09-03 04:53:04] [FL round 37] comm=134021412B comp=156.62s
[2026-09-03 04:54:56] [FL round 38] comm=134021412B comp=154.16s
[2026-09-03 04:56:49] [FL round 39] comm=134021412B comp=154.91s
[2026-09-03 04:58:40] [FL round 40] comm=134021412B comp=153.33s
[2026-09-03 05:00:35] [FL round 41] comm=134021412B comp=155.69s
[2026-09-03 05:02:26] [FL round 42] comm=134021412B comp=152.21s
[2026-09-03 05:04:18] [FL round 43] comm=134021412B comp=154.39s
[2026-09-03 05:06:09] [FL round 44] comm=134021412B comp=152.54s
[2026-09-03 05:08:02] [FL round 45] comm=134021412B comp=153.17s
[2026-09-03 05:09:54] [FL round 46] comm=134021412B comp=153.68s
[2026-09-03 05:11:47] [FL round 47] comm=134021412B comp=154.95s
[2026-09-03 05:13:39] [FL round 48] comm=134021412B comp=155.00s
[2026-09-03 05:15:31] [FL round 49] comm=134021412B comp=152.69s
[2026-09-03 05:17:24] [FL round 50] comm=134021412B comp=156.99s
[2026-09-03 05:17:39] FedBN checkpoint assembled: non-BN params from server aggregation, BN params taken from client 'Spain_Dataset' (representative).
[2026-09-03 05:17:40] Running FedBN final evaluation with hospital-specific BN models.
[2026-09-03 05:17:51] [eval/fedbn_per_hospital] hospital=Spain_Dataset acc=0.6981 loss=1.7791 n=106
[2026-09-03 05:17:55] [eval/fedbn_per_hospital] hospital=Canada_Dataset acc=0.8546 loss=0.8540 n=399
[2026-09-03 05:18:00] [eval/fedbn_per_hospital] hospital=India_Dataset acc=0.7576 loss=1.0154 n=132
[2026-09-03 05:18:00] [eval/fedbn_weighted_overall] overall_acc=0.8085 overall_loss=1.0414 total_samples=637
[2026-09-03 05:18:00] [eval/classification] accuracy=0.8085 macro_precision=0.7917 macro_recall=0.7600 macro_f1=0.7735 weighted_f1=0.8051
[2026-09-03 05:18:00] Saved final global model checkpoint to checkpoints/fl/lc_s2026_fedbn_stdce_p60_seed2026_job386749/best.pt
[2026-09-03 05:18:01] Saved 3 per-hospital BN-complete checkpoints to checkpoints/fl/lc_s2026_fedbn_stdce_p60_seed2026_job386749/per_hospital
[2026-09-03 05:18:01] === Run finished: lc_s2026_fedbn_stdce_p60_seed2026_job386749 (elapsed 5670.5s) ===
