[2026-09-02 17:42:01] === Run started: fu_cli_normalized_fedbn_india_natural_386306 ===
[2026-09-02 17:42:01] Forking from source FL run: fl_fedbn_oral_344913
[2026-09-02 17:42:01] Forgetting: India_Dataset
[2026-09-02 17:42:01] Phase-2 mechanism: FUSED-CLI Normalized, cli_score_mode=mean_abs, algorithm=fedbn
[2026-09-02 17:42:01] Artifact namespace: fu_cli_normalized
[2026-09-02 17:42:01] Run directories: logs=logs/fu_cli_normalized/fu_cli_normalized_fedbn_india_natural_386306, checkpoints=checkpoints/fu_cli_normalized/fu_cli_normalized_fedbn_india_natural_386306, outputs=outputs/fu_cli_normalized/fu_cli_normalized_fedbn_india_natural_386306
[2026-09-02 17:42:01] [reproducibility] Initialized RNGs with seed=42; cudnn.deterministic=True, cudnn.benchmark=False
[2026-09-02 17:42:02] [proxy] Shadow MIA disabled. Proxy carving was skipped; the complete train and test partitions will be used.
[2026-09-02 17:42:02] [data] real_train_samples=2538, per_hospital={'Spain_Dataset': 398, 'Canada_Dataset': 1635, 'India_Dataset': 505}
[2026-09-02 17:42:02] [data] real_test_samples=637, per_hospital={'Spain_Dataset': 106, 'Canada_Dataset': 399, 'India_Dataset': 132}
[2026-09-02 17:42:02] Forgetting hospital: India_Dataset -> partition indices [2] of 3 total clients (client_split=hospital_based).
[2026-09-02 17:42:03] Loaded matched FedBN source model using retained-only BN states. forget_client=India_Dataset, retained_clients=['Canada_Dataset', 'Spain_Dataset']
[2026-09-02 17:42:03] [class_imbalance] phase2_override=standard_ce, resolved_method=standard_ce, sampling=natural, use_weighted_sampler=False
[2026-09-02 17:42:03] Built 3 hospital train loaders in order ['Spain_Dataset', 'Canada_Dataset', 'India_Dataset'], sizes=[398, 1635, 505], handle_class_imbalance=False
[2026-09-02 17:42:03] [proxy] Proxy loaders were not created because shadow MIA is disabled.
[2026-09-02 17:42:03] Running FUSED-CLI unlearning (algorithm=fedbn)...
[2026-09-02 17:42:03] Running Critical Layer Identification (one federated round, ALL clients (paper Eq 11-13))...
[2026-09-02 17:43:14] Restricted normalized/domain-aware CLI selection to 20 convolutional weight tensors from 62 total learnable parameters.
[2026-09-02 17:43:14] Selected 4 critical layers using cli_score_mode=mean_abs: ['conv1.weight', 'layer2.0.downsample.0.weight', 'layer1.1.conv1.weight', 'layer1.1.conv2.weight']
[2026-09-02 17:43:14] [CLI score] rank=1 selected=True parameter=conv1.weight cli=0.0025736686 cli_norm=1.000000 domain=0.000000 final=1.000000
[2026-09-02 17:43:14] [CLI score] rank=2 selected=True parameter=layer2.0.downsample.0.weight cli=0.0013959314 cli_norm=0.519877 domain=0.000000 final=0.519877
[2026-09-02 17:43:14] [CLI score] rank=3 selected=True parameter=layer1.1.conv1.weight cli=0.00055592912 cli_norm=0.177437 domain=0.000000 final=0.177437
[2026-09-02 17:43:14] [CLI score] rank=4 selected=True parameter=layer1.1.conv2.weight cli=0.00050690101 cli_norm=0.157450 domain=0.000000 final=0.157450
[2026-09-02 17:43:14] [CLI score] rank=5 selected=False parameter=layer1.0.conv2.weight cli=0.00048566083 cli_norm=0.148791 domain=0.000000 final=0.148791
[2026-09-02 17:43:14] [CLI score] rank=6 selected=False parameter=layer2.0.conv1.weight cli=0.00047526661 cli_norm=0.144554 domain=0.000000 final=0.144554
[2026-09-02 17:43:14] [CLI score] rank=7 selected=False parameter=layer1.0.conv1.weight cli=0.00046814907 cli_norm=0.141652 domain=0.000000 final=0.141652
[2026-09-02 17:43:14] [CLI score] rank=8 selected=False parameter=layer3.0.downsample.0.weight cli=0.00042793161 cli_norm=0.125257 domain=0.000000 final=0.125257
[2026-09-02 17:43:14] [CLI score] rank=9 selected=False parameter=layer2.0.conv2.weight cli=0.00038440889 cli_norm=0.107514 domain=0.000000 final=0.107514
[2026-09-02 17:43:14] [CLI score] rank=10 selected=False parameter=layer3.0.conv1.weight cli=0.00031761066 cli_norm=0.080283 domain=0.000000 final=0.080283
[2026-09-02 17:43:14] [CLI score] rank=11 selected=False parameter=layer2.1.conv1.weight cli=0.00030709817 cli_norm=0.075997 domain=0.000000 final=0.075997
[2026-09-02 17:43:14] [CLI score] rank=12 selected=False parameter=layer2.1.conv2.weight cli=0.00027166961 cli_norm=0.061554 domain=0.000000 final=0.061554
[2026-09-02 17:43:14] [CLI score] rank=13 selected=False parameter=layer3.0.conv2.weight cli=0.00020995866 cli_norm=0.036397 domain=0.000000 final=0.036397
[2026-09-02 17:43:14] [CLI score] rank=14 selected=False parameter=layer4.0.downsample.0.weight cli=0.00020737893 cli_norm=0.035345 domain=0.000000 final=0.035345
[2026-09-02 17:43:14] [CLI score] rank=15 selected=False parameter=layer4.0.conv1.weight cli=0.00013984816 cli_norm=0.007815 domain=0.000000 final=0.007815
[2026-09-02 17:43:14] FedBN-local (never-aggregated) critical layers among selection: none
[2026-09-02 17:46:00] [FUSED-CLI:fedbn] Round=0, avg_r_acc=0.7421, avg_f_acc=0.3866, adapter_density=4515/91328
[2026-09-02 17:48:53] [FUSED-CLI:fedbn] Round=1, avg_r_acc=0.7519, avg_f_acc=0.3831, adapter_density=4515/91328
[2026-09-02 17:51:45] [FUSED-CLI:fedbn] Round=2, avg_r_acc=0.7515, avg_f_acc=0.3831, adapter_density=4515/91328
[2026-09-02 17:54:42] [FUSED-CLI:fedbn] Round=3, avg_r_acc=0.7560, avg_f_acc=0.3795, adapter_density=4515/91328
[2026-09-02 17:57:38] [FUSED-CLI:fedbn] Round=4, avg_r_acc=0.7477, avg_f_acc=0.3795, adapter_density=4515/91328
[2026-09-02 18:00:34] [FUSED-CLI:fedbn] Round=5, avg_r_acc=0.7503, avg_f_acc=0.3831, adapter_density=4515/91328
[2026-09-02 18:03:28] [FUSED-CLI:fedbn] Round=6, avg_r_acc=0.7575, avg_f_acc=0.3795, adapter_density=4515/91328
[2026-09-02 18:06:22] [FUSED-CLI:fedbn] Round=7, avg_r_acc=0.7445, avg_f_acc=0.3795, adapter_density=4515/91328
[2026-09-02 18:09:17] [FUSED-CLI:fedbn] Round=8, avg_r_acc=0.7528, avg_f_acc=0.3723, adapter_density=4515/91328
[2026-09-02 18:12:13] [FUSED-CLI:fedbn] Round=9, avg_r_acc=0.7541, avg_f_acc=0.3616, adapter_density=4515/91328
[2026-09-02 18:15:05] [FUSED-CLI:fedbn] Round=10, avg_r_acc=0.7548, avg_f_acc=0.3723, adapter_density=4515/91328
[2026-09-02 18:17:59] [FUSED-CLI:fedbn] Round=11, avg_r_acc=0.7622, avg_f_acc=0.3795, adapter_density=4515/91328
[2026-09-02 18:20:57] [FUSED-CLI:fedbn] Round=12, avg_r_acc=0.7625, avg_f_acc=0.3616, adapter_density=4515/91328
[2026-09-02 18:23:49] [FUSED-CLI:fedbn] Round=13, avg_r_acc=0.7464, avg_f_acc=0.3759, adapter_density=4515/91328
[2026-09-02 18:26:42] [FUSED-CLI:fedbn] Round=14, avg_r_acc=0.7583, avg_f_acc=0.3651, adapter_density=4515/91328
[2026-09-02 18:29:36] [FUSED-CLI:fedbn] Round=15, avg_r_acc=0.7629, avg_f_acc=0.3759, adapter_density=4515/91328
[2026-09-02 18:32:30] [FUSED-CLI:fedbn] Round=16, avg_r_acc=0.7564, avg_f_acc=0.3759, adapter_density=4515/91328
[2026-09-02 18:35:22] [FUSED-CLI:fedbn] Round=17, avg_r_acc=0.7629, avg_f_acc=0.3651, adapter_density=4515/91328
[2026-09-02 18:38:17] [FUSED-CLI:fedbn] Round=18, avg_r_acc=0.7629, avg_f_acc=0.3651, adapter_density=4515/91328
[2026-09-02 18:41:10] [FUSED-CLI:fedbn] Round=19, avg_r_acc=0.7616, avg_f_acc=0.3651, adapter_density=4515/91328
[2026-09-02 18:44:06] [FUSED-CLI:fedbn] Round=20, avg_r_acc=0.7520, avg_f_acc=0.3651, adapter_density=4515/91328
[2026-09-02 18:47:01] [FUSED-CLI:fedbn] Round=21, avg_r_acc=0.7568, avg_f_acc=0.3651, adapter_density=4515/91328
[2026-09-02 18:49:57] [FUSED-CLI:fedbn] Round=22, avg_r_acc=0.7589, avg_f_acc=0.3651, adapter_density=4515/91328
[2026-09-02 18:52:52] [FUSED-CLI:fedbn] Round=23, avg_r_acc=0.7594, avg_f_acc=0.3651, adapter_density=4515/91328
[2026-09-02 18:55:51] [FUSED-CLI:fedbn] Round=24, avg_r_acc=0.7635, avg_f_acc=0.3759, adapter_density=4515/91328
[2026-09-02 18:58:48] [FUSED-CLI:fedbn] Round=25, avg_r_acc=0.7582, avg_f_acc=0.3759, adapter_density=4515/91328
[2026-09-02 19:01:42] [FUSED-CLI:fedbn] Round=26, avg_r_acc=0.7655, avg_f_acc=0.3687, adapter_density=4515/91328
[2026-09-02 19:04:40] [FUSED-CLI:fedbn] Round=27, avg_r_acc=0.7629, avg_f_acc=0.3687, adapter_density=4515/91328
[2026-09-02 19:07:32] [FUSED-CLI:fedbn] Round=28, avg_r_acc=0.7678, avg_f_acc=0.3687, adapter_density=4515/91328
[2026-09-02 19:10:24] [FUSED-CLI:fedbn] Round=29, avg_r_acc=0.7602, avg_f_acc=0.3759, adapter_density=4515/91328
[2026-09-02 19:13:20] [FUSED-CLI:fedbn] Round=30, avg_r_acc=0.7688, avg_f_acc=0.3723, adapter_density=4515/91328
[2026-09-02 19:16:14] [FUSED-CLI:fedbn] Round=31, avg_r_acc=0.7576, avg_f_acc=0.3759, adapter_density=4515/91328
[2026-09-02 19:19:11] [FUSED-CLI:fedbn] Round=32, avg_r_acc=0.7587, avg_f_acc=0.3723, adapter_density=4515/91328
[2026-09-02 19:22:04] [FUSED-CLI:fedbn] Round=33, avg_r_acc=0.7620, avg_f_acc=0.3759, adapter_density=4515/91328
[2026-09-02 19:24:57] [FUSED-CLI:fedbn] Round=34, avg_r_acc=0.7646, avg_f_acc=0.3723, adapter_density=4515/91328
[2026-09-02 19:27:51] [FUSED-CLI:fedbn] Round=35, avg_r_acc=0.7620, avg_f_acc=0.3723, adapter_density=4515/91328
[2026-09-02 19:30:50] [FUSED-CLI:fedbn] Round=36, avg_r_acc=0.7635, avg_f_acc=0.3759, adapter_density=4515/91328
[2026-09-02 19:33:46] [FUSED-CLI:fedbn] Round=37, avg_r_acc=0.7602, avg_f_acc=0.3759, adapter_density=4515/91328
[2026-09-02 19:36:38] [FUSED-CLI:fedbn] Round=38, avg_r_acc=0.7602, avg_f_acc=0.3866, adapter_density=4515/91328
[2026-09-02 19:39:34] [FUSED-CLI:fedbn] Round=39, avg_r_acc=0.7582, avg_f_acc=0.3831, adapter_density=4515/91328
[2026-09-02 19:42:29] [FUSED-CLI:fedbn] Round=40, avg_r_acc=0.7694, avg_f_acc=0.3902, adapter_density=4515/91328
[2026-09-02 19:45:24] [FUSED-CLI:fedbn] Round=41, avg_r_acc=0.7667, avg_f_acc=0.3902, adapter_density=4515/91328
[2026-09-02 19:48:18] [FUSED-CLI:fedbn] Round=42, avg_r_acc=0.7646, avg_f_acc=0.3902, adapter_density=4515/91328
[2026-09-02 19:51:11] [FUSED-CLI:fedbn] Round=43, avg_r_acc=0.7737, avg_f_acc=0.3938, adapter_density=4515/91328
[2026-09-02 19:54:08] [FUSED-CLI:fedbn] Round=44, avg_r_acc=0.7631, avg_f_acc=0.3866, adapter_density=4515/91328
[2026-09-02 19:57:03] [FUSED-CLI:fedbn] Round=45, avg_r_acc=0.7711, avg_f_acc=0.3974, adapter_density=4515/91328
[2026-09-02 19:59:56] [FUSED-CLI:fedbn] Round=46, avg_r_acc=0.7696, avg_f_acc=0.3902, adapter_density=4515/91328
[2026-09-02 20:02:54] [FUSED-CLI:fedbn] Round=47, avg_r_acc=0.7620, avg_f_acc=0.3866, adapter_density=4515/91328
[2026-09-02 20:05:49] [FUSED-CLI:fedbn] Round=48, avg_r_acc=0.7631, avg_f_acc=0.3831, adapter_density=4515/91328
[2026-09-02 20:08:45] [FUSED-CLI:fedbn] Round=49, avg_r_acc=0.7688, avg_f_acc=0.3938, adapter_density=4515/91328
[2026-09-02 20:08:45] FUSED-CLI unlearning complete. Critical layers: ['conv1.weight', 'layer2.0.downsample.0.weight', 'layer1.1.conv1.weight', 'layer1.1.conv2.weight']
[2026-09-02 20:08:45] [reproducibility] Reset RNGs before ReA with seed=42
[2026-09-02 20:08:45] Running relearn (ReA) probe for 50 rounds...
[2026-09-02 20:09:34] [Relearn] Round=0, avg_f_acc=0.4480 (ReA), avg_r_acc=0.6183
[2026-09-02 20:10:26] [Relearn] Round=1, avg_f_acc=0.5054 (ReA), avg_r_acc=0.6160
[2026-09-02 20:11:18] [Relearn] Round=2, avg_f_acc=0.5412 (ReA), avg_r_acc=0.5926
[2026-09-02 20:12:11] [Relearn] Round=3, avg_f_acc=0.5627 (ReA), avg_r_acc=0.6338
[2026-09-02 20:13:02] [Relearn] Round=4, avg_f_acc=0.5484 (ReA), avg_r_acc=0.6051
[2026-09-02 20:13:53] [Relearn] Round=5, avg_f_acc=0.5520 (ReA), avg_r_acc=0.5965
[2026-09-02 20:14:44] [Relearn] Round=6, avg_f_acc=0.5412 (ReA), avg_r_acc=0.6128
[2026-09-02 20:15:36] [Relearn] Round=7, avg_f_acc=0.5341 (ReA), avg_r_acc=0.6209
[2026-09-02 20:16:28] [Relearn] Round=8, avg_f_acc=0.5341 (ReA), avg_r_acc=0.6020
[2026-09-02 20:17:21] [Relearn] Round=9, avg_f_acc=0.5376 (ReA), avg_r_acc=0.6175
[2026-09-02 20:18:13] [Relearn] Round=10, avg_f_acc=0.5448 (ReA), avg_r_acc=0.6061
[2026-09-02 20:19:06] [Relearn] Round=11, avg_f_acc=0.5520 (ReA), avg_r_acc=0.5829
[2026-09-02 20:19:57] [Relearn] Round=12, avg_f_acc=0.5305 (ReA), avg_r_acc=0.5936
[2026-09-02 20:20:48] [Relearn] Round=13, avg_f_acc=0.5484 (ReA), avg_r_acc=0.5962
[2026-09-02 20:21:37] [Relearn] Round=14, avg_f_acc=0.5197 (ReA), avg_r_acc=0.6070
[2026-09-02 20:22:26] [Relearn] Round=15, avg_f_acc=0.5829 (ReA), avg_r_acc=0.5937
[2026-09-02 20:23:18] [Relearn] Round=16, avg_f_acc=0.5412 (ReA), avg_r_acc=0.5985
[2026-09-02 20:24:11] [Relearn] Round=17, avg_f_acc=0.5448 (ReA), avg_r_acc=0.6018
[2026-09-02 20:25:04] [Relearn] Round=18, avg_f_acc=0.5341 (ReA), avg_r_acc=0.5990
[2026-09-02 20:25:55] [Relearn] Round=19, avg_f_acc=0.5376 (ReA), avg_r_acc=0.6016
[2026-09-02 20:26:47] [Relearn] Round=20, avg_f_acc=0.5305 (ReA), avg_r_acc=0.5971
[2026-09-02 20:27:38] [Relearn] Round=21, avg_f_acc=0.5125 (ReA), avg_r_acc=0.6027
[2026-09-02 20:28:30] [Relearn] Round=22, avg_f_acc=0.5305 (ReA), avg_r_acc=0.5851
[2026-09-02 20:29:22] [Relearn] Round=23, avg_f_acc=0.5591 (ReA), avg_r_acc=0.5746
[2026-09-02 20:30:13] [Relearn] Round=24, avg_f_acc=0.5412 (ReA), avg_r_acc=0.5739
[2026-09-02 20:31:04] [Relearn] Round=25, avg_f_acc=0.5721 (ReA), avg_r_acc=0.5993
[2026-09-02 20:31:54] [Relearn] Round=26, avg_f_acc=0.5269 (ReA), avg_r_acc=0.5944
[2026-09-02 20:32:46] [Relearn] Round=27, avg_f_acc=0.5161 (ReA), avg_r_acc=0.5872
[2026-09-02 20:33:38] [Relearn] Round=28, avg_f_acc=0.5341 (ReA), avg_r_acc=0.5975
[2026-09-02 20:34:32] [Relearn] Round=29, avg_f_acc=0.5125 (ReA), avg_r_acc=0.5828
[2026-09-02 20:35:27] [Relearn] Round=30, avg_f_acc=0.5125 (ReA), avg_r_acc=0.6072
[2026-09-02 20:36:20] [Relearn] Round=31, avg_f_acc=0.5233 (ReA), avg_r_acc=0.5728
[2026-09-02 20:37:10] [Relearn] Round=32, avg_f_acc=0.4910 (ReA), avg_r_acc=0.5791
[2026-09-02 20:38:02] [Relearn] Round=33, avg_f_acc=0.5305 (ReA), avg_r_acc=0.5814
[2026-09-02 20:38:54] [Relearn] Round=34, avg_f_acc=0.5090 (ReA), avg_r_acc=0.5584
[2026-09-02 20:39:43] [Relearn] Round=35, avg_f_acc=0.5305 (ReA), avg_r_acc=0.5878
[2026-09-02 20:40:35] [Relearn] Round=36, avg_f_acc=0.5269 (ReA), avg_r_acc=0.5932
[2026-09-02 20:41:25] [Relearn] Round=37, avg_f_acc=0.5269 (ReA), avg_r_acc=0.5890
[2026-09-02 20:42:16] [Relearn] Round=38, avg_f_acc=0.5341 (ReA), avg_r_acc=0.5851
[2026-09-02 20:43:09] [Relearn] Round=39, avg_f_acc=0.5269 (ReA), avg_r_acc=0.5921
[2026-09-02 20:44:01] [Relearn] Round=40, avg_f_acc=0.5341 (ReA), avg_r_acc=0.5836
[2026-09-02 20:44:53] [Relearn] Round=41, avg_f_acc=0.5376 (ReA), avg_r_acc=0.5762
[2026-09-02 20:45:45] [Relearn] Round=42, avg_f_acc=0.5305 (ReA), avg_r_acc=0.5883
[2026-09-02 20:46:37] [Relearn] Round=43, avg_f_acc=0.5269 (ReA), avg_r_acc=0.5956
[2026-09-02 20:47:27] [Relearn] Round=44, avg_f_acc=0.5448 (ReA), avg_r_acc=0.5885
[2026-09-02 20:48:16] [Relearn] Round=45, avg_f_acc=0.5305 (ReA), avg_r_acc=0.5947
[2026-09-02 20:49:05] [Relearn] Round=46, avg_f_acc=0.5376 (ReA), avg_r_acc=0.5929
[2026-09-02 20:49:58] [Relearn] Round=47, avg_f_acc=0.5090 (ReA), avg_r_acc=0.6020
[2026-09-02 20:50:50] [Relearn] Round=48, avg_f_acc=0.5269 (ReA), avg_r_acc=0.5937
[2026-09-02 20:51:42] [Relearn] Round=49, avg_f_acc=0.5376 (ReA), avg_r_acc=0.5822
[2026-09-02 20:51:42] ReA = 0.5376
[2026-09-02 20:51:59] Final unlearned model: global test loss=1.3077, acc=0.7457
[2026-09-02 20:51:59] [fedbn/retrain] hospital=Spain_Dataset, selected_client_id=Spain_Dataset, available_client_ids=['Spain_Dataset']
[2026-09-02 20:51:59] [fedbn/retrain] hospital=Canada_Dataset, selected_client_id=Canada_Dataset, available_client_ids=['Canada_Dataset']
[2026-09-02 20:51:59] Running matched FedBN evaluation: retained hospitals use personalized BN models; the forgotten hospital uses the retained-only averaged BN fallback.
[2026-09-02 20:51:59] [fedbn/retrain] Retained hospitals use personalized BN models. The forgotten hospital uses the retained-BN average model.
[2026-09-02 20:52:16] [eval/classification] accuracy=0.7677 macro_precision=0.7460 macro_recall=0.7327 macro_f1=0.7309 weighted_f1=0.7600
[2026-09-02 20:52:16] [eval/fedbn_retrain] overall_acc=0.7677 overall_loss=1.2480 macro_f1=0.7309 weighted_f1=0.7600 per_hospital={ Spain_Dataset: 0.8208, Canada_Dataset: 0.8922, India_Dataset: 0.3485 }
[2026-09-02 20:52:34] [eval/unlearning/remember_classification] accuracy=0.8772 macro_precision=0.8440 macro_recall=0.8544 macro_f1=0.8490 weighted_f1=0.8774
[2026-09-02 20:52:34] [eval/unlearning/forget_classification] accuracy=0.3485 macro_precision=0.4012 macro_recall=0.3938 macro_f1=0.3210 weighted_f1=0.4065
[2026-09-02 20:53:14] [eval/unlearning/fedbn_retrain] RA=0.8772 FA=0.3485 ReA=0.9545 MIA_acc=0.5862
[2026-09-02 20:53:14] [symmetric eval] RA=0.8772 FA=0.3485 ReA=0.9545 MIA_acc=0.5862
[2026-09-02 20:53:14] Saved matched FedBN FU outputs: 2 retained personalized models and one retained-BN fallback model.
[2026-09-02 20:53:14] Saved unlearned model to checkpoints/fu_cli_normalized/fu_cli_normalized_fedbn_india_natural_386306/unlearned_model.pt
[2026-09-02 20:53:14] === Run finished: fu_cli_normalized_fedbn_india_natural_386306 (elapsed 11472.9s) ===
