[2026-09-02 14:44:09] === Run started: fu_cli_domain_aware_fedbn_spain_natural_l05_386297 ===
[2026-09-02 14:44:09] Forking from source FL run: fl_fedbn_oral_344913
[2026-09-02 14:44:09] Forgetting: Spain_Dataset
[2026-09-02 14:44:09] Phase-2 mechanism: Domain-Aware FUSED-CLI, cli_score_mode=domain_aware, algorithm=fedbn
[2026-09-02 14:44:09] Artifact namespace: fu_cli_domain_aware
[2026-09-02 14:44:09] Run directories: logs=logs/fu_cli_domain_aware/fu_cli_domain_aware_fedbn_spain_natural_l05_386297, checkpoints=checkpoints/fu_cli_domain_aware/fu_cli_domain_aware_fedbn_spain_natural_l05_386297, outputs=outputs/fu_cli_domain_aware/fu_cli_domain_aware_fedbn_spain_natural_l05_386297
[2026-09-02 14:44:09] Loaded domain-aware layer scores: path=outputs/domain_sensitivity/equal_hospital/fl_fedbn_oral_344913/Spain/domain_sensitivity.json, mapped_parameters=20, lambda=0.5
[2026-09-02 14:44:09] [reproducibility] Initialized RNGs with seed=42; cudnn.deterministic=True, cudnn.benchmark=False
[2026-09-02 14:44:10] [proxy] Shadow MIA disabled. Proxy carving was skipped; the complete train and test partitions will be used.
[2026-09-02 14:44:10] [data] real_train_samples=2538, per_hospital={'Spain_Dataset': 398, 'Canada_Dataset': 1635, 'India_Dataset': 505}
[2026-09-02 14:44:10] [data] real_test_samples=637, per_hospital={'Spain_Dataset': 106, 'Canada_Dataset': 399, 'India_Dataset': 132}
[2026-09-02 14:44:10] Forgetting hospital: Spain_Dataset -> partition indices [0] of 3 total clients (client_split=hospital_based).
[2026-09-02 14:44:12] Loaded matched FedBN source model using retained-only BN states. forget_client=Spain_Dataset, retained_clients=['Canada_Dataset', 'India_Dataset']
[2026-09-02 14:44:12] [class_imbalance] phase2_override=standard_ce, resolved_method=standard_ce, sampling=natural, use_weighted_sampler=False
[2026-09-02 14:44:12] Built 3 hospital train loaders in order ['Spain_Dataset', 'Canada_Dataset', 'India_Dataset'], sizes=[398, 1635, 505], handle_class_imbalance=False
[2026-09-02 14:44:12] [proxy] Proxy loaders were not created because shadow MIA is disabled.
[2026-09-02 14:44:12] Running FUSED-CLI unlearning (algorithm=fedbn)...
[2026-09-02 14:44:12] Running Critical Layer Identification (one federated round, ALL clients (paper Eq 11-13))...
[2026-09-02 14:46:21] Restricted normalized/domain-aware CLI selection to 20 convolutional weight tensors from 62 total learnable parameters.
[2026-09-02 14:46:21] Selected 4 critical layers using cli_score_mode=domain_aware: ['conv1.weight', 'layer2.0.downsample.0.weight', 'layer1.0.conv1.weight', 'layer1.1.conv1.weight']
[2026-09-02 14:46:21] [CLI score] rank=1 selected=True parameter=conv1.weight cli=0.002258914 cli_norm=1.000000 domain=0.233963 final=1.116982
[2026-09-02 14:46:21] [CLI score] rank=2 selected=True parameter=layer2.0.downsample.0.weight cli=0.0013167468 cli_norm=0.559438 domain=0.469533 final=0.794205
[2026-09-02 14:46:21] [CLI score] rank=3 selected=True parameter=layer1.0.conv1.weight cli=0.00044535835 cli_norm=0.151973 domain=1.000000 final=0.651973
[2026-09-02 14:46:21] [CLI score] rank=4 selected=True parameter=layer1.1.conv1.weight cli=0.00052436283 cli_norm=0.188916 domain=0.822233 final=0.600033
[2026-09-02 14:46:21] [CLI score] rank=5 selected=False parameter=layer1.1.conv2.weight cli=0.00048512771 cli_norm=0.170569 domain=0.768936 final=0.555038
[2026-09-02 14:46:21] [CLI score] rank=6 selected=False parameter=layer1.0.conv2.weight cli=0.00046994704 cli_norm=0.163471 domain=0.702476 final=0.514709
[2026-09-02 14:46:21] [CLI score] rank=7 selected=False parameter=layer3.0.downsample.0.weight cli=0.00039983497 cli_norm=0.130686 domain=0.450897 final=0.356135
[2026-09-02 14:46:21] [CLI score] rank=8 selected=False parameter=layer3.0.conv1.weight cli=0.00031169955 cli_norm=0.089474 domain=0.525791 final=0.352369
[2026-09-02 14:46:21] [CLI score] rank=9 selected=False parameter=layer2.0.conv1.weight cli=0.0004582311 cli_norm=0.157992 domain=0.322984 final=0.319484
[2026-09-02 14:46:21] [CLI score] rank=10 selected=False parameter=layer4.0.downsample.0.weight cli=0.00020571341 cli_norm=0.039914 domain=0.528439 final=0.304133
[2026-09-02 14:46:21] [CLI score] rank=11 selected=False parameter=layer2.1.conv1.weight cli=0.00029277317 cli_norm=0.080624 domain=0.401787 final=0.281517
[2026-09-02 14:46:21] [CLI score] rank=12 selected=False parameter=layer2.1.conv2.weight cli=0.00026230467 cli_norm=0.066376 domain=0.388547 final=0.260650
[2026-09-02 14:46:21] [CLI score] rank=13 selected=False parameter=layer3.0.conv2.weight cli=0.00020746808 cli_norm=0.040734 domain=0.406366 final=0.243918
[2026-09-02 14:46:21] [CLI score] rank=14 selected=False parameter=layer3.1.conv1.weight cli=0.00012802778 cli_norm=0.003588 domain=0.394598 final=0.200887
[2026-09-02 14:46:21] [CLI score] rank=15 selected=False parameter=layer2.0.conv2.weight cli=0.000374754 cli_norm=0.118958 domain=0.130694 final=0.184305
[2026-09-02 14:46:21] FedBN-local (never-aggregated) critical layers among selection: none
[2026-09-02 14:48:27] [FUSED-CLI:fedbn] Round=0, avg_r_acc=0.6474, avg_f_acc=0.6230, adapter_density=4472/91328
[2026-09-02 14:50:19] [FUSED-CLI:fedbn] Round=1, avg_r_acc=0.6448, avg_f_acc=0.6538, adapter_density=4472/91328
[2026-09-02 14:52:12] [FUSED-CLI:fedbn] Round=2, avg_r_acc=0.6466, avg_f_acc=0.6538, adapter_density=4472/91328
[2026-09-02 14:53:59] [FUSED-CLI:fedbn] Round=3, avg_r_acc=0.6557, avg_f_acc=0.6282, adapter_density=4472/91328
[2026-09-02 14:55:41] [FUSED-CLI:fedbn] Round=4, avg_r_acc=0.6526, avg_f_acc=0.5962, adapter_density=4472/91328
[2026-09-02 14:57:27] [FUSED-CLI:fedbn] Round=5, avg_r_acc=0.6508, avg_f_acc=0.5948, adapter_density=4472/91328
[2026-09-02 14:59:12] [FUSED-CLI:fedbn] Round=6, avg_r_acc=0.6503, avg_f_acc=0.5948, adapter_density=4472/91328
[2026-09-02 15:01:05] [FUSED-CLI:fedbn] Round=7, avg_r_acc=0.6493, avg_f_acc=0.5860, adapter_density=4472/91328
[2026-09-02 15:02:53] [FUSED-CLI:fedbn] Round=8, avg_r_acc=0.6470, avg_f_acc=0.5972, adapter_density=4472/91328
[2026-09-02 15:04:53] [FUSED-CLI:fedbn] Round=9, avg_r_acc=0.6536, avg_f_acc=0.5948, adapter_density=4472/91328
[2026-09-02 15:06:51] [FUSED-CLI:fedbn] Round=10, avg_r_acc=0.6490, avg_f_acc=0.5870, adapter_density=4472/91328
[2026-09-02 15:08:35] [FUSED-CLI:fedbn] Round=11, avg_r_acc=0.6490, avg_f_acc=0.5870, adapter_density=4472/91328
[2026-09-02 15:10:22] [FUSED-CLI:fedbn] Round=12, avg_r_acc=0.6479, avg_f_acc=0.5870, adapter_density=4472/91328
[2026-09-02 15:12:06] [FUSED-CLI:fedbn] Round=13, avg_r_acc=0.6494, avg_f_acc=0.5948, adapter_density=4472/91328
[2026-09-02 15:13:54] [FUSED-CLI:fedbn] Round=14, avg_r_acc=0.6482, avg_f_acc=0.5715, adapter_density=4472/91328
[2026-09-02 15:15:41] [FUSED-CLI:fedbn] Round=15, avg_r_acc=0.6520, avg_f_acc=0.5793, adapter_density=4472/91328
[2026-09-02 15:17:31] [FUSED-CLI:fedbn] Round=16, avg_r_acc=0.6450, avg_f_acc=0.6103, adapter_density=4472/91328
[2026-09-02 15:19:10] [FUSED-CLI:fedbn] Round=17, avg_r_acc=0.6493, avg_f_acc=0.6025, adapter_density=4472/91328
[2026-09-02 15:20:55] [FUSED-CLI:fedbn] Round=18, avg_r_acc=0.6450, avg_f_acc=0.6025, adapter_density=4472/91328
[2026-09-02 15:22:39] [FUSED-CLI:fedbn] Round=19, avg_r_acc=0.6471, avg_f_acc=0.5948, adapter_density=4472/91328
[2026-09-02 15:24:26] [FUSED-CLI:fedbn] Round=20, avg_r_acc=0.6463, avg_f_acc=0.6025, adapter_density=4472/91328
[2026-09-02 15:26:24] [FUSED-CLI:fedbn] Round=21, avg_r_acc=0.6433, avg_f_acc=0.6025, adapter_density=4472/91328
[2026-09-02 15:28:15] [FUSED-CLI:fedbn] Round=22, avg_r_acc=0.6468, avg_f_acc=0.6113, adapter_density=4472/91328
[2026-09-02 15:30:05] [FUSED-CLI:fedbn] Round=23, avg_r_acc=0.6439, avg_f_acc=0.5881, adapter_density=4472/91328
[2026-09-02 15:31:47] [FUSED-CLI:fedbn] Round=24, avg_r_acc=0.6456, avg_f_acc=0.5948, adapter_density=4472/91328
[2026-09-02 15:33:34] [FUSED-CLI:fedbn] Round=25, avg_r_acc=0.6445, avg_f_acc=0.5926, adapter_density=4472/91328
[2026-09-02 15:35:17] [FUSED-CLI:fedbn] Round=26, avg_r_acc=0.6427, avg_f_acc=0.5771, adapter_density=4472/91328
[2026-09-02 15:37:03] [FUSED-CLI:fedbn] Round=27, avg_r_acc=0.6414, avg_f_acc=0.5958, adapter_density=4472/91328
[2026-09-02 15:38:48] [FUSED-CLI:fedbn] Round=28, avg_r_acc=0.6414, avg_f_acc=0.5958, adapter_density=4472/91328
[2026-09-02 15:40:41] [FUSED-CLI:fedbn] Round=29, avg_r_acc=0.6420, avg_f_acc=0.5948, adapter_density=4472/91328
[2026-09-02 15:42:30] [FUSED-CLI:fedbn] Round=30, avg_r_acc=0.6388, avg_f_acc=0.5948, adapter_density=4472/91328
[2026-09-02 15:44:17] [FUSED-CLI:fedbn] Round=31, avg_r_acc=0.6414, avg_f_acc=0.5870, adapter_density=4472/91328
[2026-09-02 15:46:05] [FUSED-CLI:fedbn] Round=32, avg_r_acc=0.6371, avg_f_acc=0.5793, adapter_density=4472/91328
[2026-09-02 15:47:49] [FUSED-CLI:fedbn] Round=33, avg_r_acc=0.6463, avg_f_acc=0.5881, adapter_density=4472/91328
[2026-09-02 15:49:36] [FUSED-CLI:fedbn] Round=34, avg_r_acc=0.6395, avg_f_acc=0.5793, adapter_density=4472/91328
[2026-09-02 15:51:25] [FUSED-CLI:fedbn] Round=35, avg_r_acc=0.6433, avg_f_acc=0.5793, adapter_density=4472/91328
[2026-09-02 15:53:12] [FUSED-CLI:fedbn] Round=36, avg_r_acc=0.6359, avg_f_acc=0.5715, adapter_density=4472/91328
[2026-09-02 15:55:01] [FUSED-CLI:fedbn] Round=37, avg_r_acc=0.6407, avg_f_acc=0.5715, adapter_density=4472/91328
[2026-09-02 15:56:47] [FUSED-CLI:fedbn] Round=38, avg_r_acc=0.6348, avg_f_acc=0.5926, adapter_density=4472/91328
[2026-09-02 15:58:32] [FUSED-CLI:fedbn] Round=39, avg_r_acc=0.6366, avg_f_acc=0.5870, adapter_density=4472/91328
[2026-09-02 16:00:21] [FUSED-CLI:fedbn] Round=40, avg_r_acc=0.6439, avg_f_acc=0.5958, adapter_density=4472/91328
[2026-09-02 16:02:04] [FUSED-CLI:fedbn] Round=41, avg_r_acc=0.6416, avg_f_acc=0.5881, adapter_density=4472/91328
[2026-09-02 16:03:50] [FUSED-CLI:fedbn] Round=42, avg_r_acc=0.6398, avg_f_acc=0.5793, adapter_density=4472/91328
[2026-09-02 16:05:33] [FUSED-CLI:fedbn] Round=43, avg_r_acc=0.6493, avg_f_acc=0.5958, adapter_density=4472/91328
[2026-09-02 16:07:17] [FUSED-CLI:fedbn] Round=44, avg_r_acc=0.6463, avg_f_acc=0.5958, adapter_density=4472/91328
[2026-09-02 16:09:17] [FUSED-CLI:fedbn] Round=45, avg_r_acc=0.6445, avg_f_acc=0.5958, adapter_density=4472/91328
[2026-09-02 16:11:07] [FUSED-CLI:fedbn] Round=46, avg_r_acc=0.6445, avg_f_acc=0.6036, adapter_density=4472/91328
[2026-09-02 16:12:54] [FUSED-CLI:fedbn] Round=47, avg_r_acc=0.6481, avg_f_acc=0.6036, adapter_density=4472/91328
[2026-09-02 16:14:36] [FUSED-CLI:fedbn] Round=48, avg_r_acc=0.6457, avg_f_acc=0.5958, adapter_density=4472/91328
[2026-09-02 16:16:21] [FUSED-CLI:fedbn] Round=49, avg_r_acc=0.6322, avg_f_acc=0.6004, adapter_density=4472/91328
[2026-09-02 16:16:21] FUSED-CLI unlearning complete. Critical layers: ['conv1.weight', 'layer2.0.downsample.0.weight', 'layer1.0.conv1.weight', 'layer1.1.conv1.weight']
[2026-09-02 16:16:21] [reproducibility] Reset RNGs before ReA with seed=42
[2026-09-02 16:16:21] Running relearn (ReA) probe for 50 rounds...
[2026-09-02 16:18:50] [Relearn] Round=0, avg_f_acc=0.7984 (ReA), avg_r_acc=0.6254
[2026-09-02 16:21:30] [Relearn] Round=1, avg_f_acc=0.8845 (ReA), avg_r_acc=0.6112
[2026-09-02 16:24:15] [Relearn] Round=2, avg_f_acc=0.8602 (ReA), avg_r_acc=0.6131
[2026-09-02 16:26:48] [Relearn] Round=3, avg_f_acc=0.8578 (ReA), avg_r_acc=0.6051
[2026-09-02 16:30:01] [Relearn] Round=4, avg_f_acc=0.8602 (ReA), avg_r_acc=0.6079
[2026-09-02 16:32:43] [Relearn] Round=5, avg_f_acc=0.8598 (ReA), avg_r_acc=0.6169
[2026-09-02 16:35:38] [Relearn] Round=6, avg_f_acc=0.8732 (ReA), avg_r_acc=0.6072
[2026-09-02 16:38:21] [Relearn] Round=7, avg_f_acc=0.8855 (ReA), avg_r_acc=0.5990
[2026-09-02 16:41:18] [Relearn] Round=8, avg_f_acc=0.8777 (ReA), avg_r_acc=0.5988
[2026-09-02 16:44:28] [Relearn] Round=9, avg_f_acc=0.8500 (ReA), avg_r_acc=0.6055
[2026-09-02 16:47:17] [Relearn] Round=10, avg_f_acc=0.8767 (ReA), avg_r_acc=0.5874
[2026-09-02 16:50:04] [Relearn] Round=11, avg_f_acc=0.8767 (ReA), avg_r_acc=0.5919
[2026-09-02 16:52:46] [Relearn] Round=12, avg_f_acc=0.8742 (ReA), avg_r_acc=0.5708
[2026-09-02 16:55:27] [Relearn] Round=13, avg_f_acc=0.8809 (ReA), avg_r_acc=0.5796
[2026-09-02 16:58:23] [Relearn] Round=14, avg_f_acc=0.8690 (ReA), avg_r_acc=0.5960
[2026-09-02 17:01:18] [Relearn] Round=15, avg_f_acc=0.8855 (ReA), avg_r_acc=0.5900
[2026-09-02 17:04:09] [Relearn] Round=16, avg_f_acc=0.8855 (ReA), avg_r_acc=0.5856
[2026-09-02 17:06:59] [Relearn] Round=17, avg_f_acc=0.8767 (ReA), avg_r_acc=0.5920
[2026-09-02 17:09:32] [Relearn] Round=18, avg_f_acc=0.9076 (ReA), avg_r_acc=0.6029
[2026-09-02 17:12:47] [Relearn] Round=19, avg_f_acc=0.8602 (ReA), avg_r_acc=0.6024
[2026-09-02 17:15:38] [Relearn] Round=20, avg_f_acc=0.8690 (ReA), avg_r_acc=0.6038
[2026-09-02 17:18:14] [Relearn] Round=21, avg_f_acc=0.8602 (ReA), avg_r_acc=0.5961
[2026-09-02 17:20:57] [Relearn] Round=22, avg_f_acc=0.8845 (ReA), avg_r_acc=0.5878
[2026-09-02 17:23:42] [Relearn] Round=23, avg_f_acc=0.8757 (ReA), avg_r_acc=0.5904
[2026-09-02 17:26:33] [Relearn] Round=24, avg_f_acc=0.8511 (ReA), avg_r_acc=0.5819
[2026-09-02 17:29:40] [Relearn] Round=25, avg_f_acc=0.8700 (ReA), avg_r_acc=0.6120
[2026-09-02 17:32:19] [Relearn] Round=26, avg_f_acc=0.8700 (ReA), avg_r_acc=0.6041
[2026-09-02 17:35:09] [Relearn] Round=27, avg_f_acc=0.8777 (ReA), avg_r_acc=0.5958
[2026-09-02 17:37:51] [Relearn] Round=28, avg_f_acc=0.8855 (ReA), avg_r_acc=0.6023
[2026-09-02 17:40:38] [Relearn] Round=29, avg_f_acc=0.9020 (ReA), avg_r_acc=0.6144
[2026-09-02 17:43:42] [Relearn] Round=30, avg_f_acc=0.8865 (ReA), avg_r_acc=0.6063
[2026-09-02 17:46:27] [Relearn] Round=31, avg_f_acc=0.8943 (ReA), avg_r_acc=0.6021
[2026-09-02 17:49:11] [Relearn] Round=32, avg_f_acc=0.8865 (ReA), avg_r_acc=0.6084
[2026-09-02 17:52:01] [Relearn] Round=33, avg_f_acc=0.8777 (ReA), avg_r_acc=0.5920
[2026-09-02 17:54:40] [Relearn] Round=34, avg_f_acc=0.8855 (ReA), avg_r_acc=0.6172
[2026-09-02 17:57:47] [Relearn] Round=35, avg_f_acc=0.8845 (ReA), avg_r_acc=0.6033
[2026-09-02 18:00:48] [Relearn] Round=36, avg_f_acc=0.8757 (ReA), avg_r_acc=0.6044
[2026-09-02 18:03:28] [Relearn] Round=37, avg_f_acc=0.8932 (ReA), avg_r_acc=0.6038
[2026-09-02 18:06:19] [Relearn] Round=38, avg_f_acc=0.8855 (ReA), avg_r_acc=0.6081
[2026-09-02 18:09:08] [Relearn] Round=39, avg_f_acc=0.8757 (ReA), avg_r_acc=0.5960
[2026-09-02 18:11:58] [Relearn] Round=40, avg_f_acc=0.8932 (ReA), avg_r_acc=0.6268
[2026-09-02 18:15:09] [Relearn] Round=41, avg_f_acc=0.8679 (ReA), avg_r_acc=0.6083
[2026-09-02 18:17:55] [Relearn] Round=42, avg_f_acc=0.8767 (ReA), avg_r_acc=0.6109
[2026-09-02 18:20:20] [Relearn] Round=43, avg_f_acc=0.8690 (ReA), avg_r_acc=0.6070
[2026-09-02 18:23:05] [Relearn] Round=44, avg_f_acc=0.8679 (ReA), avg_r_acc=0.6059
[2026-09-02 18:25:48] [Relearn] Round=45, avg_f_acc=0.8602 (ReA), avg_r_acc=0.6036
[2026-09-02 18:28:46] [Relearn] Round=46, avg_f_acc=0.8679 (ReA), avg_r_acc=0.5985
[2026-09-02 18:31:36] [Relearn] Round=47, avg_f_acc=0.8690 (ReA), avg_r_acc=0.6061
[2026-09-02 18:34:15] [Relearn] Round=48, avg_f_acc=0.8767 (ReA), avg_r_acc=0.6047
[2026-09-02 18:37:21] [Relearn] Round=49, avg_f_acc=0.8855 (ReA), avg_r_acc=0.6163
[2026-09-02 18:37:21] ReA = 0.8855
[2026-09-02 18:37:39] Final unlearned model: global test loss=0.9532, acc=0.7473
[2026-09-02 18:37:39] [fedbn/retrain] hospital=Canada_Dataset, selected_client_id=Canada_Dataset, available_client_ids=['Canada_Dataset']
[2026-09-02 18:37:39] [fedbn/retrain] hospital=India_Dataset, selected_client_id=India_Dataset, available_client_ids=['India_Dataset']
[2026-09-02 18:37:39] Running matched FedBN evaluation: retained hospitals use personalized BN models; the forgotten hospital uses the retained-only averaged BN fallback.
[2026-09-02 18:37:39] [fedbn/retrain] Retained hospitals use personalized BN models. The forgotten hospital uses the retained-BN average model.
[2026-09-02 18:37:58] [eval/classification] accuracy=0.8273 macro_precision=0.8078 macro_recall=0.7872 macro_f1=0.7966 weighted_f1=0.8260
[2026-09-02 18:37:58] [eval/fedbn_retrain] overall_acc=0.8273 overall_loss=0.7524 macro_f1=0.7966 weighted_f1=0.8260 per_hospital={ Spain_Dataset: 0.6132, Canada_Dataset: 0.8897, India_Dataset: 0.8106 }
[2026-09-02 18:38:22] [eval/unlearning/remember_classification] accuracy=0.8701 macro_precision=0.8443 macro_recall=0.8335 macro_f1=0.8382 weighted_f1=0.8701
[2026-09-02 18:38:22] [eval/unlearning/forget_classification] accuracy=0.6132 macro_precision=0.6394 macro_recall=0.6004 macro_f1=0.6061 weighted_f1=0.6077
[2026-09-02 18:41:27] [eval/unlearning/fedbn_retrain] RA=0.8701 FA=0.6132 ReA=0.8962 MIA_acc=0.6190
[2026-09-02 18:41:27] [symmetric eval] RA=0.8701 FA=0.6132 ReA=0.8962 MIA_acc=0.6190
[2026-09-02 18:41:27] Saved matched FedBN FU outputs: 2 retained personalized models and one retained-BN fallback model.
[2026-09-02 18:41:27] Saved unlearned model to checkpoints/fu_cli_domain_aware/fu_cli_domain_aware_fedbn_spain_natural_l05_386297/unlearned_model.pt
[2026-09-02 18:41:27] === Run finished: fu_cli_domain_aware_fedbn_spain_natural_l05_386297 (elapsed 14238.9s) ===
