[2026-09-02 14:43:25] === Run started: fu_cli_domain_aware_fedbn_canada_natural_l05_386295 ===
[2026-09-02 14:43:25] Forking from source FL run: fl_fedbn_oral_344913
[2026-09-02 14:43:25] Forgetting: Canada_Dataset
[2026-09-02 14:43:25] Phase-2 mechanism: Domain-Aware FUSED-CLI, cli_score_mode=domain_aware, algorithm=fedbn
[2026-09-02 14:43:25] Artifact namespace: fu_cli_domain_aware
[2026-09-02 14:43:25] Run directories: logs=logs/fu_cli_domain_aware/fu_cli_domain_aware_fedbn_canada_natural_l05_386295, checkpoints=checkpoints/fu_cli_domain_aware/fu_cli_domain_aware_fedbn_canada_natural_l05_386295, outputs=outputs/fu_cli_domain_aware/fu_cli_domain_aware_fedbn_canada_natural_l05_386295
[2026-09-02 14:43:25] Loaded domain-aware layer scores: path=outputs/domain_sensitivity/equal_hospital/fl_fedbn_oral_344913/Canada/domain_sensitivity.json, mapped_parameters=20, lambda=0.5
[2026-09-02 14:43:25] [reproducibility] Initialized RNGs with seed=42; cudnn.deterministic=True, cudnn.benchmark=False
[2026-09-02 14:43:25] [proxy] Shadow MIA disabled. Proxy carving was skipped; the complete train and test partitions will be used.
[2026-09-02 14:43:25] [data] real_train_samples=2538, per_hospital={'Spain_Dataset': 398, 'Canada_Dataset': 1635, 'India_Dataset': 505}
[2026-09-02 14:43:25] [data] real_test_samples=637, per_hospital={'Spain_Dataset': 106, 'Canada_Dataset': 399, 'India_Dataset': 132}
[2026-09-02 14:43:25] Forgetting hospital: Canada_Dataset -> partition indices [1] of 3 total clients (client_split=hospital_based).
[2026-09-02 14:43:27] Loaded matched FedBN source model using retained-only BN states. forget_client=Canada_Dataset, retained_clients=['India_Dataset', 'Spain_Dataset']
[2026-09-02 14:43:27] [class_imbalance] phase2_override=standard_ce, resolved_method=standard_ce, sampling=natural, use_weighted_sampler=False
[2026-09-02 14:43:27] Built 3 hospital train loaders in order ['Spain_Dataset', 'Canada_Dataset', 'India_Dataset'], sizes=[398, 1635, 505], handle_class_imbalance=False
[2026-09-02 14:43:27] [proxy] Proxy loaders were not created because shadow MIA is disabled.
[2026-09-02 14:43:27] Running FUSED-CLI unlearning (algorithm=fedbn)...
[2026-09-02 14:43:27] Running Critical Layer Identification (one federated round, ALL clients (paper Eq 11-13))...
[2026-09-02 14:45:05] Restricted normalized/domain-aware CLI selection to 20 convolutional weight tensors from 62 total learnable parameters.
[2026-09-02 14:45:05] Selected 4 critical layers using cli_score_mode=domain_aware: ['conv1.weight', 'layer2.0.downsample.0.weight', 'layer1.1.conv1.weight', 'layer1.0.conv1.weight']
[2026-09-02 14:45:05] [CLI score] rank=1 selected=True parameter=conv1.weight cli=0.0025246337 cli_norm=1.000000 domain=0.296990 final=1.148495
[2026-09-02 14:45:05] [CLI score] rank=2 selected=True parameter=layer2.0.downsample.0.weight cli=0.0016191237 cli_norm=0.623400 domain=0.449711 final=0.848256
[2026-09-02 14:45:05] [CLI score] rank=3 selected=True parameter=layer1.1.conv1.weight cli=0.00074518973 cli_norm=0.259933 domain=0.843325 final=0.681596
[2026-09-02 14:45:05] [CLI score] rank=4 selected=True parameter=layer1.0.conv1.weight cli=0.00053726803 cli_norm=0.173459 domain=1.000000 final=0.673459
[2026-09-02 14:45:05] [CLI score] rank=5 selected=False parameter=layer1.1.conv2.weight cli=0.00058792893 cli_norm=0.194529 domain=0.681135 final=0.535096
[2026-09-02 14:45:05] [CLI score] rank=6 selected=False parameter=layer1.0.conv2.weight cli=0.00060961439 cli_norm=0.203548 domain=0.505947 final=0.456521
[2026-09-02 14:45:05] [CLI score] rank=7 selected=False parameter=layer4.0.downsample.0.weight cli=0.00022631568 cli_norm=0.044135 domain=0.627576 final=0.357923
[2026-09-02 14:45:05] [CLI score] rank=8 selected=False parameter=layer2.0.conv1.weight cli=0.00051592414 cli_norm=0.164582 domain=0.385516 final=0.357340
[2026-09-02 14:45:05] [CLI score] rank=9 selected=False parameter=layer2.1.conv1.weight cli=0.00035059255 cli_norm=0.095821 domain=0.343339 final=0.267491
[2026-09-02 14:45:05] [CLI score] rank=10 selected=False parameter=layer3.1.conv1.weight cli=0.00013222915 cli_norm=0.005004 domain=0.435319 final=0.222664
[2026-09-02 14:45:05] [CLI score] rank=11 selected=False parameter=layer4.0.conv2.weight cli=0.00012476887 cli_norm=0.001901 domain=0.417231 final=0.210517
[2026-09-02 14:45:05] [CLI score] rank=12 selected=False parameter=layer3.0.downsample.0.weight cli=0.00041899324 cli_norm=0.124269 domain=0.121171 final=0.184854
[2026-09-02 14:45:05] [CLI score] rank=13 selected=False parameter=layer2.0.conv2.weight cli=0.00039827426 cli_norm=0.115652 domain=0.131640 final=0.181472
[2026-09-02 14:45:05] [CLI score] rank=14 selected=False parameter=layer3.1.conv2.weight cli=0.00013699575 cli_norm=0.006987 domain=0.335918 final=0.174946
[2026-09-02 14:45:05] [CLI score] rank=15 selected=False parameter=layer3.0.conv1.weight cli=0.00032240005 cli_norm=0.084096 domain=0.172411 final=0.170302
[2026-09-02 14:45:05] FedBN-local (never-aggregated) critical layers among selection: none
[2026-09-02 14:48:31] [FUSED-CLI:fedbn] Round=0, avg_r_acc=0.6179, avg_f_acc=0.6909, adapter_density=4472/91328
[2026-09-02 14:51:53] [FUSED-CLI:fedbn] Round=1, avg_r_acc=0.6336, avg_f_acc=0.6783, adapter_density=4472/91328
[2026-09-02 14:55:12] [FUSED-CLI:fedbn] Round=2, avg_r_acc=0.6293, avg_f_acc=0.6794, adapter_density=4472/91328
[2026-09-02 14:58:40] [FUSED-CLI:fedbn] Round=3, avg_r_acc=0.6415, avg_f_acc=0.6872, adapter_density=4472/91328
[2026-09-02 15:02:04] [FUSED-CLI:fedbn] Round=4, avg_r_acc=0.6361, avg_f_acc=0.6902, adapter_density=4472/91328
[2026-09-02 15:05:29] [FUSED-CLI:fedbn] Round=5, avg_r_acc=0.6415, avg_f_acc=0.6925, adapter_density=4472/91328
[2026-09-02 15:08:50] [FUSED-CLI:fedbn] Round=6, avg_r_acc=0.6397, avg_f_acc=0.6913, adapter_density=4472/91328
[2026-09-02 15:12:13] [FUSED-CLI:fedbn] Round=7, avg_r_acc=0.6489, avg_f_acc=0.6981, adapter_density=4472/91328
[2026-09-02 15:15:39] [FUSED-CLI:fedbn] Round=8, avg_r_acc=0.6600, avg_f_acc=0.7066, adapter_density=4472/91328
[2026-09-02 15:19:03] [FUSED-CLI:fedbn] Round=9, avg_r_acc=0.6468, avg_f_acc=0.7014, adapter_density=4472/91328
[2026-09-02 15:22:24] [FUSED-CLI:fedbn] Round=10, avg_r_acc=0.6489, avg_f_acc=0.7037, adapter_density=4472/91328
[2026-09-02 15:25:43] [FUSED-CLI:fedbn] Round=11, avg_r_acc=0.6507, avg_f_acc=0.7133, adapter_density=4472/91328
[2026-09-02 15:29:09] [FUSED-CLI:fedbn] Round=12, avg_r_acc=0.6504, avg_f_acc=0.7133, adapter_density=4472/91328
[2026-09-02 15:32:32] [FUSED-CLI:fedbn] Round=13, avg_r_acc=0.6525, avg_f_acc=0.7264, adapter_density=4472/91328
[2026-09-02 15:35:51] [FUSED-CLI:fedbn] Round=14, avg_r_acc=0.6522, avg_f_acc=0.7156, adapter_density=4472/91328
[2026-09-02 15:39:12] [FUSED-CLI:fedbn] Round=15, avg_r_acc=0.6543, avg_f_acc=0.7241, adapter_density=4472/91328
[2026-09-02 15:42:36] [FUSED-CLI:fedbn] Round=16, avg_r_acc=0.6638, avg_f_acc=0.7286, adapter_density=4472/91328
[2026-09-02 15:45:59] [FUSED-CLI:fedbn] Round=17, avg_r_acc=0.6582, avg_f_acc=0.7320, adapter_density=4472/91328
[2026-09-02 15:49:18] [FUSED-CLI:fedbn] Round=18, avg_r_acc=0.6618, avg_f_acc=0.7234, adapter_density=4472/91328
[2026-09-02 15:52:38] [FUSED-CLI:fedbn] Round=19, avg_r_acc=0.6538, avg_f_acc=0.7268, adapter_density=4472/91328
[2026-09-02 15:56:00] [FUSED-CLI:fedbn] Round=20, avg_r_acc=0.6564, avg_f_acc=0.7320, adapter_density=4472/91328
[2026-09-02 15:59:22] [FUSED-CLI:fedbn] Round=21, avg_r_acc=0.6564, avg_f_acc=0.7309, adapter_density=4472/91328
[2026-09-02 16:02:42] [FUSED-CLI:fedbn] Round=22, avg_r_acc=0.6556, avg_f_acc=0.7439, adapter_density=4472/91328
[2026-09-02 16:06:04] [FUSED-CLI:fedbn] Round=23, avg_r_acc=0.6473, avg_f_acc=0.7462, adapter_density=4472/91328
[2026-09-02 16:09:28] [FUSED-CLI:fedbn] Round=24, avg_r_acc=0.6590, avg_f_acc=0.7495, adapter_density=4472/91328
[2026-09-02 16:12:52] [FUSED-CLI:fedbn] Round=25, avg_r_acc=0.6590, avg_f_acc=0.7410, adapter_density=4472/91328
[2026-09-02 16:16:12] [FUSED-CLI:fedbn] Round=26, avg_r_acc=0.6430, avg_f_acc=0.7417, adapter_density=4472/91328
[2026-09-02 16:19:35] [FUSED-CLI:fedbn] Round=27, avg_r_acc=0.6585, avg_f_acc=0.7529, adapter_density=4472/91328
[2026-09-02 16:22:57] [FUSED-CLI:fedbn] Round=28, avg_r_acc=0.6603, avg_f_acc=0.7484, adapter_density=4472/91328
[2026-09-02 16:26:13] [FUSED-CLI:fedbn] Round=29, avg_r_acc=0.6557, avg_f_acc=0.7506, adapter_density=4472/91328
[2026-09-02 16:29:32] [FUSED-CLI:fedbn] Round=30, avg_r_acc=0.6546, avg_f_acc=0.7443, adapter_density=4472/91328
[2026-09-02 16:32:50] [FUSED-CLI:fedbn] Round=31, avg_r_acc=0.6533, avg_f_acc=0.7510, adapter_density=4472/91328
[2026-09-02 16:36:16] [FUSED-CLI:fedbn] Round=32, avg_r_acc=0.6533, avg_f_acc=0.7518, adapter_density=4472/91328
[2026-09-02 16:39:32] [FUSED-CLI:fedbn] Round=33, avg_r_acc=0.6554, avg_f_acc=0.7466, adapter_density=4472/91328
[2026-09-02 16:42:51] [FUSED-CLI:fedbn] Round=34, avg_r_acc=0.6572, avg_f_acc=0.7522, adapter_density=4472/91328
[2026-09-02 16:46:09] [FUSED-CLI:fedbn] Round=35, avg_r_acc=0.6394, avg_f_acc=0.7551, adapter_density=4472/91328
[2026-09-02 16:49:31] [FUSED-CLI:fedbn] Round=36, avg_r_acc=0.6548, avg_f_acc=0.7563, adapter_density=4472/91328
[2026-09-02 16:52:52] [FUSED-CLI:fedbn] Round=37, avg_r_acc=0.6494, avg_f_acc=0.7498, adapter_density=4472/91328
[2026-09-02 16:56:11] [FUSED-CLI:fedbn] Round=38, avg_r_acc=0.6533, avg_f_acc=0.7413, adapter_density=4472/91328
[2026-09-02 16:59:32] [FUSED-CLI:fedbn] Round=39, avg_r_acc=0.6582, avg_f_acc=0.7488, adapter_density=4472/91328
[2026-09-02 17:02:50] [FUSED-CLI:fedbn] Round=40, avg_r_acc=0.6582, avg_f_acc=0.7435, adapter_density=4472/91328
[2026-09-02 17:06:05] [FUSED-CLI:fedbn] Round=41, avg_r_acc=0.6551, avg_f_acc=0.7480, adapter_density=4472/91328
[2026-09-02 17:09:22] [FUSED-CLI:fedbn] Round=42, avg_r_acc=0.6600, avg_f_acc=0.7450, adapter_density=4472/91328
[2026-09-02 17:12:38] [FUSED-CLI:fedbn] Round=43, avg_r_acc=0.6582, avg_f_acc=0.7458, adapter_density=4472/91328
[2026-09-02 17:15:58] [FUSED-CLI:fedbn] Round=44, avg_r_acc=0.6538, avg_f_acc=0.7566, adapter_density=4472/91328
[2026-09-02 17:19:19] [FUSED-CLI:fedbn] Round=45, avg_r_acc=0.6561, avg_f_acc=0.7469, adapter_density=4472/91328
[2026-09-02 17:22:44] [FUSED-CLI:fedbn] Round=46, avg_r_acc=0.6556, avg_f_acc=0.7469, adapter_density=4472/91328
[2026-09-02 17:26:06] [FUSED-CLI:fedbn] Round=47, avg_r_acc=0.6432, avg_f_acc=0.7488, adapter_density=4472/91328
[2026-09-02 17:29:24] [FUSED-CLI:fedbn] Round=48, avg_r_acc=0.6543, avg_f_acc=0.7458, adapter_density=4472/91328
[2026-09-02 17:32:43] [FUSED-CLI:fedbn] Round=49, avg_r_acc=0.6543, avg_f_acc=0.7563, adapter_density=4472/91328
[2026-09-02 17:32:43] FUSED-CLI unlearning complete. Critical layers: ['conv1.weight', 'layer2.0.downsample.0.weight', 'layer1.1.conv1.weight', 'layer1.0.conv1.weight']
[2026-09-02 17:32:43] [reproducibility] Reset RNGs before ReA with seed=42
[2026-09-02 17:32:43] Running relearn (ReA) probe for 50 rounds...
[2026-09-02 17:34:06] [Relearn] Round=0, avg_f_acc=0.7318 (ReA), avg_r_acc=0.5445
[2026-09-02 17:35:31] [Relearn] Round=1, avg_f_acc=0.7712 (ReA), avg_r_acc=0.5943
[2026-09-02 17:36:55] [Relearn] Round=2, avg_f_acc=0.7326 (ReA), avg_r_acc=0.5191
[2026-09-02 17:38:19] [Relearn] Round=3, avg_f_acc=0.7251 (ReA), avg_r_acc=0.5791
[2026-09-02 17:39:44] [Relearn] Round=4, avg_f_acc=0.7147 (ReA), avg_r_acc=0.5398
[2026-09-02 17:41:09] [Relearn] Round=5, avg_f_acc=0.7156 (ReA), avg_r_acc=0.5187
[2026-09-02 17:42:34] [Relearn] Round=6, avg_f_acc=0.7274 (ReA), avg_r_acc=0.5251
[2026-09-02 17:43:58] [Relearn] Round=7, avg_f_acc=0.7414 (ReA), avg_r_acc=0.5073
[2026-09-02 17:45:21] [Relearn] Round=8, avg_f_acc=0.7094 (ReA), avg_r_acc=0.4562
[2026-09-02 17:46:44] [Relearn] Round=9, avg_f_acc=0.7304 (ReA), avg_r_acc=0.5235
[2026-09-02 17:48:09] [Relearn] Round=10, avg_f_acc=0.6942 (ReA), avg_r_acc=0.4840
[2026-09-02 17:49:33] [Relearn] Round=11, avg_f_acc=0.7821 (ReA), avg_r_acc=0.5133
[2026-09-02 17:50:57] [Relearn] Round=12, avg_f_acc=0.7620 (ReA), avg_r_acc=0.5234
[2026-09-02 17:52:22] [Relearn] Round=13, avg_f_acc=0.7780 (ReA), avg_r_acc=0.5343
[2026-09-02 17:53:46] [Relearn] Round=14, avg_f_acc=0.7475 (ReA), avg_r_acc=0.4788
[2026-09-02 17:55:08] [Relearn] Round=15, avg_f_acc=0.7604 (ReA), avg_r_acc=0.5027
[2026-09-02 17:56:33] [Relearn] Round=16, avg_f_acc=0.7524 (ReA), avg_r_acc=0.4846
[2026-09-02 17:57:58] [Relearn] Round=17, avg_f_acc=0.6980 (ReA), avg_r_acc=0.4699
[2026-09-02 17:59:22] [Relearn] Round=18, avg_f_acc=0.7275 (ReA), avg_r_acc=0.4680
[2026-09-02 18:00:48] [Relearn] Round=19, avg_f_acc=0.7180 (ReA), avg_r_acc=0.4857
[2026-09-02 18:02:15] [Relearn] Round=20, avg_f_acc=0.7923 (ReA), avg_r_acc=0.4985
[2026-09-02 18:03:40] [Relearn] Round=21, avg_f_acc=0.7127 (ReA), avg_r_acc=0.4878
[2026-09-02 18:05:05] [Relearn] Round=22, avg_f_acc=0.7243 (ReA), avg_r_acc=0.4687
[2026-09-02 18:06:29] [Relearn] Round=23, avg_f_acc=0.7111 (ReA), avg_r_acc=0.4762
[2026-09-02 18:07:52] [Relearn] Round=24, avg_f_acc=0.7116 (ReA), avg_r_acc=0.4768
[2026-09-02 18:09:16] [Relearn] Round=25, avg_f_acc=0.7016 (ReA), avg_r_acc=0.4882
[2026-09-02 18:10:42] [Relearn] Round=26, avg_f_acc=0.7357 (ReA), avg_r_acc=0.4586
[2026-09-02 18:12:06] [Relearn] Round=27, avg_f_acc=0.7919 (ReA), avg_r_acc=0.5071
[2026-09-02 18:13:31] [Relearn] Round=28, avg_f_acc=0.7275 (ReA), avg_r_acc=0.4614
[2026-09-02 18:14:55] [Relearn] Round=29, avg_f_acc=0.7009 (ReA), avg_r_acc=0.4822
[2026-09-02 18:16:20] [Relearn] Round=30, avg_f_acc=0.7324 (ReA), avg_r_acc=0.5045
[2026-09-02 18:17:45] [Relearn] Round=31, avg_f_acc=0.7462 (ReA), avg_r_acc=0.4760
[2026-09-02 18:19:09] [Relearn] Round=32, avg_f_acc=0.7774 (ReA), avg_r_acc=0.4736
[2026-09-02 18:20:35] [Relearn] Round=33, avg_f_acc=0.7858 (ReA), avg_r_acc=0.5211
[2026-09-02 18:21:58] [Relearn] Round=34, avg_f_acc=0.7499 (ReA), avg_r_acc=0.4838
[2026-09-02 18:23:21] [Relearn] Round=35, avg_f_acc=0.7677 (ReA), avg_r_acc=0.4699
[2026-09-02 18:24:46] [Relearn] Round=36, avg_f_acc=0.7606 (ReA), avg_r_acc=0.4845
[2026-09-02 18:26:09] [Relearn] Round=37, avg_f_acc=0.7570 (ReA), avg_r_acc=0.5057
[2026-09-02 18:27:33] [Relearn] Round=38, avg_f_acc=0.7773 (ReA), avg_r_acc=0.4804
[2026-09-02 18:28:59] [Relearn] Round=39, avg_f_acc=0.7520 (ReA), avg_r_acc=0.5068
[2026-09-02 18:30:22] [Relearn] Round=40, avg_f_acc=0.7709 (ReA), avg_r_acc=0.4888
[2026-09-02 18:31:48] [Relearn] Round=41, avg_f_acc=0.7548 (ReA), avg_r_acc=0.4755
[2026-09-02 18:33:11] [Relearn] Round=42, avg_f_acc=0.7571 (ReA), avg_r_acc=0.5007
[2026-09-02 18:34:36] [Relearn] Round=43, avg_f_acc=0.7317 (ReA), avg_r_acc=0.4807
[2026-09-02 18:35:59] [Relearn] Round=44, avg_f_acc=0.7137 (ReA), avg_r_acc=0.4640
[2026-09-02 18:37:23] [Relearn] Round=45, avg_f_acc=0.7422 (ReA), avg_r_acc=0.4924
[2026-09-02 18:38:48] [Relearn] Round=46, avg_f_acc=0.7358 (ReA), avg_r_acc=0.5168
[2026-09-02 18:40:14] [Relearn] Round=47, avg_f_acc=0.7548 (ReA), avg_r_acc=0.5279
[2026-09-02 18:41:38] [Relearn] Round=48, avg_f_acc=0.7866 (ReA), avg_r_acc=0.5151
[2026-09-02 18:43:03] [Relearn] Round=49, avg_f_acc=0.7612 (ReA), avg_r_acc=0.5152
[2026-09-02 18:43:03] ReA = 0.7612
[2026-09-02 18:43:24] Final unlearned model: global test loss=1.4354, acc=0.6028
[2026-09-02 18:43:24] [fedbn/retrain] hospital=Spain_Dataset, selected_client_id=Spain_Dataset, available_client_ids=['Spain_Dataset']
[2026-09-02 18:43:24] [fedbn/retrain] hospital=India_Dataset, selected_client_id=India_Dataset, available_client_ids=['India_Dataset']
[2026-09-02 18:43:24] Running matched FedBN evaluation: retained hospitals use personalized BN models; the forgotten hospital uses the retained-only averaged BN fallback.
[2026-09-02 18:43:24] [fedbn/retrain] Retained hospitals use personalized BN models. The forgotten hospital uses the retained-BN average model.
[2026-09-02 18:43:45] [eval/classification] accuracy=0.6436 macro_precision=0.6979 macro_recall=0.7396 macro_f1=0.6605 weighted_f1=0.6360
[2026-09-02 18:43:45] [eval/fedbn_retrain] overall_acc=0.6436 overall_loss=1.3933 macro_f1=0.6605 weighted_f1=0.6360 per_hospital={ Spain_Dataset: 0.9340, Canada_Dataset: 0.5313, India_Dataset: 0.7500 }
[2026-09-02 18:44:08] [eval/unlearning/remember_classification] accuracy=0.8319 macro_precision=0.8332 macro_recall=0.8299 macro_f1=0.8241 weighted_f1=0.8345
[2026-09-02 18:44:08] [eval/unlearning/forget_classification] accuracy=0.5313 macro_precision=0.6072 macro_recall=0.7563 macro_f1=0.5605 weighted_f1=0.5500
[2026-09-02 18:44:48] [eval/unlearning/fedbn_retrain] RA=0.8319 FA=0.5313 ReA=0.8622 MIA_acc=0.6876
[2026-09-02 18:44:48] [symmetric eval] RA=0.8319 FA=0.5313 ReA=0.8622 MIA_acc=0.6876
[2026-09-02 18:44:48] Saved matched FedBN FU outputs: 2 retained personalized models and one retained-BN fallback model.
[2026-09-02 18:44:48] Saved unlearned model to checkpoints/fu_cli_domain_aware/fu_cli_domain_aware_fedbn_canada_natural_l05_386295/unlearned_model.pt
[2026-09-02 18:44:48] === Run finished: fu_cli_domain_aware_fedbn_canada_natural_l05_386295 (elapsed 14483.6s) ===
