[2026-08-28 11:55:04] === Run started: fu_cli_domain_aware_fedbn_india_natural_l025_383635 ===
[2026-08-28 11:55:04] Forking from source FL run: fl_fedbn_oral_344913
[2026-08-28 11:55:04] Forgetting: India_Dataset
[2026-08-28 11:55:04] Phase-2 mechanism: Domain-Aware FUSED-CLI, cli_score_mode=domain_aware, algorithm=fedbn
[2026-08-28 11:55:04] Artifact namespace: fu_cli_domain_aware
[2026-08-28 11:55:04] Run directories: logs=logs/fu_cli_domain_aware/fu_cli_domain_aware_fedbn_india_natural_l025_383635, checkpoints=checkpoints/fu_cli_domain_aware/fu_cli_domain_aware_fedbn_india_natural_l025_383635, outputs=outputs/fu_cli_domain_aware/fu_cli_domain_aware_fedbn_india_natural_l025_383635
[2026-08-28 11:55:04] Loaded domain-aware layer scores: path=outputs/domain_sensitivity/equal_hospital/fl_fedbn_oral_344913/India/domain_sensitivity.json, mapped_parameters=20, lambda=0.25
[2026-08-28 11:55:04] [proxy] Shadow MIA disabled. Proxy carving was skipped; the complete train and test partitions will be used.
[2026-08-28 11:55:04] [data] real_train_samples=2538, per_hospital={'Spain_Dataset': 398, 'Canada_Dataset': 1635, 'India_Dataset': 505}
[2026-08-28 11:55:04] [data] real_test_samples=637, per_hospital={'Spain_Dataset': 106, 'Canada_Dataset': 399, 'India_Dataset': 132}
[2026-08-28 11:55:04] Forgetting hospital: India_Dataset -> partition indices [2] of 3 total clients (client_split=hospital_based).
[2026-08-28 11:55:06] Loaded matched FedBN source model using retained-only BN states. forget_client=India_Dataset, retained_clients=['Canada_Dataset', 'Spain_Dataset']
[2026-08-28 11:55:06] [class_imbalance] phase2_override=standard_ce, resolved_method=standard_ce, sampling=natural, use_weighted_sampler=False
[2026-08-28 11:55:06] Built 3 hospital train loaders in order ['Spain_Dataset', 'Canada_Dataset', 'India_Dataset'], sizes=[398, 1635, 505], handle_class_imbalance=False
[2026-08-28 11:55:06] [proxy] Proxy loaders were not created because shadow MIA is disabled.
[2026-08-28 11:55:06] Running FUSED-CLI unlearning (algorithm=fedbn)...
[2026-08-28 11:55:06] Running Critical Layer Identification (one federated round, ALL clients (paper Eq 11-13))...
[2026-08-28 11:56:44] Restricted normalized/domain-aware CLI selection to 20 convolutional weight tensors from 62 total learnable parameters.
[2026-08-28 11:56:44] Selected 4 critical layers using cli_score_mode=domain_aware: ['conv1.weight', 'layer2.0.downsample.0.weight', 'layer1.0.conv1.weight', 'layer1.0.conv2.weight']
[2026-08-28 11:56:44] [CLI score] rank=1 selected=True parameter=conv1.weight cli=0.0026028885 cli_norm=1.000000 domain=0.633266 final=1.158316
[2026-08-28 11:56:44] [CLI score] rank=2 selected=True parameter=layer2.0.downsample.0.weight cli=0.0013934268 cli_norm=0.512751 domain=0.557648 final=0.652163
[2026-08-28 11:56:44] [CLI score] rank=3 selected=True parameter=layer1.0.conv1.weight cli=0.00046913867 cli_norm=0.140388 domain=0.907994 final=0.367387
[2026-08-28 11:56:44] [CLI score] rank=4 selected=True parameter=layer1.0.conv2.weight cli=0.00048612701 cli_norm=0.147232 domain=0.829423 final=0.354588
[2026-08-28 11:56:44] [CLI score] rank=5 selected=False parameter=layer3.0.downsample.0.weight cli=0.00042758215 cli_norm=0.123646 domain=0.802033 final=0.324155
[2026-08-28 11:56:44] [CLI score] rank=6 selected=False parameter=layer1.1.conv1.weight cli=0.00055688288 cli_norm=0.175737 domain=0.436708 final=0.284914
[2026-08-28 11:56:44] [CLI score] rank=7 selected=False parameter=layer4.0.downsample.0.weight cli=0.00020724023 cli_norm=0.034878 domain=1.000000 final=0.284878
[2026-08-28 11:56:44] [CLI score] rank=8 selected=False parameter=layer3.0.conv1.weight cli=0.00031740215 cli_norm=0.079259 domain=0.811441 final=0.282119
[2026-08-28 11:56:44] [CLI score] rank=9 selected=False parameter=layer1.1.conv2.weight cli=0.00050680534 cli_norm=0.155563 domain=0.465645 final=0.271974
[2026-08-28 11:56:44] [CLI score] rank=10 selected=False parameter=layer2.0.conv1.weight cli=0.00047513389 cli_norm=0.142803 domain=0.501394 final=0.268152
[2026-08-28 11:56:44] [CLI score] rank=11 selected=False parameter=layer3.1.conv2.weight cli=0.00013057691 cli_norm=0.003993 domain=0.930000 final=0.236493
[2026-08-28 11:56:44] [CLI score] rank=12 selected=False parameter=layer2.0.conv2.weight cli=0.00038410012 cli_norm=0.106129 domain=0.316734 final=0.185313
[2026-08-28 11:56:44] [CLI score] rank=13 selected=False parameter=layer3.0.conv2.weight cli=0.00020989663 cli_norm=0.035949 domain=0.595633 final=0.184857
[2026-08-28 11:56:44] [CLI score] rank=14 selected=False parameter=layer2.1.conv1.weight cli=0.00030690714 cli_norm=0.075031 domain=0.402576 final=0.175675
[2026-08-28 11:56:44] [CLI score] rank=15 selected=False parameter=layer2.1.conv2.weight cli=0.00027155466 cli_norm=0.060788 domain=0.412777 final=0.163983
[2026-08-28 11:56:44] FedBN-local (never-aggregated) critical layers among selection: none
[2026-08-28 12:00:34] [FUSED-CLI:fedbn] Round=0, avg_r_acc=0.7359, avg_f_acc=0.3831, adapter_density=4431/91328
[2026-08-28 12:04:14] [FUSED-CLI:fedbn] Round=1, avg_r_acc=0.7491, avg_f_acc=0.3831, adapter_density=4431/91328
[2026-08-28 12:07:52] [FUSED-CLI:fedbn] Round=2, avg_r_acc=0.7468, avg_f_acc=0.3831, adapter_density=4431/91328
[2026-08-28 12:11:40] [FUSED-CLI:fedbn] Round=3, avg_r_acc=0.7453, avg_f_acc=0.3831, adapter_density=4431/91328
[2026-08-28 12:15:17] [FUSED-CLI:fedbn] Round=4, avg_r_acc=0.7457, avg_f_acc=0.3866, adapter_density=4431/91328
[2026-08-28 12:19:03] [FUSED-CLI:fedbn] Round=5, avg_r_acc=0.7510, avg_f_acc=0.3902, adapter_density=4431/91328
[2026-08-28 12:22:45] [FUSED-CLI:fedbn] Round=6, avg_r_acc=0.7489, avg_f_acc=0.3866, adapter_density=4431/91328
[2026-08-28 12:26:25] [FUSED-CLI:fedbn] Round=7, avg_r_acc=0.7544, avg_f_acc=0.3866, adapter_density=4431/91328
[2026-08-28 12:30:12] [FUSED-CLI:fedbn] Round=8, avg_r_acc=0.7594, avg_f_acc=0.3902, adapter_density=4431/91328
[2026-08-28 12:33:54] [FUSED-CLI:fedbn] Round=9, avg_r_acc=0.7611, avg_f_acc=0.3902, adapter_density=4431/91328
[2026-08-28 12:37:33] [FUSED-CLI:fedbn] Round=10, avg_r_acc=0.7567, avg_f_acc=0.3938, adapter_density=4431/91328
[2026-08-28 12:41:14] [FUSED-CLI:fedbn] Round=11, avg_r_acc=0.7595, avg_f_acc=0.3902, adapter_density=4431/91328
[2026-08-28 12:44:59] [FUSED-CLI:fedbn] Round=12, avg_r_acc=0.7617, avg_f_acc=0.3938, adapter_density=4431/91328
[2026-08-28 12:48:37] [FUSED-CLI:fedbn] Round=13, avg_r_acc=0.7640, avg_f_acc=0.3866, adapter_density=4431/91328
[2026-08-28 12:52:14] [FUSED-CLI:fedbn] Round=14, avg_r_acc=0.7640, avg_f_acc=0.3902, adapter_density=4431/91328
[2026-08-28 12:55:53] [FUSED-CLI:fedbn] Round=15, avg_r_acc=0.7683, avg_f_acc=0.3902, adapter_density=4431/91328
[2026-08-28 12:59:32] [FUSED-CLI:fedbn] Round=16, avg_r_acc=0.7683, avg_f_acc=0.3938, adapter_density=4431/91328
[2026-08-28 13:03:10] [FUSED-CLI:fedbn] Round=17, avg_r_acc=0.7689, avg_f_acc=0.3902, adapter_density=4431/91328
[2026-08-28 13:06:52] [FUSED-CLI:fedbn] Round=18, avg_r_acc=0.7645, avg_f_acc=0.3866, adapter_density=4431/91328
[2026-08-28 13:10:33] [FUSED-CLI:fedbn] Round=19, avg_r_acc=0.7683, avg_f_acc=0.3831, adapter_density=4431/91328
[2026-08-28 13:14:18] [FUSED-CLI:fedbn] Round=20, avg_r_acc=0.7645, avg_f_acc=0.3759, adapter_density=4431/91328
[2026-08-28 13:17:59] [FUSED-CLI:fedbn] Round=21, avg_r_acc=0.7578, avg_f_acc=0.3902, adapter_density=4431/91328
[2026-08-28 13:21:43] [FUSED-CLI:fedbn] Round=22, avg_r_acc=0.7617, avg_f_acc=0.3902, adapter_density=4431/91328
[2026-08-28 13:25:24] [FUSED-CLI:fedbn] Round=23, avg_r_acc=0.7585, avg_f_acc=0.3759, adapter_density=4431/91328
[2026-08-28 13:29:10] [FUSED-CLI:fedbn] Round=24, avg_r_acc=0.7619, avg_f_acc=0.3795, adapter_density=4431/91328
[2026-08-28 13:32:53] [FUSED-CLI:fedbn] Round=25, avg_r_acc=0.7663, avg_f_acc=0.3795, adapter_density=4431/91328
[2026-08-28 13:36:33] [FUSED-CLI:fedbn] Round=26, avg_r_acc=0.7663, avg_f_acc=0.3795, adapter_density=4431/91328
[2026-08-28 13:40:15] [FUSED-CLI:fedbn] Round=27, avg_r_acc=0.7663, avg_f_acc=0.3831, adapter_density=4431/91328
[2026-08-28 13:43:54] [FUSED-CLI:fedbn] Round=28, avg_r_acc=0.7634, avg_f_acc=0.3831, adapter_density=4431/91328
[2026-08-28 13:47:31] [FUSED-CLI:fedbn] Round=29, avg_r_acc=0.7619, avg_f_acc=0.3795, adapter_density=4431/91328
[2026-08-28 13:51:11] [FUSED-CLI:fedbn] Round=30, avg_r_acc=0.7590, avg_f_acc=0.3831, adapter_density=4431/91328
[2026-08-28 13:54:44] [FUSED-CLI:fedbn] Round=31, avg_r_acc=0.7663, avg_f_acc=0.3723, adapter_density=4431/91328
[2026-08-28 13:58:26] [FUSED-CLI:fedbn] Round=32, avg_r_acc=0.7548, avg_f_acc=0.3795, adapter_density=4431/91328
[2026-08-28 14:02:03] [FUSED-CLI:fedbn] Round=33, avg_r_acc=0.7663, avg_f_acc=0.3866, adapter_density=4431/91328
[2026-08-28 14:05:40] [FUSED-CLI:fedbn] Round=34, avg_r_acc=0.7663, avg_f_acc=0.3795, adapter_density=4431/91328
[2026-08-28 14:09:16] [FUSED-CLI:fedbn] Round=35, avg_r_acc=0.7596, avg_f_acc=0.3795, adapter_density=4431/91328
[2026-08-28 14:12:58] [FUSED-CLI:fedbn] Round=36, avg_r_acc=0.7657, avg_f_acc=0.3831, adapter_density=4431/91328
[2026-08-28 14:16:40] [FUSED-CLI:fedbn] Round=37, avg_r_acc=0.7663, avg_f_acc=0.3902, adapter_density=4431/91328
[2026-08-28 14:20:16] [FUSED-CLI:fedbn] Round=38, avg_r_acc=0.7631, avg_f_acc=0.3866, adapter_density=4431/91328
[2026-08-28 14:23:57] [FUSED-CLI:fedbn] Round=39, avg_r_acc=0.7596, avg_f_acc=0.3831, adapter_density=4431/91328
[2026-08-28 14:27:39] [FUSED-CLI:fedbn] Round=40, avg_r_acc=0.7590, avg_f_acc=0.3759, adapter_density=4431/91328
[2026-08-28 14:31:17] [FUSED-CLI:fedbn] Round=41, avg_r_acc=0.7640, avg_f_acc=0.3723, adapter_density=4431/91328
[2026-08-28 14:34:54] [FUSED-CLI:fedbn] Round=42, avg_r_acc=0.7640, avg_f_acc=0.3759, adapter_density=4431/91328
[2026-08-28 14:38:30] [FUSED-CLI:fedbn] Round=43, avg_r_acc=0.7634, avg_f_acc=0.3902, adapter_density=4431/91328
[2026-08-28 14:42:10] [FUSED-CLI:fedbn] Round=44, avg_r_acc=0.7552, avg_f_acc=0.3723, adapter_density=4431/91328
[2026-08-28 14:45:49] [FUSED-CLI:fedbn] Round=45, avg_r_acc=0.7640, avg_f_acc=0.3759, adapter_density=4431/91328
[2026-08-28 14:49:30] [FUSED-CLI:fedbn] Round=46, avg_r_acc=0.7629, avg_f_acc=0.3866, adapter_density=4431/91328
[2026-08-28 14:53:18] [FUSED-CLI:fedbn] Round=47, avg_r_acc=0.7596, avg_f_acc=0.3795, adapter_density=4431/91328
[2026-08-28 14:57:01] [FUSED-CLI:fedbn] Round=48, avg_r_acc=0.7592, avg_f_acc=0.3759, adapter_density=4431/91328
[2026-08-28 15:00:44] [FUSED-CLI:fedbn] Round=49, avg_r_acc=0.7629, avg_f_acc=0.3759, adapter_density=4431/91328
[2026-08-28 15:00:44] FUSED-CLI unlearning complete. Critical layers: ['conv1.weight', 'layer2.0.downsample.0.weight', 'layer1.0.conv1.weight', 'layer1.0.conv2.weight']
[2026-08-28 15:00:44] Running relearn (ReA) probe for 50 rounds...
[2026-08-28 15:01:50] [Relearn] Round=0, avg_f_acc=0.5233 (ReA), avg_r_acc=0.6021
[2026-08-28 15:02:58] [Relearn] Round=1, avg_f_acc=0.5197 (ReA), avg_r_acc=0.5833
[2026-08-28 15:04:09] [Relearn] Round=2, avg_f_acc=0.5018 (ReA), avg_r_acc=0.5858
[2026-08-28 15:05:18] [Relearn] Round=3, avg_f_acc=0.5376 (ReA), avg_r_acc=0.6425
[2026-08-28 15:06:28] [Relearn] Round=4, avg_f_acc=0.5305 (ReA), avg_r_acc=0.6082
[2026-08-28 15:07:40] [Relearn] Round=5, avg_f_acc=0.5865 (ReA), avg_r_acc=0.6136
[2026-08-28 15:08:52] [Relearn] Round=6, avg_f_acc=0.5269 (ReA), avg_r_acc=0.6057
[2026-08-28 15:10:03] [Relearn] Round=7, avg_f_acc=0.5376 (ReA), avg_r_acc=0.6091
[2026-08-28 15:11:15] [Relearn] Round=8, avg_f_acc=0.5542 (ReA), avg_r_acc=0.6037
[2026-08-28 15:12:26] [Relearn] Round=9, avg_f_acc=0.5721 (ReA), avg_r_acc=0.6155
[2026-08-28 15:13:37] [Relearn] Round=10, avg_f_acc=0.5233 (ReA), avg_r_acc=0.6150
[2026-08-28 15:14:52] [Relearn] Round=11, avg_f_acc=0.5233 (ReA), avg_r_acc=0.6039
[2026-08-28 15:16:05] [Relearn] Round=12, avg_f_acc=0.5305 (ReA), avg_r_acc=0.5955
[2026-08-28 15:17:18] [Relearn] Round=13, avg_f_acc=0.5305 (ReA), avg_r_acc=0.6112
[2026-08-28 15:18:29] [Relearn] Round=14, avg_f_acc=0.5448 (ReA), avg_r_acc=0.6111
[2026-08-28 15:19:39] [Relearn] Round=15, avg_f_acc=0.5269 (ReA), avg_r_acc=0.5836
[2026-08-28 15:20:52] [Relearn] Round=16, avg_f_acc=0.5305 (ReA), avg_r_acc=0.6069
[2026-08-28 15:22:01] [Relearn] Round=17, avg_f_acc=0.5829 (ReA), avg_r_acc=0.5830
[2026-08-28 15:23:12] [Relearn] Round=18, avg_f_acc=0.5448 (ReA), avg_r_acc=0.5994
[2026-08-28 15:24:23] [Relearn] Round=19, avg_f_acc=0.5376 (ReA), avg_r_acc=0.5516
[2026-08-28 15:25:36] [Relearn] Round=20, avg_f_acc=0.5448 (ReA), avg_r_acc=0.5647
[2026-08-28 15:26:47] [Relearn] Round=21, avg_f_acc=0.5484 (ReA), avg_r_acc=0.5893
[2026-08-28 15:27:57] [Relearn] Round=22, avg_f_acc=0.5484 (ReA), avg_r_acc=0.5904
[2026-08-28 15:29:06] [Relearn] Round=23, avg_f_acc=0.5865 (ReA), avg_r_acc=0.5973
[2026-08-28 15:30:17] [Relearn] Round=24, avg_f_acc=0.5614 (ReA), avg_r_acc=0.5833
[2026-08-28 15:31:25] [Relearn] Round=25, avg_f_acc=0.5757 (ReA), avg_r_acc=0.5860
[2026-08-28 15:32:37] [Relearn] Round=26, avg_f_acc=0.5865 (ReA), avg_r_acc=0.5798
[2026-08-28 15:33:47] [Relearn] Round=27, avg_f_acc=0.5721 (ReA), avg_r_acc=0.5889
[2026-08-28 15:34:56] [Relearn] Round=28, avg_f_acc=0.5685 (ReA), avg_r_acc=0.5938
[2026-08-28 15:36:06] [Relearn] Round=29, avg_f_acc=0.5520 (ReA), avg_r_acc=0.5760
[2026-08-28 15:37:14] [Relearn] Round=30, avg_f_acc=0.5484 (ReA), avg_r_acc=0.5876
[2026-08-28 15:38:24] [Relearn] Round=31, avg_f_acc=0.5520 (ReA), avg_r_acc=0.5934
[2026-08-28 15:39:34] [Relearn] Round=32, avg_f_acc=0.5341 (ReA), avg_r_acc=0.5820
[2026-08-28 15:40:45] [Relearn] Round=33, avg_f_acc=0.5793 (ReA), avg_r_acc=0.5885
[2026-08-28 15:41:56] [Relearn] Round=34, avg_f_acc=0.5650 (ReA), avg_r_acc=0.5811
[2026-08-28 15:43:07] [Relearn] Round=35, avg_f_acc=0.5829 (ReA), avg_r_acc=0.5690
[2026-08-28 15:44:18] [Relearn] Round=36, avg_f_acc=0.5376 (ReA), avg_r_acc=0.5921
[2026-08-28 15:45:29] [Relearn] Round=37, avg_f_acc=0.5757 (ReA), avg_r_acc=0.6042
[2026-08-28 15:46:38] [Relearn] Round=38, avg_f_acc=0.5721 (ReA), avg_r_acc=0.5866
[2026-08-28 15:47:46] [Relearn] Round=39, avg_f_acc=0.5901 (ReA), avg_r_acc=0.5734
[2026-08-28 15:48:56] [Relearn] Round=40, avg_f_acc=0.5578 (ReA), avg_r_acc=0.5725
[2026-08-28 15:50:06] [Relearn] Round=41, avg_f_acc=0.5578 (ReA), avg_r_acc=0.5903
[2026-08-28 15:51:20] [Relearn] Round=42, avg_f_acc=0.5614 (ReA), avg_r_acc=0.5948
[2026-08-28 15:52:31] [Relearn] Round=43, avg_f_acc=0.5793 (ReA), avg_r_acc=0.5828
[2026-08-28 15:53:44] [Relearn] Round=44, avg_f_acc=0.5685 (ReA), avg_r_acc=0.5921
[2026-08-28 15:54:52] [Relearn] Round=45, avg_f_acc=0.5721 (ReA), avg_r_acc=0.5960
[2026-08-28 15:56:02] [Relearn] Round=46, avg_f_acc=0.5412 (ReA), avg_r_acc=0.5846
[2026-08-28 15:57:11] [Relearn] Round=47, avg_f_acc=0.5865 (ReA), avg_r_acc=0.5852
[2026-08-28 15:58:15] [Relearn] Round=48, avg_f_acc=0.5090 (ReA), avg_r_acc=0.5856
[2026-08-28 15:59:20] [Relearn] Round=49, avg_f_acc=0.5161 (ReA), avg_r_acc=0.5844
[2026-08-28 15:59:20] ReA = 0.5161
[2026-08-28 15:59:39] Final unlearned model: global test loss=1.2765, acc=0.7457
[2026-08-28 15:59:39] [fedbn/retrain] hospital=Spain_Dataset, selected_client_id=Spain_Dataset, available_client_ids=['Spain_Dataset']
[2026-08-28 15:59:39] [fedbn/retrain] hospital=Canada_Dataset, selected_client_id=Canada_Dataset, available_client_ids=['Canada_Dataset']
[2026-08-28 15:59:39] Running matched FedBN evaluation: retained hospitals use personalized BN models; the forgotten hospital uses the retained-only averaged BN fallback.
[2026-08-28 15:59:39] [fedbn/retrain] Retained hospitals use personalized BN models. The forgotten hospital uses the retained-BN average model.
[2026-08-28 15:59:59] [eval/classification] accuracy=0.7630 macro_precision=0.7429 macro_recall=0.7277 macro_f1=0.7313 weighted_f1=0.7567
[2026-08-28 15:59:59] [eval/fedbn_retrain] overall_acc=0.7630 overall_loss=1.2289 macro_f1=0.7313 weighted_f1=0.7567 per_hospital={ Spain_Dataset: 0.7830, Canada_Dataset: 0.8972, India_Dataset: 0.3409 }
[2026-08-28 16:00:22] [eval/unlearning/remember_classification] accuracy=0.8733 macro_precision=0.8452 macro_recall=0.8594 macro_f1=0.8514 weighted_f1=0.8749
[2026-08-28 16:00:22] [eval/unlearning/forget_classification] accuracy=0.3409 macro_precision=0.3899 macro_recall=0.3759 macro_f1=0.3131 weighted_f1=0.4040
[2026-08-28 16:01:11] [eval/unlearning/fedbn_retrain] RA=0.8733 FA=0.3409 ReA=0.9621 MIA_acc=0.5893
[2026-08-28 16:01:11] [symmetric eval] RA=0.8733 FA=0.3409 ReA=0.9621 MIA_acc=0.5893
[2026-08-28 16:01:12] Saved matched FedBN FU outputs: 2 retained personalized models and one retained-BN fallback model.
[2026-08-28 16:01:12] Saved unlearned model to checkpoints/fu_cli_domain_aware/fu_cli_domain_aware_fedbn_india_natural_l025_383635/unlearned_model.pt
[2026-08-28 16:01:12] === Run finished: fu_cli_domain_aware_fedbn_india_natural_l025_383635 (elapsed 14767.6s) ===
