[2026-09-05 23:52:32] === Run started: lcfix_s123_fedbn_stdce_p80_seed123_job388719 ===
[2026-09-05 23:52:32] Config loaded from configs/learning_curve_fedbn_stdce.yaml
[2026-09-05 23:52:32] Run directories: {'log_dir': 'logs/fl/lcfix_s123_fedbn_stdce_p80_seed123_job388719', 'tb_dir': 'logs/fl/lcfix_s123_fedbn_stdce_p80_seed123_job388719/tb', 'checkpoint_dir': 'checkpoints/fl/lcfix_s123_fedbn_stdce_p80_seed123_job388719', 'output_dir': 'outputs/fl/lcfix_s123_fedbn_stdce_p80_seed123_job388719'}
[2026-09-05 23:52:32] Reproducibility enabled: seed=123, cudnn_deterministic=True, cudnn_benchmark=False
[2026-09-05 23:52:32] Indexing dataset...
[2026-09-05 23:52:34] Indexed 2032 train samples, 637 test samples.
[2026-09-05 23:52:34] Built 3 client partition(s) (client_split=hospital_based).
[2026-09-05 23:52:34]   client_id=Spain_Dataset hospital=Spain_Dataset n_samples=319
[2026-09-05 23:52:34]   client_id=Canada_Dataset hospital=Canada_Dataset n_samples=1309
[2026-09-05 23:52:34]   client_id=India_Dataset hospital=India_Dataset n_samples=404
[2026-09-05 23:52:34] Run hyperparameters:
  algorithm: fedbn
  model: resnet18
  num_clients: 3
  global_epochs: 50
  local_epochs: 3
  batch_size: 16
  learning_rate: 0.001
  domain_adaptation: True
  imbalance_method: standard_ce
[2026-09-05 23:52:35] [class_imbalance] method=standard_ce, global_train_counts=[1111, 618, 303], beta=0.999, weight_clip=None
[2026-09-05 23:52:35] [class_imbalance/client] client_id=Spain_Dataset, hospital=Spain_Dataset, local_counts=[121, 129, 69], loss_weights=None
[2026-09-05 23:52:35] [class_imbalance/client] client_id=Canada_Dataset, hospital=Canada_Dataset, local_counts=[981, 218, 110], loss_weights=None
[2026-09-05 23:52:35] [class_imbalance/client] client_id=India_Dataset, hospital=India_Dataset, local_counts=[9, 271, 124], loss_weights=None
[2026-09-05 23:52:35] Starting Flower simulation: algorithm=fedbn, clients=3, rounds=50
[2026-09-05 23:54:53] [FL round 1] comm=134021412B comp=202.33s
[2026-09-05 23:57:18] [FL round 2] comm=134021412B comp=207.62s
[2026-09-05 23:59:48] [FL round 3] comm=134021412B comp=215.62s
[2026-09-06 00:02:13] [FL round 4] comm=134021412B comp=207.06s
[2026-09-06 00:04:37] [FL round 5] comm=134021412B comp=207.95s
[2026-09-06 00:07:04] [FL round 6] comm=134021412B comp=212.93s
[2026-09-06 00:09:31] [FL round 7] comm=134021412B comp=209.78s
[2026-09-06 00:11:58] [FL round 8] comm=134021412B comp=211.33s
[2026-09-06 00:14:21] [FL round 9] comm=134021412B comp=205.59s
[2026-09-06 00:16:48] [FL round 10] comm=134021412B comp=208.56s
[2026-09-06 00:19:12] [FL round 11] comm=134021412B comp=209.04s
[2026-09-06 00:21:39] [FL round 12] comm=134021412B comp=210.48s
[2026-09-06 00:24:04] [FL round 13] comm=134021412B comp=206.85s
[2026-09-06 00:26:26] [FL round 14] comm=134021412B comp=204.22s
[2026-09-06 00:28:48] [FL round 15] comm=134021412B comp=205.24s
[2026-09-06 00:31:09] [FL round 16] comm=134021412B comp=205.89s
[2026-09-06 00:33:33] [FL round 17] comm=134021412B comp=207.99s
[2026-09-06 00:35:57] [FL round 18] comm=134021412B comp=205.20s
[2026-09-06 00:38:17] [FL round 19] comm=134021412B comp=201.99s
[2026-09-06 00:40:39] [FL round 20] comm=134021412B comp=204.18s
[2026-09-06 00:43:03] [FL round 21] comm=134021412B comp=205.35s
[2026-09-06 00:45:24] [FL round 22] comm=134021412B comp=203.87s
[2026-09-06 00:47:48] [FL round 23] comm=134021412B comp=205.62s
[2026-09-06 00:50:11] [FL round 24] comm=134021412B comp=206.50s
[2026-09-06 00:52:30] [FL round 25] comm=134021412B comp=201.21s
[2026-09-06 00:54:54] [FL round 26] comm=134021412B comp=206.64s
[2026-09-06 00:57:17] [FL round 27] comm=134021412B comp=205.22s
[2026-09-06 00:59:39] [FL round 28] comm=134021412B comp=205.30s
[2026-09-06 01:02:03] [FL round 29] comm=134021412B comp=204.42s
[2026-09-06 01:04:24] [FL round 30] comm=134021412B comp=204.01s
[2026-09-06 01:06:44] [FL round 31] comm=134021412B comp=200.71s
[2026-09-06 01:09:08] [FL round 32] comm=134021412B comp=206.19s
[2026-09-06 01:11:29] [FL round 33] comm=134021412B comp=202.43s
[2026-09-06 01:13:52] [FL round 34] comm=134021412B comp=205.57s
[2026-09-06 01:16:16] [FL round 35] comm=134021412B comp=207.06s
[2026-09-06 01:18:38] [FL round 36] comm=134021412B comp=204.33s
[2026-09-06 01:20:59] [FL round 37] comm=134021412B comp=203.03s
[2026-09-06 01:23:24] [FL round 38] comm=134021412B comp=206.79s
[2026-09-06 01:25:44] [FL round 39] comm=134021412B comp=201.08s
[2026-09-06 01:28:05] [FL round 40] comm=134021412B comp=201.79s
[2026-09-06 01:30:26] [FL round 41] comm=134021412B comp=203.78s
[2026-09-06 01:32:48] [FL round 42] comm=134021412B comp=204.77s
[2026-09-06 01:35:11] [FL round 43] comm=134021412B comp=204.13s
[2026-09-06 01:37:31] [FL round 44] comm=134021412B comp=201.53s
[2026-09-06 01:39:53] [FL round 45] comm=134021412B comp=203.04s
[2026-09-06 01:42:15] [FL round 46] comm=134021412B comp=205.64s
[2026-09-06 01:44:36] [FL round 47] comm=134021412B comp=203.41s
[2026-09-06 01:46:56] [FL round 48] comm=134021412B comp=202.68s
[2026-09-06 01:49:19] [FL round 49] comm=134021412B comp=205.43s
[2026-09-06 01:51:40] [FL round 50] comm=134021412B comp=202.24s
[2026-09-06 01:51:56] FedBN checkpoint assembled: non-BN params from server aggregation, BN params taken from client 'Spain_Dataset' (representative).
[2026-09-06 01:51:57] Running FedBN final evaluation with hospital-specific BN models.
[2026-09-06 01:52:09] [eval/fedbn_per_hospital] hospital=Spain_Dataset acc=0.7925 loss=1.6550 n=106
[2026-09-06 01:52:13] [eval/fedbn_per_hospital] hospital=Canada_Dataset acc=0.8546 loss=0.8997 n=399
[2026-09-06 01:52:17] [eval/fedbn_per_hospital] hospital=India_Dataset acc=0.7273 loss=1.0175 n=132
[2026-09-06 01:52:17] [eval/fedbn_weighted_overall] overall_acc=0.8179 overall_loss=1.0498 total_samples=637
[2026-09-06 01:52:17] [eval/classification] accuracy=0.8179 macro_precision=0.8068 macro_recall=0.7468 macro_f1=0.7699 weighted_f1=0.8119
[2026-09-06 01:52:17] Saved final global model checkpoint to checkpoints/fl/lcfix_s123_fedbn_stdce_p80_seed123_job388719/best.pt
[2026-09-06 01:52:18] Saved 3 per-hospital BN-complete checkpoints to checkpoints/fl/lcfix_s123_fedbn_stdce_p80_seed123_job388719/per_hospital
[2026-09-06 01:52:18] === Run finished: lcfix_s123_fedbn_stdce_p80_seed123_job388719 (elapsed 7186.1s) ===
