[2026-08-28 11:55:11] === Run started: fu_cli_domain_aware_fedbn_canada_natural_l10_383637 ===
[2026-08-28 11:55:11] Forking from source FL run: fl_fedbn_oral_344913
[2026-08-28 11:55:11] Forgetting: Canada_Dataset
[2026-08-28 11:55:11] Phase-2 mechanism: Domain-Aware FUSED-CLI, cli_score_mode=domain_aware, algorithm=fedbn
[2026-08-28 11:55:11] Artifact namespace: fu_cli_domain_aware
[2026-08-28 11:55:11] Run directories: logs=logs/fu_cli_domain_aware/fu_cli_domain_aware_fedbn_canada_natural_l10_383637, checkpoints=checkpoints/fu_cli_domain_aware/fu_cli_domain_aware_fedbn_canada_natural_l10_383637, outputs=outputs/fu_cli_domain_aware/fu_cli_domain_aware_fedbn_canada_natural_l10_383637
[2026-08-28 11:55:11] Loaded domain-aware layer scores: path=outputs/domain_sensitivity/equal_hospital/fl_fedbn_oral_344913/Canada/domain_sensitivity.json, mapped_parameters=20, lambda=1.0
[2026-08-28 11:55:12] [proxy] Shadow MIA disabled. Proxy carving was skipped; the complete train and test partitions will be used.
[2026-08-28 11:55:12] [data] real_train_samples=2538, per_hospital={'Spain_Dataset': 398, 'Canada_Dataset': 1635, 'India_Dataset': 505}
[2026-08-28 11:55:12] [data] real_test_samples=637, per_hospital={'Spain_Dataset': 106, 'Canada_Dataset': 399, 'India_Dataset': 132}
[2026-08-28 11:55:12] Forgetting hospital: Canada_Dataset -> partition indices [1] of 3 total clients (client_split=hospital_based).
[2026-08-28 11:55:13] Loaded matched FedBN source model using retained-only BN states. forget_client=Canada_Dataset, retained_clients=['India_Dataset', 'Spain_Dataset']
[2026-08-28 11:55:13] [class_imbalance] phase2_override=standard_ce, resolved_method=standard_ce, sampling=natural, use_weighted_sampler=False
[2026-08-28 11:55:13] Built 3 hospital train loaders in order ['Spain_Dataset', 'Canada_Dataset', 'India_Dataset'], sizes=[398, 1635, 505], handle_class_imbalance=False
[2026-08-28 11:55:13] [proxy] Proxy loaders were not created because shadow MIA is disabled.
[2026-08-28 11:55:13] Running FUSED-CLI unlearning (algorithm=fedbn)...
[2026-08-28 11:55:13] Running Critical Layer Identification (one federated round, ALL clients (paper Eq 11-13))...
[2026-08-28 11:56:50] Restricted normalized/domain-aware CLI selection to 20 convolutional weight tensors from 62 total learnable parameters.
[2026-08-28 11:56:50] Selected 4 critical layers using cli_score_mode=domain_aware: ['conv1.weight', 'layer1.0.conv1.weight', 'layer1.1.conv1.weight', 'layer2.0.downsample.0.weight']
[2026-08-28 11:56:50] [CLI score] rank=1 selected=True parameter=conv1.weight cli=0.0025280272 cli_norm=1.000000 domain=0.296990 final=1.296990
[2026-08-28 11:56:50] [CLI score] rank=2 selected=True parameter=layer1.0.conv1.weight cli=0.00053483162 cli_norm=0.172203 domain=1.000000 final=1.172203
[2026-08-28 11:56:50] [CLI score] rank=3 selected=True parameter=layer1.1.conv1.weight cli=0.00074721709 cli_norm=0.260409 domain=0.843325 final=1.103734
[2026-08-28 11:56:50] [CLI score] rank=4 selected=True parameter=layer2.0.downsample.0.weight cli=0.0016226152 cli_norm=0.623972 domain=0.449711 final=1.073683
[2026-08-28 11:56:50] [CLI score] rank=5 selected=False parameter=layer1.1.conv2.weight cli=0.00058789864 cli_norm=0.194242 domain=0.681135 final=0.875378
[2026-08-28 11:56:50] [CLI score] rank=6 selected=False parameter=layer1.0.conv2.weight cli=0.00061029157 cli_norm=0.203542 domain=0.505947 final=0.709489
[2026-08-28 11:56:50] [CLI score] rank=7 selected=False parameter=layer4.0.downsample.0.weight cli=0.00022626849 cli_norm=0.044053 domain=0.627576 final=0.671630
[2026-08-28 11:56:50] [CLI score] rank=8 selected=False parameter=layer2.0.conv1.weight cli=0.00051627619 cli_norm=0.164497 domain=0.385516 final=0.550012
[2026-08-28 11:56:50] [CLI score] rank=9 selected=False parameter=layer3.1.conv1.weight cli=0.00013222728 cli_norm=0.004997 domain=0.435319 final=0.440316
[2026-08-28 11:56:50] [CLI score] rank=10 selected=False parameter=layer2.1.conv1.weight cli=0.00035120683 cli_norm=0.095942 domain=0.343339 final=0.439281
[2026-08-28 11:56:50] [CLI score] rank=11 selected=False parameter=layer4.0.conv2.weight cli=0.00012476147 cli_norm=0.001896 domain=0.417231 final=0.419127
[2026-08-28 11:56:50] [CLI score] rank=12 selected=False parameter=layer3.1.conv2.weight cli=0.00013701177 cli_norm=0.006984 domain=0.335918 final=0.342902
[2026-08-28 11:56:50] [CLI score] rank=13 selected=False parameter=layer4.0.conv1.weight cli=0.00014297228 cli_norm=0.009459 domain=0.293270 final=0.302730
[2026-08-28 11:56:50] [CLI score] rank=14 selected=False parameter=layer3.0.conv1.weight cli=0.00032290748 cli_norm=0.084189 domain=0.172411 final=0.256600
[2026-08-28 11:56:50] [CLI score] rank=15 selected=False parameter=layer2.0.conv2.weight cli=0.00039883924 cli_norm=0.115724 domain=0.131640 final=0.247363
[2026-08-28 11:56:50] FedBN-local (never-aggregated) critical layers among selection: none
[2026-08-28 12:00:17] [FUSED-CLI:fedbn] Round=0, avg_r_acc=0.6179, avg_f_acc=0.6996, adapter_density=4431/91328
[2026-08-28 12:03:37] [FUSED-CLI:fedbn] Round=1, avg_r_acc=0.6161, avg_f_acc=0.6976, adapter_density=4431/91328
[2026-08-28 12:06:57] [FUSED-CLI:fedbn] Round=2, avg_r_acc=0.6244, avg_f_acc=0.6988, adapter_density=4431/91328
[2026-08-28 12:10:23] [FUSED-CLI:fedbn] Round=3, avg_r_acc=0.6260, avg_f_acc=0.7032, adapter_density=4431/91328
[2026-08-28 12:13:49] [FUSED-CLI:fedbn] Round=4, avg_r_acc=0.6213, avg_f_acc=0.7032, adapter_density=4431/91328
[2026-08-28 12:17:18] [FUSED-CLI:fedbn] Round=5, avg_r_acc=0.6188, avg_f_acc=0.7055, adapter_density=4431/91328
[2026-08-28 12:20:43] [FUSED-CLI:fedbn] Round=6, avg_r_acc=0.6460, avg_f_acc=0.7077, adapter_density=4431/91328
[2026-08-28 12:24:02] [FUSED-CLI:fedbn] Round=7, avg_r_acc=0.6496, avg_f_acc=0.7089, adapter_density=4431/91328
[2026-08-28 12:27:28] [FUSED-CLI:fedbn] Round=8, avg_r_acc=0.6349, avg_f_acc=0.7089, adapter_density=4431/91328
[2026-08-28 12:30:50] [FUSED-CLI:fedbn] Round=9, avg_r_acc=0.6269, avg_f_acc=0.7026, adapter_density=4431/91328
[2026-08-28 12:34:12] [FUSED-CLI:fedbn] Round=10, avg_r_acc=0.6269, avg_f_acc=0.7026, adapter_density=4431/91328
[2026-08-28 12:37:31] [FUSED-CLI:fedbn] Round=11, avg_r_acc=0.6269, avg_f_acc=0.7026, adapter_density=4431/91328
[2026-08-28 12:40:58] [FUSED-CLI:fedbn] Round=12, avg_r_acc=0.6567, avg_f_acc=0.7048, adapter_density=4431/91328
[2026-08-28 12:44:21] [FUSED-CLI:fedbn] Round=13, avg_r_acc=0.6377, avg_f_acc=0.7122, adapter_density=4431/91328
[2026-08-28 12:47:42] [FUSED-CLI:fedbn] Round=14, avg_r_acc=0.6208, avg_f_acc=0.7122, adapter_density=4431/91328
[2026-08-28 12:51:06] [FUSED-CLI:fedbn] Round=15, avg_r_acc=0.6359, avg_f_acc=0.7100, adapter_density=4431/91328
[2026-08-28 12:54:28] [FUSED-CLI:fedbn] Round=16, avg_r_acc=0.6493, avg_f_acc=0.7133, adapter_density=4431/91328
[2026-08-28 12:57:50] [FUSED-CLI:fedbn] Round=17, avg_r_acc=0.6565, avg_f_acc=0.7167, adapter_density=4431/91328
[2026-08-28 13:01:11] [FUSED-CLI:fedbn] Round=18, avg_r_acc=0.6505, avg_f_acc=0.7145, adapter_density=4431/91328
[2026-08-28 13:04:35] [FUSED-CLI:fedbn] Round=19, avg_r_acc=0.6529, avg_f_acc=0.7156, adapter_density=4431/91328
[2026-08-28 13:07:58] [FUSED-CLI:fedbn] Round=20, avg_r_acc=0.6500, avg_f_acc=0.7230, adapter_density=4431/91328
[2026-08-28 13:11:20] [FUSED-CLI:fedbn] Round=21, avg_r_acc=0.6482, avg_f_acc=0.7230, adapter_density=4431/91328
[2026-08-28 13:14:41] [FUSED-CLI:fedbn] Round=22, avg_r_acc=0.6583, avg_f_acc=0.7275, adapter_density=4431/91328
[2026-08-28 13:18:01] [FUSED-CLI:fedbn] Round=23, avg_r_acc=0.6583, avg_f_acc=0.7241, adapter_density=4431/91328
[2026-08-28 13:21:28] [FUSED-CLI:fedbn] Round=24, avg_r_acc=0.6622, avg_f_acc=0.7309, adapter_density=4431/91328
[2026-08-28 13:24:48] [FUSED-CLI:fedbn] Round=25, avg_r_acc=0.6583, avg_f_acc=0.7264, adapter_density=4431/91328
[2026-08-28 13:28:11] [FUSED-CLI:fedbn] Round=26, avg_r_acc=0.6508, avg_f_acc=0.7230, adapter_density=4431/91328
[2026-08-28 13:31:37] [FUSED-CLI:fedbn] Round=27, avg_r_acc=0.6514, avg_f_acc=0.7275, adapter_density=4431/91328
[2026-08-28 13:34:58] [FUSED-CLI:fedbn] Round=28, avg_r_acc=0.6583, avg_f_acc=0.7275, adapter_density=4431/91328
[2026-08-28 13:38:14] [FUSED-CLI:fedbn] Round=29, avg_r_acc=0.6521, avg_f_acc=0.7223, adapter_density=4431/91328
[2026-08-28 13:41:36] [FUSED-CLI:fedbn] Round=30, avg_r_acc=0.6604, avg_f_acc=0.7417, adapter_density=4431/91328
[2026-08-28 13:44:59] [FUSED-CLI:fedbn] Round=31, avg_r_acc=0.6586, avg_f_acc=0.7428, adapter_density=4431/91328
[2026-08-28 13:48:24] [FUSED-CLI:fedbn] Round=32, avg_r_acc=0.6586, avg_f_acc=0.7439, adapter_density=4431/91328
[2026-08-28 13:51:39] [FUSED-CLI:fedbn] Round=33, avg_r_acc=0.6604, avg_f_acc=0.7257, adapter_density=4431/91328
[2026-08-28 13:55:01] [FUSED-CLI:fedbn] Round=34, avg_r_acc=0.6642, avg_f_acc=0.7302, adapter_density=4431/91328
[2026-08-28 13:58:18] [FUSED-CLI:fedbn] Round=35, avg_r_acc=0.6642, avg_f_acc=0.7439, adapter_density=4431/91328
[2026-08-28 14:01:45] [FUSED-CLI:fedbn] Round=36, avg_r_acc=0.6604, avg_f_acc=0.7354, adapter_density=4431/91328
[2026-08-28 14:05:09] [FUSED-CLI:fedbn] Round=37, avg_r_acc=0.6851, avg_f_acc=0.7342, adapter_density=4431/91328
[2026-08-28 14:08:28] [FUSED-CLI:fedbn] Round=38, avg_r_acc=0.6851, avg_f_acc=0.7376, adapter_density=4431/91328
[2026-08-28 14:11:51] [FUSED-CLI:fedbn] Round=39, avg_r_acc=0.6642, avg_f_acc=0.7399, adapter_density=4431/91328
[2026-08-28 14:15:09] [FUSED-CLI:fedbn] Round=40, avg_r_acc=0.6642, avg_f_acc=0.7365, adapter_density=4431/91328
[2026-08-28 14:18:30] [FUSED-CLI:fedbn] Round=41, avg_r_acc=0.6890, avg_f_acc=0.7368, adapter_density=4431/91328
[2026-08-28 14:21:52] [FUSED-CLI:fedbn] Round=42, avg_r_acc=0.6681, avg_f_acc=0.7249, adapter_density=4431/91328
[2026-08-28 14:25:14] [FUSED-CLI:fedbn] Round=43, avg_r_acc=0.6642, avg_f_acc=0.7249, adapter_density=4431/91328
[2026-08-28 14:28:35] [FUSED-CLI:fedbn] Round=44, avg_r_acc=0.6642, avg_f_acc=0.7346, adapter_density=4431/91328
[2026-08-28 14:31:56] [FUSED-CLI:fedbn] Round=45, avg_r_acc=0.6851, avg_f_acc=0.7431, adapter_density=4431/91328
[2026-08-28 14:35:16] [FUSED-CLI:fedbn] Round=46, avg_r_acc=0.6686, avg_f_acc=0.7260, adapter_density=4431/91328
[2026-08-28 14:38:44] [FUSED-CLI:fedbn] Round=47, avg_r_acc=0.6895, avg_f_acc=0.7334, adapter_density=4431/91328
[2026-08-28 14:42:07] [FUSED-CLI:fedbn] Round=48, avg_r_acc=0.6895, avg_f_acc=0.7334, adapter_density=4431/91328
[2026-08-28 14:45:29] [FUSED-CLI:fedbn] Round=49, avg_r_acc=0.6856, avg_f_acc=0.7301, adapter_density=4431/91328
[2026-08-28 14:45:29] FUSED-CLI unlearning complete. Critical layers: ['conv1.weight', 'layer1.0.conv1.weight', 'layer1.1.conv1.weight', 'layer2.0.downsample.0.weight']
[2026-08-28 14:45:29] Running relearn (ReA) probe for 50 rounds...
[2026-08-28 14:46:54] [Relearn] Round=0, avg_f_acc=0.7331 (ReA), avg_r_acc=0.5055
[2026-08-28 14:48:17] [Relearn] Round=1, avg_f_acc=0.7613 (ReA), avg_r_acc=0.5456
[2026-08-28 14:49:42] [Relearn] Round=2, avg_f_acc=0.7154 (ReA), avg_r_acc=0.4963
[2026-08-28 14:51:07] [Relearn] Round=3, avg_f_acc=0.7601 (ReA), avg_r_acc=0.5546
[2026-08-28 14:52:31] [Relearn] Round=4, avg_f_acc=0.7322 (ReA), avg_r_acc=0.5115
[2026-08-28 14:53:55] [Relearn] Round=5, avg_f_acc=0.7993 (ReA), avg_r_acc=0.5396
[2026-08-28 14:55:20] [Relearn] Round=6, avg_f_acc=0.8057 (ReA), avg_r_acc=0.5388
[2026-08-28 14:56:45] [Relearn] Round=7, avg_f_acc=0.7788 (ReA), avg_r_acc=0.4883
[2026-08-28 14:58:10] [Relearn] Round=8, avg_f_acc=0.7416 (ReA), avg_r_acc=0.4786
[2026-08-28 14:59:32] [Relearn] Round=9, avg_f_acc=0.8225 (ReA), avg_r_acc=0.5463
[2026-08-28 15:00:57] [Relearn] Round=10, avg_f_acc=0.7685 (ReA), avg_r_acc=0.5056
[2026-08-28 15:02:22] [Relearn] Round=11, avg_f_acc=0.8524 (ReA), avg_r_acc=0.5423
[2026-08-28 15:03:47] [Relearn] Round=12, avg_f_acc=0.7271 (ReA), avg_r_acc=0.4926
[2026-08-28 15:05:12] [Relearn] Round=13, avg_f_acc=0.7549 (ReA), avg_r_acc=0.5323
[2026-08-28 15:06:36] [Relearn] Round=14, avg_f_acc=0.7155 (ReA), avg_r_acc=0.4936
[2026-08-28 15:08:00] [Relearn] Round=15, avg_f_acc=0.7146 (ReA), avg_r_acc=0.4807
[2026-08-28 15:09:23] [Relearn] Round=16, avg_f_acc=0.7698 (ReA), avg_r_acc=0.4819
[2026-08-28 15:10:48] [Relearn] Round=17, avg_f_acc=0.7794 (ReA), avg_r_acc=0.4849
[2026-08-28 15:12:13] [Relearn] Round=18, avg_f_acc=0.7016 (ReA), avg_r_acc=0.4438
[2026-08-28 15:13:40] [Relearn] Round=19, avg_f_acc=0.7327 (ReA), avg_r_acc=0.4856
[2026-08-28 15:15:04] [Relearn] Round=20, avg_f_acc=0.7867 (ReA), avg_r_acc=0.5148
[2026-08-28 15:16:30] [Relearn] Round=21, avg_f_acc=0.7282 (ReA), avg_r_acc=0.4900
[2026-08-28 15:17:55] [Relearn] Round=22, avg_f_acc=0.7199 (ReA), avg_r_acc=0.4918
[2026-08-28 15:19:19] [Relearn] Round=23, avg_f_acc=0.7729 (ReA), avg_r_acc=0.5130
[2026-08-28 15:20:42] [Relearn] Round=24, avg_f_acc=0.7832 (ReA), avg_r_acc=0.4817
[2026-08-28 15:22:06] [Relearn] Round=25, avg_f_acc=0.7475 (ReA), avg_r_acc=0.5310
[2026-08-28 15:23:32] [Relearn] Round=26, avg_f_acc=0.7950 (ReA), avg_r_acc=0.4996
[2026-08-28 15:24:56] [Relearn] Round=27, avg_f_acc=0.7432 (ReA), avg_r_acc=0.4565
[2026-08-28 15:26:21] [Relearn] Round=28, avg_f_acc=0.7887 (ReA), avg_r_acc=0.5024
[2026-08-28 15:27:45] [Relearn] Round=29, avg_f_acc=0.7570 (ReA), avg_r_acc=0.5020
[2026-08-28 15:29:10] [Relearn] Round=30, avg_f_acc=0.7580 (ReA), avg_r_acc=0.4889
[2026-08-28 15:30:34] [Relearn] Round=31, avg_f_acc=0.7528 (ReA), avg_r_acc=0.4825
[2026-08-28 15:31:59] [Relearn] Round=32, avg_f_acc=0.7945 (ReA), avg_r_acc=0.5325
[2026-08-28 15:33:23] [Relearn] Round=33, avg_f_acc=0.7954 (ReA), avg_r_acc=0.5009
[2026-08-28 15:34:46] [Relearn] Round=34, avg_f_acc=0.7877 (ReA), avg_r_acc=0.4966
[2026-08-28 15:36:13] [Relearn] Round=35, avg_f_acc=0.8236 (ReA), avg_r_acc=0.4967
[2026-08-28 15:37:38] [Relearn] Round=36, avg_f_acc=0.7572 (ReA), avg_r_acc=0.4747
[2026-08-28 15:39:02] [Relearn] Round=37, avg_f_acc=0.7753 (ReA), avg_r_acc=0.5001
[2026-08-28 15:40:28] [Relearn] Round=38, avg_f_acc=0.7924 (ReA), avg_r_acc=0.4894
[2026-08-28 15:41:53] [Relearn] Round=39, avg_f_acc=0.7828 (ReA), avg_r_acc=0.4557
[2026-08-28 15:43:18] [Relearn] Round=40, avg_f_acc=0.7242 (ReA), avg_r_acc=0.4707
[2026-08-28 15:44:42] [Relearn] Round=41, avg_f_acc=0.8207 (ReA), avg_r_acc=0.4967
[2026-08-28 15:46:06] [Relearn] Round=42, avg_f_acc=0.7338 (ReA), avg_r_acc=0.4709
[2026-08-28 15:47:30] [Relearn] Round=43, avg_f_acc=0.7742 (ReA), avg_r_acc=0.4762
[2026-08-28 15:48:53] [Relearn] Round=44, avg_f_acc=0.7339 (ReA), avg_r_acc=0.4739
[2026-08-28 15:50:16] [Relearn] Round=45, avg_f_acc=0.7528 (ReA), avg_r_acc=0.4703
[2026-08-28 15:51:40] [Relearn] Round=46, avg_f_acc=0.7681 (ReA), avg_r_acc=0.4650
[2026-08-28 15:53:05] [Relearn] Round=47, avg_f_acc=0.7994 (ReA), avg_r_acc=0.5343
[2026-08-28 15:54:30] [Relearn] Round=48, avg_f_acc=0.7563 (ReA), avg_r_acc=0.5094
[2026-08-28 15:55:55] [Relearn] Round=49, avg_f_acc=0.7804 (ReA), avg_r_acc=0.4989
[2026-08-28 15:55:55] ReA = 0.7804
[2026-08-28 15:56:17] Final unlearned model: global test loss=1.3979, acc=0.5918
[2026-08-28 15:56:17] [fedbn/retrain] hospital=Spain_Dataset, selected_client_id=Spain_Dataset, available_client_ids=['Spain_Dataset']
[2026-08-28 15:56:17] [fedbn/retrain] hospital=India_Dataset, selected_client_id=India_Dataset, available_client_ids=['India_Dataset']
[2026-08-28 15:56:17] Running matched FedBN evaluation: retained hospitals use personalized BN models; the forgotten hospital uses the retained-only averaged BN fallback.
[2026-08-28 15:56:17] [fedbn/retrain] Retained hospitals use personalized BN models. The forgotten hospital uses the retained-BN average model.
[2026-08-28 15:56:38] [eval/classification] accuracy=0.6248 macro_precision=0.7025 macro_recall=0.7281 macro_f1=0.6543 weighted_f1=0.6145
[2026-08-28 15:56:38] [eval/fedbn_retrain] overall_acc=0.6248 overall_loss=1.3415 macro_f1=0.6543 weighted_f1=0.6145 per_hospital={ Spain_Dataset: 0.8962, Canada_Dataset: 0.4987, India_Dataset: 0.7879 }
[2026-08-28 15:57:01] [eval/unlearning/remember_classification] accuracy=0.8361 macro_precision=0.8276 macro_recall=0.8318 macro_f1=0.8251 weighted_f1=0.8364
[2026-08-28 15:57:01] [eval/unlearning/forget_classification] accuracy=0.4987 macro_precision=0.6220 macro_recall=0.7301 macro_f1=0.5504 weighted_f1=0.5194
[2026-08-28 15:57:39] [eval/unlearning/fedbn_retrain] RA=0.8361 FA=0.4987 ReA=0.8722 MIA_acc=0.6827
[2026-08-28 15:57:39] [symmetric eval] RA=0.8361 FA=0.4987 ReA=0.8722 MIA_acc=0.6827
[2026-08-28 15:57:41] Saved matched FedBN FU outputs: 2 retained personalized models and one retained-BN fallback model.
[2026-08-28 15:57:41] Saved unlearned model to checkpoints/fu_cli_domain_aware/fu_cli_domain_aware_fedbn_canada_natural_l10_383637/unlearned_model.pt
[2026-08-28 15:57:41] === Run finished: fu_cli_domain_aware_fedbn_canada_natural_l10_383637 (elapsed 14549.1s) ===
