[2026-09-03 03:40:59] === Run started: lc_s123_fedbn_stdce_p20_seed123_job386742 ===
[2026-09-03 03:40:59] Config loaded from configs/learning_curve_fedbn_stdce.yaml
[2026-09-03 03:40:59] Run directories: {'log_dir': 'logs/fl/lc_s123_fedbn_stdce_p20_seed123_job386742', 'tb_dir': 'logs/fl/lc_s123_fedbn_stdce_p20_seed123_job386742/tb', 'checkpoint_dir': 'checkpoints/fl/lc_s123_fedbn_stdce_p20_seed123_job386742', 'output_dir': 'outputs/fl/lc_s123_fedbn_stdce_p20_seed123_job386742'}
[2026-09-03 03:40:59] Indexing dataset...
[2026-09-03 03:41:00] Indexed 506 train samples, 637 test samples.
[2026-09-03 03:41:00] Built 3 client partition(s) (client_split=hospital_based).
[2026-09-03 03:41:00]   client_id=Spain_Dataset hospital=Spain_Dataset n_samples=79
[2026-09-03 03:41:00]   client_id=Canada_Dataset hospital=Canada_Dataset n_samples=326
[2026-09-03 03:41:00]   client_id=India_Dataset hospital=India_Dataset n_samples=101
[2026-09-03 03:41:00] Run hyperparameters:
  algorithm: fedbn
  model: resnet18
  num_clients: 3
  global_epochs: 50
  local_epochs: 3
  batch_size: 16
  learning_rate: 0.001
  domain_adaptation: True
  imbalance_method: standard_ce
[2026-09-03 03:41:00] [class_imbalance] method=standard_ce, global_train_counts=[277, 154, 75], beta=0.999, weight_clip=None
[2026-09-03 03:41:00] [class_imbalance/client] client_id=Spain_Dataset, hospital=Spain_Dataset, local_counts=[30, 32, 17], loss_weights=None
[2026-09-03 03:41:00] [class_imbalance/client] client_id=Canada_Dataset, hospital=Canada_Dataset, local_counts=[245, 54, 27], loss_weights=None
[2026-09-03 03:41:00] [class_imbalance/client] client_id=India_Dataset, hospital=India_Dataset, local_counts=[2, 68, 31], loss_weights=None
[2026-09-03 03:41:00] Starting Flower simulation: algorithm=fedbn, clients=3, rounds=50
[2026-09-03 03:41:58] [FL round 1] comm=134021412B comp=71.88s
[2026-09-03 03:43:02] [FL round 2] comm=134021412B comp=70.47s
[2026-09-03 03:44:07] [FL round 3] comm=134021412B comp=71.74s
[2026-09-03 03:45:12] [FL round 4] comm=134021412B comp=73.69s
[2026-09-03 03:46:16] [FL round 5] comm=134021412B comp=70.37s
[2026-09-03 03:47:18] [FL round 6] comm=134021412B comp=69.51s
[2026-09-03 03:48:22] [FL round 7] comm=134021412B comp=70.75s
[2026-09-03 03:49:24] [FL round 8] comm=134021412B comp=69.08s
[2026-09-03 03:50:29] [FL round 9] comm=134021412B comp=70.65s
[2026-09-03 03:51:34] [FL round 10] comm=134021412B comp=72.62s
[2026-09-03 03:52:38] [FL round 11] comm=134021412B comp=71.37s
[2026-09-03 03:53:42] [FL round 12] comm=134021412B comp=70.18s
[2026-09-03 03:54:46] [FL round 13] comm=134021412B comp=72.85s
[2026-09-03 03:55:50] [FL round 14] comm=134021412B comp=70.22s
[2026-09-03 03:56:52] [FL round 15] comm=134021412B comp=68.69s
[2026-09-03 03:57:56] [FL round 16] comm=134021412B comp=72.46s
[2026-09-03 03:58:58] [FL round 17] comm=134021412B comp=69.07s
[2026-09-03 03:59:59] [FL round 18] comm=134021412B comp=68.46s
[2026-09-03 04:01:05] [FL round 19] comm=134021412B comp=71.94s
[2026-09-03 04:02:07] [FL round 20] comm=134021412B comp=67.94s
[2026-09-03 04:03:10] [FL round 21] comm=134021412B comp=70.21s
[2026-09-03 04:04:16] [FL round 22] comm=134021412B comp=72.98s
[2026-09-03 04:05:18] [FL round 23] comm=134021412B comp=69.13s
[2026-09-03 04:06:22] [FL round 24] comm=134021412B comp=71.67s
[2026-09-03 04:07:27] [FL round 25] comm=134021412B comp=71.85s
[2026-09-03 04:08:29] [FL round 26] comm=134021412B comp=67.12s
[2026-09-03 04:09:34] [FL round 27] comm=134021412B comp=71.98s
[2026-09-03 04:10:37] [FL round 28] comm=134021412B comp=70.09s
[2026-09-03 04:11:40] [FL round 29] comm=134021412B comp=69.19s
[2026-09-03 04:12:44] [FL round 30] comm=134021412B comp=71.15s
[2026-09-03 04:13:47] [FL round 31] comm=134021412B comp=69.90s
[2026-09-03 04:14:50] [FL round 32] comm=134021412B comp=70.12s
[2026-09-03 04:15:55] [FL round 33] comm=134021412B comp=71.58s
[2026-09-03 04:16:58] [FL round 34] comm=134021412B comp=70.52s
[2026-09-03 04:18:02] [FL round 35] comm=134021412B comp=70.29s
[2026-09-03 04:19:07] [FL round 36] comm=134021412B comp=72.70s
[2026-09-03 04:20:11] [FL round 37] comm=134021412B comp=70.93s
[2026-09-03 04:21:12] [FL round 38] comm=134021412B comp=68.36s
[2026-09-03 04:22:17] [FL round 39] comm=134021412B comp=72.70s
[2026-09-03 04:23:22] [FL round 40] comm=134021412B comp=72.11s
[2026-09-03 04:24:29] [FL round 41] comm=134021412B comp=73.02s
[2026-09-03 04:25:33] [FL round 42] comm=134021412B comp=71.17s
[2026-09-03 04:26:38] [FL round 43] comm=134021412B comp=71.73s
[2026-09-03 04:27:41] [FL round 44] comm=134021412B comp=70.41s
[2026-09-03 04:28:46] [FL round 45] comm=134021412B comp=72.53s
[2026-09-03 04:29:49] [FL round 46] comm=134021412B comp=70.33s
[2026-09-03 04:30:54] [FL round 47] comm=134021412B comp=70.88s
[2026-09-03 04:31:57] [FL round 48] comm=134021412B comp=70.47s
[2026-09-03 04:33:01] [FL round 49] comm=134021412B comp=70.91s
[2026-09-03 04:34:04] [FL round 50] comm=134021412B comp=69.59s
[2026-09-03 04:34:23] FedBN checkpoint assembled: non-BN params from server aggregation, BN params taken from client 'Spain_Dataset' (representative).
[2026-09-03 04:34:24] Running FedBN final evaluation with hospital-specific BN models.
[2026-09-03 04:34:40] [eval/fedbn_per_hospital] hospital=Spain_Dataset acc=0.7358 loss=2.1161 n=106
[2026-09-03 04:34:45] [eval/fedbn_per_hospital] hospital=Canada_Dataset acc=0.7669 loss=1.4020 n=399
[2026-09-03 04:34:51] [eval/fedbn_per_hospital] hospital=India_Dataset acc=0.5758 loss=2.5936 n=132
[2026-09-03 04:34:51] [eval/fedbn_weighted_overall] overall_acc=0.7221 overall_loss=1.7677 total_samples=637
[2026-09-03 04:34:51] [eval/classification] accuracy=0.7221 macro_precision=0.6721 macro_recall=0.6539 macro_f1=0.6556 weighted_f1=0.7125
[2026-09-03 04:34:51] Saved final global model checkpoint to checkpoints/fl/lc_s123_fedbn_stdce_p20_seed123_job386742/best.pt
[2026-09-03 04:34:52] Saved 3 per-hospital BN-complete checkpoints to checkpoints/fl/lc_s123_fedbn_stdce_p20_seed123_job386742/per_hospital
[2026-09-03 04:34:52] === Run finished: lc_s123_fedbn_stdce_p20_seed123_job386742 (elapsed 3233.3s) ===
