[2026-09-06 01:00:07] === Run started: lcfix_s2026_fedbn_stdce_p60_seed2026_job388720 ===
[2026-09-06 01:00:07] Config loaded from configs/learning_curve_fedbn_stdce.yaml
[2026-09-06 01:00:07] Run directories: {'log_dir': 'logs/fl/lcfix_s2026_fedbn_stdce_p60_seed2026_job388720', 'tb_dir': 'logs/fl/lcfix_s2026_fedbn_stdce_p60_seed2026_job388720/tb', 'checkpoint_dir': 'checkpoints/fl/lcfix_s2026_fedbn_stdce_p60_seed2026_job388720', 'output_dir': 'outputs/fl/lcfix_s2026_fedbn_stdce_p60_seed2026_job388720'}
[2026-09-06 01:00:07] Reproducibility enabled: seed=2026, cudnn_deterministic=True, cudnn_benchmark=False
[2026-09-06 01:00:07] Indexing dataset...
[2026-09-06 01:00:07] Indexed 1524 train samples, 637 test samples.
[2026-09-06 01:00:07] Built 3 client partition(s) (client_split=hospital_based).
[2026-09-06 01:00:07]   client_id=Spain_Dataset hospital=Spain_Dataset n_samples=240
[2026-09-06 01:00:07]   client_id=Canada_Dataset hospital=Canada_Dataset n_samples=981
[2026-09-06 01:00:07]   client_id=India_Dataset hospital=India_Dataset n_samples=303
[2026-09-06 01:00:07] Run hyperparameters:
  algorithm: fedbn
  model: resnet18
  num_clients: 3
  global_epochs: 50
  local_epochs: 3
  batch_size: 16
  learning_rate: 0.001
  domain_adaptation: True
  imbalance_method: standard_ce
[2026-09-06 01:00:08] [class_imbalance] method=standard_ce, global_train_counts=[834, 463, 227], beta=0.999, weight_clip=None
[2026-09-06 01:00:08] [class_imbalance/client] client_id=Spain_Dataset, hospital=Spain_Dataset, local_counts=[91, 97, 52], loss_weights=None
[2026-09-06 01:00:08] [class_imbalance/client] client_id=Canada_Dataset, hospital=Canada_Dataset, local_counts=[736, 163, 82], loss_weights=None
[2026-09-06 01:00:08] [class_imbalance/client] client_id=India_Dataset, hospital=India_Dataset, local_counts=[7, 203, 93], loss_weights=None
[2026-09-06 01:00:08] Starting Flower simulation: algorithm=fedbn, clients=3, rounds=50
[2026-09-06 01:01:58] [FL round 1] comm=134021412B comp=157.75s
[2026-09-06 01:03:51] [FL round 2] comm=134021412B comp=156.24s
[2026-09-06 01:05:44] [FL round 3] comm=134021412B comp=157.23s
[2026-09-06 01:07:36] [FL round 4] comm=134021412B comp=155.18s
[2026-09-06 01:09:32] [FL round 5] comm=134021412B comp=157.95s
[2026-09-06 01:11:25] [FL round 6] comm=134021412B comp=158.41s
[2026-09-06 01:13:23] [FL round 7] comm=134021412B comp=160.41s
[2026-09-06 01:15:18] [FL round 8] comm=134021412B comp=158.51s
[2026-09-06 01:17:11] [FL round 9] comm=134021412B comp=157.67s
[2026-09-06 01:19:09] [FL round 10] comm=134021412B comp=162.57s
[2026-09-06 01:21:03] [FL round 11] comm=134021412B comp=158.86s
[2026-09-06 01:22:56] [FL round 12] comm=134021412B comp=159.24s
[2026-09-06 01:24:50] [FL round 13] comm=134021412B comp=157.90s
[2026-09-06 01:26:43] [FL round 14] comm=134021412B comp=159.67s
[2026-09-06 01:28:34] [FL round 15] comm=134021412B comp=157.36s
[2026-09-06 01:30:28] [FL round 16] comm=134021412B comp=159.12s
[2026-09-06 01:32:21] [FL round 17] comm=134021412B comp=156.83s
[2026-09-06 01:34:13] [FL round 18] comm=134021412B comp=155.43s
[2026-09-06 01:36:05] [FL round 19] comm=134021412B comp=154.12s
[2026-09-06 01:37:56] [FL round 20] comm=134021412B comp=153.78s
[2026-09-06 01:39:50] [FL round 21] comm=134021412B comp=156.58s
[2026-09-06 01:41:43] [FL round 22] comm=134021412B comp=154.16s
[2026-09-06 01:43:36] [FL round 23] comm=134021412B comp=156.25s
[2026-09-06 01:45:27] [FL round 24] comm=134021412B comp=152.56s
[2026-09-06 01:47:18] [FL round 25] comm=134021412B comp=153.06s
[2026-09-06 01:49:12] [FL round 26] comm=134021412B comp=155.22s
[2026-09-06 01:51:05] [FL round 27] comm=134021412B comp=155.63s
[2026-09-06 01:52:57] [FL round 28] comm=134021412B comp=154.56s
[2026-09-06 01:54:49] [FL round 29] comm=134021412B comp=153.56s
[2026-09-06 01:56:40] [FL round 30] comm=134021412B comp=154.01s
[2026-09-06 01:58:31] [FL round 31] comm=134021412B comp=153.19s
[2026-09-06 02:00:20] [FL round 32] comm=134021412B comp=151.70s
[2026-09-06 02:02:12] [FL round 33] comm=134021412B comp=154.86s
[2026-09-06 02:04:06] [FL round 34] comm=134021412B comp=158.40s
[2026-09-06 02:05:56] [FL round 35] comm=134021412B comp=152.16s
[2026-09-06 02:07:48] [FL round 36] comm=134021412B comp=152.49s
[2026-09-06 02:09:38] [FL round 37] comm=134021412B comp=152.34s
[2026-09-06 02:11:30] [FL round 38] comm=134021412B comp=154.55s
[2026-09-06 02:13:22] [FL round 39] comm=134021412B comp=154.05s
[2026-09-06 02:15:12] [FL round 40] comm=134021412B comp=152.93s
[2026-09-06 02:17:04] [FL round 41] comm=134021412B comp=154.34s
[2026-09-06 02:18:53] [FL round 42] comm=134021412B comp=149.70s
[2026-09-06 02:20:44] [FL round 43] comm=134021412B comp=154.18s
[2026-09-06 02:22:38] [FL round 44] comm=134021412B comp=154.88s
[2026-09-06 02:24:31] [FL round 45] comm=134021412B comp=155.30s
[2026-09-06 02:26:23] [FL round 46] comm=134021412B comp=154.33s
[2026-09-06 02:28:14] [FL round 47] comm=134021412B comp=152.18s
[2026-09-06 02:30:07] [FL round 48] comm=134021412B comp=156.79s
[2026-09-06 02:31:58] [FL round 49] comm=134021412B comp=153.10s
[2026-09-06 02:33:51] [FL round 50] comm=134021412B comp=153.86s
[2026-09-06 02:34:06] FedBN checkpoint assembled: non-BN params from server aggregation, BN params taken from client 'Spain_Dataset' (representative).
[2026-09-06 02:34:07] Running FedBN final evaluation with hospital-specific BN models.
[2026-09-06 02:34:19] [eval/fedbn_per_hospital] hospital=Spain_Dataset acc=0.8396 loss=0.7892 n=106
[2026-09-06 02:34:24] [eval/fedbn_per_hospital] hospital=Canada_Dataset acc=0.8546 loss=0.8569 n=399
[2026-09-06 02:34:28] [eval/fedbn_per_hospital] hospital=India_Dataset acc=0.7879 loss=1.2451 n=132
[2026-09-06 02:34:28] [eval/fedbn_weighted_overall] overall_acc=0.8383 overall_loss=0.9260 total_samples=637
[2026-09-06 02:34:28] [eval/classification] accuracy=0.8383 macro_precision=0.8292 macro_recall=0.7965 macro_f1=0.8107 weighted_f1=0.8353
[2026-09-06 02:34:28] Saved final global model checkpoint to checkpoints/fl/lcfix_s2026_fedbn_stdce_p60_seed2026_job388720/best.pt
[2026-09-06 02:34:29] Saved 3 per-hospital BN-complete checkpoints to checkpoints/fl/lcfix_s2026_fedbn_stdce_p60_seed2026_job388720/per_hospital
[2026-09-06 02:34:29] === Run finished: lcfix_s2026_fedbn_stdce_p60_seed2026_job388720 (elapsed 5661.9s) ===
