[2026-09-03 03:43:30] === Run started: lc_s2026_fedbn_stdce_p40_seed2026_job386749 ===
[2026-09-03 03:43:30] Config loaded from configs/learning_curve_fedbn_stdce.yaml
[2026-09-03 03:43:30] Run directories: {'log_dir': 'logs/fl/lc_s2026_fedbn_stdce_p40_seed2026_job386749', 'tb_dir': 'logs/fl/lc_s2026_fedbn_stdce_p40_seed2026_job386749/tb', 'checkpoint_dir': 'checkpoints/fl/lc_s2026_fedbn_stdce_p40_seed2026_job386749', 'output_dir': 'outputs/fl/lc_s2026_fedbn_stdce_p40_seed2026_job386749'}
[2026-09-03 03:43:30] Indexing dataset...
[2026-09-03 03:43:32] Indexed 1014 train samples, 637 test samples.
[2026-09-03 03:43:32] Built 3 client partition(s) (client_split=hospital_based).
[2026-09-03 03:43:32]   client_id=Spain_Dataset hospital=Spain_Dataset n_samples=158
[2026-09-03 03:43:32]   client_id=Canada_Dataset hospital=Canada_Dataset n_samples=654
[2026-09-03 03:43:32]   client_id=India_Dataset hospital=India_Dataset n_samples=202
[2026-09-03 03:43:32] Run hyperparameters:
  algorithm: fedbn
  model: resnet18
  num_clients: 3
  global_epochs: 50
  local_epochs: 3
  batch_size: 16
  learning_rate: 0.001
  domain_adaptation: True
  imbalance_method: standard_ce
[2026-09-03 03:43:33] [class_imbalance] method=standard_ce, global_train_counts=[554, 309, 151], beta=0.999, weight_clip=None
[2026-09-03 03:43:33] [class_imbalance/client] client_id=Spain_Dataset, hospital=Spain_Dataset, local_counts=[60, 64, 34], loss_weights=None
[2026-09-03 03:43:33] [class_imbalance/client] client_id=Canada_Dataset, hospital=Canada_Dataset, local_counts=[490, 109, 55], loss_weights=None
[2026-09-03 03:43:33] [class_imbalance/client] client_id=India_Dataset, hospital=India_Dataset, local_counts=[4, 136, 62], loss_weights=None
[2026-09-03 03:43:33] Starting Flower simulation: algorithm=fedbn, clients=3, rounds=50
[2026-09-03 03:44:55] [FL round 1] comm=134021412B comp=102.55s
[2026-09-03 03:46:12] [FL round 2] comm=134021412B comp=101.05s
[2026-09-03 03:47:28] [FL round 3] comm=134021412B comp=100.06s
[2026-09-03 03:48:44] [FL round 4] comm=134021412B comp=100.66s
[2026-09-03 03:50:00] [FL round 5] comm=134021412B comp=100.13s
[2026-09-03 03:51:16] [FL round 6] comm=134021412B comp=101.28s
[2026-09-03 03:52:32] [FL round 7] comm=134021412B comp=101.09s
[2026-09-03 03:53:48] [FL round 8] comm=134021412B comp=100.30s
[2026-09-03 03:55:05] [FL round 9] comm=134021412B comp=102.29s
[2026-09-03 03:56:20] [FL round 10] comm=134021412B comp=99.14s
[2026-09-03 03:57:36] [FL round 11] comm=134021412B comp=99.44s
[2026-09-03 03:58:53] [FL round 12] comm=134021412B comp=100.67s
[2026-09-03 04:00:11] [FL round 13] comm=134021412B comp=102.76s
[2026-09-03 04:01:28] [FL round 14] comm=134021412B comp=101.00s
[2026-09-03 04:02:46] [FL round 15] comm=134021412B comp=101.60s
[2026-09-03 04:04:02] [FL round 16] comm=134021412B comp=100.83s
[2026-09-03 04:05:21] [FL round 17] comm=134021412B comp=102.50s
[2026-09-03 04:06:39] [FL round 18] comm=134021412B comp=101.74s
[2026-09-03 04:07:55] [FL round 19] comm=134021412B comp=99.42s
[2026-09-03 04:09:12] [FL round 20] comm=134021412B comp=100.90s
[2026-09-03 04:10:29] [FL round 21] comm=134021412B comp=100.41s
[2026-09-03 04:11:45] [FL round 22] comm=134021412B comp=101.17s
[2026-09-03 04:13:02] [FL round 23] comm=134021412B comp=102.86s
[2026-09-03 04:14:18] [FL round 24] comm=134021412B comp=99.58s
[2026-09-03 04:15:35] [FL round 25] comm=134021412B comp=100.76s
[2026-09-03 04:16:51] [FL round 26] comm=134021412B comp=101.88s
[2026-09-03 04:18:08] [FL round 27] comm=134021412B comp=100.99s
[2026-09-03 04:19:25] [FL round 28] comm=134021412B comp=101.02s
[2026-09-03 04:20:43] [FL round 29] comm=134021412B comp=102.41s
[2026-09-03 04:21:59] [FL round 30] comm=134021412B comp=100.68s
[2026-09-03 04:23:13] [FL round 31] comm=134021412B comp=97.76s
[2026-09-03 04:24:29] [FL round 32] comm=134021412B comp=100.23s
[2026-09-03 04:25:48] [FL round 33] comm=134021412B comp=102.55s
[2026-09-03 04:27:04] [FL round 34] comm=134021412B comp=102.62s
[2026-09-03 04:28:21] [FL round 35] comm=134021412B comp=100.52s
[2026-09-03 04:29:38] [FL round 36] comm=134021412B comp=102.22s
[2026-09-03 04:30:55] [FL round 37] comm=134021412B comp=102.61s
[2026-09-03 04:32:11] [FL round 38] comm=134021412B comp=100.22s
[2026-09-03 04:33:29] [FL round 39] comm=134021412B comp=102.89s
[2026-09-03 04:34:47] [FL round 40] comm=134021412B comp=102.00s
[2026-09-03 04:36:05] [FL round 41] comm=134021412B comp=102.52s
[2026-09-03 04:37:22] [FL round 42] comm=134021412B comp=102.18s
[2026-09-03 04:38:39] [FL round 43] comm=134021412B comp=101.95s
[2026-09-03 04:39:56] [FL round 44] comm=134021412B comp=100.60s
[2026-09-03 04:41:14] [FL round 45] comm=134021412B comp=102.91s
[2026-09-03 04:42:32] [FL round 46] comm=134021412B comp=101.11s
[2026-09-03 04:43:49] [FL round 47] comm=134021412B comp=101.92s
[2026-09-03 04:45:06] [FL round 48] comm=134021412B comp=103.26s
[2026-09-03 04:46:22] [FL round 49] comm=134021412B comp=101.95s
[2026-09-03 04:47:40] [FL round 50] comm=134021412B comp=102.25s
[2026-09-03 04:47:56] FedBN checkpoint assembled: non-BN params from server aggregation, BN params taken from client 'Spain_Dataset' (representative).
[2026-09-03 04:47:57] Running FedBN final evaluation with hospital-specific BN models.
[2026-09-03 04:48:09] [eval/fedbn_per_hospital] hospital=Spain_Dataset acc=0.5943 loss=2.8270 n=106
[2026-09-03 04:48:14] [eval/fedbn_per_hospital] hospital=Canada_Dataset acc=0.7845 loss=1.2766 n=399
[2026-09-03 04:48:19] [eval/fedbn_per_hospital] hospital=India_Dataset acc=0.5152 loss=2.0612 n=132
[2026-09-03 04:48:19] [eval/fedbn_weighted_overall] overall_acc=0.6970 overall_loss=1.6972 total_samples=637
[2026-09-03 04:48:19] [eval/classification] accuracy=0.6970 macro_precision=0.6534 macro_recall=0.6446 macro_f1=0.6255 weighted_f1=0.6751
[2026-09-03 04:48:19] Saved final global model checkpoint to checkpoints/fl/lc_s2026_fedbn_stdce_p40_seed2026_job386749/best.pt
[2026-09-03 04:48:20] Saved 3 per-hospital BN-complete checkpoints to checkpoints/fl/lc_s2026_fedbn_stdce_p40_seed2026_job386749/per_hospital
[2026-09-03 04:48:20] === Run finished: lc_s2026_fedbn_stdce_p40_seed2026_job386749 (elapsed 3889.6s) ===
