[2026-08-31 17:06:17] === Run started: lc_s42_fedbn_stdce_p20_seed42_job385026 ===
[2026-08-31 17:06:17] Config loaded from configs/learning_curve_fedbn_stdce.yaml
[2026-08-31 17:06:17] Run directories: {'log_dir': 'logs/fl/lc_s42_fedbn_stdce_p20_seed42_job385026', 'tb_dir': 'logs/fl/lc_s42_fedbn_stdce_p20_seed42_job385026/tb', 'checkpoint_dir': 'checkpoints/fl/lc_s42_fedbn_stdce_p20_seed42_job385026', 'output_dir': 'outputs/fl/lc_s42_fedbn_stdce_p20_seed42_job385026'}
[2026-08-31 17:06:18] Indexing dataset...
[2026-08-31 17:06:19] Indexed 506 train samples, 637 test samples.
[2026-08-31 17:06:19] Built 3 client partition(s) (client_split=hospital_based).
[2026-08-31 17:06:19]   client_id=Spain_Dataset hospital=Spain_Dataset n_samples=79
[2026-08-31 17:06:19]   client_id=Canada_Dataset hospital=Canada_Dataset n_samples=326
[2026-08-31 17:06:19]   client_id=India_Dataset hospital=India_Dataset n_samples=101
[2026-08-31 17:06:19] Run hyperparameters:
  algorithm: fedbn
  model: resnet18
  num_clients: 3
  global_epochs: 50
  local_epochs: 3
  batch_size: 16
  learning_rate: 0.001
  domain_adaptation: True
  imbalance_method: standard_ce
[2026-08-31 17:06:19] [class_imbalance] method=standard_ce, global_train_counts=[277, 154, 75], beta=0.999, weight_clip=None
[2026-08-31 17:06:19] [class_imbalance/client] client_id=Spain_Dataset, hospital=Spain_Dataset, local_counts=[30, 32, 17], loss_weights=None
[2026-08-31 17:06:19] [class_imbalance/client] client_id=Canada_Dataset, hospital=Canada_Dataset, local_counts=[245, 54, 27], loss_weights=None
[2026-08-31 17:06:19] [class_imbalance/client] client_id=India_Dataset, hospital=India_Dataset, local_counts=[2, 68, 31], loss_weights=None
[2026-08-31 17:06:19] Starting Flower simulation: algorithm=fedbn, clients=3, rounds=50
[2026-08-31 17:07:28] [FL round 1] comm=134021412B comp=70.79s
[2026-08-31 17:08:31] [FL round 2] comm=134021412B comp=69.44s
[2026-08-31 17:09:34] [FL round 3] comm=134021412B comp=69.32s
[2026-08-31 17:10:38] [FL round 4] comm=134021412B comp=70.77s
[2026-08-31 17:11:39] [FL round 5] comm=134021412B comp=68.33s
[2026-08-31 17:12:42] [FL round 6] comm=134021412B comp=70.07s
[2026-08-31 17:13:47] [FL round 7] comm=134021412B comp=73.10s
[2026-08-31 17:14:52] [FL round 8] comm=134021412B comp=71.98s
[2026-08-31 17:15:55] [FL round 9] comm=134021412B comp=71.28s
[2026-08-31 17:16:59] [FL round 10] comm=134021412B comp=69.23s
[2026-08-31 17:18:03] [FL round 11] comm=134021412B comp=71.04s
[2026-08-31 17:19:07] [FL round 12] comm=134021412B comp=71.48s
[2026-08-31 17:20:12] [FL round 13] comm=134021412B comp=72.28s
[2026-08-31 17:21:16] [FL round 14] comm=134021412B comp=69.94s
[2026-08-31 17:22:20] [FL round 15] comm=134021412B comp=70.95s
[2026-08-31 17:23:25] [FL round 16] comm=134021412B comp=70.63s
[2026-08-31 17:24:30] [FL round 17] comm=134021412B comp=70.32s
[2026-08-31 17:25:35] [FL round 18] comm=134021412B comp=70.65s
[2026-08-31 17:26:37] [FL round 19] comm=134021412B comp=68.86s
[2026-08-31 17:27:42] [FL round 20] comm=134021412B comp=70.91s
[2026-08-31 17:28:45] [FL round 21] comm=134021412B comp=69.63s
[2026-08-31 17:29:48] [FL round 22] comm=134021412B comp=70.38s
[2026-08-31 17:30:52] [FL round 23] comm=134021412B comp=71.06s
[2026-08-31 17:31:58] [FL round 24] comm=134021412B comp=73.41s
[2026-08-31 17:33:02] [FL round 25] comm=134021412B comp=72.40s
[2026-08-31 17:34:06] [FL round 26] comm=134021412B comp=69.85s
[2026-08-31 17:35:10] [FL round 27] comm=134021412B comp=71.16s
[2026-08-31 17:36:14] [FL round 28] comm=134021412B comp=71.48s
[2026-08-31 17:37:19] [FL round 29] comm=134021412B comp=72.53s
[2026-08-31 17:38:23] [FL round 30] comm=134021412B comp=70.44s
[2026-08-31 17:39:26] [FL round 31] comm=134021412B comp=70.02s
[2026-08-31 17:40:31] [FL round 32] comm=134021412B comp=72.37s
[2026-08-31 17:41:36] [FL round 33] comm=134021412B comp=72.90s
[2026-08-31 17:42:40] [FL round 34] comm=134021412B comp=71.32s
[2026-08-31 17:43:44] [FL round 35] comm=134021412B comp=72.02s
[2026-08-31 17:44:47] [FL round 36] comm=134021412B comp=69.75s
[2026-08-31 17:45:49] [FL round 37] comm=134021412B comp=70.16s
[2026-08-31 17:46:53] [FL round 38] comm=134021412B comp=69.95s
[2026-08-31 17:47:57] [FL round 39] comm=134021412B comp=71.26s
[2026-08-31 17:49:03] [FL round 40] comm=134021412B comp=73.43s
[2026-08-31 17:50:05] [FL round 41] comm=134021412B comp=68.25s
[2026-08-31 17:51:07] [FL round 42] comm=134021412B comp=69.69s
[2026-08-31 17:52:12] [FL round 43] comm=134021412B comp=70.87s
[2026-08-31 17:53:17] [FL round 44] comm=134021412B comp=71.75s
[2026-08-31 17:54:21] [FL round 45] comm=134021412B comp=72.57s
[2026-08-31 17:55:24] [FL round 46] comm=134021412B comp=70.22s
[2026-08-31 17:56:28] [FL round 47] comm=134021412B comp=71.20s
[2026-08-31 17:57:32] [FL round 48] comm=134021412B comp=71.90s
[2026-08-31 17:58:38] [FL round 49] comm=134021412B comp=73.11s
[2026-08-31 17:59:42] [FL round 50] comm=134021412B comp=70.82s
[2026-08-31 18:00:01] FedBN checkpoint assembled: non-BN params from server aggregation, BN params taken from client 'Spain_Dataset' (representative).
[2026-08-31 18:00:02] Running FedBN final evaluation with hospital-specific BN models.
[2026-08-31 18:00:16] [eval/fedbn_per_hospital] hospital=Spain_Dataset acc=0.6509 loss=1.7086 n=106
[2026-08-31 18:00:21] [eval/fedbn_per_hospital] hospital=Canada_Dataset acc=0.7318 loss=1.7633 n=399
[2026-08-31 18:00:27] [eval/fedbn_per_hospital] hospital=India_Dataset acc=0.5530 loss=2.4510 n=132
[2026-08-31 18:00:27] [eval/fedbn_weighted_overall] overall_acc=0.6813 overall_loss=1.8967 total_samples=637
[2026-08-31 18:00:27] [eval/classification] accuracy=0.6813 macro_precision=0.6375 macro_recall=0.6342 macro_f1=0.6214 weighted_f1=0.6744
[2026-08-31 18:00:27] Saved final global model checkpoint to checkpoints/fl/lc_s42_fedbn_stdce_p20_seed42_job385026/best.pt
[2026-08-31 18:00:28] Saved 3 per-hospital BN-complete checkpoints to checkpoints/fl/lc_s42_fedbn_stdce_p20_seed42_job385026/per_hospital
[2026-08-31 18:00:28] === Run finished: lc_s42_fedbn_stdce_p20_seed42_job385026 (elapsed 3250.5s) ===
