[2026-09-03 03:41:40] === Run started: lc_s123_fedbn_stdce_p80_seed123_job386742 ===
[2026-09-03 03:41:40] Config loaded from configs/learning_curve_fedbn_stdce.yaml
[2026-09-03 03:41:40] Run directories: {'log_dir': 'logs/fl/lc_s123_fedbn_stdce_p80_seed123_job386742', 'tb_dir': 'logs/fl/lc_s123_fedbn_stdce_p80_seed123_job386742/tb', 'checkpoint_dir': 'checkpoints/fl/lc_s123_fedbn_stdce_p80_seed123_job386742', 'output_dir': 'outputs/fl/lc_s123_fedbn_stdce_p80_seed123_job386742'}
[2026-09-03 03:41:40] Indexing dataset...
[2026-09-03 03:41:41] Indexed 2032 train samples, 637 test samples.
[2026-09-03 03:41:41] Built 3 client partition(s) (client_split=hospital_based).
[2026-09-03 03:41:41]   client_id=Spain_Dataset hospital=Spain_Dataset n_samples=319
[2026-09-03 03:41:41]   client_id=Canada_Dataset hospital=Canada_Dataset n_samples=1309
[2026-09-03 03:41:41]   client_id=India_Dataset hospital=India_Dataset n_samples=404
[2026-09-03 03:41:41] Run hyperparameters:
  algorithm: fedbn
  model: resnet18
  num_clients: 3
  global_epochs: 50
  local_epochs: 3
  batch_size: 16
  learning_rate: 0.001
  domain_adaptation: True
  imbalance_method: standard_ce
[2026-09-03 03:41:42] [class_imbalance] method=standard_ce, global_train_counts=[1111, 618, 303], beta=0.999, weight_clip=None
[2026-09-03 03:41:42] [class_imbalance/client] client_id=Spain_Dataset, hospital=Spain_Dataset, local_counts=[121, 129, 69], loss_weights=None
[2026-09-03 03:41:42] [class_imbalance/client] client_id=Canada_Dataset, hospital=Canada_Dataset, local_counts=[981, 218, 110], loss_weights=None
[2026-09-03 03:41:42] [class_imbalance/client] client_id=India_Dataset, hospital=India_Dataset, local_counts=[9, 271, 124], loss_weights=None
[2026-09-03 03:41:42] Starting Flower simulation: algorithm=fedbn, clients=3, rounds=50
[2026-09-03 03:44:12] [FL round 1] comm=134021412B comp=215.24s
[2026-09-03 03:46:50] [FL round 2] comm=134021412B comp=228.98s
[2026-09-03 03:49:29] [FL round 3] comm=134021412B comp=223.72s
[2026-09-03 03:51:57] [FL round 4] comm=134021412B comp=220.10s
[2026-09-03 03:54:31] [FL round 5] comm=134021412B comp=222.68s
[2026-09-03 03:56:58] [FL round 6] comm=134021412B comp=207.87s
[2026-09-03 03:59:33] [FL round 7] comm=134021412B comp=222.05s
[2026-09-03 04:02:05] [FL round 8] comm=134021412B comp=222.42s
[2026-09-03 04:04:37] [FL round 9] comm=134021412B comp=216.14s
[2026-09-03 04:07:08] [FL round 10] comm=134021412B comp=220.87s
[2026-09-03 04:09:39] [FL round 11] comm=134021412B comp=223.58s
[2026-09-03 04:12:11] [FL round 12] comm=134021412B comp=217.30s
[2026-09-03 04:14:45] [FL round 13] comm=134021412B comp=218.11s
[2026-09-03 04:17:14] [FL round 14] comm=134021412B comp=219.92s
[2026-09-03 04:19:45] [FL round 15] comm=134021412B comp=222.85s
[2026-09-03 04:22:15] [FL round 16] comm=134021412B comp=214.96s
[2026-09-03 04:24:43] [FL round 17] comm=134021412B comp=216.64s
[2026-09-03 04:27:15] [FL round 18] comm=134021412B comp=214.77s
[2026-09-03 04:29:48] [FL round 19] comm=134021412B comp=218.36s
[2026-09-03 04:32:17] [FL round 20] comm=134021412B comp=219.37s
[2026-09-03 04:34:54] [FL round 21] comm=134021412B comp=222.16s
[2026-09-03 04:37:20] [FL round 22] comm=134021412B comp=213.08s
[2026-09-03 04:39:51] [FL round 23] comm=134021412B comp=225.58s
[2026-09-03 04:42:22] [FL round 24] comm=134021412B comp=213.20s
[2026-09-03 04:44:51] [FL round 25] comm=134021412B comp=216.05s
[2026-09-03 04:47:28] [FL round 26] comm=134021412B comp=219.82s
[2026-09-03 04:49:58] [FL round 27] comm=134021412B comp=221.63s
[2026-09-03 04:52:27] [FL round 28] comm=134021412B comp=214.08s
[2026-09-03 04:54:54] [FL round 29] comm=134021412B comp=213.95s
[2026-09-03 04:57:23] [FL round 30] comm=134021412B comp=211.50s
[2026-09-03 04:59:59] [FL round 31] comm=134021412B comp=217.99s
[2026-09-03 05:02:31] [FL round 32] comm=134021412B comp=223.21s
[2026-09-03 05:05:05] [FL round 33] comm=134021412B comp=220.90s
[2026-09-03 05:07:32] [FL round 34] comm=134021412B comp=209.67s
[2026-09-03 05:10:07] [FL round 35] comm=134021412B comp=219.83s
[2026-09-03 05:12:36] [FL round 36] comm=134021412B comp=218.55s
[2026-09-03 05:14:59] [FL round 37] comm=134021412B comp=206.71s
[2026-09-03 05:17:35] [FL round 38] comm=134021412B comp=226.84s
[2026-09-03 05:20:04] [FL round 39] comm=134021412B comp=214.67s
[2026-09-03 05:22:34] [FL round 40] comm=134021412B comp=221.40s
[2026-09-03 05:25:04] [FL round 41] comm=134021412B comp=223.25s
[2026-09-03 05:27:33] [FL round 42] comm=134021412B comp=213.43s
[2026-09-03 05:30:05] [FL round 43] comm=134021412B comp=215.86s
[2026-09-03 05:32:41] [FL round 44] comm=134021412B comp=221.69s
[2026-09-03 05:35:08] [FL round 45] comm=134021412B comp=213.12s
[2026-09-03 05:37:35] [FL round 46] comm=134021412B comp=215.02s
[2026-09-03 05:40:06] [FL round 47] comm=134021412B comp=224.01s
[2026-09-03 05:42:37] [FL round 48] comm=134021412B comp=219.15s
[2026-09-03 05:45:04] [FL round 49] comm=134021412B comp=211.01s
[2026-09-03 05:47:37] [FL round 50] comm=134021412B comp=225.88s
[2026-09-03 05:47:53] FedBN checkpoint assembled: non-BN params from server aggregation, BN params taken from client 'Spain_Dataset' (representative).
[2026-09-03 05:47:54] Running FedBN final evaluation with hospital-specific BN models.
[2026-09-03 05:48:05] [eval/fedbn_per_hospital] hospital=Spain_Dataset acc=0.7925 loss=1.4980 n=106
[2026-09-03 05:48:10] [eval/fedbn_per_hospital] hospital=Canada_Dataset acc=0.8446 loss=0.6541 n=399
[2026-09-03 05:48:15] [eval/fedbn_per_hospital] hospital=India_Dataset acc=0.7045 loss=1.4714 n=132
[2026-09-03 05:48:15] [eval/fedbn_weighted_overall] overall_acc=0.8069 overall_loss=0.9639 total_samples=637
[2026-09-03 05:48:15] [eval/classification] accuracy=0.8069 macro_precision=0.7726 macro_recall=0.7485 macro_f1=0.7592 weighted_f1=0.8037
[2026-09-03 05:48:15] Saved final global model checkpoint to checkpoints/fl/lc_s123_fedbn_stdce_p80_seed123_job386742/best.pt
[2026-09-03 05:48:16] Saved 3 per-hospital BN-complete checkpoints to checkpoints/fl/lc_s123_fedbn_stdce_p80_seed123_job386742/per_hospital
[2026-09-03 05:48:16] === Run finished: lc_s123_fedbn_stdce_p80_seed123_job386742 (elapsed 7596.2s) ===
