[2026-08-31 17:06:25] === Run started: lc_s42_fedbn_stdce_p100_seed42_job385026 ===
[2026-08-31 17:06:25] Config loaded from configs/learning_curve_fedbn_stdce.yaml
[2026-08-31 17:06:25] Run directories: {'log_dir': 'logs/fl/lc_s42_fedbn_stdce_p100_seed42_job385026', 'tb_dir': 'logs/fl/lc_s42_fedbn_stdce_p100_seed42_job385026/tb', 'checkpoint_dir': 'checkpoints/fl/lc_s42_fedbn_stdce_p100_seed42_job385026', 'output_dir': 'outputs/fl/lc_s42_fedbn_stdce_p100_seed42_job385026'}
[2026-08-31 17:06:25] Indexing dataset...
[2026-08-31 17:06:26] Indexed 2538 train samples, 637 test samples.
[2026-08-31 17:06:26] Built 3 client partition(s) (client_split=hospital_based).
[2026-08-31 17:06:26]   client_id=Spain_Dataset hospital=Spain_Dataset n_samples=398
[2026-08-31 17:06:26]   client_id=Canada_Dataset hospital=Canada_Dataset n_samples=1635
[2026-08-31 17:06:26]   client_id=India_Dataset hospital=India_Dataset n_samples=505
[2026-08-31 17:06:26] Run hyperparameters:
  algorithm: fedbn
  model: resnet18
  num_clients: 3
  global_epochs: 50
  local_epochs: 3
  batch_size: 16
  learning_rate: 0.001
  domain_adaptation: True
  imbalance_method: standard_ce
[2026-08-31 17:06:31] [class_imbalance] method=standard_ce, global_train_counts=[1388, 772, 378], beta=0.999, weight_clip=None
[2026-08-31 17:06:31] [class_imbalance/client] client_id=Spain_Dataset, hospital=Spain_Dataset, local_counts=[151, 161, 86], loss_weights=None
[2026-08-31 17:06:31] [class_imbalance/client] client_id=Canada_Dataset, hospital=Canada_Dataset, local_counts=[1226, 272, 137], loss_weights=None
[2026-08-31 17:06:31] [class_imbalance/client] client_id=India_Dataset, hospital=India_Dataset, local_counts=[11, 339, 155], loss_weights=None
[2026-08-31 17:06:31] Starting Flower simulation: algorithm=fedbn, clients=3, rounds=50
[2026-08-31 17:10:11] [FL round 1] comm=134021412B comp=371.00s
[2026-08-31 17:13:01] [FL round 2] comm=134021412B comp=234.35s
[2026-08-31 17:15:46] [FL round 3] comm=134021412B comp=235.68s
[2026-08-31 17:18:33] [FL round 4] comm=134021412B comp=235.80s
[2026-08-31 17:21:18] [FL round 5] comm=134021412B comp=235.49s
[2026-08-31 17:24:01] [FL round 6] comm=134021412B comp=232.86s
[2026-08-31 17:26:42] [FL round 7] comm=134021412B comp=231.26s
[2026-08-31 17:29:28] [FL round 8] comm=134021412B comp=235.05s
[2026-08-31 17:32:12] [FL round 9] comm=134021412B comp=233.83s
[2026-08-31 17:34:56] [FL round 10] comm=134021412B comp=235.95s
[2026-08-31 17:37:42] [FL round 11] comm=134021412B comp=234.75s
[2026-08-31 17:40:26] [FL round 12] comm=134021412B comp=234.95s
[2026-08-31 17:43:12] [FL round 13] comm=134021412B comp=234.80s
[2026-08-31 17:45:56] [FL round 14] comm=134021412B comp=233.50s
[2026-08-31 17:48:40] [FL round 15] comm=134021412B comp=232.41s
[2026-08-31 17:51:24] [FL round 16] comm=134021412B comp=235.82s
[2026-08-31 17:54:08] [FL round 17] comm=134021412B comp=234.45s
[2026-08-31 17:56:54] [FL round 18] comm=134021412B comp=235.39s
[2026-08-31 17:59:39] [FL round 19] comm=134021412B comp=235.18s
[2026-08-31 18:02:21] [FL round 20] comm=134021412B comp=232.64s
[2026-08-31 18:05:03] [FL round 21] comm=134021412B comp=230.76s
[2026-08-31 18:07:47] [FL round 22] comm=134021412B comp=235.33s
[2026-08-31 18:10:34] [FL round 23] comm=134021412B comp=235.19s
[2026-08-31 18:13:18] [FL round 24] comm=134021412B comp=233.64s
[2026-08-31 18:16:02] [FL round 25] comm=134021412B comp=234.74s
[2026-08-31 18:18:48] [FL round 26] comm=134021412B comp=236.24s
[2026-08-31 18:21:35] [FL round 27] comm=134021412B comp=236.74s
[2026-08-31 18:24:20] [FL round 28] comm=134021412B comp=234.87s
[2026-08-31 18:27:02] [FL round 29] comm=134021412B comp=231.62s
[2026-08-31 18:29:46] [FL round 30] comm=134021412B comp=233.59s
[2026-08-31 18:32:29] [FL round 31] comm=134021412B comp=232.81s
[2026-08-31 18:35:13] [FL round 32] comm=134021412B comp=234.15s
[2026-08-31 18:37:58] [FL round 33] comm=134021412B comp=235.92s
[2026-08-31 18:40:44] [FL round 34] comm=134021412B comp=235.42s
[2026-08-31 18:43:29] [FL round 35] comm=134021412B comp=236.23s
[2026-08-31 18:46:13] [FL round 36] comm=134021412B comp=233.62s
[2026-08-31 18:48:57] [FL round 37] comm=134021412B comp=234.35s
[2026-08-31 18:51:42] [FL round 38] comm=134021412B comp=235.33s
[2026-08-31 18:54:29] [FL round 39] comm=134021412B comp=237.54s
[2026-08-31 18:57:15] [FL round 40] comm=134021412B comp=242.77s
[2026-08-31 19:00:06] [FL round 41] comm=134021412B comp=241.54s
[2026-08-31 19:02:55] [FL round 42] comm=134021412B comp=242.02s
[2026-08-31 19:05:44] [FL round 43] comm=134021412B comp=240.57s
[2026-08-31 19:08:29] [FL round 44] comm=134021412B comp=236.50s
[2026-08-31 19:11:16] [FL round 45] comm=134021412B comp=240.89s
[2026-08-31 19:14:06] [FL round 46] comm=134021412B comp=241.65s
[2026-08-31 19:16:52] [FL round 47] comm=134021412B comp=238.92s
[2026-08-31 19:19:37] [FL round 48] comm=134021412B comp=237.31s
[2026-08-31 19:22:25] [FL round 49] comm=134021412B comp=239.59s
[2026-08-31 19:25:11] [FL round 50] comm=134021412B comp=240.87s
[2026-08-31 19:25:25] FedBN checkpoint assembled: non-BN params from server aggregation, BN params taken from client 'Spain_Dataset' (representative).
[2026-08-31 19:25:26] Running FedBN final evaluation with hospital-specific BN models.
[2026-08-31 19:25:36] [eval/fedbn_per_hospital] hospital=Spain_Dataset acc=0.8585 loss=0.7505 n=106
[2026-08-31 19:25:39] [eval/fedbn_per_hospital] hospital=Canada_Dataset acc=0.8521 loss=0.5924 n=399
[2026-08-31 19:25:43] [eval/fedbn_per_hospital] hospital=India_Dataset acc=0.7424 loss=1.2153 n=132
[2026-08-31 19:25:43] [eval/fedbn_weighted_overall] overall_acc=0.8305 overall_loss=0.7478 total_samples=637
[2026-08-31 19:25:43] [eval/classification] accuracy=0.8305 macro_precision=0.8027 macro_recall=0.8004 macro_f1=0.8002 weighted_f1=0.8287
[2026-08-31 19:25:43] Saved final global model checkpoint to checkpoints/fl/lc_s42_fedbn_stdce_p100_seed42_job385026/best.pt
[2026-08-31 19:25:44] Saved 3 per-hospital BN-complete checkpoints to checkpoints/fl/lc_s42_fedbn_stdce_p100_seed42_job385026/per_hospital
[2026-08-31 19:25:44] === Run finished: lc_s42_fedbn_stdce_p100_seed42_job385026 (elapsed 8359.1s) ===
