[2026-08-22 18:35:21] === Run started: fu_cli_domain_aware_fedbn_india_natural_l05_380491 ===
[2026-08-22 18:35:21] Forking from source FL run: fl_fedbn_oral_344913
[2026-08-22 18:35:21] Forgetting: India_Dataset
[2026-08-22 18:35:21] Phase-2 mechanism: Domain-Aware FUSED-CLI, cli_score_mode=domain_aware, algorithm=fedbn
[2026-08-22 18:35:21] Artifact namespace: fu_cli_domain_aware
[2026-08-22 18:35:21] Run directories: logs=logs/fu_cli_domain_aware/fu_cli_domain_aware_fedbn_india_natural_l05_380491, checkpoints=checkpoints/fu_cli_domain_aware/fu_cli_domain_aware_fedbn_india_natural_l05_380491, outputs=outputs/fu_cli_domain_aware/fu_cli_domain_aware_fedbn_india_natural_l05_380491
[2026-08-22 18:35:21] Loaded domain-aware layer scores: path=outputs/domain_sensitivity/equal_hospital/fl_fedbn_oral_344913/India/domain_sensitivity.json, mapped_parameters=20, lambda=0.5
[2026-08-22 18:35:21] [proxy] Shadow MIA disabled. Proxy carving was skipped; the complete train and test partitions will be used.
[2026-08-22 18:35:21] [data] real_train_samples=2538, per_hospital={'Spain_Dataset': 398, 'Canada_Dataset': 1635, 'India_Dataset': 505}
[2026-08-22 18:35:21] [data] real_test_samples=637, per_hospital={'Spain_Dataset': 106, 'Canada_Dataset': 399, 'India_Dataset': 132}
[2026-08-22 18:35:21] Forgetting hospital: India_Dataset -> partition indices [2] of 3 total clients (client_split=hospital_based).
[2026-08-22 18:35:25] Loaded matched FedBN source model using retained-only BN states. forget_client=India_Dataset, retained_clients=['Canada_Dataset', 'Spain_Dataset']
[2026-08-22 18:35:25] [class_imbalance] phase2_override=standard_ce, resolved_method=standard_ce, sampling=natural, use_weighted_sampler=False
[2026-08-22 18:35:25] Built 3 hospital train loaders in order ['Spain_Dataset', 'Canada_Dataset', 'India_Dataset'], sizes=[398, 1635, 505], handle_class_imbalance=False
[2026-08-22 18:35:25] [proxy] Proxy loaders were not created because shadow MIA is disabled.
[2026-08-22 18:35:25] Running FUSED-CLI unlearning (algorithm=fedbn)...
[2026-08-22 18:35:25] Running Critical Layer Identification (one federated round, ALL clients (paper Eq 11-13))...
[2026-08-22 18:37:05] Restricted normalized/domain-aware CLI selection to 20 convolutional weight tensors from 62 total learnable parameters.
[2026-08-22 18:37:05] Selected 4 critical layers using cli_score_mode=domain_aware: ['conv1.weight', 'layer2.0.downsample.0.weight', 'layer1.0.conv1.weight', 'layer1.0.conv2.weight']
[2026-08-22 18:37:05] [CLI score] rank=1 selected=True parameter=conv1.weight cli=0.0025967061 cli_norm=1.000000 domain=0.633266 final=1.316633
[2026-08-22 18:37:05] [CLI score] rank=2 selected=True parameter=layer2.0.downsample.0.weight cli=0.0013939388 cli_norm=0.514237 domain=0.557648 final=0.793062
[2026-08-22 18:37:05] [CLI score] rank=3 selected=True parameter=layer1.0.conv1.weight cli=0.0004693153 cli_norm=0.140809 domain=0.907994 final=0.594806
[2026-08-22 18:37:05] [CLI score] rank=4 selected=True parameter=layer1.0.conv2.weight cli=0.00048619175 cli_norm=0.147625 domain=0.829423 final=0.562337
[2026-08-22 18:37:05] [CLI score] rank=5 selected=False parameter=layer4.0.downsample.0.weight cli=0.00020727411 cli_norm=0.034978 domain=1.000000 final=0.534978
[2026-08-22 18:37:05] [CLI score] rank=6 selected=False parameter=layer3.0.downsample.0.weight cli=0.00042793123 cli_norm=0.124095 domain=0.802033 final=0.525112
[2026-08-22 18:37:05] [CLI score] rank=7 selected=False parameter=layer3.0.conv1.weight cli=0.00031774374 cli_norm=0.079594 domain=0.811441 final=0.485314
[2026-08-22 18:37:05] [CLI score] rank=8 selected=False parameter=layer3.1.conv2.weight cli=0.00013057689 cli_norm=0.004003 domain=0.930000 final=0.469003
[2026-08-22 18:37:05] [CLI score] rank=9 selected=False parameter=layer2.0.conv1.weight cli=0.00047552055 cli_norm=0.143315 domain=0.501394 final=0.394012
[2026-08-22 18:37:05] [CLI score] rank=10 selected=False parameter=layer1.1.conv1.weight cli=0.00055540996 cli_norm=0.175580 domain=0.436708 final=0.393934
[2026-08-22 18:37:05] [CLI score] rank=11 selected=False parameter=layer1.1.conv2.weight cli=0.00050675299 cli_norm=0.155929 domain=0.465645 final=0.388752
[2026-08-22 18:37:05] [CLI score] rank=12 selected=False parameter=layer3.0.conv2.weight cli=0.00020998055 cli_norm=0.036071 domain=0.595633 final=0.333888
[2026-08-22 18:37:05] [CLI score] rank=13 selected=False parameter=layer4.0.conv2.weight cli=0.00012421747 cli_norm=0.001434 domain=0.553877 final=0.278373
[2026-08-22 18:37:05] [CLI score] rank=14 selected=False parameter=layer2.1.conv1.weight cli=0.00030704962 cli_norm=0.075275 domain=0.402576 final=0.276563
[2026-08-22 18:37:05] [CLI score] rank=15 selected=False parameter=layer3.1.conv1.weight cli=0.00012860349 cli_norm=0.003206 domain=0.532745 final=0.269578
[2026-08-22 18:37:05] FedBN-local (never-aggregated) critical layers among selection: none
[2026-08-22 18:40:52] [FUSED-CLI:fedbn] Round=0, avg_r_acc=0.7359, avg_f_acc=0.3831, adapter_density=4431/91328
[2026-08-22 18:44:32] [FUSED-CLI:fedbn] Round=1, avg_r_acc=0.7491, avg_f_acc=0.3831, adapter_density=4431/91328
[2026-08-22 18:48:10] [FUSED-CLI:fedbn] Round=2, avg_r_acc=0.7468, avg_f_acc=0.3831, adapter_density=4431/91328
[2026-08-22 18:51:54] [FUSED-CLI:fedbn] Round=3, avg_r_acc=0.7453, avg_f_acc=0.3831, adapter_density=4431/91328
[2026-08-22 18:55:37] [FUSED-CLI:fedbn] Round=4, avg_r_acc=0.7457, avg_f_acc=0.3866, adapter_density=4431/91328
[2026-08-22 18:59:19] [FUSED-CLI:fedbn] Round=5, avg_r_acc=0.7510, avg_f_acc=0.3902, adapter_density=4431/91328
[2026-08-22 19:03:02] [FUSED-CLI:fedbn] Round=6, avg_r_acc=0.7489, avg_f_acc=0.3866, adapter_density=4431/91328
[2026-08-22 19:06:44] [FUSED-CLI:fedbn] Round=7, avg_r_acc=0.7544, avg_f_acc=0.3866, adapter_density=4431/91328
[2026-08-22 19:10:25] [FUSED-CLI:fedbn] Round=8, avg_r_acc=0.7594, avg_f_acc=0.3902, adapter_density=4431/91328
[2026-08-22 19:14:10] [FUSED-CLI:fedbn] Round=9, avg_r_acc=0.7611, avg_f_acc=0.3902, adapter_density=4431/91328
[2026-08-22 19:17:50] [FUSED-CLI:fedbn] Round=10, avg_r_acc=0.7567, avg_f_acc=0.3938, adapter_density=4431/91328
[2026-08-22 19:21:30] [FUSED-CLI:fedbn] Round=11, avg_r_acc=0.7595, avg_f_acc=0.3902, adapter_density=4431/91328
[2026-08-22 19:25:18] [FUSED-CLI:fedbn] Round=12, avg_r_acc=0.7617, avg_f_acc=0.3938, adapter_density=4431/91328
[2026-08-22 19:29:01] [FUSED-CLI:fedbn] Round=13, avg_r_acc=0.7640, avg_f_acc=0.3866, adapter_density=4431/91328
[2026-08-22 19:32:41] [FUSED-CLI:fedbn] Round=14, avg_r_acc=0.7640, avg_f_acc=0.3902, adapter_density=4431/91328
[2026-08-22 19:36:23] [FUSED-CLI:fedbn] Round=15, avg_r_acc=0.7683, avg_f_acc=0.3902, adapter_density=4431/91328
[2026-08-22 19:40:04] [FUSED-CLI:fedbn] Round=16, avg_r_acc=0.7683, avg_f_acc=0.3938, adapter_density=4431/91328
[2026-08-22 19:43:44] [FUSED-CLI:fedbn] Round=17, avg_r_acc=0.7689, avg_f_acc=0.3902, adapter_density=4431/91328
[2026-08-22 19:47:23] [FUSED-CLI:fedbn] Round=18, avg_r_acc=0.7645, avg_f_acc=0.3866, adapter_density=4431/91328
[2026-08-22 19:51:01] [FUSED-CLI:fedbn] Round=19, avg_r_acc=0.7683, avg_f_acc=0.3831, adapter_density=4431/91328
[2026-08-22 19:54:46] [FUSED-CLI:fedbn] Round=20, avg_r_acc=0.7645, avg_f_acc=0.3759, adapter_density=4431/91328
[2026-08-22 19:58:27] [FUSED-CLI:fedbn] Round=21, avg_r_acc=0.7578, avg_f_acc=0.3902, adapter_density=4431/91328
[2026-08-22 20:02:15] [FUSED-CLI:fedbn] Round=22, avg_r_acc=0.7617, avg_f_acc=0.3902, adapter_density=4431/91328
[2026-08-22 20:06:00] [FUSED-CLI:fedbn] Round=23, avg_r_acc=0.7585, avg_f_acc=0.3759, adapter_density=4431/91328
[2026-08-22 20:09:52] [FUSED-CLI:fedbn] Round=24, avg_r_acc=0.7619, avg_f_acc=0.3795, adapter_density=4431/91328
[2026-08-22 20:13:41] [FUSED-CLI:fedbn] Round=25, avg_r_acc=0.7663, avg_f_acc=0.3795, adapter_density=4431/91328
[2026-08-22 20:17:23] [FUSED-CLI:fedbn] Round=26, avg_r_acc=0.7663, avg_f_acc=0.3795, adapter_density=4431/91328
[2026-08-22 20:21:07] [FUSED-CLI:fedbn] Round=27, avg_r_acc=0.7663, avg_f_acc=0.3831, adapter_density=4431/91328
[2026-08-22 20:24:46] [FUSED-CLI:fedbn] Round=28, avg_r_acc=0.7634, avg_f_acc=0.3831, adapter_density=4431/91328
[2026-08-22 20:28:24] [FUSED-CLI:fedbn] Round=29, avg_r_acc=0.7619, avg_f_acc=0.3795, adapter_density=4431/91328
[2026-08-22 20:32:04] [FUSED-CLI:fedbn] Round=30, avg_r_acc=0.7590, avg_f_acc=0.3831, adapter_density=4431/91328
[2026-08-22 20:35:37] [FUSED-CLI:fedbn] Round=31, avg_r_acc=0.7663, avg_f_acc=0.3723, adapter_density=4431/91328
[2026-08-22 20:39:15] [FUSED-CLI:fedbn] Round=32, avg_r_acc=0.7548, avg_f_acc=0.3795, adapter_density=4431/91328
[2026-08-22 20:42:56] [FUSED-CLI:fedbn] Round=33, avg_r_acc=0.7663, avg_f_acc=0.3866, adapter_density=4431/91328
[2026-08-22 20:46:30] [FUSED-CLI:fedbn] Round=34, avg_r_acc=0.7663, avg_f_acc=0.3795, adapter_density=4431/91328
[2026-08-22 20:50:06] [FUSED-CLI:fedbn] Round=35, avg_r_acc=0.7596, avg_f_acc=0.3795, adapter_density=4431/91328
[2026-08-22 20:53:50] [FUSED-CLI:fedbn] Round=36, avg_r_acc=0.7657, avg_f_acc=0.3795, adapter_density=4431/91328
[2026-08-22 20:57:31] [FUSED-CLI:fedbn] Round=37, avg_r_acc=0.7663, avg_f_acc=0.3902, adapter_density=4431/91328
[2026-08-22 21:01:09] [FUSED-CLI:fedbn] Round=38, avg_r_acc=0.7631, avg_f_acc=0.3866, adapter_density=4431/91328
[2026-08-22 21:04:49] [FUSED-CLI:fedbn] Round=39, avg_r_acc=0.7596, avg_f_acc=0.3831, adapter_density=4431/91328
[2026-08-22 21:08:26] [FUSED-CLI:fedbn] Round=40, avg_r_acc=0.7590, avg_f_acc=0.3759, adapter_density=4431/91328
[2026-08-22 21:11:59] [FUSED-CLI:fedbn] Round=41, avg_r_acc=0.7640, avg_f_acc=0.3723, adapter_density=4431/91328
[2026-08-22 21:15:34] [FUSED-CLI:fedbn] Round=42, avg_r_acc=0.7640, avg_f_acc=0.3759, adapter_density=4431/91328
[2026-08-22 21:19:07] [FUSED-CLI:fedbn] Round=43, avg_r_acc=0.7634, avg_f_acc=0.3902, adapter_density=4431/91328
[2026-08-22 21:22:48] [FUSED-CLI:fedbn] Round=44, avg_r_acc=0.7552, avg_f_acc=0.3723, adapter_density=4431/91328
[2026-08-22 21:26:26] [FUSED-CLI:fedbn] Round=45, avg_r_acc=0.7640, avg_f_acc=0.3759, adapter_density=4431/91328
[2026-08-22 21:30:02] [FUSED-CLI:fedbn] Round=46, avg_r_acc=0.7629, avg_f_acc=0.3866, adapter_density=4431/91328
[2026-08-22 21:33:41] [FUSED-CLI:fedbn] Round=47, avg_r_acc=0.7596, avg_f_acc=0.3795, adapter_density=4431/91328
[2026-08-22 21:37:21] [FUSED-CLI:fedbn] Round=48, avg_r_acc=0.7592, avg_f_acc=0.3759, adapter_density=4431/91328
[2026-08-22 21:41:01] [FUSED-CLI:fedbn] Round=49, avg_r_acc=0.7629, avg_f_acc=0.3759, adapter_density=4431/91328
[2026-08-22 21:41:01] FUSED-CLI unlearning complete. Critical layers: ['conv1.weight', 'layer2.0.downsample.0.weight', 'layer1.0.conv1.weight', 'layer1.0.conv2.weight']
[2026-08-22 21:41:01] Running relearn (ReA) probe for 50 rounds...
[2026-08-22 21:42:05] [Relearn] Round=0, avg_f_acc=0.5197 (ReA), avg_r_acc=0.5961
[2026-08-22 21:43:11] [Relearn] Round=1, avg_f_acc=0.5305 (ReA), avg_r_acc=0.5859
[2026-08-22 21:44:16] [Relearn] Round=2, avg_f_acc=0.5018 (ReA), avg_r_acc=0.5885
[2026-08-22 21:45:22] [Relearn] Round=3, avg_f_acc=0.5520 (ReA), avg_r_acc=0.6109
[2026-08-22 21:46:34] [Relearn] Round=4, avg_f_acc=0.5233 (ReA), avg_r_acc=0.6094
[2026-08-22 21:47:44] [Relearn] Round=5, avg_f_acc=0.5341 (ReA), avg_r_acc=0.6020
[2026-08-22 21:48:51] [Relearn] Round=6, avg_f_acc=0.5305 (ReA), avg_r_acc=0.6036
[2026-08-22 21:50:02] [Relearn] Round=7, avg_f_acc=0.5269 (ReA), avg_r_acc=0.6034
[2026-08-22 21:51:12] [Relearn] Round=8, avg_f_acc=0.5757 (ReA), avg_r_acc=0.6052
[2026-08-22 21:52:21] [Relearn] Round=9, avg_f_acc=0.5757 (ReA), avg_r_acc=0.6088
[2026-08-22 21:53:31] [Relearn] Round=10, avg_f_acc=0.5448 (ReA), avg_r_acc=0.5960
[2026-08-22 21:54:42] [Relearn] Round=11, avg_f_acc=0.5305 (ReA), avg_r_acc=0.5908
[2026-08-22 21:55:54] [Relearn] Round=12, avg_f_acc=0.5341 (ReA), avg_r_acc=0.5959
[2026-08-22 21:57:03] [Relearn] Round=13, avg_f_acc=0.5412 (ReA), avg_r_acc=0.6064
[2026-08-22 21:58:09] [Relearn] Round=14, avg_f_acc=0.5829 (ReA), avg_r_acc=0.6074
[2026-08-22 21:59:17] [Relearn] Round=15, avg_f_acc=0.5484 (ReA), avg_r_acc=0.5966
[2026-08-22 22:00:28] [Relearn] Round=16, avg_f_acc=0.5341 (ReA), avg_r_acc=0.5998
[2026-08-22 22:01:39] [Relearn] Round=17, avg_f_acc=0.5484 (ReA), avg_r_acc=0.5824
[2026-08-22 22:02:45] [Relearn] Round=18, avg_f_acc=0.5448 (ReA), avg_r_acc=0.6018
[2026-08-22 22:03:51] [Relearn] Round=19, avg_f_acc=0.5376 (ReA), avg_r_acc=0.5594
[2026-08-22 22:05:03] [Relearn] Round=20, avg_f_acc=0.5591 (ReA), avg_r_acc=0.5616
[2026-08-22 22:06:10] [Relearn] Round=21, avg_f_acc=0.5484 (ReA), avg_r_acc=0.6046
[2026-08-22 22:07:17] [Relearn] Round=22, avg_f_acc=0.5448 (ReA), avg_r_acc=0.5933
[2026-08-22 22:08:29] [Relearn] Round=23, avg_f_acc=0.5901 (ReA), avg_r_acc=0.6102
[2026-08-22 22:09:36] [Relearn] Round=24, avg_f_acc=0.5650 (ReA), avg_r_acc=0.5862
[2026-08-22 22:10:46] [Relearn] Round=25, avg_f_acc=0.5865 (ReA), avg_r_acc=0.5856
[2026-08-22 22:11:52] [Relearn] Round=26, avg_f_acc=0.5757 (ReA), avg_r_acc=0.5770
[2026-08-22 22:13:00] [Relearn] Round=27, avg_f_acc=0.5757 (ReA), avg_r_acc=0.5856
[2026-08-22 22:14:10] [Relearn] Round=28, avg_f_acc=0.5757 (ReA), avg_r_acc=0.5910
[2026-08-22 22:15:18] [Relearn] Round=29, avg_f_acc=0.5520 (ReA), avg_r_acc=0.5822
[2026-08-22 22:16:27] [Relearn] Round=30, avg_f_acc=0.5412 (ReA), avg_r_acc=0.5921
[2026-08-22 22:17:33] [Relearn] Round=31, avg_f_acc=0.5591 (ReA), avg_r_acc=0.5903
[2026-08-22 22:18:41] [Relearn] Round=32, avg_f_acc=0.5591 (ReA), avg_r_acc=0.5974
[2026-08-22 22:19:46] [Relearn] Round=33, avg_f_acc=0.5793 (ReA), avg_r_acc=0.5682
[2026-08-22 22:20:55] [Relearn] Round=34, avg_f_acc=0.5269 (ReA), avg_r_acc=0.5661
[2026-08-22 22:22:03] [Relearn] Round=35, avg_f_acc=0.5865 (ReA), avg_r_acc=0.5808
[2026-08-22 22:23:12] [Relearn] Round=36, avg_f_acc=0.5972 (ReA), avg_r_acc=0.5773
[2026-08-22 22:24:21] [Relearn] Round=37, avg_f_acc=0.5757 (ReA), avg_r_acc=0.5827
[2026-08-22 22:25:30] [Relearn] Round=38, avg_f_acc=0.6008 (ReA), avg_r_acc=0.5768
[2026-08-22 22:26:41] [Relearn] Round=39, avg_f_acc=0.5972 (ReA), avg_r_acc=0.5680
[2026-08-22 22:27:50] [Relearn] Round=40, avg_f_acc=0.5829 (ReA), avg_r_acc=0.5731
[2026-08-22 22:28:57] [Relearn] Round=41, avg_f_acc=0.5757 (ReA), avg_r_acc=0.5900
[2026-08-22 22:30:08] [Relearn] Round=42, avg_f_acc=0.5829 (ReA), avg_r_acc=0.5881
[2026-08-22 22:31:18] [Relearn] Round=43, avg_f_acc=0.5793 (ReA), avg_r_acc=0.5884
[2026-08-22 22:32:24] [Relearn] Round=44, avg_f_acc=0.5757 (ReA), avg_r_acc=0.5831
[2026-08-22 22:33:32] [Relearn] Round=45, avg_f_acc=0.5556 (ReA), avg_r_acc=0.5838
[2026-08-22 22:34:39] [Relearn] Round=46, avg_f_acc=0.5412 (ReA), avg_r_acc=0.5917
[2026-08-22 22:35:49] [Relearn] Round=47, avg_f_acc=0.5448 (ReA), avg_r_acc=0.5741
[2026-08-22 22:36:59] [Relearn] Round=48, avg_f_acc=0.5376 (ReA), avg_r_acc=0.5881
[2026-08-22 22:38:06] [Relearn] Round=49, avg_f_acc=0.5721 (ReA), avg_r_acc=0.5690
[2026-08-22 22:38:06] ReA = 0.5721
[2026-08-22 22:38:26] Final unlearned model: global test loss=1.2764, acc=0.7457
[2026-08-22 22:38:26] [fedbn/retrain] hospital=Spain_Dataset, selected_client_id=Spain_Dataset, available_client_ids=['Spain_Dataset']
[2026-08-22 22:38:26] [fedbn/retrain] hospital=Canada_Dataset, selected_client_id=Canada_Dataset, available_client_ids=['Canada_Dataset']
[2026-08-22 22:38:26] Running matched FedBN evaluation: retained hospitals use personalized BN models; the forgotten hospital uses the retained-only averaged BN fallback.
[2026-08-22 22:38:26] [fedbn/retrain] Retained hospitals use personalized BN models. The forgotten hospital uses the retained-BN average model.
[2026-08-22 22:38:47] [eval/classification] accuracy=0.7630 macro_precision=0.7429 macro_recall=0.7277 macro_f1=0.7313 weighted_f1=0.7567
[2026-08-22 22:38:47] [eval/fedbn_retrain] overall_acc=0.7630 overall_loss=1.2288 macro_f1=0.7313 weighted_f1=0.7567 per_hospital={ Spain_Dataset: 0.7830, Canada_Dataset: 0.8972, India_Dataset: 0.3409 }
[2026-08-22 22:39:11] [eval/unlearning/remember_classification] accuracy=0.8733 macro_precision=0.8452 macro_recall=0.8594 macro_f1=0.8514 weighted_f1=0.8749
[2026-08-22 22:39:11] [eval/unlearning/forget_classification] accuracy=0.3409 macro_precision=0.3899 macro_recall=0.3759 macro_f1=0.3131 weighted_f1=0.4040
[2026-08-22 22:40:05] [eval/unlearning/fedbn_retrain] RA=0.8733 FA=0.3409 ReA=0.9621 MIA_acc=0.5893
[2026-08-22 22:40:05] [symmetric eval] RA=0.8733 FA=0.3409 ReA=0.9621 MIA_acc=0.5893
[2026-08-22 22:40:06] Saved matched FedBN FU outputs: 2 retained personalized models and one retained-BN fallback model.
[2026-08-22 22:40:06] Saved unlearned model to checkpoints/fu_cli_domain_aware/fu_cli_domain_aware_fedbn_india_natural_l05_380491/unlearned_model.pt
[2026-08-22 22:40:06] === Run finished: fu_cli_domain_aware_fedbn_india_natural_l05_380491 (elapsed 14685.0s) ===
