[93mWARNING [0m:   DEPRECATED FEATURE: flwr.simulation.start_simulation() is deprecated.
	Instead, use the `flwr run` CLI command to start a local simulation in your Flower app, as shown for example below:

		$ flwr new  # Create a new Flower app from a template

		$ flwr run  # Run the Flower app in Simulation Mode

	Using `start_simulation()` is deprecated.

            This is a deprecated feature. It will be removed
            entirely in future versions of Flower.
        
[92mINFO [0m:      Starting Flower simulation, config: num_rounds=50, no round_timeout
2026-09-03 03:41:51,164	INFO worker.py:2012 -- Started a local Ray instance.
/export/home/ralhasan/anaconda3/envs/fl_fu/lib/python3.10/site-packages/ray/_private/worker.py:2051: FutureWarning: Tip: In future versions of Ray, Ray will no longer override accelerator visible devices env var if num_gpus=0 or num_gpus=None (default). To enable this behavior and turn off this error message, set RAY_ACCEL_ENV_VAR_OVERRIDE_ON_ZERO=0
  warnings.warn(
[92mINFO [0m:      Flower VCE: Ray initialized with resources: {'node:10.141.10.19': 1.0, 'object_store_memory': 101424010444.0, 'accelerator_type:P100': 1.0, 'CPU': 48.0, 'GPU': 1.0, 'memory': 236656024372.0, 'node:__internal_head__': 1.0}
[92mINFO [0m:      Optimize your simulation with Flower VCE: https://flower.ai/docs/framework/how-to-run-simulations.html
[92mINFO [0m:      Flower VCE: Resources for each Virtual Client: {'num_cpus': 1, 'num_gpus': 0.3333333333333333}
[92mINFO [0m:      Flower VCE: Creating VirtualClientEngineActorPool with 3 actors
[92mINFO [0m:      [INIT]
[92mINFO [0m:      Using initial global parameters provided by strategy
[92mINFO [0m:      Starting evaluation of initial global parameters
[92mINFO [0m:      Evaluation returned no results (`None`)
[92mINFO [0m:      
[92mINFO [0m:      [ROUND 1]
[92mINFO [0m:      configure_fit: strategy sampled 3 clients (out of 3)
[36m(pid=gcs_server)[0m [2026-09-03 03:42:17,273 E 3620850 3620850] (gcs_server) gcs_server.cc:302: Failed to establish connection to the event+metrics exporter agent. Events and metrics will not be exported. Exporter agent status: RpcError: Running out of retries to initialize the metrics agent. rpc_code: 14
[33m(raylet)[0m [2026-09-03 03:42:20,500 E 3621036 3621036] (raylet) main.cc:975: Failed to establish connection to the metrics exporter agent. Metrics will not be exported. Exporter agent status: RpcError: Running out of retries to initialize the metrics agent. rpc_code: 14
[36m(ClientAppActor pid=3621200)[0m [2026-09-03 03:42:23,425 E 3621200 3621309] core_worker_process.cc:825: Failed to establish connection to the metrics exporter agent. Metrics will not be exported. Exporter agent status: RpcError: Running out of retries to initialize the metrics agent. rpc_code: 14
[2026-09-03 03:42:24,315 E 3620628 3621170] core_worker_process.cc:825: Failed to establish connection to the metrics exporter agent. Metrics will not be exported. Exporter agent status: RpcError: Running out of retries to initialize the metrics agent. rpc_code: 14
[92mINFO [0m:      aggregate_fit: received 3 results and 0 failures
[92mINFO [0m:      configure_evaluate: strategy sampled 3 clients (out of 3)
[92mINFO [0m:      aggregate_evaluate: received 3 results and 0 failures
[92mINFO [0m:      
[92mINFO [0m:      [ROUND 2]
[92mINFO [0m:      configure_fit: strategy sampled 3 clients (out of 3)
[92mINFO [0m:      aggregate_fit: received 3 results and 0 failures
[92mINFO [0m:      configure_evaluate: strategy sampled 3 clients (out of 3)
[92mINFO [0m:      aggregate_evaluate: received 3 results and 0 failures
[92mINFO [0m:      
[92mINFO [0m:      [ROUND 3]
[92mINFO [0m:      configure_fit: strategy sampled 3 clients (out of 3)
[92mINFO [0m:      aggregate_fit: received 3 results and 0 failures
[92mINFO [0m:      configure_evaluate: strategy sampled 3 clients (out of 3)
[92mINFO [0m:      aggregate_evaluate: received 3 results and 0 failures
[92mINFO [0m:      
[92mINFO [0m:      [ROUND 4]
[92mINFO [0m:      configure_fit: strategy sampled 3 clients (out of 3)
[92mINFO [0m:      aggregate_fit: received 3 results and 0 failures
[92mINFO [0m:      configure_evaluate: strategy sampled 3 clients (out of 3)
[92mINFO [0m:      aggregate_evaluate: received 3 results and 0 failures
[92mINFO [0m:      
[92mINFO [0m:      [ROUND 5]
[92mINFO [0m:      configure_fit: strategy sampled 3 clients (out of 3)
[92mINFO [0m:      aggregate_fit: received 3 results and 0 failures
[92mINFO [0m:      configure_evaluate: strategy sampled 3 clients (out of 3)
[92mINFO [0m:      aggregate_evaluate: received 3 results and 0 failures
[92mINFO [0m:      
[92mINFO [0m:      [ROUND 6]
[92mINFO [0m:      configure_fit: strategy sampled 3 clients (out of 3)
[92mINFO [0m:      aggregate_fit: received 3 results and 0 failures
[92mINFO [0m:      configure_evaluate: strategy sampled 3 clients (out of 3)
[92mINFO [0m:      aggregate_evaluate: received 3 results and 0 failures
[92mINFO [0m:      
[92mINFO [0m:      [ROUND 7]
[92mINFO [0m:      configure_fit: strategy sampled 3 clients (out of 3)
[92mINFO [0m:      aggregate_fit: received 3 results and 0 failures
[92mINFO [0m:      configure_evaluate: strategy sampled 3 clients (out of 3)
[92mINFO [0m:      aggregate_evaluate: received 3 results and 0 failures
[92mINFO [0m:      
[92mINFO [0m:      [ROUND 8]
[92mINFO [0m:      configure_fit: strategy sampled 3 clients (out of 3)
[92mINFO [0m:      aggregate_fit: received 3 results and 0 failures
[92mINFO [0m:      configure_evaluate: strategy sampled 3 clients (out of 3)
[92mINFO [0m:      aggregate_evaluate: received 3 results and 0 failures
[92mINFO [0m:      
[92mINFO [0m:      [ROUND 9]
[92mINFO [0m:      configure_fit: strategy sampled 3 clients (out of 3)
[92mINFO [0m:      aggregate_fit: received 3 results and 0 failures
[92mINFO [0m:      configure_evaluate: strategy sampled 3 clients (out of 3)
[92mINFO [0m:      aggregate_evaluate: received 3 results and 0 failures
[92mINFO [0m:      
[92mINFO [0m:      [ROUND 10]
[92mINFO [0m:      configure_fit: strategy sampled 3 clients (out of 3)
[92mINFO [0m:      aggregate_fit: received 3 results and 0 failures
[92mINFO [0m:      configure_evaluate: strategy sampled 3 clients (out of 3)
[92mINFO [0m:      aggregate_evaluate: received 3 results and 0 failures
[92mINFO [0m:      
[92mINFO [0m:      [ROUND 11]
[92mINFO [0m:      configure_fit: strategy sampled 3 clients (out of 3)
[92mINFO [0m:      aggregate_fit: received 3 results and 0 failures
[92mINFO [0m:      configure_evaluate: strategy sampled 3 clients (out of 3)
[92mINFO [0m:      aggregate_evaluate: received 3 results and 0 failures
[92mINFO [0m:      
[92mINFO [0m:      [ROUND 12]
[92mINFO [0m:      configure_fit: strategy sampled 3 clients (out of 3)
[92mINFO [0m:      aggregate_fit: received 3 results and 0 failures
[92mINFO [0m:      configure_evaluate: strategy sampled 3 clients (out of 3)
[92mINFO [0m:      aggregate_evaluate: received 3 results and 0 failures
[92mINFO [0m:      
[92mINFO [0m:      [ROUND 13]
[92mINFO [0m:      configure_fit: strategy sampled 3 clients (out of 3)
[92mINFO [0m:      aggregate_fit: received 3 results and 0 failures
[92mINFO [0m:      configure_evaluate: strategy sampled 3 clients (out of 3)
[92mINFO [0m:      aggregate_evaluate: received 3 results and 0 failures
[92mINFO [0m:      
[92mINFO [0m:      [ROUND 14]
[92mINFO [0m:      configure_fit: strategy sampled 3 clients (out of 3)
[92mINFO [0m:      aggregate_fit: received 3 results and 0 failures
[92mINFO [0m:      configure_evaluate: strategy sampled 3 clients (out of 3)
[92mINFO [0m:      aggregate_evaluate: received 3 results and 0 failures
[92mINFO [0m:      
[92mINFO [0m:      [ROUND 15]
[92mINFO [0m:      configure_fit: strategy sampled 3 clients (out of 3)
[92mINFO [0m:      aggregate_fit: received 3 results and 0 failures
[92mINFO [0m:      configure_evaluate: strategy sampled 3 clients (out of 3)
[92mINFO [0m:      aggregate_evaluate: received 3 results and 0 failures
[92mINFO [0m:      
[92mINFO [0m:      [ROUND 16]
[92mINFO [0m:      configure_fit: strategy sampled 3 clients (out of 3)
[92mINFO [0m:      aggregate_fit: received 3 results and 0 failures
[92mINFO [0m:      configure_evaluate: strategy sampled 3 clients (out of 3)
[92mINFO [0m:      aggregate_evaluate: received 3 results and 0 failures
[92mINFO [0m:      
[92mINFO [0m:      [ROUND 17]
[92mINFO [0m:      configure_fit: strategy sampled 3 clients (out of 3)
[92mINFO [0m:      aggregate_fit: received 3 results and 0 failures
[92mINFO [0m:      configure_evaluate: strategy sampled 3 clients (out of 3)
[92mINFO [0m:      aggregate_evaluate: received 3 results and 0 failures
[92mINFO [0m:      
[92mINFO [0m:      [ROUND 18]
[92mINFO [0m:      configure_fit: strategy sampled 3 clients (out of 3)
[92mINFO [0m:      aggregate_fit: received 3 results and 0 failures
[92mINFO [0m:      configure_evaluate: strategy sampled 3 clients (out of 3)
[92mINFO [0m:      aggregate_evaluate: received 3 results and 0 failures
[92mINFO [0m:      
[92mINFO [0m:      [ROUND 19]
[92mINFO [0m:      configure_fit: strategy sampled 3 clients (out of 3)
[92mINFO [0m:      aggregate_fit: received 3 results and 0 failures
[92mINFO [0m:      configure_evaluate: strategy sampled 3 clients (out of 3)
[92mINFO [0m:      aggregate_evaluate: received 3 results and 0 failures
[92mINFO [0m:      
[92mINFO [0m:      [ROUND 20]
[92mINFO [0m:      configure_fit: strategy sampled 3 clients (out of 3)
[92mINFO [0m:      aggregate_fit: received 3 results and 0 failures
[92mINFO [0m:      configure_evaluate: strategy sampled 3 clients (out of 3)
[92mINFO [0m:      aggregate_evaluate: received 3 results and 0 failures
[92mINFO [0m:      
[92mINFO [0m:      [ROUND 21]
[92mINFO [0m:      configure_fit: strategy sampled 3 clients (out of 3)
[92mINFO [0m:      aggregate_fit: received 3 results and 0 failures
[92mINFO [0m:      configure_evaluate: strategy sampled 3 clients (out of 3)
[92mINFO [0m:      aggregate_evaluate: received 3 results and 0 failures
[92mINFO [0m:      
[92mINFO [0m:      [ROUND 22]
[92mINFO [0m:      configure_fit: strategy sampled 3 clients (out of 3)
[92mINFO [0m:      aggregate_fit: received 3 results and 0 failures
[92mINFO [0m:      configure_evaluate: strategy sampled 3 clients (out of 3)
[92mINFO [0m:      aggregate_evaluate: received 3 results and 0 failures
[92mINFO [0m:      
[92mINFO [0m:      [ROUND 23]
[92mINFO [0m:      configure_fit: strategy sampled 3 clients (out of 3)
[92mINFO [0m:      aggregate_fit: received 3 results and 0 failures
[92mINFO [0m:      configure_evaluate: strategy sampled 3 clients (out of 3)
[92mINFO [0m:      aggregate_evaluate: received 3 results and 0 failures
[92mINFO [0m:      
[92mINFO [0m:      [ROUND 24]
[92mINFO [0m:      configure_fit: strategy sampled 3 clients (out of 3)
[92mINFO [0m:      aggregate_fit: received 3 results and 0 failures
[92mINFO [0m:      configure_evaluate: strategy sampled 3 clients (out of 3)
[92mINFO [0m:      aggregate_evaluate: received 3 results and 0 failures
[92mINFO [0m:      
[92mINFO [0m:      [ROUND 25]
[92mINFO [0m:      configure_fit: strategy sampled 3 clients (out of 3)
[92mINFO [0m:      aggregate_fit: received 3 results and 0 failures
[92mINFO [0m:      configure_evaluate: strategy sampled 3 clients (out of 3)
[92mINFO [0m:      aggregate_evaluate: received 3 results and 0 failures
[92mINFO [0m:      
[92mINFO [0m:      [ROUND 26]
[92mINFO [0m:      configure_fit: strategy sampled 3 clients (out of 3)
[92mINFO [0m:      aggregate_fit: received 3 results and 0 failures
[92mINFO [0m:      configure_evaluate: strategy sampled 3 clients (out of 3)
[92mINFO [0m:      aggregate_evaluate: received 3 results and 0 failures
[92mINFO [0m:      
[92mINFO [0m:      [ROUND 27]
[92mINFO [0m:      configure_fit: strategy sampled 3 clients (out of 3)
[92mINFO [0m:      aggregate_fit: received 3 results and 0 failures
[92mINFO [0m:      configure_evaluate: strategy sampled 3 clients (out of 3)
[92mINFO [0m:      aggregate_evaluate: received 3 results and 0 failures
[92mINFO [0m:      
[92mINFO [0m:      [ROUND 28]
[92mINFO [0m:      configure_fit: strategy sampled 3 clients (out of 3)
[92mINFO [0m:      aggregate_fit: received 3 results and 0 failures
[92mINFO [0m:      configure_evaluate: strategy sampled 3 clients (out of 3)
[92mINFO [0m:      aggregate_evaluate: received 3 results and 0 failures
[92mINFO [0m:      
[92mINFO [0m:      [ROUND 29]
[92mINFO [0m:      configure_fit: strategy sampled 3 clients (out of 3)
[92mINFO [0m:      aggregate_fit: received 3 results and 0 failures
[92mINFO [0m:      configure_evaluate: strategy sampled 3 clients (out of 3)
[92mINFO [0m:      aggregate_evaluate: received 3 results and 0 failures
[92mINFO [0m:      
[92mINFO [0m:      [ROUND 30]
[92mINFO [0m:      configure_fit: strategy sampled 3 clients (out of 3)
[92mINFO [0m:      aggregate_fit: received 3 results and 0 failures
[92mINFO [0m:      configure_evaluate: strategy sampled 3 clients (out of 3)
[92mINFO [0m:      aggregate_evaluate: received 3 results and 0 failures
[92mINFO [0m:      
[92mINFO [0m:      [ROUND 31]
[92mINFO [0m:      configure_fit: strategy sampled 3 clients (out of 3)
[92mINFO [0m:      aggregate_fit: received 3 results and 0 failures
[92mINFO [0m:      configure_evaluate: strategy sampled 3 clients (out of 3)
[92mINFO [0m:      aggregate_evaluate: received 3 results and 0 failures
[92mINFO [0m:      
[92mINFO [0m:      [ROUND 32]
[92mINFO [0m:      configure_fit: strategy sampled 3 clients (out of 3)
[92mINFO [0m:      aggregate_fit: received 3 results and 0 failures
[92mINFO [0m:      configure_evaluate: strategy sampled 3 clients (out of 3)
[92mINFO [0m:      aggregate_evaluate: received 3 results and 0 failures
[92mINFO [0m:      
[92mINFO [0m:      [ROUND 33]
[92mINFO [0m:      configure_fit: strategy sampled 3 clients (out of 3)
[92mINFO [0m:      aggregate_fit: received 3 results and 0 failures
[92mINFO [0m:      configure_evaluate: strategy sampled 3 clients (out of 3)
[92mINFO [0m:      aggregate_evaluate: received 3 results and 0 failures
[92mINFO [0m:      
[92mINFO [0m:      [ROUND 34]
[92mINFO [0m:      configure_fit: strategy sampled 3 clients (out of 3)
[92mINFO [0m:      aggregate_fit: received 3 results and 0 failures
[92mINFO [0m:      configure_evaluate: strategy sampled 3 clients (out of 3)
[92mINFO [0m:      aggregate_evaluate: received 3 results and 0 failures
[92mINFO [0m:      
[92mINFO [0m:      [ROUND 35]
[92mINFO [0m:      configure_fit: strategy sampled 3 clients (out of 3)
[92mINFO [0m:      aggregate_fit: received 3 results and 0 failures
[92mINFO [0m:      configure_evaluate: strategy sampled 3 clients (out of 3)
[92mINFO [0m:      aggregate_evaluate: received 3 results and 0 failures
[92mINFO [0m:      
[92mINFO [0m:      [ROUND 36]
[92mINFO [0m:      configure_fit: strategy sampled 3 clients (out of 3)
[92mINFO [0m:      aggregate_fit: received 3 results and 0 failures
[92mINFO [0m:      configure_evaluate: strategy sampled 3 clients (out of 3)
[92mINFO [0m:      aggregate_evaluate: received 3 results and 0 failures
[92mINFO [0m:      
[92mINFO [0m:      [ROUND 37]
[92mINFO [0m:      configure_fit: strategy sampled 3 clients (out of 3)
[92mINFO [0m:      aggregate_fit: received 3 results and 0 failures
[92mINFO [0m:      configure_evaluate: strategy sampled 3 clients (out of 3)
[92mINFO [0m:      aggregate_evaluate: received 3 results and 0 failures
[92mINFO [0m:      
[92mINFO [0m:      [ROUND 38]
[92mINFO [0m:      configure_fit: strategy sampled 3 clients (out of 3)
[92mINFO [0m:      aggregate_fit: received 3 results and 0 failures
[92mINFO [0m:      configure_evaluate: strategy sampled 3 clients (out of 3)
[92mINFO [0m:      aggregate_evaluate: received 3 results and 0 failures
[92mINFO [0m:      
[92mINFO [0m:      [ROUND 39]
[92mINFO [0m:      configure_fit: strategy sampled 3 clients (out of 3)
[92mINFO [0m:      aggregate_fit: received 3 results and 0 failures
[92mINFO [0m:      configure_evaluate: strategy sampled 3 clients (out of 3)
[92mINFO [0m:      aggregate_evaluate: received 3 results and 0 failures
[92mINFO [0m:      
[92mINFO [0m:      [ROUND 40]
[92mINFO [0m:      configure_fit: strategy sampled 3 clients (out of 3)
[92mINFO [0m:      aggregate_fit: received 3 results and 0 failures
[92mINFO [0m:      configure_evaluate: strategy sampled 3 clients (out of 3)
[92mINFO [0m:      aggregate_evaluate: received 3 results and 0 failures
[92mINFO [0m:      
[92mINFO [0m:      [ROUND 41]
[92mINFO [0m:      configure_fit: strategy sampled 3 clients (out of 3)
[92mINFO [0m:      aggregate_fit: received 3 results and 0 failures
[92mINFO [0m:      configure_evaluate: strategy sampled 3 clients (out of 3)
[92mINFO [0m:      aggregate_evaluate: received 3 results and 0 failures
[92mINFO [0m:      
[92mINFO [0m:      [ROUND 42]
[92mINFO [0m:      configure_fit: strategy sampled 3 clients (out of 3)
[92mINFO [0m:      aggregate_fit: received 3 results and 0 failures
[92mINFO [0m:      configure_evaluate: strategy sampled 3 clients (out of 3)
[92mINFO [0m:      aggregate_evaluate: received 3 results and 0 failures
[92mINFO [0m:      
[92mINFO [0m:      [ROUND 43]
[92mINFO [0m:      configure_fit: strategy sampled 3 clients (out of 3)
[92mINFO [0m:      aggregate_fit: received 3 results and 0 failures
[92mINFO [0m:      configure_evaluate: strategy sampled 3 clients (out of 3)
[92mINFO [0m:      aggregate_evaluate: received 3 results and 0 failures
[92mINFO [0m:      
[92mINFO [0m:      [ROUND 44]
[92mINFO [0m:      configure_fit: strategy sampled 3 clients (out of 3)
[92mINFO [0m:      aggregate_fit: received 3 results and 0 failures
[92mINFO [0m:      configure_evaluate: strategy sampled 3 clients (out of 3)
[92mINFO [0m:      aggregate_evaluate: received 3 results and 0 failures
[92mINFO [0m:      
[92mINFO [0m:      [ROUND 45]
[92mINFO [0m:      configure_fit: strategy sampled 3 clients (out of 3)
[92mINFO [0m:      aggregate_fit: received 3 results and 0 failures
[92mINFO [0m:      configure_evaluate: strategy sampled 3 clients (out of 3)
[92mINFO [0m:      aggregate_evaluate: received 3 results and 0 failures
[92mINFO [0m:      
[92mINFO [0m:      [ROUND 46]
[92mINFO [0m:      configure_fit: strategy sampled 3 clients (out of 3)
[92mINFO [0m:      aggregate_fit: received 3 results and 0 failures
[92mINFO [0m:      configure_evaluate: strategy sampled 3 clients (out of 3)
[92mINFO [0m:      aggregate_evaluate: received 3 results and 0 failures
[92mINFO [0m:      
[92mINFO [0m:      [ROUND 47]
[92mINFO [0m:      configure_fit: strategy sampled 3 clients (out of 3)
[92mINFO [0m:      aggregate_fit: received 3 results and 0 failures
[92mINFO [0m:      configure_evaluate: strategy sampled 3 clients (out of 3)
[92mINFO [0m:      aggregate_evaluate: received 3 results and 0 failures
[92mINFO [0m:      
[92mINFO [0m:      [ROUND 48]
[92mINFO [0m:      configure_fit: strategy sampled 3 clients (out of 3)
[92mINFO [0m:      aggregate_fit: received 3 results and 0 failures
[92mINFO [0m:      configure_evaluate: strategy sampled 3 clients (out of 3)
[92mINFO [0m:      aggregate_evaluate: received 3 results and 0 failures
[92mINFO [0m:      
[92mINFO [0m:      [ROUND 49]
[92mINFO [0m:      configure_fit: strategy sampled 3 clients (out of 3)
[92mINFO [0m:      aggregate_fit: received 3 results and 0 failures
[92mINFO [0m:      configure_evaluate: strategy sampled 3 clients (out of 3)
[92mINFO [0m:      aggregate_evaluate: received 3 results and 0 failures
[92mINFO [0m:      
[92mINFO [0m:      [ROUND 50]
[92mINFO [0m:      configure_fit: strategy sampled 3 clients (out of 3)
[92mINFO [0m:      aggregate_fit: received 3 results and 0 failures
[92mINFO [0m:      configure_evaluate: strategy sampled 3 clients (out of 3)
[92mINFO [0m:      aggregate_evaluate: received 3 results and 0 failures
[92mINFO [0m:      
[92mINFO [0m:      [SUMMARY]
[92mINFO [0m:      Run finished 50 round(s) in 7558.84s
[92mINFO [0m:      	History (loss, distributed):
[92mINFO [0m:      		round 1: 0.9471128791617449
[92mINFO [0m:      		round 2: 1.0932052298280845
[92mINFO [0m:      		round 3: 12.22534564915851
[92mINFO [0m:      		round 4: 0.9066786563939165
[92mINFO [0m:      		round 5: 2.0228910573423375
[92mINFO [0m:      		round 6: 1.9774207376423212
[92mINFO [0m:      		round 7: 2.1070590924992105
[92mINFO [0m:      		round 8: 1.226804636336945
[92mINFO [0m:      		round 9: 1.2398135724771342
[92mINFO [0m:      		round 10: 1.0429482125038254
[92mINFO [0m:      		round 11: 1.1603858784379166
[92mINFO [0m:      		round 12: 1.0654643418463283
[92mINFO [0m:      		round 13: 0.9093893619263004
[92mINFO [0m:      		round 14: 1.159509381796913
[92mINFO [0m:      		round 15: 0.8212525150278113
[92mINFO [0m:      		round 16: 0.8054554665481651
[92mINFO [0m:      		round 17: 1.0423272192431394
[92mINFO [0m:      		round 18: 1.4241545308188328
[92mINFO [0m:      		round 19: 1.1919582964767654
[92mINFO [0m:      		round 20: 0.9013884178416882
[92mINFO [0m:      		round 21: 0.9189877909618419
[92mINFO [0m:      		round 22: 1.250540637111458
[92mINFO [0m:      		round 23: 1.006852026309473
[92mINFO [0m:      		round 24: 1.140087261024038
[92mINFO [0m:      		round 25: 0.7347213189692194
[92mINFO [0m:      		round 26: 1.2101504896508655
[92mINFO [0m:      		round 27: 1.3075298325303397
[92mINFO [0m:      		round 28: 0.8415052040280508
[92mINFO [0m:      		round 29: 1.0987911693184538
[92mINFO [0m:      		round 30: 1.1111276282649634
[92mINFO [0m:      		round 31: 0.9827051647247104
[92mINFO [0m:      		round 32: 0.9296953317912492
[92mINFO [0m:      		round 33: 0.8644882663558099
[92mINFO [0m:      		round 34: 0.7713454871334638
[92mINFO [0m:      		round 35: 1.036441000951878
[92mINFO [0m:      		round 36: 0.8777455316075772
[92mINFO [0m:      		round 37: 1.105461611943188
[92mINFO [0m:      		round 38: 0.6895401567056939
[92mINFO [0m:      		round 39: 0.6773813135265497
[92mINFO [0m:      		round 40: 0.7521422893610114
[92mINFO [0m:      		round 41: 0.8208659357410304
[92mINFO [0m:      		round 42: 0.9214152331954508
[92mINFO [0m:      		round 43: 1.0257513642715352
[92mINFO [0m:      		round 44: 0.9611362552276141
[92mINFO [0m:      		round 45: 1.017158532048776
[92mINFO [0m:      		round 46: 0.8886072760618919
[92mINFO [0m:      		round 47: 0.9072443414057328
[92mINFO [0m:      		round 48: 1.088410763617523
[92mINFO [0m:      		round 49: 1.2769724636520858
[92mINFO [0m:      		round 50: 0.9638634950165261
[92mINFO [0m:      	History (metrics, distributed, fit):
[92mINFO [0m:      	{'comm_bytes': [(1, 44673804.0),
[92mINFO [0m:      	                (2, 44673804.0),
[92mINFO [0m:      	                (3, 44673804.0),
[92mINFO [0m:      	                (4, 44673804.0),
[92mINFO [0m:      	                (5, 44673804.0),
[92mINFO [0m:      	                (6, 44673804.0),
[92mINFO [0m:      	                (7, 44673804.0),
[92mINFO [0m:      	                (8, 44673804.0),
[92mINFO [0m:      	                (9, 44673804.0),
[92mINFO [0m:      	                (10, 44673804.0),
[92mINFO [0m:      	                (11, 44673804.0),
[92mINFO [0m:      	                (12, 44673804.0),
[92mINFO [0m:      	                (13, 44673804.0),
[92mINFO [0m:      	                (14, 44673804.0),
[92mINFO [0m:      	                (15, 44673804.0),
[92mINFO [0m:      	                (16, 44673804.0),
[92mINFO [0m:      	                (17, 44673804.0),
[92mINFO [0m:      	                (18, 44673804.0),
[92mINFO [0m:      	                (19, 44673804.0),
[92mINFO [0m:      	                (20, 44673804.0),
[92mINFO [0m:      	                (21, 44673804.0),
[92mINFO [0m:      	                (22, 44673804.0),
[92mINFO [0m:      	                (23, 44673804.0),
[92mINFO [0m:      	                (24, 44673804.0),
[92mINFO [0m:      	                (25, 44673804.0),
[92mINFO [0m:      	                (26, 44673804.0),
[92mINFO [0m:      	                (27, 44673804.0),
[92mINFO [0m:      	                (28, 44673804.0),
[92mINFO [0m:      	                (29, 44673804.0),
[92mINFO [0m:      	                (30, 44673804.0),
[92mINFO [0m:      	                (31, 44673804.0),
[92mINFO [0m:      	                (32, 44673804.0),
[92mINFO [0m:      	                (33, 44673804.0),
[92mINFO [0m:      	                (34, 44673804.0),
[92mINFO [0m:      	                (35, 44673804.0),
[92mINFO [0m:      	                (36, 44673804.0),
[92mINFO [0m:      	                (37, 44673804.0),
[92mINFO [0m:      	                (38, 44673804.0),
[92mINFO [0m:      	                (39, 44673804.0),
[92mINFO [0m:      	                (40, 44673804.0),
[92mINFO [0m:      	                (41, 44673804.0),
[92mINFO [0m:      	                (42, 44673804.0),
[92mINFO [0m:      	                (43, 44673804.0),
[92mINFO [0m:      	                (44, 44673804.0),
[92mINFO [0m:      	                (45, 44673804.0),
[92mINFO [0m:      	                (46, 44673804.0),
[92mINFO [0m:      	                (47, 44673804.0),
[92mINFO [0m:      	                (48, 44673804.0),
[92mINFO [0m:      	                (49, 44673804.0),
[92mINFO [0m:      	                (50, 44673804.0)],
[92mINFO [0m:      	 'comp_time_sec': [(1, 56.37824998925051),
[92mINFO [0m:      	                   (2, 60.982846041011996),
[92mINFO [0m:      	                   (3, 58.16787718083915),
[92mINFO [0m:      	                   (4, 58.5099545172819),
[92mINFO [0m:      	                   (5, 58.96398277745003),
[92mINFO [0m:      	                   (6, 54.93249839121901),
[92mINFO [0m:      	                   (7, 57.454004404465046),
[92mINFO [0m:      	                   (8, 59.649119055998604),
[92mINFO [0m:      	                   (9, 56.54220107033497),
[92mINFO [0m:      	                   (10, 58.0037389466847),
[92mINFO [0m:      	                   (11, 60.29573128577762),
[92mINFO [0m:      	                   (12, 56.543083729471746),
[92mINFO [0m:      	                   (13, 56.937265817457295),
[92mINFO [0m:      	                   (14, 58.95836352351613),
[92mINFO [0m:      	                   (15, 59.201044958407486),
[92mINFO [0m:      	                   (16, 56.75176874859127),
[92mINFO [0m:      	                   (17, 58.795315254860974),
[92mINFO [0m:      	                   (18, 55.74847300597063),
[92mINFO [0m:      	                   (19, 57.31838910152593),
[92mINFO [0m:      	                   (20, 58.91388659097078),
[92mINFO [0m:      	                   (21, 58.5434034534796),
[92mINFO [0m:      	                   (22, 56.655151647962924),
[92mINFO [0m:      	                   (23, 60.601124498787826),
[92mINFO [0m:      	                   (24, 55.45612178602087),
[92mINFO [0m:      	                   (25, 56.736842558374555),
[92mINFO [0m:      	                   (26, 57.78637768656719),
[92mINFO [0m:      	                   (27, 59.1645854705666),
[92mINFO [0m:      	                   (28, 56.03435725830202),
[92mINFO [0m:      	                   (29, 55.92032113741702),
[92mINFO [0m:      	                   (30, 55.56560149554193),
[92mINFO [0m:      	                   (31, 55.60782388052133),
[92mINFO [0m:      	                   (32, 58.679404715853416),
[92mINFO [0m:      	                   (33, 58.579391645516935),
[92mINFO [0m:      	                   (34, 54.08669850371015),
[92mINFO [0m:      	                   (35, 57.150403869551),
[92mINFO [0m:      	                   (36, 57.17527014064038),
[92mINFO [0m:      	                   (37, 54.575558498971105),
[92mINFO [0m:      	                   (38, 59.672228373059134),
[92mINFO [0m:      	                   (39, 56.54379044097709),
[92mINFO [0m:      	                   (40, 57.93869763002621),
[92mINFO [0m:      	                   (41, 59.04701382097766),
[92mINFO [0m:      	                   (42, 55.811343995370265),
[92mINFO [0m:      	                   (43, 56.23195066461413),
[92mINFO [0m:      	                   (44, 57.662409544929744),
[92mINFO [0m:      	                   (45, 55.774343000622245),
[92mINFO [0m:      	                   (46, 56.614581401188545),
[92mINFO [0m:      	                   (47, 59.798195648733085),
[92mINFO [0m:      	                   (48, 57.17046161512221),
[92mINFO [0m:      	                   (49, 55.65365937610311),
[92mINFO [0m:      	                   (50, 60.35080065361158)],
[92mINFO [0m:      	 'train_loss': [(1, 0.7235466378655255),
[92mINFO [0m:      	                (2, 0.7247820767459395),
[92mINFO [0m:      	                (3, 0.745736002442548),
[92mINFO [0m:      	                (4, 0.7036907791343701),
[92mINFO [0m:      	                (5, 0.6584260549093399),
[92mINFO [0m:      	                (6, 0.6018605996728332),
[92mINFO [0m:      	                (7, 0.5711466788763174),
[92mINFO [0m:      	                (8, 0.5165883828652984),
[92mINFO [0m:      	                (9, 0.47274563798963243),
[92mINFO [0m:      	                (10, 0.4191719160156032),
[92mINFO [0m:      	                (11, 0.3530441448095679),
[92mINFO [0m:      	                (12, 0.3238485921038432),
[92mINFO [0m:      	                (13, 0.29022302037272246),
[92mINFO [0m:      	                (14, 0.2790604340290967),
[92mINFO [0m:      	                (15, 0.24950478200177525),
[92mINFO [0m:      	                (16, 0.22319040635786658),
[92mINFO [0m:      	                (17, 0.19388255916933042),
[92mINFO [0m:      	                (18, 0.21693820380352238),
[92mINFO [0m:      	                (19, 0.20057693737239732),
[92mINFO [0m:      	                (20, 0.18479166135751862),
[92mINFO [0m:      	                (21, 0.14565929773928854),
[92mINFO [0m:      	                (22, 0.15892207324660623),
[92mINFO [0m:      	                (23, 0.14716152431378055),
[92mINFO [0m:      	                (24, 0.13514005695482276),
[92mINFO [0m:      	                (25, 0.12628008408637026),
[92mINFO [0m:      	                (26, 0.12539803578970368),
[92mINFO [0m:      	                (27, 0.11677575773390178),
[92mINFO [0m:      	                (28, 0.11865984159350193),
[92mINFO [0m:      	                (29, 0.09872715355260898),
[92mINFO [0m:      	                (30, 0.10880234532296063),
[92mINFO [0m:      	                (31, 0.10067161530125336),
[92mINFO [0m:      	                (32, 0.0881351610546299),
[92mINFO [0m:      	                (33, 0.11083817442622093),
[92mINFO [0m:      	                (34, 0.09323582893090175),
[92mINFO [0m:      	                (35, 0.08224104870678638),
[92mINFO [0m:      	                (36, 0.08636975903057396),
[92mINFO [0m:      	                (37, 0.07186233806706366),
[92mINFO [0m:      	                (38, 0.0968994642755884),
[92mINFO [0m:      	                (39, 0.07906987903588736),
[92mINFO [0m:      	                (40, 0.06971952626126258),
[92mINFO [0m:      	                (41, 0.06999095959350743),
[92mINFO [0m:      	                (42, 0.0662001744173818),
[92mINFO [0m:      	                (43, 0.06842228281066094),
[92mINFO [0m:      	                (44, 0.06680875275853118),
[92mINFO [0m:      	                (45, 0.05499706918944954),
[92mINFO [0m:      	                (46, 0.0670559669790088),
[92mINFO [0m:      	                (47, 0.06125428881028731),
[92mINFO [0m:      	                (48, 0.04742246285248421),
[92mINFO [0m:      	                (49, 0.06378590999060031),
[92mINFO [0m:      	                (50, 0.08110512240078538)]}
[92mINFO [0m:      	History (metrics, distributed, evaluate):
[92mINFO [0m:      	{'accuracy': [(1, 0.6263736263736264),
[92mINFO [0m:      	              (2, 0.5729984301412873),
[92mINFO [0m:      	              (3, 0.6766091051805337),
[92mINFO [0m:      	              (4, 0.6781789638932496),
[92mINFO [0m:      	              (5, 0.6624803767660911),
[92mINFO [0m:      	              (6, 0.6263736263736264),
[92mINFO [0m:      	              (7, 0.6923076923076923),
[92mINFO [0m:      	              (8, 0.48822605965463106),
[92mINFO [0m:      	              (9, 0.6389324960753532),
[92mINFO [0m:      	              (10, 0.6232339089481946),
[92mINFO [0m:      	              (11, 0.5635792778649922),
[92mINFO [0m:      	              (12, 0.6012558869701727),
[92mINFO [0m:      	              (13, 0.7158555729984302),
[92mINFO [0m:      	              (14, 0.6263736263736264),
[92mINFO [0m:      	              (15, 0.6703296703296703),
[92mINFO [0m:      	              (16, 0.7331240188383046),
[92mINFO [0m:      	              (17, 0.6671899529042387),
[92mINFO [0m:      	              (18, 0.6860282574568289),
[92mINFO [0m:      	              (19, 0.6766091051805337),
[92mINFO [0m:      	              (20, 0.7189952904238619),
[92mINFO [0m:      	              (21, 0.7551020408163265),
[92mINFO [0m:      	              (22, 0.7409733124018838),
[92mINFO [0m:      	              (23, 0.7252747252747253),
[92mINFO [0m:      	              (24, 0.6781789638932496),
[92mINFO [0m:      	              (25, 0.814756671899529),
[92mINFO [0m:      	              (26, 0.6970172684458399),
[92mINFO [0m:      	              (27, 0.7786499215070644),
[92mINFO [0m:      	              (28, 0.7896389324960753),
[92mINFO [0m:      	              (29, 0.7551020408163265),
[92mINFO [0m:      	              (30, 0.7252747252747253),
[92mINFO [0m:      	              (31, 0.7566718995290423),
[92mINFO [0m:      	              (32, 0.7974882260596546),
[92mINFO [0m:      	              (33, 0.8021978021978022),
[92mINFO [0m:      	              (34, 0.8100470957613815),
[92mINFO [0m:      	              (35, 0.8037676609105181),
[92mINFO [0m:      	              (36, 0.7959183673469388),
[92mINFO [0m:      	              (37, 0.7802197802197802),
[92mINFO [0m:      	              (38, 0.8053375196232339),
[92mINFO [0m:      	              (39, 0.8037676609105181),
[92mINFO [0m:      	              (40, 0.8273155416012559),
[92mINFO [0m:      	              (41, 0.8163265306122449),
[92mINFO [0m:      	              (42, 0.8131868131868132),
[92mINFO [0m:      	              (43, 0.783359497645212),
[92mINFO [0m:      	              (44, 0.7959183673469388),
[92mINFO [0m:      	              (45, 0.7959183673469388),
[92mINFO [0m:      	              (46, 0.8131868131868132),
[92mINFO [0m:      	              (47, 0.8288854003139717),
[92mINFO [0m:      	              (48, 0.8053375196232339),
[92mINFO [0m:      	              (49, 0.7990580847723705),
[92mINFO [0m:      	              (50, 0.8069073783359497)]}
[92mINFO [0m:      
[36m(pid=3621224)[0m [2026-09-03 03:42:24,293 E 3621224 3623991] core_worker_process.cc:825: Failed to establish connection to the metrics exporter agent. Metrics will not be exported. Exporter agent status: RpcError: Running out of retries to initialize the metrics agent. rpc_code: 14[32m [repeated 47x across cluster] (Ray deduplicates logs by default. Set RAY_DEDUP_LOGS=0 to disable log deduplication, or see https://docs.ray.io/en/master/ray-observability/user-guides/configure-logging.html#log-deduplication for more options.)[0m
