[93mWARNING [0m:   DEPRECATED FEATURE: flwr.simulation.start_simulation() is deprecated.
	Instead, use the `flwr run` CLI command to start a local simulation in your Flower app, as shown for example below:

		$ flwr new  # Create a new Flower app from a template

		$ flwr run  # Run the Flower app in Simulation Mode

	Using `start_simulation()` is deprecated.

            This is a deprecated feature. It will be removed
            entirely in future versions of Flower.
        
[92mINFO [0m:      Starting Flower simulation, config: num_rounds=50, no round_timeout
2026-09-05 23:52:10,289	INFO worker.py:2012 -- Started a local Ray instance.
/export/home/ralhasan/anaconda3/envs/fl_fu/lib/python3.10/site-packages/ray/_private/worker.py:2051: FutureWarning: Tip: In future versions of Ray, Ray will no longer override accelerator visible devices env var if num_gpus=0 or num_gpus=None (default). To enable this behavior and turn off this error message, set RAY_ACCEL_ENV_VAR_OVERRIDE_ON_ZERO=0
  warnings.warn(
[92mINFO [0m:      Flower VCE: Ray initialized with resources: {'GPU': 1.0, 'node:10.141.10.4': 1.0, 'object_store_memory': 161618342707.0, 'memory': 377109466317.0, 'node:__internal_head__': 1.0, 'CPU': 32.0, 'accelerator_type:A16': 1.0}
[92mINFO [0m:      Optimize your simulation with Flower VCE: https://flower.ai/docs/framework/how-to-run-simulations.html
[92mINFO [0m:      Flower VCE: Resources for each Virtual Client: {'num_cpus': 1, 'num_gpus': 0.3333333333333333}
[92mINFO [0m:      Flower VCE: Creating VirtualClientEngineActorPool with 3 actors
[92mINFO [0m:      [INIT]
[92mINFO [0m:      Using initial global parameters provided by strategy
[92mINFO [0m:      Starting evaluation of initial global parameters
[92mINFO [0m:      Evaluation returned no results (`None`)
[92mINFO [0m:      
[92mINFO [0m:      [ROUND 1]
[92mINFO [0m:      configure_fit: strategy sampled 3 clients (out of 3)
[36m(pid=gcs_server)[0m [2026-09-05 23:52:38,363 E 2970037 2970037] (gcs_server) gcs_server.cc:302: Failed to establish connection to the event+metrics exporter agent. Events and metrics will not be exported. Exporter agent status: RpcError: Running out of retries to initialize the metrics agent. rpc_code: 14
[33m(raylet)[0m [2026-09-05 23:52:40,238 E 2970286 2970286] (raylet) main.cc:975: Failed to establish connection to the metrics exporter agent. Metrics will not be exported. Exporter agent status: RpcError: Running out of retries to initialize the metrics agent. rpc_code: 14
[36m(ClientAppActor pid=2970479)[0m [2026-09-05 23:52:42,904 E 2970479 2970725] core_worker_process.cc:825: Failed to establish connection to the metrics exporter agent. Metrics will not be exported. Exporter agent status: RpcError: Running out of retries to initialize the metrics agent. rpc_code: 14
[2026-09-05 23:52:43,632 E 2969668 2970470] core_worker_process.cc:825: Failed to establish connection to the metrics exporter agent. Metrics will not be exported. Exporter agent status: RpcError: Running out of retries to initialize the metrics agent. rpc_code: 14
[92mINFO [0m:      aggregate_fit: received 3 results and 0 failures
[92mINFO [0m:      configure_evaluate: strategy sampled 3 clients (out of 3)
[92mINFO [0m:      aggregate_evaluate: received 3 results and 0 failures
[92mINFO [0m:      
[92mINFO [0m:      [ROUND 2]
[92mINFO [0m:      configure_fit: strategy sampled 3 clients (out of 3)
[92mINFO [0m:      aggregate_fit: received 3 results and 0 failures
[92mINFO [0m:      configure_evaluate: strategy sampled 3 clients (out of 3)
[92mINFO [0m:      aggregate_evaluate: received 3 results and 0 failures
[92mINFO [0m:      
[92mINFO [0m:      [ROUND 3]
[92mINFO [0m:      configure_fit: strategy sampled 3 clients (out of 3)
[92mINFO [0m:      aggregate_fit: received 3 results and 0 failures
[92mINFO [0m:      configure_evaluate: strategy sampled 3 clients (out of 3)
[92mINFO [0m:      aggregate_evaluate: received 3 results and 0 failures
[92mINFO [0m:      
[92mINFO [0m:      [ROUND 4]
[92mINFO [0m:      configure_fit: strategy sampled 3 clients (out of 3)
[92mINFO [0m:      aggregate_fit: received 3 results and 0 failures
[92mINFO [0m:      configure_evaluate: strategy sampled 3 clients (out of 3)
[92mINFO [0m:      aggregate_evaluate: received 3 results and 0 failures
[92mINFO [0m:      
[92mINFO [0m:      [ROUND 5]
[92mINFO [0m:      configure_fit: strategy sampled 3 clients (out of 3)
[92mINFO [0m:      aggregate_fit: received 3 results and 0 failures
[92mINFO [0m:      configure_evaluate: strategy sampled 3 clients (out of 3)
[92mINFO [0m:      aggregate_evaluate: received 3 results and 0 failures
[92mINFO [0m:      
[92mINFO [0m:      [ROUND 6]
[92mINFO [0m:      configure_fit: strategy sampled 3 clients (out of 3)
[92mINFO [0m:      aggregate_fit: received 3 results and 0 failures
[92mINFO [0m:      configure_evaluate: strategy sampled 3 clients (out of 3)
[92mINFO [0m:      aggregate_evaluate: received 3 results and 0 failures
[92mINFO [0m:      
[92mINFO [0m:      [ROUND 7]
[92mINFO [0m:      configure_fit: strategy sampled 3 clients (out of 3)
[92mINFO [0m:      aggregate_fit: received 3 results and 0 failures
[92mINFO [0m:      configure_evaluate: strategy sampled 3 clients (out of 3)
[92mINFO [0m:      aggregate_evaluate: received 3 results and 0 failures
[92mINFO [0m:      
[92mINFO [0m:      [ROUND 8]
[92mINFO [0m:      configure_fit: strategy sampled 3 clients (out of 3)
[92mINFO [0m:      aggregate_fit: received 3 results and 0 failures
[92mINFO [0m:      configure_evaluate: strategy sampled 3 clients (out of 3)
[92mINFO [0m:      aggregate_evaluate: received 3 results and 0 failures
[92mINFO [0m:      
[92mINFO [0m:      [ROUND 9]
[92mINFO [0m:      configure_fit: strategy sampled 3 clients (out of 3)
[92mINFO [0m:      aggregate_fit: received 3 results and 0 failures
[92mINFO [0m:      configure_evaluate: strategy sampled 3 clients (out of 3)
[92mINFO [0m:      aggregate_evaluate: received 3 results and 0 failures
[92mINFO [0m:      
[92mINFO [0m:      [ROUND 10]
[92mINFO [0m:      configure_fit: strategy sampled 3 clients (out of 3)
[92mINFO [0m:      aggregate_fit: received 3 results and 0 failures
[92mINFO [0m:      configure_evaluate: strategy sampled 3 clients (out of 3)
[92mINFO [0m:      aggregate_evaluate: received 3 results and 0 failures
[92mINFO [0m:      
[92mINFO [0m:      [ROUND 11]
[92mINFO [0m:      configure_fit: strategy sampled 3 clients (out of 3)
[92mINFO [0m:      aggregate_fit: received 3 results and 0 failures
[92mINFO [0m:      configure_evaluate: strategy sampled 3 clients (out of 3)
[92mINFO [0m:      aggregate_evaluate: received 3 results and 0 failures
[92mINFO [0m:      
[92mINFO [0m:      [ROUND 12]
[92mINFO [0m:      configure_fit: strategy sampled 3 clients (out of 3)
[92mINFO [0m:      aggregate_fit: received 3 results and 0 failures
[92mINFO [0m:      configure_evaluate: strategy sampled 3 clients (out of 3)
[92mINFO [0m:      aggregate_evaluate: received 3 results and 0 failures
[92mINFO [0m:      
[92mINFO [0m:      [ROUND 13]
[92mINFO [0m:      configure_fit: strategy sampled 3 clients (out of 3)
[92mINFO [0m:      aggregate_fit: received 3 results and 0 failures
[92mINFO [0m:      configure_evaluate: strategy sampled 3 clients (out of 3)
[92mINFO [0m:      aggregate_evaluate: received 3 results and 0 failures
[92mINFO [0m:      
[92mINFO [0m:      [ROUND 14]
[92mINFO [0m:      configure_fit: strategy sampled 3 clients (out of 3)
[92mINFO [0m:      aggregate_fit: received 3 results and 0 failures
[92mINFO [0m:      configure_evaluate: strategy sampled 3 clients (out of 3)
[92mINFO [0m:      aggregate_evaluate: received 3 results and 0 failures
[92mINFO [0m:      
[92mINFO [0m:      [ROUND 15]
[92mINFO [0m:      configure_fit: strategy sampled 3 clients (out of 3)
[92mINFO [0m:      aggregate_fit: received 3 results and 0 failures
[92mINFO [0m:      configure_evaluate: strategy sampled 3 clients (out of 3)
[92mINFO [0m:      aggregate_evaluate: received 3 results and 0 failures
[92mINFO [0m:      
[92mINFO [0m:      [ROUND 16]
[92mINFO [0m:      configure_fit: strategy sampled 3 clients (out of 3)
[92mINFO [0m:      aggregate_fit: received 3 results and 0 failures
[92mINFO [0m:      configure_evaluate: strategy sampled 3 clients (out of 3)
[92mINFO [0m:      aggregate_evaluate: received 3 results and 0 failures
[92mINFO [0m:      
[92mINFO [0m:      [ROUND 17]
[92mINFO [0m:      configure_fit: strategy sampled 3 clients (out of 3)
[92mINFO [0m:      aggregate_fit: received 3 results and 0 failures
[92mINFO [0m:      configure_evaluate: strategy sampled 3 clients (out of 3)
[92mINFO [0m:      aggregate_evaluate: received 3 results and 0 failures
[92mINFO [0m:      
[92mINFO [0m:      [ROUND 18]
[92mINFO [0m:      configure_fit: strategy sampled 3 clients (out of 3)
[92mINFO [0m:      aggregate_fit: received 3 results and 0 failures
[92mINFO [0m:      configure_evaluate: strategy sampled 3 clients (out of 3)
[92mINFO [0m:      aggregate_evaluate: received 3 results and 0 failures
[92mINFO [0m:      
[92mINFO [0m:      [ROUND 19]
[92mINFO [0m:      configure_fit: strategy sampled 3 clients (out of 3)
[92mINFO [0m:      aggregate_fit: received 3 results and 0 failures
[92mINFO [0m:      configure_evaluate: strategy sampled 3 clients (out of 3)
[92mINFO [0m:      aggregate_evaluate: received 3 results and 0 failures
[92mINFO [0m:      
[92mINFO [0m:      [ROUND 20]
[92mINFO [0m:      configure_fit: strategy sampled 3 clients (out of 3)
[92mINFO [0m:      aggregate_fit: received 3 results and 0 failures
[92mINFO [0m:      configure_evaluate: strategy sampled 3 clients (out of 3)
[92mINFO [0m:      aggregate_evaluate: received 3 results and 0 failures
[92mINFO [0m:      
[92mINFO [0m:      [ROUND 21]
[92mINFO [0m:      configure_fit: strategy sampled 3 clients (out of 3)
[92mINFO [0m:      aggregate_fit: received 3 results and 0 failures
[92mINFO [0m:      configure_evaluate: strategy sampled 3 clients (out of 3)
[92mINFO [0m:      aggregate_evaluate: received 3 results and 0 failures
[92mINFO [0m:      
[92mINFO [0m:      [ROUND 22]
[92mINFO [0m:      configure_fit: strategy sampled 3 clients (out of 3)
[92mINFO [0m:      aggregate_fit: received 3 results and 0 failures
[92mINFO [0m:      configure_evaluate: strategy sampled 3 clients (out of 3)
[92mINFO [0m:      aggregate_evaluate: received 3 results and 0 failures
[92mINFO [0m:      
[92mINFO [0m:      [ROUND 23]
[92mINFO [0m:      configure_fit: strategy sampled 3 clients (out of 3)
[92mINFO [0m:      aggregate_fit: received 3 results and 0 failures
[92mINFO [0m:      configure_evaluate: strategy sampled 3 clients (out of 3)
[92mINFO [0m:      aggregate_evaluate: received 3 results and 0 failures
[92mINFO [0m:      
[92mINFO [0m:      [ROUND 24]
[92mINFO [0m:      configure_fit: strategy sampled 3 clients (out of 3)
[92mINFO [0m:      aggregate_fit: received 3 results and 0 failures
[92mINFO [0m:      configure_evaluate: strategy sampled 3 clients (out of 3)
[92mINFO [0m:      aggregate_evaluate: received 3 results and 0 failures
[92mINFO [0m:      
[92mINFO [0m:      [ROUND 25]
[92mINFO [0m:      configure_fit: strategy sampled 3 clients (out of 3)
[92mINFO [0m:      aggregate_fit: received 3 results and 0 failures
[92mINFO [0m:      configure_evaluate: strategy sampled 3 clients (out of 3)
[92mINFO [0m:      aggregate_evaluate: received 3 results and 0 failures
[92mINFO [0m:      
[92mINFO [0m:      [ROUND 26]
[92mINFO [0m:      configure_fit: strategy sampled 3 clients (out of 3)
[92mINFO [0m:      aggregate_fit: received 3 results and 0 failures
[92mINFO [0m:      configure_evaluate: strategy sampled 3 clients (out of 3)
[92mINFO [0m:      aggregate_evaluate: received 3 results and 0 failures
[92mINFO [0m:      
[92mINFO [0m:      [ROUND 27]
[92mINFO [0m:      configure_fit: strategy sampled 3 clients (out of 3)
[92mINFO [0m:      aggregate_fit: received 3 results and 0 failures
[92mINFO [0m:      configure_evaluate: strategy sampled 3 clients (out of 3)
[92mINFO [0m:      aggregate_evaluate: received 3 results and 0 failures
[92mINFO [0m:      
[92mINFO [0m:      [ROUND 28]
[92mINFO [0m:      configure_fit: strategy sampled 3 clients (out of 3)
[92mINFO [0m:      aggregate_fit: received 3 results and 0 failures
[92mINFO [0m:      configure_evaluate: strategy sampled 3 clients (out of 3)
[92mINFO [0m:      aggregate_evaluate: received 3 results and 0 failures
[92mINFO [0m:      
[92mINFO [0m:      [ROUND 29]
[92mINFO [0m:      configure_fit: strategy sampled 3 clients (out of 3)
[92mINFO [0m:      aggregate_fit: received 3 results and 0 failures
[92mINFO [0m:      configure_evaluate: strategy sampled 3 clients (out of 3)
[92mINFO [0m:      aggregate_evaluate: received 3 results and 0 failures
[92mINFO [0m:      
[92mINFO [0m:      [ROUND 30]
[92mINFO [0m:      configure_fit: strategy sampled 3 clients (out of 3)
[92mINFO [0m:      aggregate_fit: received 3 results and 0 failures
[92mINFO [0m:      configure_evaluate: strategy sampled 3 clients (out of 3)
[92mINFO [0m:      aggregate_evaluate: received 3 results and 0 failures
[92mINFO [0m:      
[92mINFO [0m:      [ROUND 31]
[92mINFO [0m:      configure_fit: strategy sampled 3 clients (out of 3)
[92mINFO [0m:      aggregate_fit: received 3 results and 0 failures
[92mINFO [0m:      configure_evaluate: strategy sampled 3 clients (out of 3)
[92mINFO [0m:      aggregate_evaluate: received 3 results and 0 failures
[92mINFO [0m:      
[92mINFO [0m:      [ROUND 32]
[92mINFO [0m:      configure_fit: strategy sampled 3 clients (out of 3)
[92mINFO [0m:      aggregate_fit: received 3 results and 0 failures
[92mINFO [0m:      configure_evaluate: strategy sampled 3 clients (out of 3)
[92mINFO [0m:      aggregate_evaluate: received 3 results and 0 failures
[92mINFO [0m:      
[92mINFO [0m:      [ROUND 33]
[92mINFO [0m:      configure_fit: strategy sampled 3 clients (out of 3)
[92mINFO [0m:      aggregate_fit: received 3 results and 0 failures
[92mINFO [0m:      configure_evaluate: strategy sampled 3 clients (out of 3)
[92mINFO [0m:      aggregate_evaluate: received 3 results and 0 failures
[92mINFO [0m:      
[92mINFO [0m:      [ROUND 34]
[92mINFO [0m:      configure_fit: strategy sampled 3 clients (out of 3)
[92mINFO [0m:      aggregate_fit: received 3 results and 0 failures
[92mINFO [0m:      configure_evaluate: strategy sampled 3 clients (out of 3)
[92mINFO [0m:      aggregate_evaluate: received 3 results and 0 failures
[92mINFO [0m:      
[92mINFO [0m:      [ROUND 35]
[92mINFO [0m:      configure_fit: strategy sampled 3 clients (out of 3)
[92mINFO [0m:      aggregate_fit: received 3 results and 0 failures
[92mINFO [0m:      configure_evaluate: strategy sampled 3 clients (out of 3)
[92mINFO [0m:      aggregate_evaluate: received 3 results and 0 failures
[92mINFO [0m:      
[92mINFO [0m:      [ROUND 36]
[92mINFO [0m:      configure_fit: strategy sampled 3 clients (out of 3)
[92mINFO [0m:      aggregate_fit: received 3 results and 0 failures
[92mINFO [0m:      configure_evaluate: strategy sampled 3 clients (out of 3)
[92mINFO [0m:      aggregate_evaluate: received 3 results and 0 failures
[92mINFO [0m:      
[92mINFO [0m:      [ROUND 37]
[92mINFO [0m:      configure_fit: strategy sampled 3 clients (out of 3)
[92mINFO [0m:      aggregate_fit: received 3 results and 0 failures
[92mINFO [0m:      configure_evaluate: strategy sampled 3 clients (out of 3)
[92mINFO [0m:      aggregate_evaluate: received 3 results and 0 failures
[92mINFO [0m:      
[92mINFO [0m:      [ROUND 38]
[92mINFO [0m:      configure_fit: strategy sampled 3 clients (out of 3)
[92mINFO [0m:      aggregate_fit: received 3 results and 0 failures
[92mINFO [0m:      configure_evaluate: strategy sampled 3 clients (out of 3)
[92mINFO [0m:      aggregate_evaluate: received 3 results and 0 failures
[92mINFO [0m:      
[92mINFO [0m:      [ROUND 39]
[92mINFO [0m:      configure_fit: strategy sampled 3 clients (out of 3)
[92mINFO [0m:      aggregate_fit: received 3 results and 0 failures
[92mINFO [0m:      configure_evaluate: strategy sampled 3 clients (out of 3)
[92mINFO [0m:      aggregate_evaluate: received 3 results and 0 failures
[92mINFO [0m:      
[92mINFO [0m:      [ROUND 40]
[92mINFO [0m:      configure_fit: strategy sampled 3 clients (out of 3)
[92mINFO [0m:      aggregate_fit: received 3 results and 0 failures
[92mINFO [0m:      configure_evaluate: strategy sampled 3 clients (out of 3)
[92mINFO [0m:      aggregate_evaluate: received 3 results and 0 failures
[92mINFO [0m:      
[92mINFO [0m:      [ROUND 41]
[92mINFO [0m:      configure_fit: strategy sampled 3 clients (out of 3)
[92mINFO [0m:      aggregate_fit: received 3 results and 0 failures
[92mINFO [0m:      configure_evaluate: strategy sampled 3 clients (out of 3)
[92mINFO [0m:      aggregate_evaluate: received 3 results and 0 failures
[92mINFO [0m:      
[92mINFO [0m:      [ROUND 42]
[92mINFO [0m:      configure_fit: strategy sampled 3 clients (out of 3)
[92mINFO [0m:      aggregate_fit: received 3 results and 0 failures
[92mINFO [0m:      configure_evaluate: strategy sampled 3 clients (out of 3)
[92mINFO [0m:      aggregate_evaluate: received 3 results and 0 failures
[92mINFO [0m:      
[92mINFO [0m:      [ROUND 43]
[92mINFO [0m:      configure_fit: strategy sampled 3 clients (out of 3)
[92mINFO [0m:      aggregate_fit: received 3 results and 0 failures
[92mINFO [0m:      configure_evaluate: strategy sampled 3 clients (out of 3)
[92mINFO [0m:      aggregate_evaluate: received 3 results and 0 failures
[92mINFO [0m:      
[92mINFO [0m:      [ROUND 44]
[92mINFO [0m:      configure_fit: strategy sampled 3 clients (out of 3)
[92mINFO [0m:      aggregate_fit: received 3 results and 0 failures
[92mINFO [0m:      configure_evaluate: strategy sampled 3 clients (out of 3)
[92mINFO [0m:      aggregate_evaluate: received 3 results and 0 failures
[92mINFO [0m:      
[92mINFO [0m:      [ROUND 45]
[92mINFO [0m:      configure_fit: strategy sampled 3 clients (out of 3)
[92mINFO [0m:      aggregate_fit: received 3 results and 0 failures
[92mINFO [0m:      configure_evaluate: strategy sampled 3 clients (out of 3)
[92mINFO [0m:      aggregate_evaluate: received 3 results and 0 failures
[92mINFO [0m:      
[92mINFO [0m:      [ROUND 46]
[92mINFO [0m:      configure_fit: strategy sampled 3 clients (out of 3)
[92mINFO [0m:      aggregate_fit: received 3 results and 0 failures
[92mINFO [0m:      configure_evaluate: strategy sampled 3 clients (out of 3)
[92mINFO [0m:      aggregate_evaluate: received 3 results and 0 failures
[92mINFO [0m:      
[92mINFO [0m:      [ROUND 47]
[92mINFO [0m:      configure_fit: strategy sampled 3 clients (out of 3)
[92mINFO [0m:      aggregate_fit: received 3 results and 0 failures
[92mINFO [0m:      configure_evaluate: strategy sampled 3 clients (out of 3)
[92mINFO [0m:      aggregate_evaluate: received 3 results and 0 failures
[92mINFO [0m:      
[92mINFO [0m:      [ROUND 48]
[92mINFO [0m:      configure_fit: strategy sampled 3 clients (out of 3)
[92mINFO [0m:      aggregate_fit: received 3 results and 0 failures
[92mINFO [0m:      configure_evaluate: strategy sampled 3 clients (out of 3)
[92mINFO [0m:      aggregate_evaluate: received 3 results and 0 failures
[92mINFO [0m:      
[92mINFO [0m:      [ROUND 49]
[92mINFO [0m:      configure_fit: strategy sampled 3 clients (out of 3)
[92mINFO [0m:      aggregate_fit: received 3 results and 0 failures
[92mINFO [0m:      configure_evaluate: strategy sampled 3 clients (out of 3)
[92mINFO [0m:      aggregate_evaluate: received 3 results and 0 failures
[92mINFO [0m:      
[92mINFO [0m:      [ROUND 50]
[92mINFO [0m:      configure_fit: strategy sampled 3 clients (out of 3)
[92mINFO [0m:      aggregate_fit: received 3 results and 0 failures
[92mINFO [0m:      configure_evaluate: strategy sampled 3 clients (out of 3)
[92mINFO [0m:      aggregate_evaluate: received 3 results and 0 failures
[92mINFO [0m:      
[92mINFO [0m:      [SUMMARY]
[92mINFO [0m:      Run finished 50 round(s) in 4885.44s
[92mINFO [0m:      	History (loss, distributed):
[92mINFO [0m:      		round 1: 0.8918737556721015
[92mINFO [0m:      		round 2: 6.1156310178047075
[92mINFO [0m:      		round 3: 1.0269160386718799
[92mINFO [0m:      		round 4: 5.522857367158578
[92mINFO [0m:      		round 5: 1.5861466926474306
[92mINFO [0m:      		round 6: 0.7873555317029848
[92mINFO [0m:      		round 7: 0.8228197748095873
[92mINFO [0m:      		round 8: 0.805685341264614
[92mINFO [0m:      		round 9: 0.7099869268093978
[92mINFO [0m:      		round 10: 0.7926419574761503
[92mINFO [0m:      		round 11: 0.9706389274290256
[92mINFO [0m:      		round 12: 1.4434791137603238
[92mINFO [0m:      		round 13: 0.8556145974193675
[92mINFO [0m:      		round 14: 0.8201876016950682
[92mINFO [0m:      		round 15: 0.8902066837487452
[92mINFO [0m:      		round 16: 1.0275376896656103
[92mINFO [0m:      		round 17: 1.2977727941431842
[92mINFO [0m:      		round 18: 1.3479604121280053
[92mINFO [0m:      		round 19: 0.9804140627384186
[92mINFO [0m:      		round 20: 1.7479314185749137
[92mINFO [0m:      		round 21: 1.036652070000838
[92mINFO [0m:      		round 22: 0.8840599895646472
[92mINFO [0m:      		round 23: 1.2313091912112393
[92mINFO [0m:      		round 24: 1.2790179582578796
[92mINFO [0m:      		round 25: 0.9970678536563503
[92mINFO [0m:      		round 26: 1.0283558327994153
[92mINFO [0m:      		round 27: 1.3368748812885074
[92mINFO [0m:      		round 28: 1.3995730221984992
[92mINFO [0m:      		round 29: 1.0734665933733272
[92mINFO [0m:      		round 30: 1.360274687350919
[92mINFO [0m:      		round 31: 1.6401239296705046
[92mINFO [0m:      		round 32: 1.4969079239905068
[92mINFO [0m:      		round 33: 2.1326732859483317
[92mINFO [0m:      		round 34: 1.120146331364169
[92mINFO [0m:      		round 35: 0.9319126656325754
[92mINFO [0m:      		round 36: 1.1550462915908597
[92mINFO [0m:      		round 37: 1.3467789032500899
[92mINFO [0m:      		round 38: 1.2019842766237034
[92mINFO [0m:      		round 39: 1.3076779861207848
[92mINFO [0m:      		round 40: 1.1740339119601382
[92mINFO [0m:      		round 41: 1.4103118255032663
[92mINFO [0m:      		round 42: 1.1910484343813952
[92mINFO [0m:      		round 43: 1.3186763740456084
[92mINFO [0m:      		round 44: 1.3105988112077982
[92mINFO [0m:      		round 45: 1.3132580479422769
[92mINFO [0m:      		round 46: 2.0613355084060685
[92mINFO [0m:      		round 47: 1.641804594526819
[92mINFO [0m:      		round 48: 1.2220897528589971
[92mINFO [0m:      		round 49: 1.5303011843978516
[92mINFO [0m:      		round 50: 1.4050560003945902
[92mINFO [0m:      	History (metrics, distributed, fit):
[92mINFO [0m:      	{'comm_bytes': [(1, 44673804.0),
[92mINFO [0m:      	                (2, 44673804.0),
[92mINFO [0m:      	                (3, 44673804.0),
[92mINFO [0m:      	                (4, 44673804.0),
[92mINFO [0m:      	                (5, 44673804.0),
[92mINFO [0m:      	                (6, 44673804.0),
[92mINFO [0m:      	                (7, 44673804.0),
[92mINFO [0m:      	                (8, 44673804.0),
[92mINFO [0m:      	                (9, 44673804.0),
[92mINFO [0m:      	                (10, 44673804.0),
[92mINFO [0m:      	                (11, 44673804.0),
[92mINFO [0m:      	                (12, 44673804.0),
[92mINFO [0m:      	                (13, 44673804.0),
[92mINFO [0m:      	                (14, 44673804.0),
[92mINFO [0m:      	                (15, 44673804.0),
[92mINFO [0m:      	                (16, 44673804.0),
[92mINFO [0m:      	                (17, 44673804.0),
[92mINFO [0m:      	                (18, 44673804.0),
[92mINFO [0m:      	                (19, 44673804.0),
[92mINFO [0m:      	                (20, 44673804.0),
[92mINFO [0m:      	                (21, 44673804.0),
[92mINFO [0m:      	                (22, 44673804.0),
[92mINFO [0m:      	                (23, 44673804.0),
[92mINFO [0m:      	                (24, 44673804.0),
[92mINFO [0m:      	                (25, 44673804.0),
[92mINFO [0m:      	                (26, 44673804.0),
[92mINFO [0m:      	                (27, 44673804.0),
[92mINFO [0m:      	                (28, 44673804.0),
[92mINFO [0m:      	                (29, 44673804.0),
[92mINFO [0m:      	                (30, 44673804.0),
[92mINFO [0m:      	                (31, 44673804.0),
[92mINFO [0m:      	                (32, 44673804.0),
[92mINFO [0m:      	                (33, 44673804.0),
[92mINFO [0m:      	                (34, 44673804.0),
[92mINFO [0m:      	                (35, 44673804.0),
[92mINFO [0m:      	                (36, 44673804.0),
[92mINFO [0m:      	                (37, 44673804.0),
[92mINFO [0m:      	                (38, 44673804.0),
[92mINFO [0m:      	                (39, 44673804.0),
[92mINFO [0m:      	                (40, 44673804.0),
[92mINFO [0m:      	                (41, 44673804.0),
[92mINFO [0m:      	                (42, 44673804.0),
[92mINFO [0m:      	                (43, 44673804.0),
[92mINFO [0m:      	                (44, 44673804.0),
[92mINFO [0m:      	                (45, 44673804.0),
[92mINFO [0m:      	                (46, 44673804.0),
[92mINFO [0m:      	                (47, 44673804.0),
[92mINFO [0m:      	                (48, 44673804.0),
[92mINFO [0m:      	                (49, 44673804.0),
[92mINFO [0m:      	                (50, 44673804.0)],
[92mINFO [0m:      	 'comp_time_sec': [(1, 34.02133514566064),
[92mINFO [0m:      	                   (2, 34.02524149629491),
[92mINFO [0m:      	                   (3, 33.96132476701304),
[92mINFO [0m:      	                   (4, 34.27843417171426),
[92mINFO [0m:      	                   (5, 35.11023212278618),
[92mINFO [0m:      	                   (6, 34.77350736181646),
[92mINFO [0m:      	                   (7, 35.088076308399025),
[92mINFO [0m:      	                   (8, 34.17649351445411),
[92mINFO [0m:      	                   (9, 34.68308631532056),
[92mINFO [0m:      	                   (10, 33.87338266664238),
[92mINFO [0m:      	                   (11, 33.845982205938306),
[92mINFO [0m:      	                   (12, 34.78076366983222),
[92mINFO [0m:      	                   (13, 34.83257226690033),
[92mINFO [0m:      	                   (14, 34.62395474520426),
[92mINFO [0m:      	                   (15, 34.41250601416744),
[92mINFO [0m:      	                   (16, 34.422343634994775),
[92mINFO [0m:      	                   (17, 34.12494583807048),
[92mINFO [0m:      	                   (18, 35.08695044084884),
[92mINFO [0m:      	                   (19, 33.85671102412824),
[92mINFO [0m:      	                   (20, 34.57038796723947),
[92mINFO [0m:      	                   (21, 33.85219810277047),
[92mINFO [0m:      	                   (22, 34.642968288305006),
[92mINFO [0m:      	                   (23, 34.35093901754601),
[92mINFO [0m:      	                   (24, 34.89800173667291),
[92mINFO [0m:      	                   (25, 34.4231932229074),
[92mINFO [0m:      	                   (26, 34.67410792542633),
[92mINFO [0m:      	                   (27, 34.67614177369037),
[92mINFO [0m:      	                   (28, 34.831151330259424),
[92mINFO [0m:      	                   (29, 34.49154405245884),
[92mINFO [0m:      	                   (30, 34.34152376628251),
[92mINFO [0m:      	                   (31, 34.568486933642355),
[92mINFO [0m:      	                   (32, 35.107557016011526),
[92mINFO [0m:      	                   (33, 35.116464549973166),
[92mINFO [0m:      	                   (34, 33.353086986485316),
[92mINFO [0m:      	                   (35, 33.7925550862412),
[92mINFO [0m:      	                   (36, 33.72455058577498),
[92mINFO [0m:      	                   (37, 33.446320468857444),
[92mINFO [0m:      	                   (38, 33.9391628087625),
[92mINFO [0m:      	                   (39, 33.40412572478872),
[92mINFO [0m:      	                   (40, 34.27256100652721),
[92mINFO [0m:      	                   (41, 33.69960422675755),
[92mINFO [0m:      	                   (42, 33.95949944565752),
[92mINFO [0m:      	                   (43, 33.761453949253),
[92mINFO [0m:      	                   (44, 33.99669175458378),
[92mINFO [0m:      	                   (45, 33.586318160420106),
[92mINFO [0m:      	                   (46, 33.32223160685402),
[92mINFO [0m:      	                   (47, 34.361269017883544),
[92mINFO [0m:      	                   (48, 33.64595231454989),
[92mINFO [0m:      	                   (49, 33.61579186723547),
[92mINFO [0m:      	                   (50, 33.587660654997215)],
[92mINFO [0m:      	 'round_seed': [(1, 104382.25049309665),
[92mINFO [0m:      	                (2, 104383.25049309665),
[92mINFO [0m:      	                (3, 104384.25049309665),
[92mINFO [0m:      	                (4, 104385.25049309665),
[92mINFO [0m:      	                (5, 104386.25049309665),
[92mINFO [0m:      	                (6, 104387.25049309665),
[92mINFO [0m:      	                (7, 104388.25049309665),
[92mINFO [0m:      	                (8, 104389.25049309665),
[92mINFO [0m:      	                (9, 104390.25049309665),
[92mINFO [0m:      	                (10, 104391.25049309665),
[92mINFO [0m:      	                (11, 104392.25049309665),
[92mINFO [0m:      	                (12, 104393.25049309665),
[92mINFO [0m:      	                (13, 104394.25049309665),
[92mINFO [0m:      	                (14, 104395.25049309665),
[92mINFO [0m:      	                (15, 104396.25049309665),
[92mINFO [0m:      	                (16, 104397.25049309665),
[92mINFO [0m:      	                (17, 104398.25049309665),
[92mINFO [0m:      	                (18, 104399.25049309665),
[92mINFO [0m:      	                (19, 104400.25049309665),
[92mINFO [0m:      	                (20, 104401.25049309665),
[92mINFO [0m:      	                (21, 104402.25049309665),
[92mINFO [0m:      	                (22, 104403.25049309665),
[92mINFO [0m:      	                (23, 104404.25049309665),
[92mINFO [0m:      	                (24, 104405.25049309665),
[92mINFO [0m:      	                (25, 104406.25049309665),
[92mINFO [0m:      	                (26, 104407.25049309665),
[92mINFO [0m:      	                (27, 104408.25049309665),
[92mINFO [0m:      	                (28, 104409.25049309665),
[92mINFO [0m:      	                (29, 104410.25049309665),
[92mINFO [0m:      	                (30, 104411.25049309665),
[92mINFO [0m:      	                (31, 104412.25049309665),
[92mINFO [0m:      	                (32, 104413.25049309665),
[92mINFO [0m:      	                (33, 104414.25049309665),
[92mINFO [0m:      	                (34, 104415.25049309665),
[92mINFO [0m:      	                (35, 104416.25049309665),
[92mINFO [0m:      	                (36, 104417.25049309665),
[92mINFO [0m:      	                (37, 104418.25049309665),
[92mINFO [0m:      	                (38, 104419.25049309665),
[92mINFO [0m:      	                (39, 104420.25049309665),
[92mINFO [0m:      	                (40, 104421.25049309665),
[92mINFO [0m:      	                (41, 104422.25049309665),
[92mINFO [0m:      	                (42, 104423.25049309665),
[92mINFO [0m:      	                (43, 104424.25049309665),
[92mINFO [0m:      	                (44, 104425.25049309665),
[92mINFO [0m:      	                (45, 104426.25049309665),
[92mINFO [0m:      	                (46, 104427.25049309665),
[92mINFO [0m:      	                (47, 104428.25049309665),
[92mINFO [0m:      	                (48, 104429.25049309665),
[92mINFO [0m:      	                (49, 104430.25049309665),
[92mINFO [0m:      	                (50, 104431.25049309665)],
[92mINFO [0m:      	 'train_loss': [(1, 0.7629940399114943),
[92mINFO [0m:      	                (2, 0.7220352184549562),
[92mINFO [0m:      	                (3, 0.7125058495052126),
[92mINFO [0m:      	                (4, 0.6831379059045685),
[92mINFO [0m:      	                (5, 0.6435538629737125),
[92mINFO [0m:      	                (6, 0.6190510263918457),
[92mINFO [0m:      	                (7, 0.5784622128407294),
[92mINFO [0m:      	                (8, 0.5247752316916038),
[92mINFO [0m:      	                (9, 0.4973420938254882),
[92mINFO [0m:      	                (10, 0.4772859958922606),
[92mINFO [0m:      	                (11, 0.41938635653490075),
[92mINFO [0m:      	                (12, 0.3672659091252411),
[92mINFO [0m:      	                (13, 0.3481651036605986),
[92mINFO [0m:      	                (14, 0.30519666271359525),
[92mINFO [0m:      	                (15, 0.29061386834627395),
[92mINFO [0m:      	                (16, 0.26042910324160606),
[92mINFO [0m:      	                (17, 0.24412532385293934),
[92mINFO [0m:      	                (18, 0.21981555702522723),
[92mINFO [0m:      	                (19, 0.24221790381715427),
[92mINFO [0m:      	                (20, 0.2073893322532986),
[92mINFO [0m:      	                (21, 0.2267984654519416),
[92mINFO [0m:      	                (22, 0.2270677037202675),
[92mINFO [0m:      	                (23, 0.1713240117118741),
[92mINFO [0m:      	                (24, 0.16102434215030906),
[92mINFO [0m:      	                (25, 0.16832890060589564),
[92mINFO [0m:      	                (26, 0.17138538638798376),
[92mINFO [0m:      	                (27, 0.15923356699171057),
[92mINFO [0m:      	                (28, 0.13687095014008133),
[92mINFO [0m:      	                (29, 0.14870241732940737),
[92mINFO [0m:      	                (30, 0.12956384227569862),
[92mINFO [0m:      	                (31, 0.11708763324868791),
[92mINFO [0m:      	                (32, 0.14027358613190005),
[92mINFO [0m:      	                (33, 0.12854046146791656),
[92mINFO [0m:      	                (34, 0.1174011252789066),
[92mINFO [0m:      	                (35, 0.10592598952437929),
[92mINFO [0m:      	                (36, 0.1245720204925056),
[92mINFO [0m:      	                (37, 0.1017238079467373),
[92mINFO [0m:      	                (38, 0.0995980189742167),
[92mINFO [0m:      	                (39, 0.09875606593174163),
[92mINFO [0m:      	                (40, 0.08813185661801656),
[92mINFO [0m:      	                (41, 0.10334508402549504),
[92mINFO [0m:      	                (42, 0.11067685980825209),
[92mINFO [0m:      	                (43, 0.0839205507872037),
[92mINFO [0m:      	                (44, 0.08862155456014674),
[92mINFO [0m:      	                (45, 0.08602983333807393),
[92mINFO [0m:      	                (46, 0.10384953701454942),
[92mINFO [0m:      	                (47, 0.07081676667272817),
[92mINFO [0m:      	                (48, 0.07599860062945296),
[92mINFO [0m:      	                (49, 0.0790514051055979),
[92mINFO [0m:      	                (50, 0.08479354910301437)]}
[92mINFO [0m:      	History (metrics, distributed, evaluate):
[92mINFO [0m:      	{'accuracy': [(1, 0.6813186813186813),
[92mINFO [0m:      	              (2, 0.6043956043956044),
[92mINFO [0m:      	              (3, 0.5918367346938775),
[92mINFO [0m:      	              (4, 0.5620094191522763),
[92mINFO [0m:      	              (5, 0.5729984301412873),
[92mINFO [0m:      	              (6, 0.6122448979591837),
[92mINFO [0m:      	              (7, 0.6216640502354788),
[92mINFO [0m:      	              (8, 0.6766091051805337),
[92mINFO [0m:      	              (9, 0.6844583987441131),
[92mINFO [0m:      	              (10, 0.6389324960753532),
[92mINFO [0m:      	              (11, 0.6530612244897959),
[92mINFO [0m:      	              (12, 0.4521193092621664),
[92mINFO [0m:      	              (13, 0.6844583987441131),
[92mINFO [0m:      	              (14, 0.6750392464678179),
[92mINFO [0m:      	              (15, 0.6593406593406593),
[92mINFO [0m:      	              (16, 0.6671899529042387),
[92mINFO [0m:      	              (17, 0.6357927786499215),
[92mINFO [0m:      	              (18, 0.6373626373626373),
[92mINFO [0m:      	              (19, 0.717425431711146),
[92mINFO [0m:      	              (20, 0.6200941915227629),
[92mINFO [0m:      	              (21, 0.7346938775510204),
[92mINFO [0m:      	              (22, 0.7488226059654631),
[92mINFO [0m:      	              (23, 0.7551020408163265),
[92mINFO [0m:      	              (24, 0.7708006279434851),
[92mINFO [0m:      	              (25, 0.7252747252747253),
[92mINFO [0m:      	              (26, 0.783359497645212),
[92mINFO [0m:      	              (27, 0.6970172684458399),
[92mINFO [0m:      	              (28, 0.7425431711145997),
[92mINFO [0m:      	              (29, 0.7221350078492935),
[92mINFO [0m:      	              (30, 0.7645211930926217),
[92mINFO [0m:      	              (31, 0.673469387755102),
[92mINFO [0m:      	              (32, 0.7017268445839875),
[92mINFO [0m:      	              (33, 0.6970172684458399),
[92mINFO [0m:      	              (34, 0.7001569858712716),
[92mINFO [0m:      	              (35, 0.7519623233908949),
[92mINFO [0m:      	              (36, 0.7519623233908949),
[92mINFO [0m:      	              (37, 0.7001569858712716),
[92mINFO [0m:      	              (38, 0.7551020408163265),
[92mINFO [0m:      	              (39, 0.7378335949764521),
[92mINFO [0m:      	              (40, 0.7739403453689168),
[92mINFO [0m:      	              (41, 0.7708006279434851),
[92mINFO [0m:      	              (42, 0.7660910518053375),
[92mINFO [0m:      	              (43, 0.7048665620094191),
[92mINFO [0m:      	              (44, 0.7723704866562009),
[92mINFO [0m:      	              (45, 0.7472527472527473),
[92mINFO [0m:      	              (46, 0.7441130298273155),
[92mINFO [0m:      	              (47, 0.750392464678179),
[92mINFO [0m:      	              (48, 0.7582417582417582),
[92mINFO [0m:      	              (49, 0.717425431711146),
[92mINFO [0m:      	              (50, 0.7739403453689168)]}
[92mINFO [0m:      
[36m(pid=2970514)[0m [2026-09-05 23:52:43,597 E 2970514 2974410] core_worker_process.cc:825: Failed to establish connection to the metrics exporter agent. Metrics will not be exported. Exporter agent status: RpcError: Running out of retries to initialize the metrics agent. rpc_code: 14[32m [repeated 31x across cluster] (Ray deduplicates logs by default. Set RAY_DEDUP_LOGS=0 to disable log deduplication, or see https://docs.ray.io/en/master/ray-observability/user-guides/configure-logging.html#log-deduplication for more options.)[0m
