[93mWARNING [0m:   DEPRECATED FEATURE: flwr.simulation.start_simulation() is deprecated.
	Instead, use the `flwr run` CLI command to start a local simulation in your Flower app, as shown for example below:

		$ flwr new  # Create a new Flower app from a template

		$ flwr run  # Run the Flower app in Simulation Mode

	Using `start_simulation()` is deprecated.

            This is a deprecated feature. It will be removed
            entirely in future versions of Flower.
        
[92mINFO [0m:      Starting Flower simulation, config: num_rounds=50, no round_timeout
2026-08-31 17:06:34,742	INFO worker.py:2012 -- Started a local Ray instance.
/export/home/ralhasan/anaconda3/envs/fl_fu/lib/python3.10/site-packages/ray/_private/worker.py:2051: FutureWarning: Tip: In future versions of Ray, Ray will no longer override accelerator visible devices env var if num_gpus=0 or num_gpus=None (default). To enable this behavior and turn off this error message, set RAY_ACCEL_ENV_VAR_OVERRIDE_ON_ZERO=0
  warnings.warn(
[92mINFO [0m:      Flower VCE: Ray initialized with resources: {'memory': 377116123956.0, 'node:10.141.10.4': 1.0, 'GPU': 1.0, 'object_store_memory': 161621195980.0, 'node:__internal_head__': 1.0, 'CPU': 32.0, 'accelerator_type:A16': 1.0}
[92mINFO [0m:      Optimize your simulation with Flower VCE: https://flower.ai/docs/framework/how-to-run-simulations.html
[92mINFO [0m:      Flower VCE: Resources for each Virtual Client: {'num_cpus': 1, 'num_gpus': 0.3333333333333333}
[92mINFO [0m:      Flower VCE: Creating VirtualClientEngineActorPool with 3 actors
[92mINFO [0m:      [INIT]
[92mINFO [0m:      Using initial global parameters provided by strategy
[92mINFO [0m:      Starting evaluation of initial global parameters
[92mINFO [0m:      Evaluation returned no results (`None`)
[92mINFO [0m:      
[92mINFO [0m:      [ROUND 1]
[92mINFO [0m:      configure_fit: strategy sampled 3 clients (out of 3)
[36m(pid=gcs_server)[0m [2026-08-31 17:06:53,393 E 1972963 1972963] (gcs_server) gcs_server.cc:302: Failed to establish connection to the event+metrics exporter agent. Events and metrics will not be exported. Exporter agent status: RpcError: Running out of retries to initialize the metrics agent. rpc_code: 14
[33m(raylet)[0m [2026-08-31 17:07:04,314 E 1973376 1973376] (raylet) main.cc:975: Failed to establish connection to the metrics exporter agent. Metrics will not be exported. Exporter agent status: RpcError: Running out of retries to initialize the metrics agent. rpc_code: 14
[36m(ClientAppActor pid=1973639)[0m [2026-08-31 17:07:07,254 E 1973639 1974077] core_worker_process.cc:825: Failed to establish connection to the metrics exporter agent. Metrics will not be exported. Exporter agent status: RpcError: Running out of retries to initialize the metrics agent. rpc_code: 14
[2026-08-31 17:07:07,816 E 1972616 1973633] core_worker_process.cc:825: Failed to establish connection to the metrics exporter agent. Metrics will not be exported. Exporter agent status: RpcError: Running out of retries to initialize the metrics agent. rpc_code: 14
[92mINFO [0m:      aggregate_fit: received 3 results and 0 failures
[92mINFO [0m:      configure_evaluate: strategy sampled 3 clients (out of 3)
[92mINFO [0m:      aggregate_evaluate: received 3 results and 0 failures
[92mINFO [0m:      
[92mINFO [0m:      [ROUND 2]
[92mINFO [0m:      configure_fit: strategy sampled 3 clients (out of 3)
[92mINFO [0m:      aggregate_fit: received 3 results and 0 failures
[92mINFO [0m:      configure_evaluate: strategy sampled 3 clients (out of 3)
[92mINFO [0m:      aggregate_evaluate: received 3 results and 0 failures
[92mINFO [0m:      
[92mINFO [0m:      [ROUND 3]
[92mINFO [0m:      configure_fit: strategy sampled 3 clients (out of 3)
[92mINFO [0m:      aggregate_fit: received 3 results and 0 failures
[92mINFO [0m:      configure_evaluate: strategy sampled 3 clients (out of 3)
[92mINFO [0m:      aggregate_evaluate: received 3 results and 0 failures
[92mINFO [0m:      
[92mINFO [0m:      [ROUND 4]
[92mINFO [0m:      configure_fit: strategy sampled 3 clients (out of 3)
[92mINFO [0m:      aggregate_fit: received 3 results and 0 failures
[92mINFO [0m:      configure_evaluate: strategy sampled 3 clients (out of 3)
[92mINFO [0m:      aggregate_evaluate: received 3 results and 0 failures
[92mINFO [0m:      
[92mINFO [0m:      [ROUND 5]
[92mINFO [0m:      configure_fit: strategy sampled 3 clients (out of 3)
[92mINFO [0m:      aggregate_fit: received 3 results and 0 failures
[92mINFO [0m:      configure_evaluate: strategy sampled 3 clients (out of 3)
[92mINFO [0m:      aggregate_evaluate: received 3 results and 0 failures
[92mINFO [0m:      
[92mINFO [0m:      [ROUND 6]
[92mINFO [0m:      configure_fit: strategy sampled 3 clients (out of 3)
[92mINFO [0m:      aggregate_fit: received 3 results and 0 failures
[92mINFO [0m:      configure_evaluate: strategy sampled 3 clients (out of 3)
[92mINFO [0m:      aggregate_evaluate: received 3 results and 0 failures
[92mINFO [0m:      
[92mINFO [0m:      [ROUND 7]
[92mINFO [0m:      configure_fit: strategy sampled 3 clients (out of 3)
[92mINFO [0m:      aggregate_fit: received 3 results and 0 failures
[92mINFO [0m:      configure_evaluate: strategy sampled 3 clients (out of 3)
[92mINFO [0m:      aggregate_evaluate: received 3 results and 0 failures
[92mINFO [0m:      
[92mINFO [0m:      [ROUND 8]
[92mINFO [0m:      configure_fit: strategy sampled 3 clients (out of 3)
[92mINFO [0m:      aggregate_fit: received 3 results and 0 failures
[92mINFO [0m:      configure_evaluate: strategy sampled 3 clients (out of 3)
[92mINFO [0m:      aggregate_evaluate: received 3 results and 0 failures
[92mINFO [0m:      
[92mINFO [0m:      [ROUND 9]
[92mINFO [0m:      configure_fit: strategy sampled 3 clients (out of 3)
[92mINFO [0m:      aggregate_fit: received 3 results and 0 failures
[92mINFO [0m:      configure_evaluate: strategy sampled 3 clients (out of 3)
[92mINFO [0m:      aggregate_evaluate: received 3 results and 0 failures
[92mINFO [0m:      
[92mINFO [0m:      [ROUND 10]
[92mINFO [0m:      configure_fit: strategy sampled 3 clients (out of 3)
[92mINFO [0m:      aggregate_fit: received 3 results and 0 failures
[92mINFO [0m:      configure_evaluate: strategy sampled 3 clients (out of 3)
[92mINFO [0m:      aggregate_evaluate: received 3 results and 0 failures
[92mINFO [0m:      
[92mINFO [0m:      [ROUND 11]
[92mINFO [0m:      configure_fit: strategy sampled 3 clients (out of 3)
[92mINFO [0m:      aggregate_fit: received 3 results and 0 failures
[92mINFO [0m:      configure_evaluate: strategy sampled 3 clients (out of 3)
[92mINFO [0m:      aggregate_evaluate: received 3 results and 0 failures
[92mINFO [0m:      
[92mINFO [0m:      [ROUND 12]
[92mINFO [0m:      configure_fit: strategy sampled 3 clients (out of 3)
[92mINFO [0m:      aggregate_fit: received 3 results and 0 failures
[92mINFO [0m:      configure_evaluate: strategy sampled 3 clients (out of 3)
[92mINFO [0m:      aggregate_evaluate: received 3 results and 0 failures
[92mINFO [0m:      
[92mINFO [0m:      [ROUND 13]
[92mINFO [0m:      configure_fit: strategy sampled 3 clients (out of 3)
[92mINFO [0m:      aggregate_fit: received 3 results and 0 failures
[92mINFO [0m:      configure_evaluate: strategy sampled 3 clients (out of 3)
[92mINFO [0m:      aggregate_evaluate: received 3 results and 0 failures
[92mINFO [0m:      
[92mINFO [0m:      [ROUND 14]
[92mINFO [0m:      configure_fit: strategy sampled 3 clients (out of 3)
[92mINFO [0m:      aggregate_fit: received 3 results and 0 failures
[92mINFO [0m:      configure_evaluate: strategy sampled 3 clients (out of 3)
[92mINFO [0m:      aggregate_evaluate: received 3 results and 0 failures
[92mINFO [0m:      
[92mINFO [0m:      [ROUND 15]
[92mINFO [0m:      configure_fit: strategy sampled 3 clients (out of 3)
[92mINFO [0m:      aggregate_fit: received 3 results and 0 failures
[92mINFO [0m:      configure_evaluate: strategy sampled 3 clients (out of 3)
[92mINFO [0m:      aggregate_evaluate: received 3 results and 0 failures
[92mINFO [0m:      
[92mINFO [0m:      [ROUND 16]
[92mINFO [0m:      configure_fit: strategy sampled 3 clients (out of 3)
[92mINFO [0m:      aggregate_fit: received 3 results and 0 failures
[92mINFO [0m:      configure_evaluate: strategy sampled 3 clients (out of 3)
[92mINFO [0m:      aggregate_evaluate: received 3 results and 0 failures
[92mINFO [0m:      
[92mINFO [0m:      [ROUND 17]
[92mINFO [0m:      configure_fit: strategy sampled 3 clients (out of 3)
[92mINFO [0m:      aggregate_fit: received 3 results and 0 failures
[92mINFO [0m:      configure_evaluate: strategy sampled 3 clients (out of 3)
[92mINFO [0m:      aggregate_evaluate: received 3 results and 0 failures
[92mINFO [0m:      
[92mINFO [0m:      [ROUND 18]
[92mINFO [0m:      configure_fit: strategy sampled 3 clients (out of 3)
[92mINFO [0m:      aggregate_fit: received 3 results and 0 failures
[92mINFO [0m:      configure_evaluate: strategy sampled 3 clients (out of 3)
[92mINFO [0m:      aggregate_evaluate: received 3 results and 0 failures
[92mINFO [0m:      
[92mINFO [0m:      [ROUND 19]
[92mINFO [0m:      configure_fit: strategy sampled 3 clients (out of 3)
[92mINFO [0m:      aggregate_fit: received 3 results and 0 failures
[92mINFO [0m:      configure_evaluate: strategy sampled 3 clients (out of 3)
[92mINFO [0m:      aggregate_evaluate: received 3 results and 0 failures
[92mINFO [0m:      
[92mINFO [0m:      [ROUND 20]
[92mINFO [0m:      configure_fit: strategy sampled 3 clients (out of 3)
[92mINFO [0m:      aggregate_fit: received 3 results and 0 failures
[92mINFO [0m:      configure_evaluate: strategy sampled 3 clients (out of 3)
[92mINFO [0m:      aggregate_evaluate: received 3 results and 0 failures
[92mINFO [0m:      
[92mINFO [0m:      [ROUND 21]
[92mINFO [0m:      configure_fit: strategy sampled 3 clients (out of 3)
[92mINFO [0m:      aggregate_fit: received 3 results and 0 failures
[92mINFO [0m:      configure_evaluate: strategy sampled 3 clients (out of 3)
[92mINFO [0m:      aggregate_evaluate: received 3 results and 0 failures
[92mINFO [0m:      
[92mINFO [0m:      [ROUND 22]
[92mINFO [0m:      configure_fit: strategy sampled 3 clients (out of 3)
[92mINFO [0m:      aggregate_fit: received 3 results and 0 failures
[92mINFO [0m:      configure_evaluate: strategy sampled 3 clients (out of 3)
[92mINFO [0m:      aggregate_evaluate: received 3 results and 0 failures
[92mINFO [0m:      
[92mINFO [0m:      [ROUND 23]
[92mINFO [0m:      configure_fit: strategy sampled 3 clients (out of 3)
[92mINFO [0m:      aggregate_fit: received 3 results and 0 failures
[92mINFO [0m:      configure_evaluate: strategy sampled 3 clients (out of 3)
[92mINFO [0m:      aggregate_evaluate: received 3 results and 0 failures
[92mINFO [0m:      
[92mINFO [0m:      [ROUND 24]
[92mINFO [0m:      configure_fit: strategy sampled 3 clients (out of 3)
[92mINFO [0m:      aggregate_fit: received 3 results and 0 failures
[92mINFO [0m:      configure_evaluate: strategy sampled 3 clients (out of 3)
[92mINFO [0m:      aggregate_evaluate: received 3 results and 0 failures
[92mINFO [0m:      
[92mINFO [0m:      [ROUND 25]
[92mINFO [0m:      configure_fit: strategy sampled 3 clients (out of 3)
[92mINFO [0m:      aggregate_fit: received 3 results and 0 failures
[92mINFO [0m:      configure_evaluate: strategy sampled 3 clients (out of 3)
[92mINFO [0m:      aggregate_evaluate: received 3 results and 0 failures
[92mINFO [0m:      
[92mINFO [0m:      [ROUND 26]
[92mINFO [0m:      configure_fit: strategy sampled 3 clients (out of 3)
[92mINFO [0m:      aggregate_fit: received 3 results and 0 failures
[92mINFO [0m:      configure_evaluate: strategy sampled 3 clients (out of 3)
[92mINFO [0m:      aggregate_evaluate: received 3 results and 0 failures
[92mINFO [0m:      
[92mINFO [0m:      [ROUND 27]
[92mINFO [0m:      configure_fit: strategy sampled 3 clients (out of 3)
[92mINFO [0m:      aggregate_fit: received 3 results and 0 failures
[92mINFO [0m:      configure_evaluate: strategy sampled 3 clients (out of 3)
[92mINFO [0m:      aggregate_evaluate: received 3 results and 0 failures
[92mINFO [0m:      
[92mINFO [0m:      [ROUND 28]
[92mINFO [0m:      configure_fit: strategy sampled 3 clients (out of 3)
[92mINFO [0m:      aggregate_fit: received 3 results and 0 failures
[92mINFO [0m:      configure_evaluate: strategy sampled 3 clients (out of 3)
[92mINFO [0m:      aggregate_evaluate: received 3 results and 0 failures
[92mINFO [0m:      
[92mINFO [0m:      [ROUND 29]
[92mINFO [0m:      configure_fit: strategy sampled 3 clients (out of 3)
[92mINFO [0m:      aggregate_fit: received 3 results and 0 failures
[92mINFO [0m:      configure_evaluate: strategy sampled 3 clients (out of 3)
[92mINFO [0m:      aggregate_evaluate: received 3 results and 0 failures
[92mINFO [0m:      
[92mINFO [0m:      [ROUND 30]
[92mINFO [0m:      configure_fit: strategy sampled 3 clients (out of 3)
[92mINFO [0m:      aggregate_fit: received 3 results and 0 failures
[92mINFO [0m:      configure_evaluate: strategy sampled 3 clients (out of 3)
[92mINFO [0m:      aggregate_evaluate: received 3 results and 0 failures
[92mINFO [0m:      
[92mINFO [0m:      [ROUND 31]
[92mINFO [0m:      configure_fit: strategy sampled 3 clients (out of 3)
[92mINFO [0m:      aggregate_fit: received 3 results and 0 failures
[92mINFO [0m:      configure_evaluate: strategy sampled 3 clients (out of 3)
[92mINFO [0m:      aggregate_evaluate: received 3 results and 0 failures
[92mINFO [0m:      
[92mINFO [0m:      [ROUND 32]
[92mINFO [0m:      configure_fit: strategy sampled 3 clients (out of 3)
[92mINFO [0m:      aggregate_fit: received 3 results and 0 failures
[92mINFO [0m:      configure_evaluate: strategy sampled 3 clients (out of 3)
[92mINFO [0m:      aggregate_evaluate: received 3 results and 0 failures
[92mINFO [0m:      
[92mINFO [0m:      [ROUND 33]
[92mINFO [0m:      configure_fit: strategy sampled 3 clients (out of 3)
[92mINFO [0m:      aggregate_fit: received 3 results and 0 failures
[92mINFO [0m:      configure_evaluate: strategy sampled 3 clients (out of 3)
[92mINFO [0m:      aggregate_evaluate: received 3 results and 0 failures
[92mINFO [0m:      
[92mINFO [0m:      [ROUND 34]
[92mINFO [0m:      configure_fit: strategy sampled 3 clients (out of 3)
[92mINFO [0m:      aggregate_fit: received 3 results and 0 failures
[92mINFO [0m:      configure_evaluate: strategy sampled 3 clients (out of 3)
[92mINFO [0m:      aggregate_evaluate: received 3 results and 0 failures
[92mINFO [0m:      
[92mINFO [0m:      [ROUND 35]
[92mINFO [0m:      configure_fit: strategy sampled 3 clients (out of 3)
[92mINFO [0m:      aggregate_fit: received 3 results and 0 failures
[92mINFO [0m:      configure_evaluate: strategy sampled 3 clients (out of 3)
[92mINFO [0m:      aggregate_evaluate: received 3 results and 0 failures
[92mINFO [0m:      
[92mINFO [0m:      [ROUND 36]
[92mINFO [0m:      configure_fit: strategy sampled 3 clients (out of 3)
[92mINFO [0m:      aggregate_fit: received 3 results and 0 failures
[92mINFO [0m:      configure_evaluate: strategy sampled 3 clients (out of 3)
[92mINFO [0m:      aggregate_evaluate: received 3 results and 0 failures
[92mINFO [0m:      
[92mINFO [0m:      [ROUND 37]
[92mINFO [0m:      configure_fit: strategy sampled 3 clients (out of 3)
[92mINFO [0m:      aggregate_fit: received 3 results and 0 failures
[92mINFO [0m:      configure_evaluate: strategy sampled 3 clients (out of 3)
[92mINFO [0m:      aggregate_evaluate: received 3 results and 0 failures
[92mINFO [0m:      
[92mINFO [0m:      [ROUND 38]
[92mINFO [0m:      configure_fit: strategy sampled 3 clients (out of 3)
[92mINFO [0m:      aggregate_fit: received 3 results and 0 failures
[92mINFO [0m:      configure_evaluate: strategy sampled 3 clients (out of 3)
[92mINFO [0m:      aggregate_evaluate: received 3 results and 0 failures
[92mINFO [0m:      
[92mINFO [0m:      [ROUND 39]
[92mINFO [0m:      configure_fit: strategy sampled 3 clients (out of 3)
[92mINFO [0m:      aggregate_fit: received 3 results and 0 failures
[92mINFO [0m:      configure_evaluate: strategy sampled 3 clients (out of 3)
[92mINFO [0m:      aggregate_evaluate: received 3 results and 0 failures
[92mINFO [0m:      
[92mINFO [0m:      [ROUND 40]
[92mINFO [0m:      configure_fit: strategy sampled 3 clients (out of 3)
[92mINFO [0m:      aggregate_fit: received 3 results and 0 failures
[92mINFO [0m:      configure_evaluate: strategy sampled 3 clients (out of 3)
[92mINFO [0m:      aggregate_evaluate: received 3 results and 0 failures
[92mINFO [0m:      
[92mINFO [0m:      [ROUND 41]
[92mINFO [0m:      configure_fit: strategy sampled 3 clients (out of 3)
[92mINFO [0m:      aggregate_fit: received 3 results and 0 failures
[92mINFO [0m:      configure_evaluate: strategy sampled 3 clients (out of 3)
[92mINFO [0m:      aggregate_evaluate: received 3 results and 0 failures
[92mINFO [0m:      
[92mINFO [0m:      [ROUND 42]
[92mINFO [0m:      configure_fit: strategy sampled 3 clients (out of 3)
[92mINFO [0m:      aggregate_fit: received 3 results and 0 failures
[92mINFO [0m:      configure_evaluate: strategy sampled 3 clients (out of 3)
[92mINFO [0m:      aggregate_evaluate: received 3 results and 0 failures
[92mINFO [0m:      
[92mINFO [0m:      [ROUND 43]
[92mINFO [0m:      configure_fit: strategy sampled 3 clients (out of 3)
[92mINFO [0m:      aggregate_fit: received 3 results and 0 failures
[92mINFO [0m:      configure_evaluate: strategy sampled 3 clients (out of 3)
[92mINFO [0m:      aggregate_evaluate: received 3 results and 0 failures
[92mINFO [0m:      
[92mINFO [0m:      [ROUND 44]
[92mINFO [0m:      configure_fit: strategy sampled 3 clients (out of 3)
[92mINFO [0m:      aggregate_fit: received 3 results and 0 failures
[92mINFO [0m:      configure_evaluate: strategy sampled 3 clients (out of 3)
[92mINFO [0m:      aggregate_evaluate: received 3 results and 0 failures
[92mINFO [0m:      
[92mINFO [0m:      [ROUND 45]
[92mINFO [0m:      configure_fit: strategy sampled 3 clients (out of 3)
[92mINFO [0m:      aggregate_fit: received 3 results and 0 failures
[92mINFO [0m:      configure_evaluate: strategy sampled 3 clients (out of 3)
[92mINFO [0m:      aggregate_evaluate: received 3 results and 0 failures
[92mINFO [0m:      
[92mINFO [0m:      [ROUND 46]
[92mINFO [0m:      configure_fit: strategy sampled 3 clients (out of 3)
[92mINFO [0m:      aggregate_fit: received 3 results and 0 failures
[92mINFO [0m:      configure_evaluate: strategy sampled 3 clients (out of 3)
[92mINFO [0m:      aggregate_evaluate: received 3 results and 0 failures
[92mINFO [0m:      
[92mINFO [0m:      [ROUND 47]
[92mINFO [0m:      configure_fit: strategy sampled 3 clients (out of 3)
[92mINFO [0m:      aggregate_fit: received 3 results and 0 failures
[92mINFO [0m:      configure_evaluate: strategy sampled 3 clients (out of 3)
[92mINFO [0m:      aggregate_evaluate: received 3 results and 0 failures
[92mINFO [0m:      
[92mINFO [0m:      [ROUND 48]
[92mINFO [0m:      configure_fit: strategy sampled 3 clients (out of 3)
[92mINFO [0m:      aggregate_fit: received 3 results and 0 failures
[92mINFO [0m:      configure_evaluate: strategy sampled 3 clients (out of 3)
[92mINFO [0m:      aggregate_evaluate: received 3 results and 0 failures
[92mINFO [0m:      
[92mINFO [0m:      [ROUND 49]
[92mINFO [0m:      configure_fit: strategy sampled 3 clients (out of 3)
[92mINFO [0m:      aggregate_fit: received 3 results and 0 failures
[92mINFO [0m:      configure_evaluate: strategy sampled 3 clients (out of 3)
[92mINFO [0m:      aggregate_evaluate: received 3 results and 0 failures
[92mINFO [0m:      
[92mINFO [0m:      [ROUND 50]
[92mINFO [0m:      configure_fit: strategy sampled 3 clients (out of 3)
[92mINFO [0m:      aggregate_fit: received 3 results and 0 failures
[92mINFO [0m:      configure_evaluate: strategy sampled 3 clients (out of 3)
[92mINFO [0m:      aggregate_evaluate: received 3 results and 0 failures
[92mINFO [0m:      
[92mINFO [0m:      [SUMMARY]
[92mINFO [0m:      Run finished 50 round(s) in 4784.29s
[92mINFO [0m:      	History (loss, distributed):
[92mINFO [0m:      		round 1: 1.036520448669768
[92mINFO [0m:      		round 2: 0.826048112739012
[92mINFO [0m:      		round 3: 15.538689185134567
[92mINFO [0m:      		round 4: 11.773359393212635
[92mINFO [0m:      		round 5: 1.370891926661017
[92mINFO [0m:      		round 6: 1.0175132032840555
[92mINFO [0m:      		round 7: 1.4759334834815943
[92mINFO [0m:      		round 8: 1.2271395680294306
[92mINFO [0m:      		round 9: 0.9016011908439864
[92mINFO [0m:      		round 10: 0.9245131732530459
[92mINFO [0m:      		round 11: 0.8770629743953328
[92mINFO [0m:      		round 12: 0.8702717924978894
[92mINFO [0m:      		round 13: 0.802133462399104
[92mINFO [0m:      		round 14: 0.8277710501215708
[92mINFO [0m:      		round 15: 1.070473505339031
[92mINFO [0m:      		round 16: 1.259462903606087
[92mINFO [0m:      		round 17: 0.8937816936142591
[92mINFO [0m:      		round 18: 0.8019322411272692
[92mINFO [0m:      		round 19: 0.920354388198074
[92mINFO [0m:      		round 20: 1.3627125148776935
[92mINFO [0m:      		round 21: 1.240515350149228
[92mINFO [0m:      		round 22: 0.9361966128287079
[92mINFO [0m:      		round 23: 1.234919855013305
[92mINFO [0m:      		round 24: 1.1682045438438011
[92mINFO [0m:      		round 25: 0.9345574638158598
[92mINFO [0m:      		round 26: 0.8973744513241799
[92mINFO [0m:      		round 27: 1.4367904744492594
[92mINFO [0m:      		round 28: 0.9979206887344293
[92mINFO [0m:      		round 29: 0.9831433239827163
[92mINFO [0m:      		round 30: 1.161828273977482
[92mINFO [0m:      		round 31: 1.1727055208259511
[92mINFO [0m:      		round 32: 0.9585765264442211
[92mINFO [0m:      		round 33: 1.0967957850376047
[92mINFO [0m:      		round 34: 0.8838948299479634
[92mINFO [0m:      		round 35: 1.0798771326562457
[92mINFO [0m:      		round 36: 1.6074245904533564
[92mINFO [0m:      		round 37: 1.473771792893507
[92mINFO [0m:      		round 38: 1.3875803893640446
[92mINFO [0m:      		round 39: 1.0874780934273205
[92mINFO [0m:      		round 40: 1.0181158561222226
[92mINFO [0m:      		round 41: 1.0425193497393532
[92mINFO [0m:      		round 42: 1.5788648016107514
[92mINFO [0m:      		round 43: 1.241843074220971
[92mINFO [0m:      		round 44: 1.4086102317044291
[92mINFO [0m:      		round 45: 0.9731245973736656
[92mINFO [0m:      		round 46: 1.2529969562117005
[92mINFO [0m:      		round 47: 1.4538240646263598
[92mINFO [0m:      		round 48: 1.4058684982407657
[92mINFO [0m:      		round 49: 1.237844252347759
[92mINFO [0m:      		round 50: 1.7301528957231451
[92mINFO [0m:      	History (metrics, distributed, fit):
[92mINFO [0m:      	{'comm_bytes': [(1, 44673804.0),
[92mINFO [0m:      	                (2, 44673804.0),
[92mINFO [0m:      	                (3, 44673804.0),
[92mINFO [0m:      	                (4, 44673804.0),
[92mINFO [0m:      	                (5, 44673804.0),
[92mINFO [0m:      	                (6, 44673804.0),
[92mINFO [0m:      	                (7, 44673804.0),
[92mINFO [0m:      	                (8, 44673804.0),
[92mINFO [0m:      	                (9, 44673804.0),
[92mINFO [0m:      	                (10, 44673804.0),
[92mINFO [0m:      	                (11, 44673804.0),
[92mINFO [0m:      	                (12, 44673804.0),
[92mINFO [0m:      	                (13, 44673804.0),
[92mINFO [0m:      	                (14, 44673804.0),
[92mINFO [0m:      	                (15, 44673804.0),
[92mINFO [0m:      	                (16, 44673804.0),
[92mINFO [0m:      	                (17, 44673804.0),
[92mINFO [0m:      	                (18, 44673804.0),
[92mINFO [0m:      	                (19, 44673804.0),
[92mINFO [0m:      	                (20, 44673804.0),
[92mINFO [0m:      	                (21, 44673804.0),
[92mINFO [0m:      	                (22, 44673804.0),
[92mINFO [0m:      	                (23, 44673804.0),
[92mINFO [0m:      	                (24, 44673804.0),
[92mINFO [0m:      	                (25, 44673804.0),
[92mINFO [0m:      	                (26, 44673804.0),
[92mINFO [0m:      	                (27, 44673804.0),
[92mINFO [0m:      	                (28, 44673804.0),
[92mINFO [0m:      	                (29, 44673804.0),
[92mINFO [0m:      	                (30, 44673804.0),
[92mINFO [0m:      	                (31, 44673804.0),
[92mINFO [0m:      	                (32, 44673804.0),
[92mINFO [0m:      	                (33, 44673804.0),
[92mINFO [0m:      	                (34, 44673804.0),
[92mINFO [0m:      	                (35, 44673804.0),
[92mINFO [0m:      	                (36, 44673804.0),
[92mINFO [0m:      	                (37, 44673804.0),
[92mINFO [0m:      	                (38, 44673804.0),
[92mINFO [0m:      	                (39, 44673804.0),
[92mINFO [0m:      	                (40, 44673804.0),
[92mINFO [0m:      	                (41, 44673804.0),
[92mINFO [0m:      	                (42, 44673804.0),
[92mINFO [0m:      	                (43, 44673804.0),
[92mINFO [0m:      	                (44, 44673804.0),
[92mINFO [0m:      	                (45, 44673804.0),
[92mINFO [0m:      	                (46, 44673804.0),
[92mINFO [0m:      	                (47, 44673804.0),
[92mINFO [0m:      	                (48, 44673804.0),
[92mINFO [0m:      	                (49, 44673804.0),
[92mINFO [0m:      	                (50, 44673804.0)],
[92mINFO [0m:      	 'comp_time_sec': [(1, 34.5265352580204),
[92mINFO [0m:      	                   (2, 33.834549162749944),
[92mINFO [0m:      	                   (3, 34.38714014849014),
[92mINFO [0m:      	                   (4, 34.27221798943815),
[92mINFO [0m:      	                   (5, 33.82643802960714),
[92mINFO [0m:      	                   (6, 33.95391702369825),
[92mINFO [0m:      	                   (7, 33.73141135642749),
[92mINFO [0m:      	                   (8, 34.189154118005575),
[92mINFO [0m:      	                   (9, 33.81016066041454),
[92mINFO [0m:      	                   (10, 33.7622264536645),
[92mINFO [0m:      	                   (11, 33.82913801938119),
[92mINFO [0m:      	                   (12, 34.10960664692715),
[92mINFO [0m:      	                   (13, 33.91556819327014),
[92mINFO [0m:      	                   (14, 34.46825044677102),
[92mINFO [0m:      	                   (15, 33.521795422838046),
[92mINFO [0m:      	                   (16, 34.21009296120036),
[92mINFO [0m:      	                   (17, 33.81283491320864),
[92mINFO [0m:      	                   (18, 34.44687757454445),
[92mINFO [0m:      	                   (19, 33.782358583849096),
[92mINFO [0m:      	                   (20, 33.87204848379778),
[92mINFO [0m:      	                   (21, 33.45829720657017),
[92mINFO [0m:      	                   (22, 34.164331118265785),
[92mINFO [0m:      	                   (23, 33.70395598609067),
[92mINFO [0m:      	                   (24, 34.26706839266143),
[92mINFO [0m:      	                   (25, 34.18243119937664),
[92mINFO [0m:      	                   (26, 34.17552300223702),
[92mINFO [0m:      	                   (27, 33.69406035289727),
[92mINFO [0m:      	                   (28, 34.725510482957375),
[92mINFO [0m:      	                   (29, 33.66722212646605),
[92mINFO [0m:      	                   (30, 34.880117740856825),
[92mINFO [0m:      	                   (31, 33.90591543195751),
[92mINFO [0m:      	                   (32, 34.43335323550057),
[92mINFO [0m:      	                   (33, 33.80020693397146),
[92mINFO [0m:      	                   (34, 33.696417520267254),
[92mINFO [0m:      	                   (35, 32.519779673224605),
[92mINFO [0m:      	                   (36, 32.958279264984284),
[92mINFO [0m:      	                   (37, 32.802248443137024),
[92mINFO [0m:      	                   (38, 32.79968964324665),
[92mINFO [0m:      	                   (39, 32.61468018629612),
[92mINFO [0m:      	                   (40, 33.123485324885955),
[92mINFO [0m:      	                   (41, 32.48252154525215),
[92mINFO [0m:      	                   (42, 32.87313066384731),
[92mINFO [0m:      	                   (43, 32.27236844472866),
[92mINFO [0m:      	                   (44, 32.61858034180936),
[92mINFO [0m:      	                   (45, 32.56060083895275),
[92mINFO [0m:      	                   (46, 32.77331034342448),
[92mINFO [0m:      	                   (47, 32.590472873616264),
[92mINFO [0m:      	                   (48, 33.11827709547867),
[92mINFO [0m:      	                   (49, 32.663292160636104),
[92mINFO [0m:      	                   (50, 32.34938680867001)],
[92mINFO [0m:      	 'train_loss': [(1, 0.7745678424856086),
[92mINFO [0m:      	                (2, 0.7439091429432936),
[92mINFO [0m:      	                (3, 0.7619126368370085),
[92mINFO [0m:      	                (4, 0.7328121353006413),
[92mINFO [0m:      	                (5, 0.7127622711660581),
[92mINFO [0m:      	                (6, 0.6843387441483891),
[92mINFO [0m:      	                (7, 0.6673359556459644),
[92mINFO [0m:      	                (8, 0.6238817172819414),
[92mINFO [0m:      	                (9, 0.5877720616796516),
[92mINFO [0m:      	                (10, 0.5797958026650255),
[92mINFO [0m:      	                (11, 0.5173305488083941),
[92mINFO [0m:      	                (12, 0.465240434285358),
[92mINFO [0m:      	                (13, 0.4317899127376002),
[92mINFO [0m:      	                (14, 0.39919208820747426),
[92mINFO [0m:      	                (15, 0.38967952844325454),
[92mINFO [0m:      	                (16, 0.3186195330249547),
[92mINFO [0m:      	                (17, 0.3155921986749138),
[92mINFO [0m:      	                (18, 0.2860642470225641),
[92mINFO [0m:      	                (19, 0.26277840531733343),
[92mINFO [0m:      	                (20, 0.2439874955277409),
[92mINFO [0m:      	                (21, 0.2288487965514476),
[92mINFO [0m:      	                (22, 0.21044655978067167),
[92mINFO [0m:      	                (23, 0.21086486332405852),
[92mINFO [0m:      	                (24, 0.1899445587515841),
[92mINFO [0m:      	                (25, 0.18862514554714402),
[92mINFO [0m:      	                (26, 0.1507827468333649),
[92mINFO [0m:      	                (27, 0.17809350141237906),
[92mINFO [0m:      	                (28, 0.15170044169151806),
[92mINFO [0m:      	                (29, 0.1736979760345968),
[92mINFO [0m:      	                (30, 0.14850091773071505),
[92mINFO [0m:      	                (31, 0.15841589027021918),
[92mINFO [0m:      	                (32, 0.12269848607136452),
[92mINFO [0m:      	                (33, 0.12668475200099408),
[92mINFO [0m:      	                (34, 0.15563795402756855),
[92mINFO [0m:      	                (35, 0.1236392563973605),
[92mINFO [0m:      	                (36, 0.10462412975740853),
[92mINFO [0m:      	                (37, 0.12448343616738394),
[92mINFO [0m:      	                (38, 0.10227573350641257),
[92mINFO [0m:      	                (39, 0.08858051916244554),
[92mINFO [0m:      	                (40, 0.10701785470729046),
[92mINFO [0m:      	                (41, 0.11715973829501423),
[92mINFO [0m:      	                (42, 0.09609188941158107),
[92mINFO [0m:      	                (43, 0.10873522799787483),
[92mINFO [0m:      	                (44, 0.10126788835209447),
[92mINFO [0m:      	                (45, 0.10897589662474876),
[92mINFO [0m:      	                (46, 0.07457158221052594),
[92mINFO [0m:      	                (47, 0.08842273341365914),
[92mINFO [0m:      	                (48, 0.08937423910317896),
[92mINFO [0m:      	                (49, 0.07650945540993723),
[92mINFO [0m:      	                (50, 0.0902844147141543)]}
[92mINFO [0m:      	History (metrics, distributed, evaluate):
[92mINFO [0m:      	{'accuracy': [(1, 0.6562009419152276),
[92mINFO [0m:      	              (2, 0.6593406593406593),
[92mINFO [0m:      	              (3, 0.6609105180533752),
[92mINFO [0m:      	              (4, 0.5934065934065934),
[92mINFO [0m:      	              (5, 0.673469387755102),
[92mINFO [0m:      	              (6, 0.6656200941915228),
[92mINFO [0m:      	              (7, 0.6687598116169545),
[92mINFO [0m:      	              (8, 0.5086342229199372),
[92mINFO [0m:      	              (9, 0.6436420722135008),
[92mINFO [0m:      	              (10, 0.6263736263736264),
[92mINFO [0m:      	              (11, 0.7095761381475667),
[92mINFO [0m:      	              (12, 0.6907378335949764),
[92mINFO [0m:      	              (13, 0.7048665620094191),
[92mINFO [0m:      	              (14, 0.6813186813186813),
[92mINFO [0m:      	              (15, 0.6452119309262166),
[92mINFO [0m:      	              (16, 0.6499215070643642),
[92mINFO [0m:      	              (17, 0.7032967032967034),
[92mINFO [0m:      	              (18, 0.7142857142857143),
[92mINFO [0m:      	              (19, 0.7032967032967034),
[92mINFO [0m:      	              (20, 0.6185243328100472),
[92mINFO [0m:      	              (21, 0.706436420722135),
[92mINFO [0m:      	              (22, 0.7001569858712716),
[92mINFO [0m:      	              (23, 0.6656200941915228),
[92mINFO [0m:      	              (24, 0.6844583987441131),
[92mINFO [0m:      	              (25, 0.6860282574568289),
[92mINFO [0m:      	              (26, 0.7299843014128728),
[92mINFO [0m:      	              (27, 0.6671899529042387),
[92mINFO [0m:      	              (28, 0.7237048665620094),
[92mINFO [0m:      	              (29, 0.7394034536891679),
[92mINFO [0m:      	              (30, 0.7299843014128728),
[92mINFO [0m:      	              (31, 0.6907378335949764),
[92mINFO [0m:      	              (32, 0.7362637362637363),
[92mINFO [0m:      	              (33, 0.7598116169544741),
[92mINFO [0m:      	              (34, 0.7425431711145997),
[92mINFO [0m:      	              (35, 0.7692307692307693),
[92mINFO [0m:      	              (36, 0.7142857142857143),
[92mINFO [0m:      	              (37, 0.6373626373626373),
[92mINFO [0m:      	              (38, 0.7331240188383046),
[92mINFO [0m:      	              (39, 0.7551020408163265),
[92mINFO [0m:      	              (40, 0.7315541601255887),
[92mINFO [0m:      	              (41, 0.7551020408163265),
[92mINFO [0m:      	              (42, 0.7205651491365777),
[92mINFO [0m:      	              (43, 0.7409733124018838),
[92mINFO [0m:      	              (44, 0.7331240188383046),
[92mINFO [0m:      	              (45, 0.7708006279434851),
[92mINFO [0m:      	              (46, 0.7770800627943485),
[92mINFO [0m:      	              (47, 0.7629513343799058),
[92mINFO [0m:      	              (48, 0.7582417582417582),
[92mINFO [0m:      	              (49, 0.7880690737833596),
[92mINFO [0m:      	              (50, 0.7425431711145997)]}
[92mINFO [0m:      
[36m(pid=1973689)[0m [2026-08-31 17:07:07,787 E 1973689 1977485] core_worker_process.cc:825: Failed to establish connection to the metrics exporter agent. Metrics will not be exported. Exporter agent status: RpcError: Running out of retries to initialize the metrics agent. rpc_code: 14[32m [repeated 31x across cluster] (Ray deduplicates logs by default. Set RAY_DEDUP_LOGS=0 to disable log deduplication, or see https://docs.ray.io/en/master/ray-observability/user-guides/configure-logging.html#log-deduplication for more options.)[0m
