============================================================
Learning-curve FL run
Run ID:       lc_s2026_fedbn_stdce_p100_seed2026_job386749
Setting:      fedbn_stdce
Train data:   p100
Dataset path: /export/home/ralhasan/fl-fu-oral3/dataset/oral3_learning_curve_seed42/p100
Train seed:   2026
Config:       configs/learning_curve_fedbn_stdce.yaml
SLURM job:    386749
============================================================
Thu Sep  3 03:43:23 2026       
+-----------------------------------------------------------------------------------------+
| NVIDIA-SMI 570.133.07             Driver Version: 570.133.07     CUDA Version: 12.8     |
|-----------------------------------------+------------------------+----------------------+
| GPU  Name                 Persistence-M | Bus-Id          Disp.A | Volatile Uncorr. ECC |
| Fan  Temp   Perf          Pwr:Usage/Cap |           Memory-Usage | GPU-Util  Compute M. |
|                                         |                        |               MIG M. |
|=========================================+========================+======================|
|   0  Tesla P100-PCIE-16GB           Off |   00000000:D8:00.0 Off |                    0 |
| N/A   29C    P0             26W /  250W |       0MiB /  16384MiB |      0%      Default |
|                                         |                        |                  N/A |
+-----------------------------------------+------------------------+----------------------+
                                                                                         
+-----------------------------------------------------------------------------------------+
| Processes:                                                                              |
|  GPU   GI   CI              PID   Type   Process name                        GPU Memory |
|        ID   ID                                                               Usage      |
|=========================================================================================|
|  No running processes found                                                             |
+-----------------------------------------------------------------------------------------+
Applied --set overrides: {'dataset_path': '/export/home/ralhasan/fl-fu-oral3/dataset/oral3_learning_curve_seed42/p100', 'seed': 2026}
[2026-09-03 03:44:43] === Run started: lc_s2026_fedbn_stdce_p100_seed2026_job386749 ===
[2026-09-03 03:44:43] Config loaded from configs/learning_curve_fedbn_stdce.yaml
[2026-09-03 03:44:43] Run directories: {'log_dir': 'logs/fl/lc_s2026_fedbn_stdce_p100_seed2026_job386749', 'tb_dir': 'logs/fl/lc_s2026_fedbn_stdce_p100_seed2026_job386749/tb', 'checkpoint_dir': 'checkpoints/fl/lc_s2026_fedbn_stdce_p100_seed2026_job386749', 'output_dir': 'outputs/fl/lc_s2026_fedbn_stdce_p100_seed2026_job386749'}
[2026-09-03 03:44:44] Indexing dataset...
[2026-09-03 03:44:45] Indexed 2538 train samples, 637 test samples.
[2026-09-03 03:44:45] Built 3 client partition(s) (client_split=hospital_based).
[2026-09-03 03:44:45]   client_id=Spain_Dataset hospital=Spain_Dataset n_samples=398
[2026-09-03 03:44:45]   client_id=Canada_Dataset hospital=Canada_Dataset n_samples=1635
[2026-09-03 03:44:45]   client_id=India_Dataset hospital=India_Dataset n_samples=505
[2026-09-03 03:44:45] Run hyperparameters:
  algorithm: fedbn
  model: resnet18
  num_clients: 3
  global_epochs: 50
  local_epochs: 3
  batch_size: 16
  learning_rate: 0.001
  domain_adaptation: True
  imbalance_method: standard_ce
[2026-09-03 03:44:51] [class_imbalance] method=standard_ce, global_train_counts=[1388, 772, 378], beta=0.999, weight_clip=None
[2026-09-03 03:44:51] [class_imbalance/client] client_id=Spain_Dataset, hospital=Spain_Dataset, local_counts=[151, 161, 86], loss_weights=None
[2026-09-03 03:44:51] [class_imbalance/client] client_id=Canada_Dataset, hospital=Canada_Dataset, local_counts=[1226, 272, 137], loss_weights=None
[2026-09-03 03:44:51] [class_imbalance/client] client_id=India_Dataset, hospital=India_Dataset, local_counts=[11, 339, 155], loss_weights=None
[2026-09-03 03:44:51] Starting Flower simulation: algorithm=fedbn, clients=3, rounds=50
[2026-09-03 03:47:57] [FL round 1] comm=134021412B comp=314.50s
[2026-09-03 03:50:57] [FL round 2] comm=134021412B comp=257.57s
[2026-09-03 03:53:57] [FL round 3] comm=134021412B comp=257.91s
[2026-09-03 03:56:52] [FL round 4] comm=134021412B comp=253.19s
[2026-09-03 03:59:46] [FL round 5] comm=134021412B comp=252.70s
[2026-09-03 04:02:41] [FL round 6] comm=134021412B comp=252.32s
[2026-09-03 04:05:37] [FL round 7] comm=134021412B comp=253.35s
[2026-09-03 04:08:35] [FL round 8] comm=134021412B comp=257.64s
[2026-09-03 04:11:33] [FL round 9] comm=134021412B comp=257.40s
[2026-09-03 04:14:33] [FL round 10] comm=134021412B comp=257.48s
[2026-09-03 04:17:31] [FL round 11] comm=134021412B comp=255.91s
[2026-09-03 04:20:26] [FL round 12] comm=134021412B comp=253.99s
[2026-09-03 04:23:21] [FL round 13] comm=134021412B comp=253.21s
[2026-09-03 04:26:15] [FL round 14] comm=134021412B comp=252.47s
[2026-09-03 04:29:15] [FL round 15] comm=134021412B comp=255.92s
[2026-09-03 04:32:10] [FL round 16] comm=134021412B comp=252.22s
[2026-09-03 04:35:06] [FL round 17] comm=134021412B comp=253.25s
[2026-09-03 04:38:04] [FL round 18] comm=134021412B comp=255.25s
[2026-09-03 04:41:02] [FL round 19] comm=134021412B comp=255.45s
[2026-09-03 04:43:58] [FL round 20] comm=134021412B comp=253.56s
[2026-09-03 04:46:56] [FL round 21] comm=134021412B comp=257.44s
[2026-09-03 04:49:52] [FL round 22] comm=134021412B comp=251.81s
[2026-09-03 04:52:47] [FL round 23] comm=134021412B comp=253.56s
[2026-09-03 04:55:44] [FL round 24] comm=134021412B comp=253.50s
[2026-09-03 04:58:42] [FL round 25] comm=134021412B comp=255.99s
[2026-09-03 05:01:33] [FL round 26] comm=134021412B comp=247.57s
[2026-09-03 05:04:32] [FL round 27] comm=134021412B comp=255.64s
[2026-09-03 05:07:31] [FL round 28] comm=134021412B comp=255.09s
[2026-09-03 05:10:27] [FL round 29] comm=134021412B comp=255.06s
[2026-09-03 05:13:28] [FL round 30] comm=134021412B comp=257.40s
[2026-09-03 05:16:27] [FL round 31] comm=134021412B comp=258.31s
[2026-09-03 05:19:25] [FL round 32] comm=134021412B comp=257.12s
[2026-09-03 05:22:20] [FL round 33] comm=134021412B comp=253.50s
[2026-09-03 05:25:17] [FL round 34] comm=134021412B comp=255.28s
[2026-09-03 05:28:15] [FL round 35] comm=134021412B comp=256.54s
[2026-09-03 05:31:10] [FL round 36] comm=134021412B comp=252.73s
[2026-09-03 05:34:06] [FL round 37] comm=134021412B comp=254.27s
[2026-09-03 05:37:01] [FL round 38] comm=134021412B comp=254.33s
[2026-09-03 05:39:57] [FL round 39] comm=134021412B comp=252.98s
[2026-09-03 05:42:52] [FL round 40] comm=134021412B comp=251.63s
[2026-09-03 05:45:46] [FL round 41] comm=134021412B comp=250.71s
[2026-09-03 05:48:39] [FL round 42] comm=134021412B comp=250.97s
[2026-09-03 05:51:34] [FL round 43] comm=134021412B comp=253.15s
[2026-09-03 05:54:26] [FL round 44] comm=134021412B comp=247.99s
[2026-09-03 05:57:18] [FL round 45] comm=134021412B comp=249.45s
[2026-09-03 06:00:15] [FL round 46] comm=134021412B comp=252.34s
[2026-09-03 06:03:11] [FL round 47] comm=134021412B comp=251.88s
[2026-09-03 06:06:07] [FL round 48] comm=134021412B comp=251.37s
[2026-09-03 06:09:02] [FL round 49] comm=134021412B comp=250.10s
[2026-09-03 06:11:58] [FL round 50] comm=134021412B comp=252.97s
[2026-09-03 06:12:13] FedBN checkpoint assembled: non-BN params from server aggregation, BN params taken from client 'Spain_Dataset' (representative).
[2026-09-03 06:12:15] Running FedBN final evaluation with hospital-specific BN models.
[2026-09-03 06:12:27] [eval/fedbn_per_hospital] hospital=Spain_Dataset acc=0.8208 loss=0.8405 n=106
[2026-09-03 06:12:32] [eval/fedbn_per_hospital] hospital=Canada_Dataset acc=0.8772 loss=0.7465 n=399
[2026-09-03 06:12:36] [eval/fedbn_per_hospital] hospital=India_Dataset acc=0.6818 loss=1.1856 n=132
[2026-09-03 06:12:36] [eval/fedbn_weighted_overall] overall_acc=0.8273 overall_loss=0.8532 total_samples=637
[2026-09-03 06:12:36] [eval/classification] accuracy=0.8273 macro_precision=0.7911 macro_recall=0.7793 macro_f1=0.7844 weighted_f1=0.8255
[2026-09-03 06:12:36] Saved final global model checkpoint to checkpoints/fl/lc_s2026_fedbn_stdce_p100_seed2026_job386749/best.pt
[2026-09-03 06:12:37] Saved 3 per-hospital BN-complete checkpoints to checkpoints/fl/lc_s2026_fedbn_stdce_p100_seed2026_job386749/per_hospital
[2026-09-03 06:12:37] === Run finished: lc_s2026_fedbn_stdce_p100_seed2026_job386749 (elapsed 8873.4s) ===

Done. run_id = lc_s2026_fedbn_stdce_p100_seed2026_job386749
Use this run_id as --source_run for scripts/run_fu.py.

Done: lc_s2026_fedbn_stdce_p100_seed2026_job386749
Metrics: logs/fl/lc_s2026_fedbn_stdce_p100_seed2026_job386749/metrics.json
