[93mWARNING [0m:   DEPRECATED FEATURE: flwr.simulation.start_simulation() is deprecated.
	Instead, use the `flwr run` CLI command to start a local simulation in your Flower app, as shown for example below:

		$ flwr new  # Create a new Flower app from a template

		$ flwr run  # Run the Flower app in Simulation Mode

	Using `start_simulation()` is deprecated.

            This is a deprecated feature. It will be removed
            entirely in future versions of Flower.
        
[92mINFO [0m:      Starting Flower simulation, config: num_rounds=50, no round_timeout
2026-08-31 17:06:34,723	INFO worker.py:2012 -- Started a local Ray instance.
/export/home/ralhasan/anaconda3/envs/fl_fu/lib/python3.10/site-packages/ray/_private/worker.py:2051: FutureWarning: Tip: In future versions of Ray, Ray will no longer override accelerator visible devices env var if num_gpus=0 or num_gpus=None (default). To enable this behavior and turn off this error message, set RAY_ACCEL_ENV_VAR_OVERRIDE_ON_ZERO=0
  warnings.warn(
[92mINFO [0m:      Flower VCE: Ray initialized with resources: {'object_store_memory': 161621195980.0, 'node:10.141.10.4': 1.0, 'memory': 377116123956.0, 'GPU': 1.0, 'node:__internal_head__': 1.0, 'CPU': 32.0, 'accelerator_type:A16': 1.0}
[92mINFO [0m:      Optimize your simulation with Flower VCE: https://flower.ai/docs/framework/how-to-run-simulations.html
[92mINFO [0m:      Flower VCE: Resources for each Virtual Client: {'num_cpus': 1, 'num_gpus': 0.3333333333333333}
[92mINFO [0m:      Flower VCE: Creating VirtualClientEngineActorPool with 3 actors
[92mINFO [0m:      [INIT]
[92mINFO [0m:      Using initial global parameters provided by strategy
[92mINFO [0m:      Starting evaluation of initial global parameters
[92mINFO [0m:      Evaluation returned no results (`None`)
[92mINFO [0m:      
[92mINFO [0m:      [ROUND 1]
[92mINFO [0m:      configure_fit: strategy sampled 3 clients (out of 3)
[36m(pid=gcs_server)[0m [2026-08-31 17:06:53,388 E 1972964 1972964] (gcs_server) gcs_server.cc:302: Failed to establish connection to the event+metrics exporter agent. Events and metrics will not be exported. Exporter agent status: RpcError: Running out of retries to initialize the metrics agent. rpc_code: 14
[33m(raylet)[0m [2026-08-31 17:07:04,314 E 1973377 1973377] (raylet) main.cc:975: Failed to establish connection to the metrics exporter agent. Metrics will not be exported. Exporter agent status: RpcError: Running out of retries to initialize the metrics agent. rpc_code: 14
[36m(ClientAppActor pid=1973631)[0m [2026-08-31 17:07:07,227 E 1973631 1973837] core_worker_process.cc:825: Failed to establish connection to the metrics exporter agent. Metrics will not be exported. Exporter agent status: RpcError: Running out of retries to initialize the metrics agent. rpc_code: 14
[2026-08-31 17:07:07,749 E 1972617 1973623] core_worker_process.cc:825: Failed to establish connection to the metrics exporter agent. Metrics will not be exported. Exporter agent status: RpcError: Running out of retries to initialize the metrics agent. rpc_code: 14
[92mINFO [0m:      aggregate_fit: received 3 results and 0 failures
[92mINFO [0m:      configure_evaluate: strategy sampled 3 clients (out of 3)
[92mINFO [0m:      aggregate_evaluate: received 3 results and 0 failures
[92mINFO [0m:      
[92mINFO [0m:      [ROUND 2]
[92mINFO [0m:      configure_fit: strategy sampled 3 clients (out of 3)
[92mINFO [0m:      aggregate_fit: received 3 results and 0 failures
[92mINFO [0m:      configure_evaluate: strategy sampled 3 clients (out of 3)
[92mINFO [0m:      aggregate_evaluate: received 3 results and 0 failures
[92mINFO [0m:      
[92mINFO [0m:      [ROUND 3]
[92mINFO [0m:      configure_fit: strategy sampled 3 clients (out of 3)
[92mINFO [0m:      aggregate_fit: received 3 results and 0 failures
[92mINFO [0m:      configure_evaluate: strategy sampled 3 clients (out of 3)
[92mINFO [0m:      aggregate_evaluate: received 3 results and 0 failures
[92mINFO [0m:      
[92mINFO [0m:      [ROUND 4]
[92mINFO [0m:      configure_fit: strategy sampled 3 clients (out of 3)
[92mINFO [0m:      aggregate_fit: received 3 results and 0 failures
[92mINFO [0m:      configure_evaluate: strategy sampled 3 clients (out of 3)
[92mINFO [0m:      aggregate_evaluate: received 3 results and 0 failures
[92mINFO [0m:      
[92mINFO [0m:      [ROUND 5]
[92mINFO [0m:      configure_fit: strategy sampled 3 clients (out of 3)
[92mINFO [0m:      aggregate_fit: received 3 results and 0 failures
[92mINFO [0m:      configure_evaluate: strategy sampled 3 clients (out of 3)
[92mINFO [0m:      aggregate_evaluate: received 3 results and 0 failures
[92mINFO [0m:      
[92mINFO [0m:      [ROUND 6]
[92mINFO [0m:      configure_fit: strategy sampled 3 clients (out of 3)
[92mINFO [0m:      aggregate_fit: received 3 results and 0 failures
[92mINFO [0m:      configure_evaluate: strategy sampled 3 clients (out of 3)
[92mINFO [0m:      aggregate_evaluate: received 3 results and 0 failures
[92mINFO [0m:      
[92mINFO [0m:      [ROUND 7]
[92mINFO [0m:      configure_fit: strategy sampled 3 clients (out of 3)
[92mINFO [0m:      aggregate_fit: received 3 results and 0 failures
[92mINFO [0m:      configure_evaluate: strategy sampled 3 clients (out of 3)
[92mINFO [0m:      aggregate_evaluate: received 3 results and 0 failures
[92mINFO [0m:      
[92mINFO [0m:      [ROUND 8]
[92mINFO [0m:      configure_fit: strategy sampled 3 clients (out of 3)
[92mINFO [0m:      aggregate_fit: received 3 results and 0 failures
[92mINFO [0m:      configure_evaluate: strategy sampled 3 clients (out of 3)
[92mINFO [0m:      aggregate_evaluate: received 3 results and 0 failures
[92mINFO [0m:      
[92mINFO [0m:      [ROUND 9]
[92mINFO [0m:      configure_fit: strategy sampled 3 clients (out of 3)
[92mINFO [0m:      aggregate_fit: received 3 results and 0 failures
[92mINFO [0m:      configure_evaluate: strategy sampled 3 clients (out of 3)
[92mINFO [0m:      aggregate_evaluate: received 3 results and 0 failures
[92mINFO [0m:      
[92mINFO [0m:      [ROUND 10]
[92mINFO [0m:      configure_fit: strategy sampled 3 clients (out of 3)
[92mINFO [0m:      aggregate_fit: received 3 results and 0 failures
[92mINFO [0m:      configure_evaluate: strategy sampled 3 clients (out of 3)
[92mINFO [0m:      aggregate_evaluate: received 3 results and 0 failures
[92mINFO [0m:      
[92mINFO [0m:      [ROUND 11]
[92mINFO [0m:      configure_fit: strategy sampled 3 clients (out of 3)
[92mINFO [0m:      aggregate_fit: received 3 results and 0 failures
[92mINFO [0m:      configure_evaluate: strategy sampled 3 clients (out of 3)
[92mINFO [0m:      aggregate_evaluate: received 3 results and 0 failures
[92mINFO [0m:      
[92mINFO [0m:      [ROUND 12]
[92mINFO [0m:      configure_fit: strategy sampled 3 clients (out of 3)
[92mINFO [0m:      aggregate_fit: received 3 results and 0 failures
[92mINFO [0m:      configure_evaluate: strategy sampled 3 clients (out of 3)
[92mINFO [0m:      aggregate_evaluate: received 3 results and 0 failures
[92mINFO [0m:      
[92mINFO [0m:      [ROUND 13]
[92mINFO [0m:      configure_fit: strategy sampled 3 clients (out of 3)
[92mINFO [0m:      aggregate_fit: received 3 results and 0 failures
[92mINFO [0m:      configure_evaluate: strategy sampled 3 clients (out of 3)
[92mINFO [0m:      aggregate_evaluate: received 3 results and 0 failures
[92mINFO [0m:      
[92mINFO [0m:      [ROUND 14]
[92mINFO [0m:      configure_fit: strategy sampled 3 clients (out of 3)
[92mINFO [0m:      aggregate_fit: received 3 results and 0 failures
[92mINFO [0m:      configure_evaluate: strategy sampled 3 clients (out of 3)
[92mINFO [0m:      aggregate_evaluate: received 3 results and 0 failures
[92mINFO [0m:      
[92mINFO [0m:      [ROUND 15]
[92mINFO [0m:      configure_fit: strategy sampled 3 clients (out of 3)
[92mINFO [0m:      aggregate_fit: received 3 results and 0 failures
[92mINFO [0m:      configure_evaluate: strategy sampled 3 clients (out of 3)
[92mINFO [0m:      aggregate_evaluate: received 3 results and 0 failures
[92mINFO [0m:      
[92mINFO [0m:      [ROUND 16]
[92mINFO [0m:      configure_fit: strategy sampled 3 clients (out of 3)
[92mINFO [0m:      aggregate_fit: received 3 results and 0 failures
[92mINFO [0m:      configure_evaluate: strategy sampled 3 clients (out of 3)
[92mINFO [0m:      aggregate_evaluate: received 3 results and 0 failures
[92mINFO [0m:      
[92mINFO [0m:      [ROUND 17]
[92mINFO [0m:      configure_fit: strategy sampled 3 clients (out of 3)
[92mINFO [0m:      aggregate_fit: received 3 results and 0 failures
[92mINFO [0m:      configure_evaluate: strategy sampled 3 clients (out of 3)
[92mINFO [0m:      aggregate_evaluate: received 3 results and 0 failures
[92mINFO [0m:      
[92mINFO [0m:      [ROUND 18]
[92mINFO [0m:      configure_fit: strategy sampled 3 clients (out of 3)
[92mINFO [0m:      aggregate_fit: received 3 results and 0 failures
[92mINFO [0m:      configure_evaluate: strategy sampled 3 clients (out of 3)
[92mINFO [0m:      aggregate_evaluate: received 3 results and 0 failures
[92mINFO [0m:      
[92mINFO [0m:      [ROUND 19]
[92mINFO [0m:      configure_fit: strategy sampled 3 clients (out of 3)
[92mINFO [0m:      aggregate_fit: received 3 results and 0 failures
[92mINFO [0m:      configure_evaluate: strategy sampled 3 clients (out of 3)
[92mINFO [0m:      aggregate_evaluate: received 3 results and 0 failures
[92mINFO [0m:      
[92mINFO [0m:      [ROUND 20]
[92mINFO [0m:      configure_fit: strategy sampled 3 clients (out of 3)
[92mINFO [0m:      aggregate_fit: received 3 results and 0 failures
[92mINFO [0m:      configure_evaluate: strategy sampled 3 clients (out of 3)
[92mINFO [0m:      aggregate_evaluate: received 3 results and 0 failures
[92mINFO [0m:      
[92mINFO [0m:      [ROUND 21]
[92mINFO [0m:      configure_fit: strategy sampled 3 clients (out of 3)
[92mINFO [0m:      aggregate_fit: received 3 results and 0 failures
[92mINFO [0m:      configure_evaluate: strategy sampled 3 clients (out of 3)
[92mINFO [0m:      aggregate_evaluate: received 3 results and 0 failures
[92mINFO [0m:      
[92mINFO [0m:      [ROUND 22]
[92mINFO [0m:      configure_fit: strategy sampled 3 clients (out of 3)
[92mINFO [0m:      aggregate_fit: received 3 results and 0 failures
[92mINFO [0m:      configure_evaluate: strategy sampled 3 clients (out of 3)
[92mINFO [0m:      aggregate_evaluate: received 3 results and 0 failures
[92mINFO [0m:      
[92mINFO [0m:      [ROUND 23]
[92mINFO [0m:      configure_fit: strategy sampled 3 clients (out of 3)
[92mINFO [0m:      aggregate_fit: received 3 results and 0 failures
[92mINFO [0m:      configure_evaluate: strategy sampled 3 clients (out of 3)
[92mINFO [0m:      aggregate_evaluate: received 3 results and 0 failures
[92mINFO [0m:      
[92mINFO [0m:      [ROUND 24]
[92mINFO [0m:      configure_fit: strategy sampled 3 clients (out of 3)
[92mINFO [0m:      aggregate_fit: received 3 results and 0 failures
[92mINFO [0m:      configure_evaluate: strategy sampled 3 clients (out of 3)
[92mINFO [0m:      aggregate_evaluate: received 3 results and 0 failures
[92mINFO [0m:      
[92mINFO [0m:      [ROUND 25]
[92mINFO [0m:      configure_fit: strategy sampled 3 clients (out of 3)
[92mINFO [0m:      aggregate_fit: received 3 results and 0 failures
[92mINFO [0m:      configure_evaluate: strategy sampled 3 clients (out of 3)
[92mINFO [0m:      aggregate_evaluate: received 3 results and 0 failures
[92mINFO [0m:      
[92mINFO [0m:      [ROUND 26]
[92mINFO [0m:      configure_fit: strategy sampled 3 clients (out of 3)
[92mINFO [0m:      aggregate_fit: received 3 results and 0 failures
[92mINFO [0m:      configure_evaluate: strategy sampled 3 clients (out of 3)
[92mINFO [0m:      aggregate_evaluate: received 3 results and 0 failures
[92mINFO [0m:      
[92mINFO [0m:      [ROUND 27]
[92mINFO [0m:      configure_fit: strategy sampled 3 clients (out of 3)
[92mINFO [0m:      aggregate_fit: received 3 results and 0 failures
[92mINFO [0m:      configure_evaluate: strategy sampled 3 clients (out of 3)
[92mINFO [0m:      aggregate_evaluate: received 3 results and 0 failures
[92mINFO [0m:      
[92mINFO [0m:      [ROUND 28]
[92mINFO [0m:      configure_fit: strategy sampled 3 clients (out of 3)
[92mINFO [0m:      aggregate_fit: received 3 results and 0 failures
[92mINFO [0m:      configure_evaluate: strategy sampled 3 clients (out of 3)
[92mINFO [0m:      aggregate_evaluate: received 3 results and 0 failures
[92mINFO [0m:      
[92mINFO [0m:      [ROUND 29]
[92mINFO [0m:      configure_fit: strategy sampled 3 clients (out of 3)
[92mINFO [0m:      aggregate_fit: received 3 results and 0 failures
[92mINFO [0m:      configure_evaluate: strategy sampled 3 clients (out of 3)
[92mINFO [0m:      aggregate_evaluate: received 3 results and 0 failures
[92mINFO [0m:      
[92mINFO [0m:      [ROUND 30]
[92mINFO [0m:      configure_fit: strategy sampled 3 clients (out of 3)
[92mINFO [0m:      aggregate_fit: received 3 results and 0 failures
[92mINFO [0m:      configure_evaluate: strategy sampled 3 clients (out of 3)
[92mINFO [0m:      aggregate_evaluate: received 3 results and 0 failures
[92mINFO [0m:      
[92mINFO [0m:      [ROUND 31]
[92mINFO [0m:      configure_fit: strategy sampled 3 clients (out of 3)
[92mINFO [0m:      aggregate_fit: received 3 results and 0 failures
[92mINFO [0m:      configure_evaluate: strategy sampled 3 clients (out of 3)
[92mINFO [0m:      aggregate_evaluate: received 3 results and 0 failures
[92mINFO [0m:      
[92mINFO [0m:      [ROUND 32]
[92mINFO [0m:      configure_fit: strategy sampled 3 clients (out of 3)
[92mINFO [0m:      aggregate_fit: received 3 results and 0 failures
[92mINFO [0m:      configure_evaluate: strategy sampled 3 clients (out of 3)
[92mINFO [0m:      aggregate_evaluate: received 3 results and 0 failures
[92mINFO [0m:      
[92mINFO [0m:      [ROUND 33]
[92mINFO [0m:      configure_fit: strategy sampled 3 clients (out of 3)
[92mINFO [0m:      aggregate_fit: received 3 results and 0 failures
[92mINFO [0m:      configure_evaluate: strategy sampled 3 clients (out of 3)
[92mINFO [0m:      aggregate_evaluate: received 3 results and 0 failures
[92mINFO [0m:      
[92mINFO [0m:      [ROUND 34]
[92mINFO [0m:      configure_fit: strategy sampled 3 clients (out of 3)
[92mINFO [0m:      aggregate_fit: received 3 results and 0 failures
[92mINFO [0m:      configure_evaluate: strategy sampled 3 clients (out of 3)
[92mINFO [0m:      aggregate_evaluate: received 3 results and 0 failures
[92mINFO [0m:      
[92mINFO [0m:      [ROUND 35]
[92mINFO [0m:      configure_fit: strategy sampled 3 clients (out of 3)
[92mINFO [0m:      aggregate_fit: received 3 results and 0 failures
[92mINFO [0m:      configure_evaluate: strategy sampled 3 clients (out of 3)
[92mINFO [0m:      aggregate_evaluate: received 3 results and 0 failures
[92mINFO [0m:      
[92mINFO [0m:      [ROUND 36]
[92mINFO [0m:      configure_fit: strategy sampled 3 clients (out of 3)
[92mINFO [0m:      aggregate_fit: received 3 results and 0 failures
[92mINFO [0m:      configure_evaluate: strategy sampled 3 clients (out of 3)
[92mINFO [0m:      aggregate_evaluate: received 3 results and 0 failures
[92mINFO [0m:      
[92mINFO [0m:      [ROUND 37]
[92mINFO [0m:      configure_fit: strategy sampled 3 clients (out of 3)
[92mINFO [0m:      aggregate_fit: received 3 results and 0 failures
[92mINFO [0m:      configure_evaluate: strategy sampled 3 clients (out of 3)
[92mINFO [0m:      aggregate_evaluate: received 3 results and 0 failures
[92mINFO [0m:      
[92mINFO [0m:      [ROUND 38]
[92mINFO [0m:      configure_fit: strategy sampled 3 clients (out of 3)
[92mINFO [0m:      aggregate_fit: received 3 results and 0 failures
[92mINFO [0m:      configure_evaluate: strategy sampled 3 clients (out of 3)
[92mINFO [0m:      aggregate_evaluate: received 3 results and 0 failures
[92mINFO [0m:      
[92mINFO [0m:      [ROUND 39]
[92mINFO [0m:      configure_fit: strategy sampled 3 clients (out of 3)
[92mINFO [0m:      aggregate_fit: received 3 results and 0 failures
[92mINFO [0m:      configure_evaluate: strategy sampled 3 clients (out of 3)
[92mINFO [0m:      aggregate_evaluate: received 3 results and 0 failures
[92mINFO [0m:      
[92mINFO [0m:      [ROUND 40]
[92mINFO [0m:      configure_fit: strategy sampled 3 clients (out of 3)
[92mINFO [0m:      aggregate_fit: received 3 results and 0 failures
[92mINFO [0m:      configure_evaluate: strategy sampled 3 clients (out of 3)
[92mINFO [0m:      aggregate_evaluate: received 3 results and 0 failures
[92mINFO [0m:      
[92mINFO [0m:      [ROUND 41]
[92mINFO [0m:      configure_fit: strategy sampled 3 clients (out of 3)
[92mINFO [0m:      aggregate_fit: received 3 results and 0 failures
[92mINFO [0m:      configure_evaluate: strategy sampled 3 clients (out of 3)
[92mINFO [0m:      aggregate_evaluate: received 3 results and 0 failures
[92mINFO [0m:      
[92mINFO [0m:      [ROUND 42]
[92mINFO [0m:      configure_fit: strategy sampled 3 clients (out of 3)
[92mINFO [0m:      aggregate_fit: received 3 results and 0 failures
[92mINFO [0m:      configure_evaluate: strategy sampled 3 clients (out of 3)
[92mINFO [0m:      aggregate_evaluate: received 3 results and 0 failures
[92mINFO [0m:      
[92mINFO [0m:      [ROUND 43]
[92mINFO [0m:      configure_fit: strategy sampled 3 clients (out of 3)
[92mINFO [0m:      aggregate_fit: received 3 results and 0 failures
[92mINFO [0m:      configure_evaluate: strategy sampled 3 clients (out of 3)
[92mINFO [0m:      aggregate_evaluate: received 3 results and 0 failures
[92mINFO [0m:      
[92mINFO [0m:      [ROUND 44]
[92mINFO [0m:      configure_fit: strategy sampled 3 clients (out of 3)
[92mINFO [0m:      aggregate_fit: received 3 results and 0 failures
[92mINFO [0m:      configure_evaluate: strategy sampled 3 clients (out of 3)
[92mINFO [0m:      aggregate_evaluate: received 3 results and 0 failures
[92mINFO [0m:      
[92mINFO [0m:      [ROUND 45]
[92mINFO [0m:      configure_fit: strategy sampled 3 clients (out of 3)
[92mINFO [0m:      aggregate_fit: received 3 results and 0 failures
[92mINFO [0m:      configure_evaluate: strategy sampled 3 clients (out of 3)
[92mINFO [0m:      aggregate_evaluate: received 3 results and 0 failures
[92mINFO [0m:      
[92mINFO [0m:      [ROUND 46]
[92mINFO [0m:      configure_fit: strategy sampled 3 clients (out of 3)
[92mINFO [0m:      aggregate_fit: received 3 results and 0 failures
[92mINFO [0m:      configure_evaluate: strategy sampled 3 clients (out of 3)
[92mINFO [0m:      aggregate_evaluate: received 3 results and 0 failures
[92mINFO [0m:      
[92mINFO [0m:      [ROUND 47]
[92mINFO [0m:      configure_fit: strategy sampled 3 clients (out of 3)
[92mINFO [0m:      aggregate_fit: received 3 results and 0 failures
[92mINFO [0m:      configure_evaluate: strategy sampled 3 clients (out of 3)
[92mINFO [0m:      aggregate_evaluate: received 3 results and 0 failures
[92mINFO [0m:      
[92mINFO [0m:      [ROUND 48]
[92mINFO [0m:      configure_fit: strategy sampled 3 clients (out of 3)
[92mINFO [0m:      aggregate_fit: received 3 results and 0 failures
[92mINFO [0m:      configure_evaluate: strategy sampled 3 clients (out of 3)
[92mINFO [0m:      aggregate_evaluate: received 3 results and 0 failures
[92mINFO [0m:      
[92mINFO [0m:      [ROUND 49]
[92mINFO [0m:      configure_fit: strategy sampled 3 clients (out of 3)
[92mINFO [0m:      aggregate_fit: received 3 results and 0 failures
[92mINFO [0m:      configure_evaluate: strategy sampled 3 clients (out of 3)
[92mINFO [0m:      aggregate_evaluate: received 3 results and 0 failures
[92mINFO [0m:      
[92mINFO [0m:      [ROUND 50]
[92mINFO [0m:      configure_fit: strategy sampled 3 clients (out of 3)
[92mINFO [0m:      aggregate_fit: received 3 results and 0 failures
[92mINFO [0m:      configure_evaluate: strategy sampled 3 clients (out of 3)
[92mINFO [0m:      aggregate_evaluate: received 3 results and 0 failures
[92mINFO [0m:      
[92mINFO [0m:      [SUMMARY]
[92mINFO [0m:      Run finished 50 round(s) in 3203.66s
[92mINFO [0m:      	History (loss, distributed):
[92mINFO [0m:      		round 1: 0.9793749349645019
[92mINFO [0m:      		round 2: 19.638044676002174
[92mINFO [0m:      		round 3: 1.0118859147351802
[92mINFO [0m:      		round 4: 0.968921170691306
[92mINFO [0m:      		round 5: 6.816816337067441
[92mINFO [0m:      		round 6: 1.6990509890370784
[92mINFO [0m:      		round 7: 21.11745579585249
[92mINFO [0m:      		round 8: 2.4011657082678948
[92mINFO [0m:      		round 9: 2.0512031440270753
[92mINFO [0m:      		round 10: 1.0240939640362559
[92mINFO [0m:      		round 11: 1.2135732895351092
[92mINFO [0m:      		round 12: 0.8218321829238904
[92mINFO [0m:      		round 13: 2.3582041263580322
[92mINFO [0m:      		round 14: 0.8716489035443197
[92mINFO [0m:      		round 15: 1.2052185754386746
[92mINFO [0m:      		round 16: 0.9585731342037207
[92mINFO [0m:      		round 17: 1.1678419393762138
[92mINFO [0m:      		round 18: 0.9201781498955408
[92mINFO [0m:      		round 19: 1.07748702687783
[92mINFO [0m:      		round 20: 0.9388648571923165
[92mINFO [0m:      		round 21: 1.3927678227237479
[92mINFO [0m:      		round 22: 1.3149016851272721
[92mINFO [0m:      		round 23: 1.2691391395109601
[92mINFO [0m:      		round 24: 0.9012668304952385
[92mINFO [0m:      		round 25: 0.9541432251642038
[92mINFO [0m:      		round 26: 1.1177577220102308
[92mINFO [0m:      		round 27: 1.3925091689993485
[92mINFO [0m:      		round 28: 1.4660605294235178
[92mINFO [0m:      		round 29: 1.232534425651868
[92mINFO [0m:      		round 30: 1.1823417811743693
[92mINFO [0m:      		round 31: 1.1969328178575311
[92mINFO [0m:      		round 32: 1.3841785262843223
[92mINFO [0m:      		round 33: 1.3564881959365713
[92mINFO [0m:      		round 34: 1.4313251625752337
[92mINFO [0m:      		round 35: 3.698103466805923
[92mINFO [0m:      		round 36: 1.3763574704036607
[92mINFO [0m:      		round 37: 1.6535808197405406
[92mINFO [0m:      		round 38: 1.7113792144896658
[92mINFO [0m:      		round 39: 1.9856812028357615
[92mINFO [0m:      		round 40: 1.5830952246063732
[92mINFO [0m:      		round 41: 1.5966857880444574
[92mINFO [0m:      		round 42: 1.5812048640751295
[92mINFO [0m:      		round 43: 1.7224849979020362
[92mINFO [0m:      		round 44: 1.6248580033962543
[92mINFO [0m:      		round 45: 1.3995030862242686
[92mINFO [0m:      		round 46: 2.253371390322548
[92mINFO [0m:      		round 47: 1.7725119001986502
[92mINFO [0m:      		round 48: 2.24421005028196
[92mINFO [0m:      		round 49: 2.642807402859295
[92mINFO [0m:      		round 50: 1.8967143148417749
[92mINFO [0m:      	History (metrics, distributed, fit):
[92mINFO [0m:      	{'comm_bytes': [(1, 44673804.0),
[92mINFO [0m:      	                (2, 44673804.0),
[92mINFO [0m:      	                (3, 44673804.0),
[92mINFO [0m:      	                (4, 44673804.0),
[92mINFO [0m:      	                (5, 44673804.0),
[92mINFO [0m:      	                (6, 44673804.0),
[92mINFO [0m:      	                (7, 44673804.0),
[92mINFO [0m:      	                (8, 44673804.0),
[92mINFO [0m:      	                (9, 44673804.0),
[92mINFO [0m:      	                (10, 44673804.0),
[92mINFO [0m:      	                (11, 44673804.0),
[92mINFO [0m:      	                (12, 44673804.0),
[92mINFO [0m:      	                (13, 44673804.0),
[92mINFO [0m:      	                (14, 44673804.0),
[92mINFO [0m:      	                (15, 44673804.0),
[92mINFO [0m:      	                (16, 44673804.0),
[92mINFO [0m:      	                (17, 44673804.0),
[92mINFO [0m:      	                (18, 44673804.0),
[92mINFO [0m:      	                (19, 44673804.0),
[92mINFO [0m:      	                (20, 44673804.0),
[92mINFO [0m:      	                (21, 44673804.0),
[92mINFO [0m:      	                (22, 44673804.0),
[92mINFO [0m:      	                (23, 44673804.0),
[92mINFO [0m:      	                (24, 44673804.0),
[92mINFO [0m:      	                (25, 44673804.0),
[92mINFO [0m:      	                (26, 44673804.0),
[92mINFO [0m:      	                (27, 44673804.0),
[92mINFO [0m:      	                (28, 44673804.0),
[92mINFO [0m:      	                (29, 44673804.0),
[92mINFO [0m:      	                (30, 44673804.0),
[92mINFO [0m:      	                (31, 44673804.0),
[92mINFO [0m:      	                (32, 44673804.0),
[92mINFO [0m:      	                (33, 44673804.0),
[92mINFO [0m:      	                (34, 44673804.0),
[92mINFO [0m:      	                (35, 44673804.0),
[92mINFO [0m:      	                (36, 44673804.0),
[92mINFO [0m:      	                (37, 44673804.0),
[92mINFO [0m:      	                (38, 44673804.0),
[92mINFO [0m:      	                (39, 44673804.0),
[92mINFO [0m:      	                (40, 44673804.0),
[92mINFO [0m:      	                (41, 44673804.0),
[92mINFO [0m:      	                (42, 44673804.0),
[92mINFO [0m:      	                (43, 44673804.0),
[92mINFO [0m:      	                (44, 44673804.0),
[92mINFO [0m:      	                (45, 44673804.0),
[92mINFO [0m:      	                (46, 44673804.0),
[92mINFO [0m:      	                (47, 44673804.0),
[92mINFO [0m:      	                (48, 44673804.0),
[92mINFO [0m:      	                (49, 44673804.0),
[92mINFO [0m:      	                (50, 44673804.0)],
[92mINFO [0m:      	 'comp_time_sec': [(1, 18.71298649801096),
[92mINFO [0m:      	                   (2, 17.970337176982593),
[92mINFO [0m:      	                   (3, 17.981758927168112),
[92mINFO [0m:      	                   (4, 18.304342593128972),
[92mINFO [0m:      	                   (5, 17.772252887134023),
[92mINFO [0m:      	                   (6, 18.18224461653487),
[92mINFO [0m:      	                   (7, 18.789357055788454),
[92mINFO [0m:      	                   (8, 18.4836358218325),
[92mINFO [0m:      	                   (9, 18.604003460039735),
[92mINFO [0m:      	                   (10, 18.008334137234293),
[92mINFO [0m:      	                   (11, 18.27773585762431),
[92mINFO [0m:      	                   (12, 18.3903734033758),
[92mINFO [0m:      	                   (13, 18.28514913325253),
[92mINFO [0m:      	                   (14, 17.989768738803185),
[92mINFO [0m:      	                   (15, 18.31227838757481),
[92mINFO [0m:      	                   (16, 18.08979401946539),
[92mINFO [0m:      	                   (17, 18.02228930062456),
[92mINFO [0m:      	                   (18, 18.27878203740704),
[92mINFO [0m:      	                   (19, 18.077944955335774),
[92mINFO [0m:      	                   (20, 18.132703583231084),
[92mINFO [0m:      	                   (21, 18.221293750487767),
[92mINFO [0m:      	                   (22, 18.108993278661735),
[92mINFO [0m:      	                   (23, 18.22882420413579),
[92mINFO [0m:      	                   (24, 18.957447233878575),
[92mINFO [0m:      	                   (25, 19.117567787528507),
[92mINFO [0m:      	                   (26, 18.0578898026538),
[92mINFO [0m:      	                   (27, 18.63991538573631),
[92mINFO [0m:      	                   (28, 18.446234475482594),
[92mINFO [0m:      	                   (29, 18.419183547317747),
[92mINFO [0m:      	                   (30, 18.255552636776045),
[92mINFO [0m:      	                   (31, 18.147448776738916),
[92mINFO [0m:      	                   (32, 18.450379250077862),
[92mINFO [0m:      	                   (33, 18.86824383613149),
[92mINFO [0m:      	                   (34, 18.439925198969632),
[92mINFO [0m:      	                   (35, 18.622801599766426),
[92mINFO [0m:      	                   (36, 18.289590708823074),
[92mINFO [0m:      	                   (37, 18.236775680964172),
[92mINFO [0m:      	                   (38, 18.019004669585247),
[92mINFO [0m:      	                   (39, 18.51564278244501),
[92mINFO [0m:      	                   (40, 18.81112476158519),
[92mINFO [0m:      	                   (41, 17.82483581450617),
[92mINFO [0m:      	                   (42, 18.341321448563587),
[92mINFO [0m:      	                   (43, 18.300840973854065),
[92mINFO [0m:      	                   (44, 18.320115513952352),
[92mINFO [0m:      	                   (45, 18.800214203921232),
[92mINFO [0m:      	                   (46, 18.171994300227862),
[92mINFO [0m:      	                   (47, 18.4234070226609),
[92mINFO [0m:      	                   (48, 18.71350580147604),
[92mINFO [0m:      	                   (49, 18.681880661621395),
[92mINFO [0m:      	                   (50, 18.220852059337933)],
[92mINFO [0m:      	 'train_loss': [(1, 0.854295406302325),
[92mINFO [0m:      	                (2, 0.7909166363595728),
[92mINFO [0m:      	                (3, 0.7760792025110937),
[92mINFO [0m:      	                (4, 0.7531156005831104),
[92mINFO [0m:      	                (5, 0.7662770128179445),
[92mINFO [0m:      	                (6, 0.7089442404190505),
[92mINFO [0m:      	                (7, 0.7007582340312127),
[92mINFO [0m:      	                (8, 0.6773314012277529),
[92mINFO [0m:      	                (9, 0.6392977890828315),
[92mINFO [0m:      	                (10, 0.6441963652503282),
[92mINFO [0m:      	                (11, 0.6154378762965004),
[92mINFO [0m:      	                (12, 0.5581961105182133),
[92mINFO [0m:      	                (13, 0.5512491092072282),
[92mINFO [0m:      	                (14, 0.5494130417658774),
[92mINFO [0m:      	                (15, 0.47340463218481643),
[92mINFO [0m:      	                (16, 0.5020532832799588),
[92mINFO [0m:      	                (17, 0.4646151412476844),
[92mINFO [0m:      	                (18, 0.43959050762593704),
[92mINFO [0m:      	                (19, 0.36479333540668596),
[92mINFO [0m:      	                (20, 0.4003190092936432),
[92mINFO [0m:      	                (21, 0.3416829973841145),
[92mINFO [0m:      	                (22, 0.36297925779684437),
[92mINFO [0m:      	                (23, 0.3453560494815749),
[92mINFO [0m:      	                (24, 0.3077183114969732),
[92mINFO [0m:      	                (25, 0.30850381335717225),
[92mINFO [0m:      	                (26, 0.2754738672123372),
[92mINFO [0m:      	                (27, 0.26924747253082),
[92mINFO [0m:      	                (28, 0.2238326474370153),
[92mINFO [0m:      	                (29, 0.24945833636933343),
[92mINFO [0m:      	                (30, 0.25366742341141757),
[92mINFO [0m:      	                (31, 0.24027191398960263),
[92mINFO [0m:      	                (32, 0.22230809348010552),
[92mINFO [0m:      	                (33, 0.23924665165101813),
[92mINFO [0m:      	                (34, 0.2687323566425031),
[92mINFO [0m:      	                (35, 0.15832977275003526),
[92mINFO [0m:      	                (36, 0.23286277127838245),
[92mINFO [0m:      	                (37, 0.1921327486150531),
[92mINFO [0m:      	                (38, 0.1835120574507094),
[92mINFO [0m:      	                (39, 0.21637620540108246),
[92mINFO [0m:      	                (40, 0.13987004149755597),
[92mINFO [0m:      	                (41, 0.1532031801851593),
[92mINFO [0m:      	                (42, 0.1745366543289085),
[92mINFO [0m:      	                (43, 0.15469004626687033),
[92mINFO [0m:      	                (44, 0.1236468415142983),
[92mINFO [0m:      	                (45, 0.14394414811050513),
[92mINFO [0m:      	                (46, 0.14457073707068277),
[92mINFO [0m:      	                (47, 0.1869372432705826),
[92mINFO [0m:      	                (48, 0.14071171149021017),
[92mINFO [0m:      	                (49, 0.15001685680464696),
[92mINFO [0m:      	                (50, 0.14586881551148015)]}
[92mINFO [0m:      	History (metrics, distributed, evaluate):
[92mINFO [0m:      	{'accuracy': [(1, 0.5934065934065934),
[92mINFO [0m:      	              (2, 0.6357927786499215),
[92mINFO [0m:      	              (3, 0.5792778649921507),
[92mINFO [0m:      	              (4, 0.6499215070643642),
[92mINFO [0m:      	              (5, 0.5855572998430141),
[92mINFO [0m:      	              (6, 0.640502354788069),
[92mINFO [0m:      	              (7, 0.6185243328100472),
[92mINFO [0m:      	              (8, 0.631083202511774),
[92mINFO [0m:      	              (9, 0.631083202511774),
[92mINFO [0m:      	              (10, 0.6844583987441131),
[92mINFO [0m:      	              (11, 0.5416012558869702),
[92mINFO [0m:      	              (12, 0.6844583987441131),
[92mINFO [0m:      	              (13, 0.6514913657770801),
[92mINFO [0m:      	              (14, 0.6546310832025117),
[92mINFO [0m:      	              (15, 0.6169544740973313),
[92mINFO [0m:      	              (16, 0.6357927786499215),
[92mINFO [0m:      	              (17, 0.5839874411302983),
[92mINFO [0m:      	              (18, 0.6577708006279435),
[92mINFO [0m:      	              (19, 0.5510204081632653),
[92mINFO [0m:      	              (20, 0.6436420722135008),
[92mINFO [0m:      	              (21, 0.6169544740973313),
[92mINFO [0m:      	              (22, 0.6577708006279435),
[92mINFO [0m:      	              (23, 0.6326530612244898),
[92mINFO [0m:      	              (24, 0.6844583987441131),
[92mINFO [0m:      	              (25, 0.6828885400313972),
[92mINFO [0m:      	              (26, 0.5996860282574569),
[92mINFO [0m:      	              (27, 0.6656200941915228),
[92mINFO [0m:      	              (28, 0.5949764521193093),
[92mINFO [0m:      	              (29, 0.7032967032967034),
[92mINFO [0m:      	              (30, 0.6813186813186813),
[92mINFO [0m:      	              (31, 0.7095761381475667),
[92mINFO [0m:      	              (32, 0.6703296703296703),
[92mINFO [0m:      	              (33, 0.6342229199372057),
[92mINFO [0m:      	              (34, 0.6687598116169545),
[92mINFO [0m:      	              (35, 0.6263736263736264),
[92mINFO [0m:      	              (36, 0.673469387755102),
[92mINFO [0m:      	              (37, 0.695447409733124),
[92mINFO [0m:      	              (38, 0.6640502354788069),
[92mINFO [0m:      	              (39, 0.6797488226059655),
[92mINFO [0m:      	              (40, 0.6530612244897959),
[92mINFO [0m:      	              (41, 0.6750392464678179),
[92mINFO [0m:      	              (42, 0.7111459968602826),
[92mINFO [0m:      	              (43, 0.7032967032967034),
[92mINFO [0m:      	              (44, 0.6687598116169545),
[92mINFO [0m:      	              (45, 0.6640502354788069),
[92mINFO [0m:      	              (46, 0.6075353218210361),
[92mINFO [0m:      	              (47, 0.7095761381475667),
[92mINFO [0m:      	              (48, 0.6326530612244898),
[92mINFO [0m:      	              (49, 0.6106750392464678),
[92mINFO [0m:      	              (50, 0.6813186813186813)]}
[92mINFO [0m:      
[36m(pid=1973680)[0m [2026-08-31 17:07:07,718 E 1973680 1977367] core_worker_process.cc:825: Failed to establish connection to the metrics exporter agent. Metrics will not be exported. Exporter agent status: RpcError: Running out of retries to initialize the metrics agent. rpc_code: 14[32m [repeated 31x across cluster] (Ray deduplicates logs by default. Set RAY_DEDUP_LOGS=0 to disable log deduplication, or see https://docs.ray.io/en/master/ray-observability/user-guides/configure-logging.html#log-deduplication for more options.)[0m
