[93mWARNING [0m:   DEPRECATED FEATURE: flwr.simulation.start_simulation() is deprecated.
	Instead, use the `flwr run` CLI command to start a local simulation in your Flower app, as shown for example below:

		$ flwr new  # Create a new Flower app from a template

		$ flwr run  # Run the Flower app in Simulation Mode

	Using `start_simulation()` is deprecated.

            This is a deprecated feature. It will be removed
            entirely in future versions of Flower.
        
[92mINFO [0m:      Starting Flower simulation, config: num_rounds=50, no round_timeout
2026-08-31 17:07:06,940	INFO worker.py:2012 -- Started a local Ray instance.
/export/home/ralhasan/anaconda3/envs/fl_fu/lib/python3.10/site-packages/ray/_private/worker.py:2051: FutureWarning: Tip: In future versions of Ray, Ray will no longer override accelerator visible devices env var if num_gpus=0 or num_gpus=None (default). To enable this behavior and turn off this error message, set RAY_ACCEL_ENV_VAR_OVERRIDE_ON_ZERO=0
  warnings.warn(
[92mINFO [0m:      Flower VCE: Ray initialized with resources: {'node:10.141.10.19': 1.0, 'object_store_memory': 80911025356.0, 'accelerator_type:P100': 1.0, 'GPU': 1.0, 'CPU': 48.0, 'memory': 188792392500.0, 'node:__internal_head__': 1.0}
[92mINFO [0m:      Optimize your simulation with Flower VCE: https://flower.ai/docs/framework/how-to-run-simulations.html
[92mINFO [0m:      Flower VCE: Resources for each Virtual Client: {'num_cpus': 1, 'num_gpus': 0.3333333333333333}
[92mINFO [0m:      Flower VCE: Creating VirtualClientEngineActorPool with 3 actors
[92mINFO [0m:      [INIT]
[92mINFO [0m:      Using initial global parameters provided by strategy
[92mINFO [0m:      Starting evaluation of initial global parameters
[92mINFO [0m:      Evaluation returned no results (`None`)
[92mINFO [0m:      
[92mINFO [0m:      [ROUND 1]
[92mINFO [0m:      configure_fit: strategy sampled 3 clients (out of 3)
[36m(pid=gcs_server)[0m [2026-08-31 17:07:33,128 E 3086160 3086160] (gcs_server) gcs_server.cc:302: Failed to establish connection to the event+metrics exporter agent. Events and metrics will not be exported. Exporter agent status: RpcError: Running out of retries to initialize the metrics agent. rpc_code: 14
[33m(raylet)[0m [2026-08-31 17:07:36,280 E 3086341 3086341] (raylet) main.cc:975: Failed to establish connection to the metrics exporter agent. Metrics will not be exported. Exporter agent status: RpcError: Running out of retries to initialize the metrics agent. rpc_code: 14
[36m(ClientAppActor pid=3086506)[0m [2026-08-31 17:07:38,703 E 3086506 3086816] core_worker_process.cc:825: Failed to establish connection to the metrics exporter agent. Metrics will not be exported. Exporter agent status: RpcError: Running out of retries to initialize the metrics agent. rpc_code: 14
[2026-08-31 17:07:39,650 E 3085800 3086501] core_worker_process.cc:825: Failed to establish connection to the metrics exporter agent. Metrics will not be exported. Exporter agent status: RpcError: Running out of retries to initialize the metrics agent. rpc_code: 14
[92mINFO [0m:      aggregate_fit: received 3 results and 0 failures
[92mINFO [0m:      configure_evaluate: strategy sampled 3 clients (out of 3)
[92mINFO [0m:      aggregate_evaluate: received 3 results and 0 failures
[92mINFO [0m:      
[92mINFO [0m:      [ROUND 2]
[92mINFO [0m:      configure_fit: strategy sampled 3 clients (out of 3)
[92mINFO [0m:      aggregate_fit: received 3 results and 0 failures
[92mINFO [0m:      configure_evaluate: strategy sampled 3 clients (out of 3)
[92mINFO [0m:      aggregate_evaluate: received 3 results and 0 failures
[92mINFO [0m:      
[92mINFO [0m:      [ROUND 3]
[92mINFO [0m:      configure_fit: strategy sampled 3 clients (out of 3)
[92mINFO [0m:      aggregate_fit: received 3 results and 0 failures
[92mINFO [0m:      configure_evaluate: strategy sampled 3 clients (out of 3)
[92mINFO [0m:      aggregate_evaluate: received 3 results and 0 failures
[92mINFO [0m:      
[92mINFO [0m:      [ROUND 4]
[92mINFO [0m:      configure_fit: strategy sampled 3 clients (out of 3)
[92mINFO [0m:      aggregate_fit: received 3 results and 0 failures
[92mINFO [0m:      configure_evaluate: strategy sampled 3 clients (out of 3)
[92mINFO [0m:      aggregate_evaluate: received 3 results and 0 failures
[92mINFO [0m:      
[92mINFO [0m:      [ROUND 5]
[92mINFO [0m:      configure_fit: strategy sampled 3 clients (out of 3)
[92mINFO [0m:      aggregate_fit: received 3 results and 0 failures
[92mINFO [0m:      configure_evaluate: strategy sampled 3 clients (out of 3)
[92mINFO [0m:      aggregate_evaluate: received 3 results and 0 failures
[92mINFO [0m:      
[92mINFO [0m:      [ROUND 6]
[92mINFO [0m:      configure_fit: strategy sampled 3 clients (out of 3)
[92mINFO [0m:      aggregate_fit: received 3 results and 0 failures
[92mINFO [0m:      configure_evaluate: strategy sampled 3 clients (out of 3)
[92mINFO [0m:      aggregate_evaluate: received 3 results and 0 failures
[92mINFO [0m:      
[92mINFO [0m:      [ROUND 7]
[92mINFO [0m:      configure_fit: strategy sampled 3 clients (out of 3)
[92mINFO [0m:      aggregate_fit: received 3 results and 0 failures
[92mINFO [0m:      configure_evaluate: strategy sampled 3 clients (out of 3)
[92mINFO [0m:      aggregate_evaluate: received 3 results and 0 failures
[92mINFO [0m:      
[92mINFO [0m:      [ROUND 8]
[92mINFO [0m:      configure_fit: strategy sampled 3 clients (out of 3)
[92mINFO [0m:      aggregate_fit: received 3 results and 0 failures
[92mINFO [0m:      configure_evaluate: strategy sampled 3 clients (out of 3)
[92mINFO [0m:      aggregate_evaluate: received 3 results and 0 failures
[92mINFO [0m:      
[92mINFO [0m:      [ROUND 9]
[92mINFO [0m:      configure_fit: strategy sampled 3 clients (out of 3)
[92mINFO [0m:      aggregate_fit: received 3 results and 0 failures
[92mINFO [0m:      configure_evaluate: strategy sampled 3 clients (out of 3)
[92mINFO [0m:      aggregate_evaluate: received 3 results and 0 failures
[92mINFO [0m:      
[92mINFO [0m:      [ROUND 10]
[92mINFO [0m:      configure_fit: strategy sampled 3 clients (out of 3)
[92mINFO [0m:      aggregate_fit: received 3 results and 0 failures
[92mINFO [0m:      configure_evaluate: strategy sampled 3 clients (out of 3)
[92mINFO [0m:      aggregate_evaluate: received 3 results and 0 failures
[92mINFO [0m:      
[92mINFO [0m:      [ROUND 11]
[92mINFO [0m:      configure_fit: strategy sampled 3 clients (out of 3)
[92mINFO [0m:      aggregate_fit: received 3 results and 0 failures
[92mINFO [0m:      configure_evaluate: strategy sampled 3 clients (out of 3)
[92mINFO [0m:      aggregate_evaluate: received 3 results and 0 failures
[92mINFO [0m:      
[92mINFO [0m:      [ROUND 12]
[92mINFO [0m:      configure_fit: strategy sampled 3 clients (out of 3)
[92mINFO [0m:      aggregate_fit: received 3 results and 0 failures
[92mINFO [0m:      configure_evaluate: strategy sampled 3 clients (out of 3)
[92mINFO [0m:      aggregate_evaluate: received 3 results and 0 failures
[92mINFO [0m:      
[92mINFO [0m:      [ROUND 13]
[92mINFO [0m:      configure_fit: strategy sampled 3 clients (out of 3)
[92mINFO [0m:      aggregate_fit: received 3 results and 0 failures
[92mINFO [0m:      configure_evaluate: strategy sampled 3 clients (out of 3)
[92mINFO [0m:      aggregate_evaluate: received 3 results and 0 failures
[92mINFO [0m:      
[92mINFO [0m:      [ROUND 14]
[92mINFO [0m:      configure_fit: strategy sampled 3 clients (out of 3)
[92mINFO [0m:      aggregate_fit: received 3 results and 0 failures
[92mINFO [0m:      configure_evaluate: strategy sampled 3 clients (out of 3)
[92mINFO [0m:      aggregate_evaluate: received 3 results and 0 failures
[92mINFO [0m:      
[92mINFO [0m:      [ROUND 15]
[92mINFO [0m:      configure_fit: strategy sampled 3 clients (out of 3)
[92mINFO [0m:      aggregate_fit: received 3 results and 0 failures
[92mINFO [0m:      configure_evaluate: strategy sampled 3 clients (out of 3)
[92mINFO [0m:      aggregate_evaluate: received 3 results and 0 failures
[92mINFO [0m:      
[92mINFO [0m:      [ROUND 16]
[92mINFO [0m:      configure_fit: strategy sampled 3 clients (out of 3)
[92mINFO [0m:      aggregate_fit: received 3 results and 0 failures
[92mINFO [0m:      configure_evaluate: strategy sampled 3 clients (out of 3)
[92mINFO [0m:      aggregate_evaluate: received 3 results and 0 failures
[92mINFO [0m:      
[92mINFO [0m:      [ROUND 17]
[92mINFO [0m:      configure_fit: strategy sampled 3 clients (out of 3)
[92mINFO [0m:      aggregate_fit: received 3 results and 0 failures
[92mINFO [0m:      configure_evaluate: strategy sampled 3 clients (out of 3)
[92mINFO [0m:      aggregate_evaluate: received 3 results and 0 failures
[92mINFO [0m:      
[92mINFO [0m:      [ROUND 18]
[92mINFO [0m:      configure_fit: strategy sampled 3 clients (out of 3)
[92mINFO [0m:      aggregate_fit: received 3 results and 0 failures
[92mINFO [0m:      configure_evaluate: strategy sampled 3 clients (out of 3)
[92mINFO [0m:      aggregate_evaluate: received 3 results and 0 failures
[92mINFO [0m:      
[92mINFO [0m:      [ROUND 19]
[92mINFO [0m:      configure_fit: strategy sampled 3 clients (out of 3)
[92mINFO [0m:      aggregate_fit: received 3 results and 0 failures
[92mINFO [0m:      configure_evaluate: strategy sampled 3 clients (out of 3)
[92mINFO [0m:      aggregate_evaluate: received 3 results and 0 failures
[92mINFO [0m:      
[92mINFO [0m:      [ROUND 20]
[92mINFO [0m:      configure_fit: strategy sampled 3 clients (out of 3)
[92mINFO [0m:      aggregate_fit: received 3 results and 0 failures
[92mINFO [0m:      configure_evaluate: strategy sampled 3 clients (out of 3)
[92mINFO [0m:      aggregate_evaluate: received 3 results and 0 failures
[92mINFO [0m:      
[92mINFO [0m:      [ROUND 21]
[92mINFO [0m:      configure_fit: strategy sampled 3 clients (out of 3)
[92mINFO [0m:      aggregate_fit: received 3 results and 0 failures
[92mINFO [0m:      configure_evaluate: strategy sampled 3 clients (out of 3)
[92mINFO [0m:      aggregate_evaluate: received 3 results and 0 failures
[92mINFO [0m:      
[92mINFO [0m:      [ROUND 22]
[92mINFO [0m:      configure_fit: strategy sampled 3 clients (out of 3)
[92mINFO [0m:      aggregate_fit: received 3 results and 0 failures
[92mINFO [0m:      configure_evaluate: strategy sampled 3 clients (out of 3)
[92mINFO [0m:      aggregate_evaluate: received 3 results and 0 failures
[92mINFO [0m:      
[92mINFO [0m:      [ROUND 23]
[92mINFO [0m:      configure_fit: strategy sampled 3 clients (out of 3)
[92mINFO [0m:      aggregate_fit: received 3 results and 0 failures
[92mINFO [0m:      configure_evaluate: strategy sampled 3 clients (out of 3)
[92mINFO [0m:      aggregate_evaluate: received 3 results and 0 failures
[92mINFO [0m:      
[92mINFO [0m:      [ROUND 24]
[92mINFO [0m:      configure_fit: strategy sampled 3 clients (out of 3)
[92mINFO [0m:      aggregate_fit: received 3 results and 0 failures
[92mINFO [0m:      configure_evaluate: strategy sampled 3 clients (out of 3)
[92mINFO [0m:      aggregate_evaluate: received 3 results and 0 failures
[92mINFO [0m:      
[92mINFO [0m:      [ROUND 25]
[92mINFO [0m:      configure_fit: strategy sampled 3 clients (out of 3)
[92mINFO [0m:      aggregate_fit: received 3 results and 0 failures
[92mINFO [0m:      configure_evaluate: strategy sampled 3 clients (out of 3)
[92mINFO [0m:      aggregate_evaluate: received 3 results and 0 failures
[92mINFO [0m:      
[92mINFO [0m:      [ROUND 26]
[92mINFO [0m:      configure_fit: strategy sampled 3 clients (out of 3)
[92mINFO [0m:      aggregate_fit: received 3 results and 0 failures
[92mINFO [0m:      configure_evaluate: strategy sampled 3 clients (out of 3)
[92mINFO [0m:      aggregate_evaluate: received 3 results and 0 failures
[92mINFO [0m:      
[92mINFO [0m:      [ROUND 27]
[92mINFO [0m:      configure_fit: strategy sampled 3 clients (out of 3)
[92mINFO [0m:      aggregate_fit: received 3 results and 0 failures
[92mINFO [0m:      configure_evaluate: strategy sampled 3 clients (out of 3)
[92mINFO [0m:      aggregate_evaluate: received 3 results and 0 failures
[92mINFO [0m:      
[92mINFO [0m:      [ROUND 28]
[92mINFO [0m:      configure_fit: strategy sampled 3 clients (out of 3)
[92mINFO [0m:      aggregate_fit: received 3 results and 0 failures
[92mINFO [0m:      configure_evaluate: strategy sampled 3 clients (out of 3)
[92mINFO [0m:      aggregate_evaluate: received 3 results and 0 failures
[92mINFO [0m:      
[92mINFO [0m:      [ROUND 29]
[92mINFO [0m:      configure_fit: strategy sampled 3 clients (out of 3)
[92mINFO [0m:      aggregate_fit: received 3 results and 0 failures
[92mINFO [0m:      configure_evaluate: strategy sampled 3 clients (out of 3)
[92mINFO [0m:      aggregate_evaluate: received 3 results and 0 failures
[92mINFO [0m:      
[92mINFO [0m:      [ROUND 30]
[92mINFO [0m:      configure_fit: strategy sampled 3 clients (out of 3)
[92mINFO [0m:      aggregate_fit: received 3 results and 0 failures
[92mINFO [0m:      configure_evaluate: strategy sampled 3 clients (out of 3)
[92mINFO [0m:      aggregate_evaluate: received 3 results and 0 failures
[92mINFO [0m:      
[92mINFO [0m:      [ROUND 31]
[92mINFO [0m:      configure_fit: strategy sampled 3 clients (out of 3)
[92mINFO [0m:      aggregate_fit: received 3 results and 0 failures
[92mINFO [0m:      configure_evaluate: strategy sampled 3 clients (out of 3)
[92mINFO [0m:      aggregate_evaluate: received 3 results and 0 failures
[92mINFO [0m:      
[92mINFO [0m:      [ROUND 32]
[92mINFO [0m:      configure_fit: strategy sampled 3 clients (out of 3)
[92mINFO [0m:      aggregate_fit: received 3 results and 0 failures
[92mINFO [0m:      configure_evaluate: strategy sampled 3 clients (out of 3)
[92mINFO [0m:      aggregate_evaluate: received 3 results and 0 failures
[92mINFO [0m:      
[92mINFO [0m:      [ROUND 33]
[92mINFO [0m:      configure_fit: strategy sampled 3 clients (out of 3)
[92mINFO [0m:      aggregate_fit: received 3 results and 0 failures
[92mINFO [0m:      configure_evaluate: strategy sampled 3 clients (out of 3)
[92mINFO [0m:      aggregate_evaluate: received 3 results and 0 failures
[92mINFO [0m:      
[92mINFO [0m:      [ROUND 34]
[92mINFO [0m:      configure_fit: strategy sampled 3 clients (out of 3)
[92mINFO [0m:      aggregate_fit: received 3 results and 0 failures
[92mINFO [0m:      configure_evaluate: strategy sampled 3 clients (out of 3)
[92mINFO [0m:      aggregate_evaluate: received 3 results and 0 failures
[92mINFO [0m:      
[92mINFO [0m:      [ROUND 35]
[92mINFO [0m:      configure_fit: strategy sampled 3 clients (out of 3)
[92mINFO [0m:      aggregate_fit: received 3 results and 0 failures
[92mINFO [0m:      configure_evaluate: strategy sampled 3 clients (out of 3)
[92mINFO [0m:      aggregate_evaluate: received 3 results and 0 failures
[92mINFO [0m:      
[92mINFO [0m:      [ROUND 36]
[92mINFO [0m:      configure_fit: strategy sampled 3 clients (out of 3)
[92mINFO [0m:      aggregate_fit: received 3 results and 0 failures
[92mINFO [0m:      configure_evaluate: strategy sampled 3 clients (out of 3)
[92mINFO [0m:      aggregate_evaluate: received 3 results and 0 failures
[92mINFO [0m:      
[92mINFO [0m:      [ROUND 37]
[92mINFO [0m:      configure_fit: strategy sampled 3 clients (out of 3)
[92mINFO [0m:      aggregate_fit: received 3 results and 0 failures
[92mINFO [0m:      configure_evaluate: strategy sampled 3 clients (out of 3)
[92mINFO [0m:      aggregate_evaluate: received 3 results and 0 failures
[92mINFO [0m:      
[92mINFO [0m:      [ROUND 38]
[92mINFO [0m:      configure_fit: strategy sampled 3 clients (out of 3)
[92mINFO [0m:      aggregate_fit: received 3 results and 0 failures
[92mINFO [0m:      configure_evaluate: strategy sampled 3 clients (out of 3)
[92mINFO [0m:      aggregate_evaluate: received 3 results and 0 failures
[92mINFO [0m:      
[92mINFO [0m:      [ROUND 39]
[92mINFO [0m:      configure_fit: strategy sampled 3 clients (out of 3)
[92mINFO [0m:      aggregate_fit: received 3 results and 0 failures
[92mINFO [0m:      configure_evaluate: strategy sampled 3 clients (out of 3)
[92mINFO [0m:      aggregate_evaluate: received 3 results and 0 failures
[92mINFO [0m:      
[92mINFO [0m:      [ROUND 40]
[92mINFO [0m:      configure_fit: strategy sampled 3 clients (out of 3)
[92mINFO [0m:      aggregate_fit: received 3 results and 0 failures
[92mINFO [0m:      configure_evaluate: strategy sampled 3 clients (out of 3)
[92mINFO [0m:      aggregate_evaluate: received 3 results and 0 failures
[92mINFO [0m:      
[92mINFO [0m:      [ROUND 41]
[92mINFO [0m:      configure_fit: strategy sampled 3 clients (out of 3)
[92mINFO [0m:      aggregate_fit: received 3 results and 0 failures
[92mINFO [0m:      configure_evaluate: strategy sampled 3 clients (out of 3)
[92mINFO [0m:      aggregate_evaluate: received 3 results and 0 failures
[92mINFO [0m:      
[92mINFO [0m:      [ROUND 42]
[92mINFO [0m:      configure_fit: strategy sampled 3 clients (out of 3)
[92mINFO [0m:      aggregate_fit: received 3 results and 0 failures
[92mINFO [0m:      configure_evaluate: strategy sampled 3 clients (out of 3)
[92mINFO [0m:      aggregate_evaluate: received 3 results and 0 failures
[92mINFO [0m:      
[92mINFO [0m:      [ROUND 43]
[92mINFO [0m:      configure_fit: strategy sampled 3 clients (out of 3)
[92mINFO [0m:      aggregate_fit: received 3 results and 0 failures
[92mINFO [0m:      configure_evaluate: strategy sampled 3 clients (out of 3)
[92mINFO [0m:      aggregate_evaluate: received 3 results and 0 failures
[92mINFO [0m:      
[92mINFO [0m:      [ROUND 44]
[92mINFO [0m:      configure_fit: strategy sampled 3 clients (out of 3)
[92mINFO [0m:      aggregate_fit: received 3 results and 0 failures
[92mINFO [0m:      configure_evaluate: strategy sampled 3 clients (out of 3)
[92mINFO [0m:      aggregate_evaluate: received 3 results and 0 failures
[92mINFO [0m:      
[92mINFO [0m:      [ROUND 45]
[92mINFO [0m:      configure_fit: strategy sampled 3 clients (out of 3)
[92mINFO [0m:      aggregate_fit: received 3 results and 0 failures
[92mINFO [0m:      configure_evaluate: strategy sampled 3 clients (out of 3)
[92mINFO [0m:      aggregate_evaluate: received 3 results and 0 failures
[92mINFO [0m:      
[92mINFO [0m:      [ROUND 46]
[92mINFO [0m:      configure_fit: strategy sampled 3 clients (out of 3)
[92mINFO [0m:      aggregate_fit: received 3 results and 0 failures
[92mINFO [0m:      configure_evaluate: strategy sampled 3 clients (out of 3)
[92mINFO [0m:      aggregate_evaluate: received 3 results and 0 failures
[92mINFO [0m:      
[92mINFO [0m:      [ROUND 47]
[92mINFO [0m:      configure_fit: strategy sampled 3 clients (out of 3)
[92mINFO [0m:      aggregate_fit: received 3 results and 0 failures
[92mINFO [0m:      configure_evaluate: strategy sampled 3 clients (out of 3)
[92mINFO [0m:      aggregate_evaluate: received 3 results and 0 failures
[92mINFO [0m:      
[92mINFO [0m:      [ROUND 48]
[92mINFO [0m:      configure_fit: strategy sampled 3 clients (out of 3)
[92mINFO [0m:      aggregate_fit: received 3 results and 0 failures
[92mINFO [0m:      configure_evaluate: strategy sampled 3 clients (out of 3)
[92mINFO [0m:      aggregate_evaluate: received 3 results and 0 failures
[92mINFO [0m:      
[92mINFO [0m:      [ROUND 49]
[92mINFO [0m:      configure_fit: strategy sampled 3 clients (out of 3)
[92mINFO [0m:      aggregate_fit: received 3 results and 0 failures
[92mINFO [0m:      configure_evaluate: strategy sampled 3 clients (out of 3)
[92mINFO [0m:      aggregate_evaluate: received 3 results and 0 failures
[92mINFO [0m:      
[92mINFO [0m:      [ROUND 50]
[92mINFO [0m:      configure_fit: strategy sampled 3 clients (out of 3)
[92mINFO [0m:      aggregate_fit: received 3 results and 0 failures
[92mINFO [0m:      configure_evaluate: strategy sampled 3 clients (out of 3)
[92mINFO [0m:      aggregate_evaluate: received 3 results and 0 failures
[92mINFO [0m:      
[92mINFO [0m:      [SUMMARY]
[92mINFO [0m:      Run finished 50 round(s) in 7588.27s
[92mINFO [0m:      	History (loss, distributed):
[92mINFO [0m:      		round 1: 0.9230914115905762
[92mINFO [0m:      		round 2: 28.96386486329496
[92mINFO [0m:      		round 3: 3.432810991207135
[92mINFO [0m:      		round 4: 0.8503749847786393
[92mINFO [0m:      		round 5: 1.5576421604425978
[92mINFO [0m:      		round 6: 0.7533814162249842
[92mINFO [0m:      		round 7: 1.2913546619273055
[92mINFO [0m:      		round 8: 0.7051141855293765
[92mINFO [0m:      		round 9: 0.9857043576203112
[92mINFO [0m:      		round 10: 0.986893450165843
[92mINFO [0m:      		round 11: 0.7896284860101188
[92mINFO [0m:      		round 12: 1.1535651544386776
[92mINFO [0m:      		round 13: 0.8664931946403378
[92mINFO [0m:      		round 14: 0.8756916079746218
[92mINFO [0m:      		round 15: 0.6325485168062911
[92mINFO [0m:      		round 16: 0.850833824550619
[92mINFO [0m:      		round 17: 0.6900530406760031
[92mINFO [0m:      		round 18: 0.6987020713708464
[92mINFO [0m:      		round 19: 0.9832434908989847
[92mINFO [0m:      		round 20: 0.9450884790304505
[92mINFO [0m:      		round 21: 0.7058554861337836
[92mINFO [0m:      		round 22: 0.851015320202713
[92mINFO [0m:      		round 23: 1.065999317735878
[92mINFO [0m:      		round 24: 0.6420869137009889
[92mINFO [0m:      		round 25: 0.7904789192657596
[92mINFO [0m:      		round 26: 0.7569064204281363
[92mINFO [0m:      		round 27: 0.9905214638272344
[92mINFO [0m:      		round 28: 0.8648616847007577
[92mINFO [0m:      		round 29: 0.7825514783748236
[92mINFO [0m:      		round 30: 0.9771232592215446
[92mINFO [0m:      		round 31: 1.5672289289920072
[92mINFO [0m:      		round 32: 0.8373011607922368
[92mINFO [0m:      		round 33: 0.8610073293396966
[92mINFO [0m:      		round 34: 0.7684801024161104
[92mINFO [0m:      		round 35: 1.024081360499025
[92mINFO [0m:      		round 36: 1.421461031270715
[92mINFO [0m:      		round 37: 0.9376628641156096
[92mINFO [0m:      		round 38: 0.9358595354684294
[92mINFO [0m:      		round 39: 0.870552328641832
[92mINFO [0m:      		round 40: 0.9093491726480366
[92mINFO [0m:      		round 41: 0.857743585310084
[92mINFO [0m:      		round 42: 0.9752537337346718
[92mINFO [0m:      		round 43: 0.8215443954778926
[92mINFO [0m:      		round 44: 1.1603370404228504
[92mINFO [0m:      		round 45: 0.9528470989294772
[92mINFO [0m:      		round 46: 1.1046031661703744
[92mINFO [0m:      		round 47: 1.0419891654956777
[92mINFO [0m:      		round 48: 0.9246297569869519
[92mINFO [0m:      		round 49: 0.9140136349292727
[92mINFO [0m:      		round 50: 0.9551580474745581
[92mINFO [0m:      	History (metrics, distributed, fit):
[92mINFO [0m:      	{'comm_bytes': [(1, 44673804.0),
[92mINFO [0m:      	                (2, 44673804.0),
[92mINFO [0m:      	                (3, 44673804.0),
[92mINFO [0m:      	                (4, 44673804.0),
[92mINFO [0m:      	                (5, 44673804.0),
[92mINFO [0m:      	                (6, 44673804.0),
[92mINFO [0m:      	                (7, 44673804.0),
[92mINFO [0m:      	                (8, 44673804.0),
[92mINFO [0m:      	                (9, 44673804.0),
[92mINFO [0m:      	                (10, 44673804.0),
[92mINFO [0m:      	                (11, 44673804.0),
[92mINFO [0m:      	                (12, 44673804.0),
[92mINFO [0m:      	                (13, 44673804.0),
[92mINFO [0m:      	                (14, 44673804.0),
[92mINFO [0m:      	                (15, 44673804.0),
[92mINFO [0m:      	                (16, 44673804.0),
[92mINFO [0m:      	                (17, 44673804.0),
[92mINFO [0m:      	                (18, 44673804.0),
[92mINFO [0m:      	                (19, 44673804.0),
[92mINFO [0m:      	                (20, 44673804.0),
[92mINFO [0m:      	                (21, 44673804.0),
[92mINFO [0m:      	                (22, 44673804.0),
[92mINFO [0m:      	                (23, 44673804.0),
[92mINFO [0m:      	                (24, 44673804.0),
[92mINFO [0m:      	                (25, 44673804.0),
[92mINFO [0m:      	                (26, 44673804.0),
[92mINFO [0m:      	                (27, 44673804.0),
[92mINFO [0m:      	                (28, 44673804.0),
[92mINFO [0m:      	                (29, 44673804.0),
[92mINFO [0m:      	                (30, 44673804.0),
[92mINFO [0m:      	                (31, 44673804.0),
[92mINFO [0m:      	                (32, 44673804.0),
[92mINFO [0m:      	                (33, 44673804.0),
[92mINFO [0m:      	                (34, 44673804.0),
[92mINFO [0m:      	                (35, 44673804.0),
[92mINFO [0m:      	                (36, 44673804.0),
[92mINFO [0m:      	                (37, 44673804.0),
[92mINFO [0m:      	                (38, 44673804.0),
[92mINFO [0m:      	                (39, 44673804.0),
[92mINFO [0m:      	                (40, 44673804.0),
[92mINFO [0m:      	                (41, 44673804.0),
[92mINFO [0m:      	                (42, 44673804.0),
[92mINFO [0m:      	                (43, 44673804.0),
[92mINFO [0m:      	                (44, 44673804.0),
[92mINFO [0m:      	                (45, 44673804.0),
[92mINFO [0m:      	                (46, 44673804.0),
[92mINFO [0m:      	                (47, 44673804.0),
[92mINFO [0m:      	                (48, 44673804.0),
[92mINFO [0m:      	                (49, 44673804.0),
[92mINFO [0m:      	                (50, 44673804.0)],
[92mINFO [0m:      	 'comp_time_sec': [(1, 80.99131022898231),
[92mINFO [0m:      	                   (2, 60.46844384660871),
[92mINFO [0m:      	                   (3, 59.488597953882746),
[92mINFO [0m:      	                   (4, 54.94621649666095),
[92mINFO [0m:      	                   (5, 55.639800715282206),
[92mINFO [0m:      	                   (6, 58.42874607044881),
[92mINFO [0m:      	                   (7, 58.49472655989523),
[92mINFO [0m:      	                   (8, 55.52214195972353),
[92mINFO [0m:      	                   (9, 59.036509093454505),
[92mINFO [0m:      	                   (10, 60.34172131027293),
[92mINFO [0m:      	                   (11, 54.79465141634303),
[92mINFO [0m:      	                   (12, 56.16608907939411),
[92mINFO [0m:      	                   (13, 55.57206217205431),
[92mINFO [0m:      	                   (14, 58.4589418083664),
[92mINFO [0m:      	                   (15, 60.136172479062566),
[92mINFO [0m:      	                   (16, 60.521177585200064),
[92mINFO [0m:      	                   (17, 56.01916253097414),
[92mINFO [0m:      	                   (18, 58.38949025299136),
[92mINFO [0m:      	                   (19, 57.01822882890701),
[92mINFO [0m:      	                   (20, 59.62815333316176),
[92mINFO [0m:      	                   (21, 60.93969460383175),
[92mINFO [0m:      	                   (22, 59.10799661912317),
[92mINFO [0m:      	                   (23, 58.00788404962679),
[92mINFO [0m:      	                   (24, 57.82604531169407),
[92mINFO [0m:      	                   (25, 58.175128162376524),
[92mINFO [0m:      	                   (26, 57.074575500694785),
[92mINFO [0m:      	                   (27, 60.11213924765118),
[92mINFO [0m:      	                   (28, 58.86006467185152),
[92mINFO [0m:      	                   (29, 54.90767537080866),
[92mINFO [0m:      	                   (30, 56.48584932698978),
[92mINFO [0m:      	                   (31, 56.95029227271324),
[92mINFO [0m:      	                   (32, 57.286775402196746),
[92mINFO [0m:      	                   (33, 60.81269272176299),
[92mINFO [0m:      	                   (34, 57.19479704360793),
[92mINFO [0m:      	                   (35, 57.26679293083863),
[92mINFO [0m:      	                   (36, 59.320676843012414),
[92mINFO [0m:      	                   (37, 54.956373087064485),
[92mINFO [0m:      	                   (38, 55.42995643251994),
[92mINFO [0m:      	                   (39, 58.561428846336725),
[92mINFO [0m:      	                   (40, 58.000958670429355),
[92mINFO [0m:      	                   (41, 55.709250569226235),
[92mINFO [0m:      	                   (42, 58.019307464009195),
[92mINFO [0m:      	                   (43, 54.93005760072723),
[92mINFO [0m:      	                   (44, 59.13510974866199),
[92mINFO [0m:      	                   (45, 59.021022983658035),
[92mINFO [0m:      	                   (46, 59.08999703202661),
[92mINFO [0m:      	                   (47, 60.14847851961147),
[92mINFO [0m:      	                   (48, 57.74865854889389),
[92mINFO [0m:      	                   (49, 54.957524148380664),
[92mINFO [0m:      	                   (50, 58.8825551929671)],
[92mINFO [0m:      	 'train_loss': [(1, 0.7097789279244511),
[92mINFO [0m:      	                (2, 0.7014511124523751),
[92mINFO [0m:      	                (3, 0.668233644750325),
[92mINFO [0m:      	                (4, 0.6273053601223106),
[92mINFO [0m:      	                (5, 0.5755025072158618),
[92mINFO [0m:      	                (6, 0.5311551306556237),
[92mINFO [0m:      	                (7, 0.47513627275812015),
[92mINFO [0m:      	                (8, 0.42587021779606105),
[92mINFO [0m:      	                (9, 0.37167541435851464),
[92mINFO [0m:      	                (10, 0.344659687144804),
[92mINFO [0m:      	                (11, 0.2993538905198676),
[92mINFO [0m:      	                (12, 0.2725680829785382),
[92mINFO [0m:      	                (13, 0.258439560052727),
[92mINFO [0m:      	                (14, 0.22966404475975055),
[92mINFO [0m:      	                (15, 0.2246623550316646),
[92mINFO [0m:      	                (16, 0.20831589810473708),
[92mINFO [0m:      	                (17, 0.17892456189734357),
[92mINFO [0m:      	                (18, 0.16846811828454886),
[92mINFO [0m:      	                (19, 0.1564357088779753),
[92mINFO [0m:      	                (20, 0.149274527475562),
[92mINFO [0m:      	                (21, 0.15227342621633735),
[92mINFO [0m:      	                (22, 0.1652292336823357),
[92mINFO [0m:      	                (23, 0.13009882995127764),
[92mINFO [0m:      	                (24, 0.12687767917716605),
[92mINFO [0m:      	                (25, 0.12456971908999227),
[92mINFO [0m:      	                (26, 0.12301568780234233),
[92mINFO [0m:      	                (27, 0.10190605605098908),
[92mINFO [0m:      	                (28, 0.10675325281524971),
[92mINFO [0m:      	                (29, 0.09518054231417629),
[92mINFO [0m:      	                (30, 0.10731538128323038),
[92mINFO [0m:      	                (31, 0.09362744720941893),
[92mINFO [0m:      	                (32, 0.08704555425923946),
[92mINFO [0m:      	                (33, 0.08450073618310976),
[92mINFO [0m:      	                (34, 0.10954209637105983),
[92mINFO [0m:      	                (35, 0.08420465621871544),
[92mINFO [0m:      	                (36, 0.07331834443017853),
[92mINFO [0m:      	                (37, 0.07499410401957078),
[92mINFO [0m:      	                (38, 0.0747611726371068),
[92mINFO [0m:      	                (39, 0.07411055867195526),
[92mINFO [0m:      	                (40, 0.06109003107270613),
[92mINFO [0m:      	                (41, 0.06635309047363629),
[92mINFO [0m:      	                (42, 0.07315690637480549),
[92mINFO [0m:      	                (43, 0.0649584243415295),
[92mINFO [0m:      	                (44, 0.07005311335052397),
[92mINFO [0m:      	                (45, 0.06701459549420295),
[92mINFO [0m:      	                (46, 0.04830833946017909),
[92mINFO [0m:      	                (47, 0.05766352460266909),
[92mINFO [0m:      	                (48, 0.05023339367137008),
[92mINFO [0m:      	                (49, 0.06542301302924387),
[92mINFO [0m:      	                (50, 0.06865270178315812)]}
[92mINFO [0m:      	History (metrics, distributed, evaluate):
[92mINFO [0m:      	{'accuracy': [(1, 0.6122448979591837),
[92mINFO [0m:      	              (2, 0.6718995290423861),
[92mINFO [0m:      	              (3, 0.6828885400313972),
[92mINFO [0m:      	              (4, 0.6216640502354788),
[92mINFO [0m:      	              (5, 0.6781789638932496),
[92mINFO [0m:      	              (6, 0.7221350078492935),
[92mINFO [0m:      	              (7, 0.5871271585557299),
[92mINFO [0m:      	              (8, 0.717425431711146),
[92mINFO [0m:      	              (9, 0.6483516483516484),
[92mINFO [0m:      	              (10, 0.6263736263736264),
[92mINFO [0m:      	              (11, 0.750392464678179),
[92mINFO [0m:      	              (12, 0.7613814756671899),
[92mINFO [0m:      	              (13, 0.7598116169544741),
[92mINFO [0m:      	              (14, 0.7959183673469388),
[92mINFO [0m:      	              (15, 0.7912087912087912),
[92mINFO [0m:      	              (16, 0.750392464678179),
[92mINFO [0m:      	              (17, 0.7880690737833596),
[92mINFO [0m:      	              (18, 0.7723704866562009),
[92mINFO [0m:      	              (19, 0.7708006279434851),
[92mINFO [0m:      	              (20, 0.7535321821036107),
[92mINFO [0m:      	              (21, 0.8006279434850864),
[92mINFO [0m:      	              (22, 0.8084772370486656),
[92mINFO [0m:      	              (23, 0.7660910518053375),
[92mINFO [0m:      	              (24, 0.8084772370486656),
[92mINFO [0m:      	              (25, 0.792778649921507),
[92mINFO [0m:      	              (26, 0.792778649921507),
[92mINFO [0m:      	              (27, 0.792778649921507),
[92mINFO [0m:      	              (28, 0.7723704866562009),
[92mINFO [0m:      	              (29, 0.8163265306122449),
[92mINFO [0m:      	              (30, 0.7896389324960753),
[92mINFO [0m:      	              (31, 0.6828885400313972),
[92mINFO [0m:      	              (32, 0.8069073783359497),
[92mINFO [0m:      	              (33, 0.7990580847723705),
[92mINFO [0m:      	              (34, 0.8210361067503925),
[92mINFO [0m:      	              (35, 0.8273155416012559),
[92mINFO [0m:      	              (36, 0.6970172684458399),
[92mINFO [0m:      	              (37, 0.7880690737833596),
[92mINFO [0m:      	              (38, 0.7912087912087912),
[92mINFO [0m:      	              (39, 0.8241758241758241),
[92mINFO [0m:      	              (40, 0.792778649921507),
[92mINFO [0m:      	              (41, 0.8069073783359497),
[92mINFO [0m:      	              (42, 0.7770800627943485),
[92mINFO [0m:      	              (43, 0.8383045525902669),
[92mINFO [0m:      	              (44, 0.7990580847723705),
[92mINFO [0m:      	              (45, 0.8131868131868132),
[92mINFO [0m:      	              (46, 0.7802197802197802),
[92mINFO [0m:      	              (47, 0.7959183673469388),
[92mINFO [0m:      	              (48, 0.8100470957613815),
[92mINFO [0m:      	              (49, 0.8100470957613815),
[92mINFO [0m:      	              (50, 0.8383045525902669)]}
[92mINFO [0m:      
[36m(pid=3086533)[0m [2026-08-31 17:07:39,625 E 3086533 3089297] core_worker_process.cc:825: Failed to establish connection to the metrics exporter agent. Metrics will not be exported. Exporter agent status: RpcError: Running out of retries to initialize the metrics agent. rpc_code: 14[32m [repeated 47x across cluster] (Ray deduplicates logs by default. Set RAY_DEDUP_LOGS=0 to disable log deduplication, or see https://docs.ray.io/en/master/ray-observability/user-guides/configure-logging.html#log-deduplication for more options.)[0m
