============================================================
Learning-curve FL run
Run ID:       lcfix_s123_fedbn_stdce_p60_seed123_job388719
Setting:      fedbn_stdce
Train data:   p60
Dataset path: /export/home/ralhasan/fl-fu-oral3/dataset/oral3_learning_curve_seed42/p60
Train seed:   123
Config:       configs/learning_curve_fedbn_stdce.yaml
SLURM job:    388723
============================================================
Sat Sep  5 23:52:19 2026       
+-----------------------------------------------------------------------------------------+
| NVIDIA-SMI 570.133.07             Driver Version: 570.133.07     CUDA Version: 12.8     |
|-----------------------------------------+------------------------+----------------------+
| GPU  Name                 Persistence-M | Bus-Id          Disp.A | Volatile Uncorr. ECC |
| Fan  Temp   Perf          Pwr:Usage/Cap |           Memory-Usage | GPU-Util  Compute M. |
|                                         |                        |               MIG M. |
|=========================================+========================+======================|
|   0  Tesla P100-PCIE-16GB           Off |   00000000:D8:00.0 Off |                    0 |
| N/A   30C    P0             27W /  250W |       0MiB /  16384MiB |      0%      Default |
|                                         |                        |                  N/A |
+-----------------------------------------+------------------------+----------------------+
                                                                                         
+-----------------------------------------------------------------------------------------+
| Processes:                                                                              |
|  GPU   GI   CI              PID   Type   Process name                        GPU Memory |
|        ID   ID                                                               Usage      |
|=========================================================================================|
|  No running processes found                                                             |
+-----------------------------------------------------------------------------------------+
Applied --set overrides: {'dataset_path': '/export/home/ralhasan/fl-fu-oral3/dataset/oral3_learning_curve_seed42/p60', 'seed': 123}
[2026-09-05 23:52:33] === Run started: lcfix_s123_fedbn_stdce_p60_seed123_job388719 ===
[2026-09-05 23:52:33] Config loaded from configs/learning_curve_fedbn_stdce.yaml
[2026-09-05 23:52:33] Run directories: {'log_dir': 'logs/fl/lcfix_s123_fedbn_stdce_p60_seed123_job388719', 'tb_dir': 'logs/fl/lcfix_s123_fedbn_stdce_p60_seed123_job388719/tb', 'checkpoint_dir': 'checkpoints/fl/lcfix_s123_fedbn_stdce_p60_seed123_job388719', 'output_dir': 'outputs/fl/lcfix_s123_fedbn_stdce_p60_seed123_job388719'}
[2026-09-05 23:52:33] Reproducibility enabled: seed=123, cudnn_deterministic=True, cudnn_benchmark=False
[2026-09-05 23:52:33] Indexing dataset...
[2026-09-05 23:52:35] Indexed 1524 train samples, 637 test samples.
[2026-09-05 23:52:35] Built 3 client partition(s) (client_split=hospital_based).
[2026-09-05 23:52:35]   client_id=Spain_Dataset hospital=Spain_Dataset n_samples=240
[2026-09-05 23:52:35]   client_id=Canada_Dataset hospital=Canada_Dataset n_samples=981
[2026-09-05 23:52:35]   client_id=India_Dataset hospital=India_Dataset n_samples=303
[2026-09-05 23:52:35] Run hyperparameters:
  algorithm: fedbn
  model: resnet18
  num_clients: 3
  global_epochs: 50
  local_epochs: 3
  batch_size: 16
  learning_rate: 0.001
  domain_adaptation: True
  imbalance_method: standard_ce
[2026-09-05 23:52:36] [class_imbalance] method=standard_ce, global_train_counts=[834, 463, 227], beta=0.999, weight_clip=None
[2026-09-05 23:52:36] [class_imbalance/client] client_id=Spain_Dataset, hospital=Spain_Dataset, local_counts=[91, 97, 52], loss_weights=None
[2026-09-05 23:52:36] [class_imbalance/client] client_id=Canada_Dataset, hospital=Canada_Dataset, local_counts=[736, 163, 82], loss_weights=None
[2026-09-05 23:52:36] [class_imbalance/client] client_id=India_Dataset, hospital=India_Dataset, local_counts=[7, 203, 93], loss_weights=None
[2026-09-05 23:52:36] Starting Flower simulation: algorithm=fedbn, clients=3, rounds=50
[2026-09-05 23:54:27] [FL round 1] comm=134021412B comp=160.23s
[2026-09-05 23:56:20] [FL round 2] comm=134021412B comp=156.98s
[2026-09-05 23:58:12] [FL round 3] comm=134021412B comp=156.97s
[2026-09-06 00:00:08] [FL round 4] comm=134021412B comp=161.43s
[2026-09-06 00:02:06] [FL round 5] comm=134021412B comp=164.10s
[2026-09-06 00:03:59] [FL round 6] comm=134021412B comp=155.62s
[2026-09-06 00:05:59] [FL round 7] comm=134021412B comp=163.27s
[2026-09-06 00:07:52] [FL round 8] comm=134021412B comp=156.90s
[2026-09-06 00:09:46] [FL round 9] comm=134021412B comp=158.05s
[2026-09-06 00:11:46] [FL round 10] comm=134021412B comp=164.00s
[2026-09-06 00:13:39] [FL round 11] comm=134021412B comp=157.16s
[2026-09-06 00:15:35] [FL round 12] comm=134021412B comp=161.36s
[2026-09-06 00:17:29] [FL round 13] comm=134021412B comp=156.77s
[2026-09-06 00:19:23] [FL round 14] comm=134021412B comp=158.81s
[2026-09-06 00:21:19] [FL round 15] comm=134021412B comp=159.76s
[2026-09-06 00:23:14] [FL round 16] comm=134021412B comp=157.12s
[2026-09-06 00:25:12] [FL round 17] comm=134021412B comp=163.07s
[2026-09-06 00:27:08] [FL round 18] comm=134021412B comp=158.63s
[2026-09-06 00:29:02] [FL round 19] comm=134021412B comp=157.56s
[2026-09-06 00:30:55] [FL round 20] comm=134021412B comp=155.15s
[2026-09-06 00:32:52] [FL round 21] comm=134021412B comp=160.45s
[2026-09-06 00:34:49] [FL round 22] comm=134021412B comp=161.66s
[2026-09-06 00:36:43] [FL round 23] comm=134021412B comp=156.50s
[2026-09-06 00:38:38] [FL round 24] comm=134021412B comp=157.96s
[2026-09-06 00:40:30] [FL round 25] comm=134021412B comp=156.76s
[2026-09-06 00:42:25] [FL round 26] comm=134021412B comp=157.93s
[2026-09-06 00:44:18] [FL round 27] comm=134021412B comp=157.19s
[2026-09-06 00:46:08] [FL round 28] comm=134021412B comp=155.53s
[2026-09-06 00:48:03] [FL round 29] comm=134021412B comp=158.24s
[2026-09-06 00:49:55] [FL round 30] comm=134021412B comp=155.94s
[2026-09-06 00:51:51] [FL round 31] comm=134021412B comp=159.99s
[2026-09-06 00:53:47] [FL round 32] comm=134021412B comp=160.87s
[2026-09-06 00:55:42] [FL round 33] comm=134021412B comp=157.63s
[2026-09-06 00:57:35] [FL round 34] comm=134021412B comp=156.71s
[2026-09-06 00:59:31] [FL round 35] comm=134021412B comp=158.42s
[2026-09-06 01:01:22] [FL round 36] comm=134021412B comp=154.08s
[2026-09-06 01:03:15] [FL round 37] comm=134021412B comp=158.51s
[2026-09-06 01:05:13] [FL round 38] comm=134021412B comp=162.17s
[2026-09-06 01:07:14] [FL round 39] comm=134021412B comp=165.50s
[2026-09-06 01:09:13] [FL round 40] comm=134021412B comp=161.77s
[2026-09-06 01:11:06] [FL round 41] comm=134021412B comp=157.58s
[2026-09-06 01:13:02] [FL round 42] comm=134021412B comp=163.15s
[2026-09-06 01:15:00] [FL round 43] comm=134021412B comp=161.19s
[2026-09-06 01:16:57] [FL round 44] comm=134021412B comp=161.04s
[2026-09-06 01:18:55] [FL round 45] comm=134021412B comp=162.50s
[2026-09-06 01:20:55] [FL round 46] comm=134021412B comp=163.65s
[2026-09-06 01:22:58] [FL round 47] comm=134021412B comp=166.83s
[2026-09-06 01:24:55] [FL round 48] comm=134021412B comp=161.00s
[2026-09-06 01:26:51] [FL round 49] comm=134021412B comp=159.72s
[2026-09-06 01:28:45] [FL round 50] comm=134021412B comp=159.28s
[2026-09-06 01:29:01] FedBN checkpoint assembled: non-BN params from server aggregation, BN params taken from client 'Spain_Dataset' (representative).
[2026-09-06 01:29:02] Running FedBN final evaluation with hospital-specific BN models.
[2026-09-06 01:29:13] [eval/fedbn_per_hospital] hospital=Spain_Dataset acc=0.7736 loss=0.8793 n=106
[2026-09-06 01:29:17] [eval/fedbn_per_hospital] hospital=Canada_Dataset acc=0.8296 loss=0.8910 n=399
[2026-09-06 01:29:22] [eval/fedbn_per_hospital] hospital=India_Dataset acc=0.6212 loss=1.4227 n=132
[2026-09-06 01:29:22] [eval/fedbn_weighted_overall] overall_acc=0.7771 overall_loss=0.9992 total_samples=637
[2026-09-06 01:29:22] [eval/classification] accuracy=0.7771 macro_precision=0.7324 macro_recall=0.7633 macro_f1=0.7444 weighted_f1=0.7796
[2026-09-06 01:29:22] Saved final global model checkpoint to checkpoints/fl/lcfix_s123_fedbn_stdce_p60_seed123_job388719/best.pt
[2026-09-06 01:29:23] Saved 3 per-hospital BN-complete checkpoints to checkpoints/fl/lcfix_s123_fedbn_stdce_p60_seed123_job388719/per_hospital
[2026-09-06 01:29:23] === Run finished: lcfix_s123_fedbn_stdce_p60_seed123_job388719 (elapsed 5809.7s) ===

Done. run_id = lcfix_s123_fedbn_stdce_p60_seed123_job388719
Use this run_id as --source_run for scripts/run_fu.py.

Done: lcfix_s123_fedbn_stdce_p60_seed123_job388719
Metrics: logs/fl/lcfix_s123_fedbn_stdce_p60_seed123_job388719/metrics.json
