[93mWARNING [0m:   DEPRECATED FEATURE: flwr.simulation.start_simulation() is deprecated.
	Instead, use the `flwr run` CLI command to start a local simulation in your Flower app, as shown for example below:

		$ flwr new  # Create a new Flower app from a template

		$ flwr run  # Run the Flower app in Simulation Mode

	Using `start_simulation()` is deprecated.

            This is a deprecated feature. It will be removed
            entirely in future versions of Flower.
        
[92mINFO [0m:      Starting Flower simulation, config: num_rounds=50, no round_timeout
2026-09-03 03:44:56,917	INFO worker.py:2012 -- Started a local Ray instance.
/export/home/ralhasan/anaconda3/envs/fl_fu/lib/python3.10/site-packages/ray/_private/worker.py:2051: FutureWarning: Tip: In future versions of Ray, Ray will no longer override accelerator visible devices env var if num_gpus=0 or num_gpus=None (default). To enable this behavior and turn off this error message, set RAY_ACCEL_ENV_VAR_OVERRIDE_ON_ZERO=0
  warnings.warn(
[92mINFO [0m:      Flower VCE: Ray initialized with resources: {'object_store_memory': 160552042905.0, 'accelerator_type:P100': 1.0, 'memory': 374621433447.0, 'GPU': 1.0, 'CPU': 48.0, 'node:10.141.10.33': 1.0, 'node:__internal_head__': 1.0}
[92mINFO [0m:      Optimize your simulation with Flower VCE: https://flower.ai/docs/framework/how-to-run-simulations.html
[92mINFO [0m:      Flower VCE: Resources for each Virtual Client: {'num_cpus': 1, 'num_gpus': 0.3333333333333333}
[92mINFO [0m:      Flower VCE: Creating VirtualClientEngineActorPool with 3 actors
[92mINFO [0m:      [INIT]
[92mINFO [0m:      Using initial global parameters provided by strategy
[92mINFO [0m:      Starting evaluation of initial global parameters
[92mINFO [0m:      Evaluation returned no results (`None`)
[92mINFO [0m:      
[92mINFO [0m:      [ROUND 1]
[92mINFO [0m:      configure_fit: strategy sampled 3 clients (out of 3)
[36m(pid=gcs_server)[0m [2026-09-03 03:45:23,347 E 1410289 1410289] (gcs_server) gcs_server.cc:302: Failed to establish connection to the event+metrics exporter agent. Events and metrics will not be exported. Exporter agent status: RpcError: Running out of retries to initialize the metrics agent. rpc_code: 14
[33m(raylet)[0m [2026-09-03 03:45:26,200 E 1410653 1410653] (raylet) main.cc:975: Failed to establish connection to the metrics exporter agent. Metrics will not be exported. Exporter agent status: RpcError: Running out of retries to initialize the metrics agent. rpc_code: 14
[36m(ClientAppActor pid=1411057)[0m [2026-09-03 03:45:29,213 E 1411057 1412312] core_worker_process.cc:825: Failed to establish connection to the metrics exporter agent. Metrics will not be exported. Exporter agent status: RpcError: Running out of retries to initialize the metrics agent. rpc_code: 14
[2026-09-03 03:45:29,756 E 1409776 1411027] core_worker_process.cc:825: Failed to establish connection to the metrics exporter agent. Metrics will not be exported. Exporter agent status: RpcError: Running out of retries to initialize the metrics agent. rpc_code: 14
[92mINFO [0m:      aggregate_fit: received 3 results and 0 failures
[92mINFO [0m:      configure_evaluate: strategy sampled 3 clients (out of 3)
[92mINFO [0m:      aggregate_evaluate: received 3 results and 0 failures
[92mINFO [0m:      
[92mINFO [0m:      [ROUND 2]
[92mINFO [0m:      configure_fit: strategy sampled 3 clients (out of 3)
[92mINFO [0m:      aggregate_fit: received 3 results and 0 failures
[92mINFO [0m:      configure_evaluate: strategy sampled 3 clients (out of 3)
[92mINFO [0m:      aggregate_evaluate: received 3 results and 0 failures
[92mINFO [0m:      
[92mINFO [0m:      [ROUND 3]
[92mINFO [0m:      configure_fit: strategy sampled 3 clients (out of 3)
[92mINFO [0m:      aggregate_fit: received 3 results and 0 failures
[92mINFO [0m:      configure_evaluate: strategy sampled 3 clients (out of 3)
[92mINFO [0m:      aggregate_evaluate: received 3 results and 0 failures
[92mINFO [0m:      
[92mINFO [0m:      [ROUND 4]
[92mINFO [0m:      configure_fit: strategy sampled 3 clients (out of 3)
[92mINFO [0m:      aggregate_fit: received 3 results and 0 failures
[92mINFO [0m:      configure_evaluate: strategy sampled 3 clients (out of 3)
[92mINFO [0m:      aggregate_evaluate: received 3 results and 0 failures
[92mINFO [0m:      
[92mINFO [0m:      [ROUND 5]
[92mINFO [0m:      configure_fit: strategy sampled 3 clients (out of 3)
[92mINFO [0m:      aggregate_fit: received 3 results and 0 failures
[92mINFO [0m:      configure_evaluate: strategy sampled 3 clients (out of 3)
[92mINFO [0m:      aggregate_evaluate: received 3 results and 0 failures
[92mINFO [0m:      
[92mINFO [0m:      [ROUND 6]
[92mINFO [0m:      configure_fit: strategy sampled 3 clients (out of 3)
[92mINFO [0m:      aggregate_fit: received 3 results and 0 failures
[92mINFO [0m:      configure_evaluate: strategy sampled 3 clients (out of 3)
[92mINFO [0m:      aggregate_evaluate: received 3 results and 0 failures
[92mINFO [0m:      
[92mINFO [0m:      [ROUND 7]
[92mINFO [0m:      configure_fit: strategy sampled 3 clients (out of 3)
[92mINFO [0m:      aggregate_fit: received 3 results and 0 failures
[92mINFO [0m:      configure_evaluate: strategy sampled 3 clients (out of 3)
[92mINFO [0m:      aggregate_evaluate: received 3 results and 0 failures
[92mINFO [0m:      
[92mINFO [0m:      [ROUND 8]
[92mINFO [0m:      configure_fit: strategy sampled 3 clients (out of 3)
[92mINFO [0m:      aggregate_fit: received 3 results and 0 failures
[92mINFO [0m:      configure_evaluate: strategy sampled 3 clients (out of 3)
[92mINFO [0m:      aggregate_evaluate: received 3 results and 0 failures
[92mINFO [0m:      
[92mINFO [0m:      [ROUND 9]
[92mINFO [0m:      configure_fit: strategy sampled 3 clients (out of 3)
[92mINFO [0m:      aggregate_fit: received 3 results and 0 failures
[92mINFO [0m:      configure_evaluate: strategy sampled 3 clients (out of 3)
[92mINFO [0m:      aggregate_evaluate: received 3 results and 0 failures
[92mINFO [0m:      
[92mINFO [0m:      [ROUND 10]
[92mINFO [0m:      configure_fit: strategy sampled 3 clients (out of 3)
[92mINFO [0m:      aggregate_fit: received 3 results and 0 failures
[92mINFO [0m:      configure_evaluate: strategy sampled 3 clients (out of 3)
[92mINFO [0m:      aggregate_evaluate: received 3 results and 0 failures
[92mINFO [0m:      
[92mINFO [0m:      [ROUND 11]
[92mINFO [0m:      configure_fit: strategy sampled 3 clients (out of 3)
[92mINFO [0m:      aggregate_fit: received 3 results and 0 failures
[92mINFO [0m:      configure_evaluate: strategy sampled 3 clients (out of 3)
[92mINFO [0m:      aggregate_evaluate: received 3 results and 0 failures
[92mINFO [0m:      
[92mINFO [0m:      [ROUND 12]
[92mINFO [0m:      configure_fit: strategy sampled 3 clients (out of 3)
[92mINFO [0m:      aggregate_fit: received 3 results and 0 failures
[92mINFO [0m:      configure_evaluate: strategy sampled 3 clients (out of 3)
[92mINFO [0m:      aggregate_evaluate: received 3 results and 0 failures
[92mINFO [0m:      
[92mINFO [0m:      [ROUND 13]
[92mINFO [0m:      configure_fit: strategy sampled 3 clients (out of 3)
[92mINFO [0m:      aggregate_fit: received 3 results and 0 failures
[92mINFO [0m:      configure_evaluate: strategy sampled 3 clients (out of 3)
[92mINFO [0m:      aggregate_evaluate: received 3 results and 0 failures
[92mINFO [0m:      
[92mINFO [0m:      [ROUND 14]
[92mINFO [0m:      configure_fit: strategy sampled 3 clients (out of 3)
[92mINFO [0m:      aggregate_fit: received 3 results and 0 failures
[92mINFO [0m:      configure_evaluate: strategy sampled 3 clients (out of 3)
[92mINFO [0m:      aggregate_evaluate: received 3 results and 0 failures
[92mINFO [0m:      
[92mINFO [0m:      [ROUND 15]
[92mINFO [0m:      configure_fit: strategy sampled 3 clients (out of 3)
[92mINFO [0m:      aggregate_fit: received 3 results and 0 failures
[92mINFO [0m:      configure_evaluate: strategy sampled 3 clients (out of 3)
[92mINFO [0m:      aggregate_evaluate: received 3 results and 0 failures
[92mINFO [0m:      
[92mINFO [0m:      [ROUND 16]
[92mINFO [0m:      configure_fit: strategy sampled 3 clients (out of 3)
[92mINFO [0m:      aggregate_fit: received 3 results and 0 failures
[92mINFO [0m:      configure_evaluate: strategy sampled 3 clients (out of 3)
[92mINFO [0m:      aggregate_evaluate: received 3 results and 0 failures
[92mINFO [0m:      
[92mINFO [0m:      [ROUND 17]
[92mINFO [0m:      configure_fit: strategy sampled 3 clients (out of 3)
[92mINFO [0m:      aggregate_fit: received 3 results and 0 failures
[92mINFO [0m:      configure_evaluate: strategy sampled 3 clients (out of 3)
[92mINFO [0m:      aggregate_evaluate: received 3 results and 0 failures
[92mINFO [0m:      
[92mINFO [0m:      [ROUND 18]
[92mINFO [0m:      configure_fit: strategy sampled 3 clients (out of 3)
[92mINFO [0m:      aggregate_fit: received 3 results and 0 failures
[92mINFO [0m:      configure_evaluate: strategy sampled 3 clients (out of 3)
[92mINFO [0m:      aggregate_evaluate: received 3 results and 0 failures
[92mINFO [0m:      
[92mINFO [0m:      [ROUND 19]
[92mINFO [0m:      configure_fit: strategy sampled 3 clients (out of 3)
[92mINFO [0m:      aggregate_fit: received 3 results and 0 failures
[92mINFO [0m:      configure_evaluate: strategy sampled 3 clients (out of 3)
[92mINFO [0m:      aggregate_evaluate: received 3 results and 0 failures
[92mINFO [0m:      
[92mINFO [0m:      [ROUND 20]
[92mINFO [0m:      configure_fit: strategy sampled 3 clients (out of 3)
[92mINFO [0m:      aggregate_fit: received 3 results and 0 failures
[92mINFO [0m:      configure_evaluate: strategy sampled 3 clients (out of 3)
[92mINFO [0m:      aggregate_evaluate: received 3 results and 0 failures
[92mINFO [0m:      
[92mINFO [0m:      [ROUND 21]
[92mINFO [0m:      configure_fit: strategy sampled 3 clients (out of 3)
[92mINFO [0m:      aggregate_fit: received 3 results and 0 failures
[92mINFO [0m:      configure_evaluate: strategy sampled 3 clients (out of 3)
[92mINFO [0m:      aggregate_evaluate: received 3 results and 0 failures
[92mINFO [0m:      
[92mINFO [0m:      [ROUND 22]
[92mINFO [0m:      configure_fit: strategy sampled 3 clients (out of 3)
[92mINFO [0m:      aggregate_fit: received 3 results and 0 failures
[92mINFO [0m:      configure_evaluate: strategy sampled 3 clients (out of 3)
[92mINFO [0m:      aggregate_evaluate: received 3 results and 0 failures
[92mINFO [0m:      
[92mINFO [0m:      [ROUND 23]
[92mINFO [0m:      configure_fit: strategy sampled 3 clients (out of 3)
[92mINFO [0m:      aggregate_fit: received 3 results and 0 failures
[92mINFO [0m:      configure_evaluate: strategy sampled 3 clients (out of 3)
[92mINFO [0m:      aggregate_evaluate: received 3 results and 0 failures
[92mINFO [0m:      
[92mINFO [0m:      [ROUND 24]
[92mINFO [0m:      configure_fit: strategy sampled 3 clients (out of 3)
[92mINFO [0m:      aggregate_fit: received 3 results and 0 failures
[92mINFO [0m:      configure_evaluate: strategy sampled 3 clients (out of 3)
[92mINFO [0m:      aggregate_evaluate: received 3 results and 0 failures
[92mINFO [0m:      
[92mINFO [0m:      [ROUND 25]
[92mINFO [0m:      configure_fit: strategy sampled 3 clients (out of 3)
[92mINFO [0m:      aggregate_fit: received 3 results and 0 failures
[92mINFO [0m:      configure_evaluate: strategy sampled 3 clients (out of 3)
[92mINFO [0m:      aggregate_evaluate: received 3 results and 0 failures
[92mINFO [0m:      
[92mINFO [0m:      [ROUND 26]
[92mINFO [0m:      configure_fit: strategy sampled 3 clients (out of 3)
[92mINFO [0m:      aggregate_fit: received 3 results and 0 failures
[92mINFO [0m:      configure_evaluate: strategy sampled 3 clients (out of 3)
[92mINFO [0m:      aggregate_evaluate: received 3 results and 0 failures
[92mINFO [0m:      
[92mINFO [0m:      [ROUND 27]
[92mINFO [0m:      configure_fit: strategy sampled 3 clients (out of 3)
[92mINFO [0m:      aggregate_fit: received 3 results and 0 failures
[92mINFO [0m:      configure_evaluate: strategy sampled 3 clients (out of 3)
[92mINFO [0m:      aggregate_evaluate: received 3 results and 0 failures
[92mINFO [0m:      
[92mINFO [0m:      [ROUND 28]
[92mINFO [0m:      configure_fit: strategy sampled 3 clients (out of 3)
[92mINFO [0m:      aggregate_fit: received 3 results and 0 failures
[92mINFO [0m:      configure_evaluate: strategy sampled 3 clients (out of 3)
[92mINFO [0m:      aggregate_evaluate: received 3 results and 0 failures
[92mINFO [0m:      
[92mINFO [0m:      [ROUND 29]
[92mINFO [0m:      configure_fit: strategy sampled 3 clients (out of 3)
[92mINFO [0m:      aggregate_fit: received 3 results and 0 failures
[92mINFO [0m:      configure_evaluate: strategy sampled 3 clients (out of 3)
[92mINFO [0m:      aggregate_evaluate: received 3 results and 0 failures
[92mINFO [0m:      
[92mINFO [0m:      [ROUND 30]
[92mINFO [0m:      configure_fit: strategy sampled 3 clients (out of 3)
[92mINFO [0m:      aggregate_fit: received 3 results and 0 failures
[92mINFO [0m:      configure_evaluate: strategy sampled 3 clients (out of 3)
[92mINFO [0m:      aggregate_evaluate: received 3 results and 0 failures
[92mINFO [0m:      
[92mINFO [0m:      [ROUND 31]
[92mINFO [0m:      configure_fit: strategy sampled 3 clients (out of 3)
[92mINFO [0m:      aggregate_fit: received 3 results and 0 failures
[92mINFO [0m:      configure_evaluate: strategy sampled 3 clients (out of 3)
[92mINFO [0m:      aggregate_evaluate: received 3 results and 0 failures
[92mINFO [0m:      
[92mINFO [0m:      [ROUND 32]
[92mINFO [0m:      configure_fit: strategy sampled 3 clients (out of 3)
[92mINFO [0m:      aggregate_fit: received 3 results and 0 failures
[92mINFO [0m:      configure_evaluate: strategy sampled 3 clients (out of 3)
[92mINFO [0m:      aggregate_evaluate: received 3 results and 0 failures
[92mINFO [0m:      
[92mINFO [0m:      [ROUND 33]
[92mINFO [0m:      configure_fit: strategy sampled 3 clients (out of 3)
[92mINFO [0m:      aggregate_fit: received 3 results and 0 failures
[92mINFO [0m:      configure_evaluate: strategy sampled 3 clients (out of 3)
[92mINFO [0m:      aggregate_evaluate: received 3 results and 0 failures
[92mINFO [0m:      
[92mINFO [0m:      [ROUND 34]
[92mINFO [0m:      configure_fit: strategy sampled 3 clients (out of 3)
[92mINFO [0m:      aggregate_fit: received 3 results and 0 failures
[92mINFO [0m:      configure_evaluate: strategy sampled 3 clients (out of 3)
[92mINFO [0m:      aggregate_evaluate: received 3 results and 0 failures
[92mINFO [0m:      
[92mINFO [0m:      [ROUND 35]
[92mINFO [0m:      configure_fit: strategy sampled 3 clients (out of 3)
[92mINFO [0m:      aggregate_fit: received 3 results and 0 failures
[92mINFO [0m:      configure_evaluate: strategy sampled 3 clients (out of 3)
[92mINFO [0m:      aggregate_evaluate: received 3 results and 0 failures
[92mINFO [0m:      
[92mINFO [0m:      [ROUND 36]
[92mINFO [0m:      configure_fit: strategy sampled 3 clients (out of 3)
[92mINFO [0m:      aggregate_fit: received 3 results and 0 failures
[92mINFO [0m:      configure_evaluate: strategy sampled 3 clients (out of 3)
[92mINFO [0m:      aggregate_evaluate: received 3 results and 0 failures
[92mINFO [0m:      
[92mINFO [0m:      [ROUND 37]
[92mINFO [0m:      configure_fit: strategy sampled 3 clients (out of 3)
[92mINFO [0m:      aggregate_fit: received 3 results and 0 failures
[92mINFO [0m:      configure_evaluate: strategy sampled 3 clients (out of 3)
[92mINFO [0m:      aggregate_evaluate: received 3 results and 0 failures
[92mINFO [0m:      
[92mINFO [0m:      [ROUND 38]
[92mINFO [0m:      configure_fit: strategy sampled 3 clients (out of 3)
[92mINFO [0m:      aggregate_fit: received 3 results and 0 failures
[92mINFO [0m:      configure_evaluate: strategy sampled 3 clients (out of 3)
[92mINFO [0m:      aggregate_evaluate: received 3 results and 0 failures
[92mINFO [0m:      
[92mINFO [0m:      [ROUND 39]
[92mINFO [0m:      configure_fit: strategy sampled 3 clients (out of 3)
[92mINFO [0m:      aggregate_fit: received 3 results and 0 failures
[92mINFO [0m:      configure_evaluate: strategy sampled 3 clients (out of 3)
[92mINFO [0m:      aggregate_evaluate: received 3 results and 0 failures
[92mINFO [0m:      
[92mINFO [0m:      [ROUND 40]
[92mINFO [0m:      configure_fit: strategy sampled 3 clients (out of 3)
[92mINFO [0m:      aggregate_fit: received 3 results and 0 failures
[92mINFO [0m:      configure_evaluate: strategy sampled 3 clients (out of 3)
[92mINFO [0m:      aggregate_evaluate: received 3 results and 0 failures
[92mINFO [0m:      
[92mINFO [0m:      [ROUND 41]
[92mINFO [0m:      configure_fit: strategy sampled 3 clients (out of 3)
[92mINFO [0m:      aggregate_fit: received 3 results and 0 failures
[92mINFO [0m:      configure_evaluate: strategy sampled 3 clients (out of 3)
[92mINFO [0m:      aggregate_evaluate: received 3 results and 0 failures
[92mINFO [0m:      
[92mINFO [0m:      [ROUND 42]
[92mINFO [0m:      configure_fit: strategy sampled 3 clients (out of 3)
[92mINFO [0m:      aggregate_fit: received 3 results and 0 failures
[92mINFO [0m:      configure_evaluate: strategy sampled 3 clients (out of 3)
[92mINFO [0m:      aggregate_evaluate: received 3 results and 0 failures
[92mINFO [0m:      
[92mINFO [0m:      [ROUND 43]
[92mINFO [0m:      configure_fit: strategy sampled 3 clients (out of 3)
[92mINFO [0m:      aggregate_fit: received 3 results and 0 failures
[92mINFO [0m:      configure_evaluate: strategy sampled 3 clients (out of 3)
[92mINFO [0m:      aggregate_evaluate: received 3 results and 0 failures
[92mINFO [0m:      
[92mINFO [0m:      [ROUND 44]
[92mINFO [0m:      configure_fit: strategy sampled 3 clients (out of 3)
[92mINFO [0m:      aggregate_fit: received 3 results and 0 failures
[92mINFO [0m:      configure_evaluate: strategy sampled 3 clients (out of 3)
[92mINFO [0m:      aggregate_evaluate: received 3 results and 0 failures
[92mINFO [0m:      
[92mINFO [0m:      [ROUND 45]
[92mINFO [0m:      configure_fit: strategy sampled 3 clients (out of 3)
[92mINFO [0m:      aggregate_fit: received 3 results and 0 failures
[92mINFO [0m:      configure_evaluate: strategy sampled 3 clients (out of 3)
[92mINFO [0m:      aggregate_evaluate: received 3 results and 0 failures
[92mINFO [0m:      
[92mINFO [0m:      [ROUND 46]
[92mINFO [0m:      configure_fit: strategy sampled 3 clients (out of 3)
[92mINFO [0m:      aggregate_fit: received 3 results and 0 failures
[92mINFO [0m:      configure_evaluate: strategy sampled 3 clients (out of 3)
[92mINFO [0m:      aggregate_evaluate: received 3 results and 0 failures
[92mINFO [0m:      
[92mINFO [0m:      [ROUND 47]
[92mINFO [0m:      configure_fit: strategy sampled 3 clients (out of 3)
[92mINFO [0m:      aggregate_fit: received 3 results and 0 failures
[92mINFO [0m:      configure_evaluate: strategy sampled 3 clients (out of 3)
[92mINFO [0m:      aggregate_evaluate: received 3 results and 0 failures
[92mINFO [0m:      
[92mINFO [0m:      [ROUND 48]
[92mINFO [0m:      configure_fit: strategy sampled 3 clients (out of 3)
[92mINFO [0m:      aggregate_fit: received 3 results and 0 failures
[92mINFO [0m:      configure_evaluate: strategy sampled 3 clients (out of 3)
[92mINFO [0m:      aggregate_evaluate: received 3 results and 0 failures
[92mINFO [0m:      
[92mINFO [0m:      [ROUND 49]
[92mINFO [0m:      configure_fit: strategy sampled 3 clients (out of 3)
[92mINFO [0m:      aggregate_fit: received 3 results and 0 failures
[92mINFO [0m:      configure_evaluate: strategy sampled 3 clients (out of 3)
[92mINFO [0m:      aggregate_evaluate: received 3 results and 0 failures
[92mINFO [0m:      
[92mINFO [0m:      [ROUND 50]
[92mINFO [0m:      configure_fit: strategy sampled 3 clients (out of 3)
[92mINFO [0m:      aggregate_fit: received 3 results and 0 failures
[92mINFO [0m:      configure_evaluate: strategy sampled 3 clients (out of 3)
[92mINFO [0m:      aggregate_evaluate: received 3 results and 0 failures
[92mINFO [0m:      
[92mINFO [0m:      [SUMMARY]
[92mINFO [0m:      Run finished 50 round(s) in 8833.67s
[92mINFO [0m:      	History (loss, distributed):
[92mINFO [0m:      		round 1: 4.466632404488915
[92mINFO [0m:      		round 2: 107.95403858555454
[92mINFO [0m:      		round 3: 1.7783494079880289
[92mINFO [0m:      		round 4: 1.5300035021930138
[92mINFO [0m:      		round 5: 3.6609859423510134
[92mINFO [0m:      		round 6: 0.7929265248345057
[92mINFO [0m:      		round 7: 0.9046683618374859
[92mINFO [0m:      		round 8: 1.0195884334984904
[92mINFO [0m:      		round 9: 1.2197009282569684
[92mINFO [0m:      		round 10: 1.2100018046246592
[92mINFO [0m:      		round 11: 0.7241373549638026
[92mINFO [0m:      		round 12: 1.7062752273707142
[92mINFO [0m:      		round 13: 0.9231754170388592
[92mINFO [0m:      		round 14: 1.1063439455497397
[92mINFO [0m:      		round 15: 1.234464716792013
[92mINFO [0m:      		round 16: 1.2945537051387728
[92mINFO [0m:      		round 17: 0.9136294372017193
[92mINFO [0m:      		round 18: 1.1349448214630118
[92mINFO [0m:      		round 19: 1.2261792652519474
[92mINFO [0m:      		round 20: 1.1765948366863563
[92mINFO [0m:      		round 21: 0.7754566983884168
[92mINFO [0m:      		round 22: 1.1453810976628138
[92mINFO [0m:      		round 23: 0.7533101864229286
[92mINFO [0m:      		round 24: 0.9442772050391812
[92mINFO [0m:      		round 25: 0.9879783777172094
[92mINFO [0m:      		round 26: 0.8929997976764078
[92mINFO [0m:      		round 27: 0.5887364907536708
[92mINFO [0m:      		round 28: 0.7637696165351703
[92mINFO [0m:      		round 29: 0.5876705358203301
[92mINFO [0m:      		round 30: 0.9525937929448993
[92mINFO [0m:      		round 31: 0.7667120014735113
[92mINFO [0m:      		round 32: 0.7719562183030041
[92mINFO [0m:      		round 33: 0.8642199604473546
[92mINFO [0m:      		round 34: 0.6519940337005365
[92mINFO [0m:      		round 35: 1.0668156108721814
[92mINFO [0m:      		round 36: 1.1645748504599063
[92mINFO [0m:      		round 37: 0.6995662335054934
[92mINFO [0m:      		round 38: 0.645704825416067
[92mINFO [0m:      		round 39: 0.6394271560311552
[92mINFO [0m:      		round 40: 0.8435450464986364
[92mINFO [0m:      		round 41: 0.8154618841810868
[92mINFO [0m:      		round 42: 0.9852551349741507
[92mINFO [0m:      		round 43: 0.91034358738135
[92mINFO [0m:      		round 44: 0.8441298106163788
[92mINFO [0m:      		round 45: 0.8006163129343226
[92mINFO [0m:      		round 46: 0.8351911057052092
[92mINFO [0m:      		round 47: 2.568021920896804
[92mINFO [0m:      		round 48: 1.067364907490856
[92mINFO [0m:      		round 49: 0.8751129459542112
[92mINFO [0m:      		round 50: 0.8531544138962517
[92mINFO [0m:      	History (metrics, distributed, fit):
[92mINFO [0m:      	{'comm_bytes': [(1, 44673804.0),
[92mINFO [0m:      	                (2, 44673804.0),
[92mINFO [0m:      	                (3, 44673804.0),
[92mINFO [0m:      	                (4, 44673804.0),
[92mINFO [0m:      	                (5, 44673804.0),
[92mINFO [0m:      	                (6, 44673804.0),
[92mINFO [0m:      	                (7, 44673804.0),
[92mINFO [0m:      	                (8, 44673804.0),
[92mINFO [0m:      	                (9, 44673804.0),
[92mINFO [0m:      	                (10, 44673804.0),
[92mINFO [0m:      	                (11, 44673804.0),
[92mINFO [0m:      	                (12, 44673804.0),
[92mINFO [0m:      	                (13, 44673804.0),
[92mINFO [0m:      	                (14, 44673804.0),
[92mINFO [0m:      	                (15, 44673804.0),
[92mINFO [0m:      	                (16, 44673804.0),
[92mINFO [0m:      	                (17, 44673804.0),
[92mINFO [0m:      	                (18, 44673804.0),
[92mINFO [0m:      	                (19, 44673804.0),
[92mINFO [0m:      	                (20, 44673804.0),
[92mINFO [0m:      	                (21, 44673804.0),
[92mINFO [0m:      	                (22, 44673804.0),
[92mINFO [0m:      	                (23, 44673804.0),
[92mINFO [0m:      	                (24, 44673804.0),
[92mINFO [0m:      	                (25, 44673804.0),
[92mINFO [0m:      	                (26, 44673804.0),
[92mINFO [0m:      	                (27, 44673804.0),
[92mINFO [0m:      	                (28, 44673804.0),
[92mINFO [0m:      	                (29, 44673804.0),
[92mINFO [0m:      	                (30, 44673804.0),
[92mINFO [0m:      	                (31, 44673804.0),
[92mINFO [0m:      	                (32, 44673804.0),
[92mINFO [0m:      	                (33, 44673804.0),
[92mINFO [0m:      	                (34, 44673804.0),
[92mINFO [0m:      	                (35, 44673804.0),
[92mINFO [0m:      	                (36, 44673804.0),
[92mINFO [0m:      	                (37, 44673804.0),
[92mINFO [0m:      	                (38, 44673804.0),
[92mINFO [0m:      	                (39, 44673804.0),
[92mINFO [0m:      	                (40, 44673804.0),
[92mINFO [0m:      	                (41, 44673804.0),
[92mINFO [0m:      	                (42, 44673804.0),
[92mINFO [0m:      	                (43, 44673804.0),
[92mINFO [0m:      	                (44, 44673804.0),
[92mINFO [0m:      	                (45, 44673804.0),
[92mINFO [0m:      	                (46, 44673804.0),
[92mINFO [0m:      	                (47, 44673804.0),
[92mINFO [0m:      	                (48, 44673804.0),
[92mINFO [0m:      	                (49, 44673804.0),
[92mINFO [0m:      	                (50, 44673804.0)],
[92mINFO [0m:      	 'comp_time_sec': [(1, 93.8240103480194),
[92mINFO [0m:      	                   (2, 67.12944947358095),
[92mINFO [0m:      	                   (3, 67.0796098273227),
[92mINFO [0m:      	                   (4, 66.2647484616091),
[92mINFO [0m:      	                   (5, 66.41505622337708),
[92mINFO [0m:      	                   (6, 65.94159506069947),
[92mINFO [0m:      	                   (7, 66.37124683173084),
[92mINFO [0m:      	                   (8, 67.36369015308136),
[92mINFO [0m:      	                   (9, 67.51336263980896),
[92mINFO [0m:      	                   (10, 67.13565567095887),
[92mINFO [0m:      	                   (11, 66.4945856948083),
[92mINFO [0m:      	                   (12, 66.69179338991783),
[92mINFO [0m:      	                   (13, 66.41629873344145),
[92mINFO [0m:      	                   (14, 66.60218658665205),
[92mINFO [0m:      	                   (15, 66.34846289388959),
[92mINFO [0m:      	                   (16, 66.78270396226218),
[92mINFO [0m:      	                   (17, 66.56584333922564),
[92mINFO [0m:      	                   (18, 66.67625958577585),
[92mINFO [0m:      	                   (19, 66.69456165535794),
[92mINFO [0m:      	                   (20, 66.75201267177802),
[92mINFO [0m:      	                   (21, 67.38995036316068),
[92mINFO [0m:      	                   (22, 65.79455550323799),
[92mINFO [0m:      	                   (23, 66.44795196182245),
[92mINFO [0m:      	                   (24, 66.35915868971834),
[92mINFO [0m:      	                   (25, 67.05246596499819),
[92mINFO [0m:      	                   (26, 65.3266053555799),
[92mINFO [0m:      	                   (27, 66.53034448736385),
[92mINFO [0m:      	                   (28, 66.6606992195684),
[92mINFO [0m:      	                   (29, 67.03735488122425),
[92mINFO [0m:      	                   (30, 66.9887927460614),
[92mINFO [0m:      	                   (31, 67.3253895622055),
[92mINFO [0m:      	                   (32, 67.27277584898839),
[92mINFO [0m:      	                   (33, 66.81828176721613),
[92mINFO [0m:      	                   (34, 66.9257462198477),
[92mINFO [0m:      	                   (35, 66.88668403492095),
[92mINFO [0m:      	                   (36, 66.23376586457891),
[92mINFO [0m:      	                   (37, 66.57317484533627),
[92mINFO [0m:      	                   (38, 66.71199487418617),
[92mINFO [0m:      	                   (39, 66.35087922354023),
[92mINFO [0m:      	                   (40, 66.1140985067103),
[92mINFO [0m:      	                   (41, 65.57352083259158),
[92mINFO [0m:      	                   (42, 65.87713144997896),
[92mINFO [0m:      	                   (43, 66.34062356700852),
[92mINFO [0m:      	                   (44, 65.07884979191684),
[92mINFO [0m:      	                   (45, 65.48724390598053),
[92mINFO [0m:      	                   (46, 65.59384456819394),
[92mINFO [0m:      	                   (47, 65.44184946638097),
[92mINFO [0m:      	                   (48, 65.51221569078564),
[92mINFO [0m:      	                   (49, 65.10887640916616),
[92mINFO [0m:      	                   (50, 66.23750683160351)],
[92mINFO [0m:      	 'train_loss': [(1, 0.6915610121909037),
[92mINFO [0m:      	                (2, 0.6882163562029198),
[92mINFO [0m:      	                (3, 0.6708192270723843),
[92mINFO [0m:      	                (4, 0.6247153374404896),
[92mINFO [0m:      	                (5, 0.5664228401260128),
[92mINFO [0m:      	                (6, 0.5206054756906392),
[92mINFO [0m:      	                (7, 0.4705545211431003),
[92mINFO [0m:      	                (8, 0.4303007491718492),
[92mINFO [0m:      	                (9, 0.3682098835128357),
[92mINFO [0m:      	                (10, 0.33288016966077477),
[92mINFO [0m:      	                (11, 0.32232602036433755),
[92mINFO [0m:      	                (12, 0.26519830239905073),
[92mINFO [0m:      	                (13, 0.24573168857745753),
[92mINFO [0m:      	                (14, 0.22806809875270828),
[92mINFO [0m:      	                (15, 0.20989172817844542),
[92mINFO [0m:      	                (16, 0.20257288034593954),
[92mINFO [0m:      	                (17, 0.19637071757746308),
[92mINFO [0m:      	                (18, 0.16429318507758237),
[92mINFO [0m:      	                (19, 0.15411768244229468),
[92mINFO [0m:      	                (20, 0.14336042926834966),
[92mINFO [0m:      	                (21, 0.1410542949566818),
[92mINFO [0m:      	                (22, 0.12795866220791619),
[92mINFO [0m:      	                (23, 0.13374502054762785),
[92mINFO [0m:      	                (24, 0.12010424797263482),
[92mINFO [0m:      	                (25, 0.12128618230611718),
[92mINFO [0m:      	                (26, 0.11573405958788761),
[92mINFO [0m:      	                (27, 0.11599554205062416),
[92mINFO [0m:      	                (28, 0.10118769855471972),
[92mINFO [0m:      	                (29, 0.10021227987083646),
[92mINFO [0m:      	                (30, 0.0968613982176293),
[92mINFO [0m:      	                (31, 0.08954005299529098),
[92mINFO [0m:      	                (32, 0.0875130523511107),
[92mINFO [0m:      	                (33, 0.09176792024627682),
[92mINFO [0m:      	                (34, 0.0790811770518531),
[92mINFO [0m:      	                (35, 0.07679265499204825),
[92mINFO [0m:      	                (36, 0.07209380691494495),
[92mINFO [0m:      	                (37, 0.0936575853633521),
[92mINFO [0m:      	                (38, 0.06785832211526),
[92mINFO [0m:      	                (39, 0.07565446711010748),
[92mINFO [0m:      	                (40, 0.0693912175120993),
[92mINFO [0m:      	                (41, 0.07363833679493326),
[92mINFO [0m:      	                (42, 0.06947683764990563),
[92mINFO [0m:      	                (43, 0.06800731323719506),
[92mINFO [0m:      	                (44, 0.06892524823262401),
[92mINFO [0m:      	                (45, 0.06284461240299437),
[92mINFO [0m:      	                (46, 0.05530125264747988),
[92mINFO [0m:      	                (47, 0.05648231138431676),
[92mINFO [0m:      	                (48, 0.050616941467466744),
[92mINFO [0m:      	                (49, 0.05180521597440509),
[92mINFO [0m:      	                (50, 0.06264542906651611)]}
[92mINFO [0m:      	History (metrics, distributed, evaluate):
[92mINFO [0m:      	{'accuracy': [(1, 0.554160125588697),
[92mINFO [0m:      	              (2, 0.5824175824175825),
[92mINFO [0m:      	              (3, 0.6153846153846154),
[92mINFO [0m:      	              (4, 0.6844583987441131),
[92mINFO [0m:      	              (5, 0.609105180533752),
[92mINFO [0m:      	              (6, 0.6248037676609105),
[92mINFO [0m:      	              (7, 0.6562009419152276),
[92mINFO [0m:      	              (8, 0.6436420722135008),
[92mINFO [0m:      	              (9, 0.5996860282574569),
[92mINFO [0m:      	              (10, 0.5635792778649922),
[92mINFO [0m:      	              (11, 0.7362637362637363),
[92mINFO [0m:      	              (12, 0.6687598116169545),
[92mINFO [0m:      	              (13, 0.7488226059654631),
[92mINFO [0m:      	              (14, 0.7299843014128728),
[92mINFO [0m:      	              (15, 0.6703296703296703),
[92mINFO [0m:      	              (16, 0.6624803767660911),
[92mINFO [0m:      	              (17, 0.7472527472527473),
[92mINFO [0m:      	              (18, 0.7111459968602826),
[92mINFO [0m:      	              (19, 0.7205651491365777),
[92mINFO [0m:      	              (20, 0.7331240188383046),
[92mINFO [0m:      	              (21, 0.8226059654631083),
[92mINFO [0m:      	              (22, 0.7299843014128728),
[92mINFO [0m:      	              (23, 0.7770800627943485),
[92mINFO [0m:      	              (24, 0.7582417582417582),
[92mINFO [0m:      	              (25, 0.7472527472527473),
[92mINFO [0m:      	              (26, 0.7472527472527473),
[92mINFO [0m:      	              (27, 0.8398744113029827),
[92mINFO [0m:      	              (28, 0.8226059654631083),
[92mINFO [0m:      	              (29, 0.8320251177394035),
[92mINFO [0m:      	              (30, 0.7770800627943485),
[92mINFO [0m:      	              (31, 0.8273155416012559),
[92mINFO [0m:      	              (32, 0.8304552590266876),
[92mINFO [0m:      	              (33, 0.8178963893249608),
[92mINFO [0m:      	              (34, 0.8398744113029827),
[92mINFO [0m:      	              (35, 0.792778649921507),
[92mINFO [0m:      	              (36, 0.7566718995290423),
[92mINFO [0m:      	              (37, 0.8414442700156985),
[92mINFO [0m:      	              (38, 0.8555729984301413),
[92mINFO [0m:      	              (39, 0.8304552590266876),
[92mINFO [0m:      	              (40, 0.8100470957613815),
[92mINFO [0m:      	              (41, 0.7990580847723705),
[92mINFO [0m:      	              (42, 0.8131868131868132),
[92mINFO [0m:      	              (43, 0.792778649921507),
[92mINFO [0m:      	              (44, 0.847723704866562),
[92mINFO [0m:      	              (45, 0.8414442700156985),
[92mINFO [0m:      	              (46, 0.8398744113029827),
[92mINFO [0m:      	              (47, 0.7001569858712716),
[92mINFO [0m:      	              (48, 0.8131868131868132),
[92mINFO [0m:      	              (49, 0.8335949764521193),
[92mINFO [0m:      	              (50, 0.8273155416012559)]}
[92mINFO [0m:      
[36m(pid=1411081)[0m [2026-09-03 03:45:29,719 E 1411081 1416584] core_worker_process.cc:825: Failed to establish connection to the metrics exporter agent. Metrics will not be exported. Exporter agent status: RpcError: Running out of retries to initialize the metrics agent. rpc_code: 14[32m [repeated 47x across cluster] (Ray deduplicates logs by default. Set RAY_DEDUP_LOGS=0 to disable log deduplication, or see https://docs.ray.io/en/master/ray-observability/user-guides/configure-logging.html#log-deduplication for more options.)[0m
