[93mWARNING [0m:   DEPRECATED FEATURE: flwr.simulation.start_simulation() is deprecated.
	Instead, use the `flwr run` CLI command to start a local simulation in your Flower app, as shown for example below:

		$ flwr new  # Create a new Flower app from a template

		$ flwr run  # Run the Flower app in Simulation Mode

	Using `start_simulation()` is deprecated.

            This is a deprecated feature. It will be removed
            entirely in future versions of Flower.
        
[92mINFO [0m:      Starting Flower simulation, config: num_rounds=50, no round_timeout
2026-09-03 03:41:03,195	INFO worker.py:2012 -- Started a local Ray instance.
/export/home/ralhasan/anaconda3/envs/fl_fu/lib/python3.10/site-packages/ray/_private/worker.py:2051: FutureWarning: Tip: In future versions of Ray, Ray will no longer override accelerator visible devices env var if num_gpus=0 or num_gpus=None (default). To enable this behavior and turn off this error message, set RAY_ACCEL_ENV_VAR_OVERRIDE_ON_ZERO=0
  warnings.warn(
[92mINFO [0m:      Flower VCE: Ray initialized with resources: {'node:__internal_head__': 1.0, 'object_store_memory': 160680880128.0, 'accelerator_type:P100': 1.0, 'CPU': 48.0, 'GPU': 1.0, 'memory': 374922053632.0, 'node:10.141.10.30': 1.0}
[92mINFO [0m:      Optimize your simulation with Flower VCE: https://flower.ai/docs/framework/how-to-run-simulations.html
[92mINFO [0m:      Flower VCE: Resources for each Virtual Client: {'num_cpus': 1, 'num_gpus': 0.3333333333333333}
[92mINFO [0m:      Flower VCE: Creating VirtualClientEngineActorPool with 3 actors
[92mINFO [0m:      [INIT]
[92mINFO [0m:      Using initial global parameters provided by strategy
[92mINFO [0m:      Starting evaluation of initial global parameters
[92mINFO [0m:      Evaluation returned no results (`None`)
[92mINFO [0m:      
[92mINFO [0m:      [ROUND 1]
[92mINFO [0m:      configure_fit: strategy sampled 3 clients (out of 3)
[36m(pid=gcs_server)[0m [2026-09-03 03:41:31,051 E 2823676 2823676] (gcs_server) gcs_server.cc:302: Failed to establish connection to the event+metrics exporter agent. Events and metrics will not be exported. Exporter agent status: RpcError: Running out of retries to initialize the metrics agent. rpc_code: 14
[33m(raylet)[0m [2026-09-03 03:41:33,119 E 2823861 2823861] (raylet) main.cc:975: Failed to establish connection to the metrics exporter agent. Metrics will not be exported. Exporter agent status: RpcError: Running out of retries to initialize the metrics agent. rpc_code: 14
[36m(ClientAppActor pid=2823961)[0m [2026-09-03 03:41:34,559 E 2823961 2824185] core_worker_process.cc:825: Failed to establish connection to the metrics exporter agent. Metrics will not be exported. Exporter agent status: RpcError: Running out of retries to initialize the metrics agent. rpc_code: 14
[2026-09-03 03:41:35,227 E 2823543 2823960] core_worker_process.cc:825: Failed to establish connection to the metrics exporter agent. Metrics will not be exported. Exporter agent status: RpcError: Running out of retries to initialize the metrics agent. rpc_code: 14
[92mINFO [0m:      aggregate_fit: received 3 results and 0 failures
[92mINFO [0m:      configure_evaluate: strategy sampled 3 clients (out of 3)
[92mINFO [0m:      aggregate_evaluate: received 3 results and 0 failures
[92mINFO [0m:      
[92mINFO [0m:      [ROUND 2]
[92mINFO [0m:      configure_fit: strategy sampled 3 clients (out of 3)
[92mINFO [0m:      aggregate_fit: received 3 results and 0 failures
[92mINFO [0m:      configure_evaluate: strategy sampled 3 clients (out of 3)
[92mINFO [0m:      aggregate_evaluate: received 3 results and 0 failures
[92mINFO [0m:      
[92mINFO [0m:      [ROUND 3]
[92mINFO [0m:      configure_fit: strategy sampled 3 clients (out of 3)
[92mINFO [0m:      aggregate_fit: received 3 results and 0 failures
[92mINFO [0m:      configure_evaluate: strategy sampled 3 clients (out of 3)
[92mINFO [0m:      aggregate_evaluate: received 3 results and 0 failures
[92mINFO [0m:      
[92mINFO [0m:      [ROUND 4]
[92mINFO [0m:      configure_fit: strategy sampled 3 clients (out of 3)
[92mINFO [0m:      aggregate_fit: received 3 results and 0 failures
[92mINFO [0m:      configure_evaluate: strategy sampled 3 clients (out of 3)
[92mINFO [0m:      aggregate_evaluate: received 3 results and 0 failures
[92mINFO [0m:      
[92mINFO [0m:      [ROUND 5]
[92mINFO [0m:      configure_fit: strategy sampled 3 clients (out of 3)
[92mINFO [0m:      aggregate_fit: received 3 results and 0 failures
[92mINFO [0m:      configure_evaluate: strategy sampled 3 clients (out of 3)
[92mINFO [0m:      aggregate_evaluate: received 3 results and 0 failures
[92mINFO [0m:      
[92mINFO [0m:      [ROUND 6]
[92mINFO [0m:      configure_fit: strategy sampled 3 clients (out of 3)
[92mINFO [0m:      aggregate_fit: received 3 results and 0 failures
[92mINFO [0m:      configure_evaluate: strategy sampled 3 clients (out of 3)
[92mINFO [0m:      aggregate_evaluate: received 3 results and 0 failures
[92mINFO [0m:      
[92mINFO [0m:      [ROUND 7]
[92mINFO [0m:      configure_fit: strategy sampled 3 clients (out of 3)
[92mINFO [0m:      aggregate_fit: received 3 results and 0 failures
[92mINFO [0m:      configure_evaluate: strategy sampled 3 clients (out of 3)
[92mINFO [0m:      aggregate_evaluate: received 3 results and 0 failures
[92mINFO [0m:      
[92mINFO [0m:      [ROUND 8]
[92mINFO [0m:      configure_fit: strategy sampled 3 clients (out of 3)
[92mINFO [0m:      aggregate_fit: received 3 results and 0 failures
[92mINFO [0m:      configure_evaluate: strategy sampled 3 clients (out of 3)
[92mINFO [0m:      aggregate_evaluate: received 3 results and 0 failures
[92mINFO [0m:      
[92mINFO [0m:      [ROUND 9]
[92mINFO [0m:      configure_fit: strategy sampled 3 clients (out of 3)
[92mINFO [0m:      aggregate_fit: received 3 results and 0 failures
[92mINFO [0m:      configure_evaluate: strategy sampled 3 clients (out of 3)
[92mINFO [0m:      aggregate_evaluate: received 3 results and 0 failures
[92mINFO [0m:      
[92mINFO [0m:      [ROUND 10]
[92mINFO [0m:      configure_fit: strategy sampled 3 clients (out of 3)
[92mINFO [0m:      aggregate_fit: received 3 results and 0 failures
[92mINFO [0m:      configure_evaluate: strategy sampled 3 clients (out of 3)
[92mINFO [0m:      aggregate_evaluate: received 3 results and 0 failures
[92mINFO [0m:      
[92mINFO [0m:      [ROUND 11]
[92mINFO [0m:      configure_fit: strategy sampled 3 clients (out of 3)
[92mINFO [0m:      aggregate_fit: received 3 results and 0 failures
[92mINFO [0m:      configure_evaluate: strategy sampled 3 clients (out of 3)
[92mINFO [0m:      aggregate_evaluate: received 3 results and 0 failures
[92mINFO [0m:      
[92mINFO [0m:      [ROUND 12]
[92mINFO [0m:      configure_fit: strategy sampled 3 clients (out of 3)
[92mINFO [0m:      aggregate_fit: received 3 results and 0 failures
[92mINFO [0m:      configure_evaluate: strategy sampled 3 clients (out of 3)
[92mINFO [0m:      aggregate_evaluate: received 3 results and 0 failures
[92mINFO [0m:      
[92mINFO [0m:      [ROUND 13]
[92mINFO [0m:      configure_fit: strategy sampled 3 clients (out of 3)
[92mINFO [0m:      aggregate_fit: received 3 results and 0 failures
[92mINFO [0m:      configure_evaluate: strategy sampled 3 clients (out of 3)
[92mINFO [0m:      aggregate_evaluate: received 3 results and 0 failures
[92mINFO [0m:      
[92mINFO [0m:      [ROUND 14]
[92mINFO [0m:      configure_fit: strategy sampled 3 clients (out of 3)
[92mINFO [0m:      aggregate_fit: received 3 results and 0 failures
[92mINFO [0m:      configure_evaluate: strategy sampled 3 clients (out of 3)
[92mINFO [0m:      aggregate_evaluate: received 3 results and 0 failures
[92mINFO [0m:      
[92mINFO [0m:      [ROUND 15]
[92mINFO [0m:      configure_fit: strategy sampled 3 clients (out of 3)
[92mINFO [0m:      aggregate_fit: received 3 results and 0 failures
[92mINFO [0m:      configure_evaluate: strategy sampled 3 clients (out of 3)
[92mINFO [0m:      aggregate_evaluate: received 3 results and 0 failures
[92mINFO [0m:      
[92mINFO [0m:      [ROUND 16]
[92mINFO [0m:      configure_fit: strategy sampled 3 clients (out of 3)
[92mINFO [0m:      aggregate_fit: received 3 results and 0 failures
[92mINFO [0m:      configure_evaluate: strategy sampled 3 clients (out of 3)
[92mINFO [0m:      aggregate_evaluate: received 3 results and 0 failures
[92mINFO [0m:      
[92mINFO [0m:      [ROUND 17]
[92mINFO [0m:      configure_fit: strategy sampled 3 clients (out of 3)
[92mINFO [0m:      aggregate_fit: received 3 results and 0 failures
[92mINFO [0m:      configure_evaluate: strategy sampled 3 clients (out of 3)
[92mINFO [0m:      aggregate_evaluate: received 3 results and 0 failures
[92mINFO [0m:      
[92mINFO [0m:      [ROUND 18]
[92mINFO [0m:      configure_fit: strategy sampled 3 clients (out of 3)
[92mINFO [0m:      aggregate_fit: received 3 results and 0 failures
[92mINFO [0m:      configure_evaluate: strategy sampled 3 clients (out of 3)
[92mINFO [0m:      aggregate_evaluate: received 3 results and 0 failures
[92mINFO [0m:      
[92mINFO [0m:      [ROUND 19]
[92mINFO [0m:      configure_fit: strategy sampled 3 clients (out of 3)
[92mINFO [0m:      aggregate_fit: received 3 results and 0 failures
[92mINFO [0m:      configure_evaluate: strategy sampled 3 clients (out of 3)
[92mINFO [0m:      aggregate_evaluate: received 3 results and 0 failures
[92mINFO [0m:      
[92mINFO [0m:      [ROUND 20]
[92mINFO [0m:      configure_fit: strategy sampled 3 clients (out of 3)
[92mINFO [0m:      aggregate_fit: received 3 results and 0 failures
[92mINFO [0m:      configure_evaluate: strategy sampled 3 clients (out of 3)
[92mINFO [0m:      aggregate_evaluate: received 3 results and 0 failures
[92mINFO [0m:      
[92mINFO [0m:      [ROUND 21]
[92mINFO [0m:      configure_fit: strategy sampled 3 clients (out of 3)
[92mINFO [0m:      aggregate_fit: received 3 results and 0 failures
[92mINFO [0m:      configure_evaluate: strategy sampled 3 clients (out of 3)
[92mINFO [0m:      aggregate_evaluate: received 3 results and 0 failures
[92mINFO [0m:      
[92mINFO [0m:      [ROUND 22]
[92mINFO [0m:      configure_fit: strategy sampled 3 clients (out of 3)
[92mINFO [0m:      aggregate_fit: received 3 results and 0 failures
[92mINFO [0m:      configure_evaluate: strategy sampled 3 clients (out of 3)
[92mINFO [0m:      aggregate_evaluate: received 3 results and 0 failures
[92mINFO [0m:      
[92mINFO [0m:      [ROUND 23]
[92mINFO [0m:      configure_fit: strategy sampled 3 clients (out of 3)
[92mINFO [0m:      aggregate_fit: received 3 results and 0 failures
[92mINFO [0m:      configure_evaluate: strategy sampled 3 clients (out of 3)
[92mINFO [0m:      aggregate_evaluate: received 3 results and 0 failures
[92mINFO [0m:      
[92mINFO [0m:      [ROUND 24]
[92mINFO [0m:      configure_fit: strategy sampled 3 clients (out of 3)
[92mINFO [0m:      aggregate_fit: received 3 results and 0 failures
[92mINFO [0m:      configure_evaluate: strategy sampled 3 clients (out of 3)
[92mINFO [0m:      aggregate_evaluate: received 3 results and 0 failures
[92mINFO [0m:      
[92mINFO [0m:      [ROUND 25]
[92mINFO [0m:      configure_fit: strategy sampled 3 clients (out of 3)
[92mINFO [0m:      aggregate_fit: received 3 results and 0 failures
[92mINFO [0m:      configure_evaluate: strategy sampled 3 clients (out of 3)
[92mINFO [0m:      aggregate_evaluate: received 3 results and 0 failures
[92mINFO [0m:      
[92mINFO [0m:      [ROUND 26]
[92mINFO [0m:      configure_fit: strategy sampled 3 clients (out of 3)
[92mINFO [0m:      aggregate_fit: received 3 results and 0 failures
[92mINFO [0m:      configure_evaluate: strategy sampled 3 clients (out of 3)
[92mINFO [0m:      aggregate_evaluate: received 3 results and 0 failures
[92mINFO [0m:      
[92mINFO [0m:      [ROUND 27]
[92mINFO [0m:      configure_fit: strategy sampled 3 clients (out of 3)
[92mINFO [0m:      aggregate_fit: received 3 results and 0 failures
[92mINFO [0m:      configure_evaluate: strategy sampled 3 clients (out of 3)
[92mINFO [0m:      aggregate_evaluate: received 3 results and 0 failures
[92mINFO [0m:      
[92mINFO [0m:      [ROUND 28]
[92mINFO [0m:      configure_fit: strategy sampled 3 clients (out of 3)
[92mINFO [0m:      aggregate_fit: received 3 results and 0 failures
[92mINFO [0m:      configure_evaluate: strategy sampled 3 clients (out of 3)
[92mINFO [0m:      aggregate_evaluate: received 3 results and 0 failures
[92mINFO [0m:      
[92mINFO [0m:      [ROUND 29]
[92mINFO [0m:      configure_fit: strategy sampled 3 clients (out of 3)
[92mINFO [0m:      aggregate_fit: received 3 results and 0 failures
[92mINFO [0m:      configure_evaluate: strategy sampled 3 clients (out of 3)
[92mINFO [0m:      aggregate_evaluate: received 3 results and 0 failures
[92mINFO [0m:      
[92mINFO [0m:      [ROUND 30]
[92mINFO [0m:      configure_fit: strategy sampled 3 clients (out of 3)
[92mINFO [0m:      aggregate_fit: received 3 results and 0 failures
[92mINFO [0m:      configure_evaluate: strategy sampled 3 clients (out of 3)
[92mINFO [0m:      aggregate_evaluate: received 3 results and 0 failures
[92mINFO [0m:      
[92mINFO [0m:      [ROUND 31]
[92mINFO [0m:      configure_fit: strategy sampled 3 clients (out of 3)
[92mINFO [0m:      aggregate_fit: received 3 results and 0 failures
[92mINFO [0m:      configure_evaluate: strategy sampled 3 clients (out of 3)
[92mINFO [0m:      aggregate_evaluate: received 3 results and 0 failures
[92mINFO [0m:      
[92mINFO [0m:      [ROUND 32]
[92mINFO [0m:      configure_fit: strategy sampled 3 clients (out of 3)
[92mINFO [0m:      aggregate_fit: received 3 results and 0 failures
[92mINFO [0m:      configure_evaluate: strategy sampled 3 clients (out of 3)
[92mINFO [0m:      aggregate_evaluate: received 3 results and 0 failures
[92mINFO [0m:      
[92mINFO [0m:      [ROUND 33]
[92mINFO [0m:      configure_fit: strategy sampled 3 clients (out of 3)
[92mINFO [0m:      aggregate_fit: received 3 results and 0 failures
[92mINFO [0m:      configure_evaluate: strategy sampled 3 clients (out of 3)
[92mINFO [0m:      aggregate_evaluate: received 3 results and 0 failures
[92mINFO [0m:      
[92mINFO [0m:      [ROUND 34]
[92mINFO [0m:      configure_fit: strategy sampled 3 clients (out of 3)
[92mINFO [0m:      aggregate_fit: received 3 results and 0 failures
[92mINFO [0m:      configure_evaluate: strategy sampled 3 clients (out of 3)
[92mINFO [0m:      aggregate_evaluate: received 3 results and 0 failures
[92mINFO [0m:      
[92mINFO [0m:      [ROUND 35]
[92mINFO [0m:      configure_fit: strategy sampled 3 clients (out of 3)
[92mINFO [0m:      aggregate_fit: received 3 results and 0 failures
[92mINFO [0m:      configure_evaluate: strategy sampled 3 clients (out of 3)
[92mINFO [0m:      aggregate_evaluate: received 3 results and 0 failures
[92mINFO [0m:      
[92mINFO [0m:      [ROUND 36]
[92mINFO [0m:      configure_fit: strategy sampled 3 clients (out of 3)
[92mINFO [0m:      aggregate_fit: received 3 results and 0 failures
[92mINFO [0m:      configure_evaluate: strategy sampled 3 clients (out of 3)
[92mINFO [0m:      aggregate_evaluate: received 3 results and 0 failures
[92mINFO [0m:      
[92mINFO [0m:      [ROUND 37]
[92mINFO [0m:      configure_fit: strategy sampled 3 clients (out of 3)
[92mINFO [0m:      aggregate_fit: received 3 results and 0 failures
[92mINFO [0m:      configure_evaluate: strategy sampled 3 clients (out of 3)
[92mINFO [0m:      aggregate_evaluate: received 3 results and 0 failures
[92mINFO [0m:      
[92mINFO [0m:      [ROUND 38]
[92mINFO [0m:      configure_fit: strategy sampled 3 clients (out of 3)
[92mINFO [0m:      aggregate_fit: received 3 results and 0 failures
[92mINFO [0m:      configure_evaluate: strategy sampled 3 clients (out of 3)
[92mINFO [0m:      aggregate_evaluate: received 3 results and 0 failures
[92mINFO [0m:      
[92mINFO [0m:      [ROUND 39]
[92mINFO [0m:      configure_fit: strategy sampled 3 clients (out of 3)
[92mINFO [0m:      aggregate_fit: received 3 results and 0 failures
[92mINFO [0m:      configure_evaluate: strategy sampled 3 clients (out of 3)
[92mINFO [0m:      aggregate_evaluate: received 3 results and 0 failures
[92mINFO [0m:      
[92mINFO [0m:      [ROUND 40]
[92mINFO [0m:      configure_fit: strategy sampled 3 clients (out of 3)
[92mINFO [0m:      aggregate_fit: received 3 results and 0 failures
[92mINFO [0m:      configure_evaluate: strategy sampled 3 clients (out of 3)
[92mINFO [0m:      aggregate_evaluate: received 3 results and 0 failures
[92mINFO [0m:      
[92mINFO [0m:      [ROUND 41]
[92mINFO [0m:      configure_fit: strategy sampled 3 clients (out of 3)
[92mINFO [0m:      aggregate_fit: received 3 results and 0 failures
[92mINFO [0m:      configure_evaluate: strategy sampled 3 clients (out of 3)
[92mINFO [0m:      aggregate_evaluate: received 3 results and 0 failures
[92mINFO [0m:      
[92mINFO [0m:      [ROUND 42]
[92mINFO [0m:      configure_fit: strategy sampled 3 clients (out of 3)
[92mINFO [0m:      aggregate_fit: received 3 results and 0 failures
[92mINFO [0m:      configure_evaluate: strategy sampled 3 clients (out of 3)
[92mINFO [0m:      aggregate_evaluate: received 3 results and 0 failures
[92mINFO [0m:      
[92mINFO [0m:      [ROUND 43]
[92mINFO [0m:      configure_fit: strategy sampled 3 clients (out of 3)
[92mINFO [0m:      aggregate_fit: received 3 results and 0 failures
[92mINFO [0m:      configure_evaluate: strategy sampled 3 clients (out of 3)
[92mINFO [0m:      aggregate_evaluate: received 3 results and 0 failures
[92mINFO [0m:      
[92mINFO [0m:      [ROUND 44]
[92mINFO [0m:      configure_fit: strategy sampled 3 clients (out of 3)
[92mINFO [0m:      aggregate_fit: received 3 results and 0 failures
[92mINFO [0m:      configure_evaluate: strategy sampled 3 clients (out of 3)
[92mINFO [0m:      aggregate_evaluate: received 3 results and 0 failures
[92mINFO [0m:      
[92mINFO [0m:      [ROUND 45]
[92mINFO [0m:      configure_fit: strategy sampled 3 clients (out of 3)
[92mINFO [0m:      aggregate_fit: received 3 results and 0 failures
[92mINFO [0m:      configure_evaluate: strategy sampled 3 clients (out of 3)
[92mINFO [0m:      aggregate_evaluate: received 3 results and 0 failures
[92mINFO [0m:      
[92mINFO [0m:      [ROUND 46]
[92mINFO [0m:      configure_fit: strategy sampled 3 clients (out of 3)
[92mINFO [0m:      aggregate_fit: received 3 results and 0 failures
[92mINFO [0m:      configure_evaluate: strategy sampled 3 clients (out of 3)
[92mINFO [0m:      aggregate_evaluate: received 3 results and 0 failures
[92mINFO [0m:      
[92mINFO [0m:      [ROUND 47]
[92mINFO [0m:      configure_fit: strategy sampled 3 clients (out of 3)
[92mINFO [0m:      aggregate_fit: received 3 results and 0 failures
[92mINFO [0m:      configure_evaluate: strategy sampled 3 clients (out of 3)
[92mINFO [0m:      aggregate_evaluate: received 3 results and 0 failures
[92mINFO [0m:      
[92mINFO [0m:      [ROUND 48]
[92mINFO [0m:      configure_fit: strategy sampled 3 clients (out of 3)
[92mINFO [0m:      aggregate_fit: received 3 results and 0 failures
[92mINFO [0m:      configure_evaluate: strategy sampled 3 clients (out of 3)
[92mINFO [0m:      aggregate_evaluate: received 3 results and 0 failures
[92mINFO [0m:      
[92mINFO [0m:      [ROUND 49]
[92mINFO [0m:      configure_fit: strategy sampled 3 clients (out of 3)
[92mINFO [0m:      aggregate_fit: received 3 results and 0 failures
[92mINFO [0m:      configure_evaluate: strategy sampled 3 clients (out of 3)
[92mINFO [0m:      aggregate_evaluate: received 3 results and 0 failures
[92mINFO [0m:      
[92mINFO [0m:      [ROUND 50]
[92mINFO [0m:      configure_fit: strategy sampled 3 clients (out of 3)
[92mINFO [0m:      aggregate_fit: received 3 results and 0 failures
[92mINFO [0m:      configure_evaluate: strategy sampled 3 clients (out of 3)
[92mINFO [0m:      aggregate_evaluate: received 3 results and 0 failures
[92mINFO [0m:      
[92mINFO [0m:      [SUMMARY]
[92mINFO [0m:      Run finished 50 round(s) in 8274.79s
[92mINFO [0m:      	History (loss, distributed):
[92mINFO [0m:      		round 1: 1.6023010819729306
[92mINFO [0m:      		round 2: 4.4131749969449485
[92mINFO [0m:      		round 3: 1.10740931105202
[92mINFO [0m:      		round 4: 0.8236076552976431
[92mINFO [0m:      		round 5: 1.1249381225655555
[92mINFO [0m:      		round 6: 0.8927457914621901
[92mINFO [0m:      		round 7: 1.9333090508938584
[92mINFO [0m:      		round 8: 0.7373022710322585
[92mINFO [0m:      		round 9: 0.7819075953080853
[92mINFO [0m:      		round 10: 0.9680261465032209
[92mINFO [0m:      		round 11: 0.9515678401176746
[92mINFO [0m:      		round 12: 1.1350232363098083
[92mINFO [0m:      		round 13: 0.7828668416528911
[92mINFO [0m:      		round 14: 0.8930849800444847
[92mINFO [0m:      		round 15: 0.7093405416659321
[92mINFO [0m:      		round 16: 1.0659391431129148
[92mINFO [0m:      		round 17: 0.9312601526833638
[92mINFO [0m:      		round 18: 1.2085542529368163
[92mINFO [0m:      		round 19: 1.1469962350012415
[92mINFO [0m:      		round 20: 0.8128528097641524
[92mINFO [0m:      		round 21: 0.8845963353756084
[92mINFO [0m:      		round 22: 0.5760087643894755
[92mINFO [0m:      		round 23: 0.7281421709241378
[92mINFO [0m:      		round 24: 0.7273079370882426
[92mINFO [0m:      		round 25: 0.940551667251614
[92mINFO [0m:      		round 26: 0.761843171675384
[92mINFO [0m:      		round 27: 0.6873280573957943
[92mINFO [0m:      		round 28: 0.7091255331487984
[92mINFO [0m:      		round 29: 0.6696281146305266
[92mINFO [0m:      		round 30: 0.779777841741918
[92mINFO [0m:      		round 31: 0.7156817795528944
[92mINFO [0m:      		round 32: 0.5734392408416072
[92mINFO [0m:      		round 33: 0.8100647410946961
[92mINFO [0m:      		round 34: 0.7857417178445706
[92mINFO [0m:      		round 35: 0.7216693687550044
[92mINFO [0m:      		round 36: 0.7581363772052148
[92mINFO [0m:      		round 37: 0.9349778914660379
[92mINFO [0m:      		round 38: 0.6565963368697656
[92mINFO [0m:      		round 39: 0.9136927020867622
[92mINFO [0m:      		round 40: 0.6519526270667041
[92mINFO [0m:      		round 41: 1.3139659955615421
[92mINFO [0m:      		round 42: 0.6902301094203813
[92mINFO [0m:      		round 43: 0.714766251574023
[92mINFO [0m:      		round 44: 0.7283640250883809
[92mINFO [0m:      		round 45: 1.0601663658265266
[92mINFO [0m:      		round 46: 0.7696417142679839
[92mINFO [0m:      		round 47: 0.882255405520222
[92mINFO [0m:      		round 48: 0.7020805292620997
[92mINFO [0m:      		round 49: 0.924737788906052
[92mINFO [0m:      		round 50: 0.8884470602456567
[92mINFO [0m:      	History (metrics, distributed, fit):
[92mINFO [0m:      	{'comm_bytes': [(1, 44673804.0),
[92mINFO [0m:      	                (2, 44673804.0),
[92mINFO [0m:      	                (3, 44673804.0),
[92mINFO [0m:      	                (4, 44673804.0),
[92mINFO [0m:      	                (5, 44673804.0),
[92mINFO [0m:      	                (6, 44673804.0),
[92mINFO [0m:      	                (7, 44673804.0),
[92mINFO [0m:      	                (8, 44673804.0),
[92mINFO [0m:      	                (9, 44673804.0),
[92mINFO [0m:      	                (10, 44673804.0),
[92mINFO [0m:      	                (11, 44673804.0),
[92mINFO [0m:      	                (12, 44673804.0),
[92mINFO [0m:      	                (13, 44673804.0),
[92mINFO [0m:      	                (14, 44673804.0),
[92mINFO [0m:      	                (15, 44673804.0),
[92mINFO [0m:      	                (16, 44673804.0),
[92mINFO [0m:      	                (17, 44673804.0),
[92mINFO [0m:      	                (18, 44673804.0),
[92mINFO [0m:      	                (19, 44673804.0),
[92mINFO [0m:      	                (20, 44673804.0),
[92mINFO [0m:      	                (21, 44673804.0),
[92mINFO [0m:      	                (22, 44673804.0),
[92mINFO [0m:      	                (23, 44673804.0),
[92mINFO [0m:      	                (24, 44673804.0),
[92mINFO [0m:      	                (25, 44673804.0),
[92mINFO [0m:      	                (26, 44673804.0),
[92mINFO [0m:      	                (27, 44673804.0),
[92mINFO [0m:      	                (28, 44673804.0),
[92mINFO [0m:      	                (29, 44673804.0),
[92mINFO [0m:      	                (30, 44673804.0),
[92mINFO [0m:      	                (31, 44673804.0),
[92mINFO [0m:      	                (32, 44673804.0),
[92mINFO [0m:      	                (33, 44673804.0),
[92mINFO [0m:      	                (34, 44673804.0),
[92mINFO [0m:      	                (35, 44673804.0),
[92mINFO [0m:      	                (36, 44673804.0),
[92mINFO [0m:      	                (37, 44673804.0),
[92mINFO [0m:      	                (38, 44673804.0),
[92mINFO [0m:      	                (39, 44673804.0),
[92mINFO [0m:      	                (40, 44673804.0),
[92mINFO [0m:      	                (41, 44673804.0),
[92mINFO [0m:      	                (42, 44673804.0),
[92mINFO [0m:      	                (43, 44673804.0),
[92mINFO [0m:      	                (44, 44673804.0),
[92mINFO [0m:      	                (45, 44673804.0),
[92mINFO [0m:      	                (46, 44673804.0),
[92mINFO [0m:      	                (47, 44673804.0),
[92mINFO [0m:      	                (48, 44673804.0),
[92mINFO [0m:      	                (49, 44673804.0),
[92mINFO [0m:      	                (50, 44673804.0)],
[92mINFO [0m:      	 'comp_time_sec': [(1, 60.2867288410053),
[92mINFO [0m:      	                   (2, 61.923538006225655),
[92mINFO [0m:      	                   (3, 62.15992258541973),
[92mINFO [0m:      	                   (4, 62.14406645420126),
[92mINFO [0m:      	                   (5, 62.00089592253532),
[92mINFO [0m:      	                   (6, 61.4498902014431),
[92mINFO [0m:      	                   (7, 61.04842585095089),
[92mINFO [0m:      	                   (8, 61.33969197045921),
[92mINFO [0m:      	                   (9, 62.271670325709856),
[92mINFO [0m:      	                   (10, 61.667839838539734),
[92mINFO [0m:      	                   (11, 62.063943594999444),
[92mINFO [0m:      	                   (12, 62.01210330686201),
[92mINFO [0m:      	                   (13, 61.55059849342274),
[92mINFO [0m:      	                   (14, 61.80486150188085),
[92mINFO [0m:      	                   (15, 62.09629506798031),
[92mINFO [0m:      	                   (16, 61.57072860260851),
[92mINFO [0m:      	                   (17, 61.33271760260429),
[92mINFO [0m:      	                   (18, 60.265357327517606),
[92mINFO [0m:      	                   (19, 60.15589043425236),
[92mINFO [0m:      	                   (20, 59.594294780816874),
[92mINFO [0m:      	                   (21, 61.11864655782521),
[92mINFO [0m:      	                   (22, 59.710650077666514),
[92mINFO [0m:      	                   (23, 60.40536832640357),
[92mINFO [0m:      	                   (24, 60.82800110322082),
[92mINFO [0m:      	                   (25, 59.96704569766614),
[92mINFO [0m:      	                   (26, 60.62350003272178),
[92mINFO [0m:      	                   (27, 61.20487440036356),
[92mINFO [0m:      	                   (28, 60.59914273977092),
[92mINFO [0m:      	                   (29, 60.76966188910254),
[92mINFO [0m:      	                   (30, 60.734469820327696),
[92mINFO [0m:      	                   (31, 60.72290364807285),
[92mINFO [0m:      	                   (32, 59.88232416586203),
[92mINFO [0m:      	                   (33, 60.390700592968386),
[92mINFO [0m:      	                   (34, 60.81835104115278),
[92mINFO [0m:      	                   (35, 60.512103995626795),
[92mINFO [0m:      	                   (36, 59.431208807338024),
[92mINFO [0m:      	                   (37, 59.76337986691342),
[92mINFO [0m:      	                   (38, 60.42554828667847),
[92mINFO [0m:      	                   (39, 60.46210419182894),
[92mINFO [0m:      	                   (40, 60.69320742787105),
[92mINFO [0m:      	                   (41, 60.490724751571676),
[92mINFO [0m:      	                   (42, 60.41903333864971),
[92mINFO [0m:      	                   (43, 60.16314844224658),
[92mINFO [0m:      	                   (44, 60.193899603788076),
[92mINFO [0m:      	                   (45, 60.364000918923445),
[92mINFO [0m:      	                   (46, 60.18520034270741),
[92mINFO [0m:      	                   (47, 59.364084793978364),
[92mINFO [0m:      	                   (48, 60.195216803028416),
[92mINFO [0m:      	                   (49, 60.077631389371426),
[92mINFO [0m:      	                   (50, 59.89127584148149)],
[92mINFO [0m:      	 'train_loss': [(1, 0.6816514204724017),
[92mINFO [0m:      	                (2, 0.6699045788211948),
[92mINFO [0m:      	                (3, 0.6625929322636689),
[92mINFO [0m:      	                (4, 0.6073773297712586),
[92mINFO [0m:      	                (5, 0.5715685100892185),
[92mINFO [0m:      	                (6, 0.4990775915611504),
[92mINFO [0m:      	                (7, 0.4632618379168755),
[92mINFO [0m:      	                (8, 0.42355947799329846),
[92mINFO [0m:      	                (9, 0.39592086107022834),
[92mINFO [0m:      	                (10, 0.34682569500466626),
[92mINFO [0m:      	                (11, 0.3093941565933482),
[92mINFO [0m:      	                (12, 0.28895527034371526),
[92mINFO [0m:      	                (13, 0.23930551318058293),
[92mINFO [0m:      	                (14, 0.22583946055677515),
[92mINFO [0m:      	                (15, 0.21255245530076075),
[92mINFO [0m:      	                (16, 0.1986008651115268),
[92mINFO [0m:      	                (17, 0.189349210916318),
[92mINFO [0m:      	                (18, 0.17152056153686),
[92mINFO [0m:      	                (19, 0.1554820593053403),
[92mINFO [0m:      	                (20, 0.14698674159580818),
[92mINFO [0m:      	                (21, 0.1557906762666333),
[92mINFO [0m:      	                (22, 0.12037930465191482),
[92mINFO [0m:      	                (23, 0.12119342281950647),
[92mINFO [0m:      	                (24, 0.11588115151076188),
[92mINFO [0m:      	                (25, 0.113740882259434),
[92mINFO [0m:      	                (26, 0.09254764342685583),
[92mINFO [0m:      	                (27, 0.11565813014297179),
[92mINFO [0m:      	                (28, 0.11182156235577831),
[92mINFO [0m:      	                (29, 0.09709886010703433),
[92mINFO [0m:      	                (30, 0.09345010001587904),
[92mINFO [0m:      	                (31, 0.10553753955611733),
[92mINFO [0m:      	                (32, 0.09755417124896253),
[92mINFO [0m:      	                (33, 0.07282603027931166),
[92mINFO [0m:      	                (34, 0.07792736101762948),
[92mINFO [0m:      	                (35, 0.09844445104576578),
[92mINFO [0m:      	                (36, 0.06849459908989863),
[92mINFO [0m:      	                (37, 0.07357565755310191),
[92mINFO [0m:      	                (38, 0.08374770033692254),
[92mINFO [0m:      	                (39, 0.06317844163672152),
[92mINFO [0m:      	                (40, 0.0684147807762559),
[92mINFO [0m:      	                (41, 0.07976857233743326),
[92mINFO [0m:      	                (42, 0.06500834797015387),
[92mINFO [0m:      	                (43, 0.05913341430358302),
[92mINFO [0m:      	                (44, 0.06586691158237873),
[92mINFO [0m:      	                (45, 0.06748591813143962),
[92mINFO [0m:      	                (46, 0.06447504919309176),
[92mINFO [0m:      	                (47, 0.07622160394988192),
[92mINFO [0m:      	                (48, 0.05666966348158453),
[92mINFO [0m:      	                (49, 0.06451115100254248),
[92mINFO [0m:      	                (50, 0.049130140609619524)]}
[92mINFO [0m:      	History (metrics, distributed, evaluate):
[92mINFO [0m:      	{'accuracy': [(1, 0.6718995290423861),
[92mINFO [0m:      	              (2, 0.5698587127158555),
[92mINFO [0m:      	              (3, 0.6781789638932496),
[92mINFO [0m:      	              (4, 0.6970172684458399),
[92mINFO [0m:      	              (5, 0.6106750392464678),
[92mINFO [0m:      	              (6, 0.6452119309262166),
[92mINFO [0m:      	              (7, 0.6389324960753532),
[92mINFO [0m:      	              (8, 0.7189952904238619),
[92mINFO [0m:      	              (9, 0.7095761381475667),
[92mINFO [0m:      	              (10, 0.6671899529042387),
[92mINFO [0m:      	              (11, 0.6703296703296703),
[92mINFO [0m:      	              (12, 0.6640502354788069),
[92mINFO [0m:      	              (13, 0.695447409733124),
[92mINFO [0m:      	              (14, 0.7095761381475667),
[92mINFO [0m:      	              (15, 0.7566718995290423),
[92mINFO [0m:      	              (16, 0.6860282574568289),
[92mINFO [0m:      	              (17, 0.7535321821036107),
[92mINFO [0m:      	              (18, 0.6985871271585558),
[92mINFO [0m:      	              (19, 0.6452119309262166),
[92mINFO [0m:      	              (20, 0.7346938775510204),
[92mINFO [0m:      	              (21, 0.7629513343799058),
[92mINFO [0m:      	              (22, 0.8273155416012559),
[92mINFO [0m:      	              (23, 0.8288854003139717),
[92mINFO [0m:      	              (24, 0.8178963893249608),
[92mINFO [0m:      	              (25, 0.7802197802197802),
[92mINFO [0m:      	              (26, 0.8367346938775511),
[92mINFO [0m:      	              (27, 0.8351648351648352),
[92mINFO [0m:      	              (28, 0.8021978021978022),
[92mINFO [0m:      	              (29, 0.82574568288854),
[92mINFO [0m:      	              (30, 0.8178963893249608),
[92mINFO [0m:      	              (31, 0.7849293563579278),
[92mINFO [0m:      	              (32, 0.8430141287284144),
[92mINFO [0m:      	              (33, 0.8335949764521193),
[92mINFO [0m:      	              (34, 0.8273155416012559),
[92mINFO [0m:      	              (35, 0.8383045525902669),
[92mINFO [0m:      	              (36, 0.8398744113029827),
[92mINFO [0m:      	              (37, 0.7708006279434851),
[92mINFO [0m:      	              (38, 0.8492935635792779),
[92mINFO [0m:      	              (39, 0.7943485086342229),
[92mINFO [0m:      	              (40, 0.8461538461538461),
[92mINFO [0m:      	              (41, 0.7127158555729984),
[92mINFO [0m:      	              (42, 0.8414442700156985),
[92mINFO [0m:      	              (43, 0.8555729984301413),
[92mINFO [0m:      	              (44, 0.8304552590266876),
[92mINFO [0m:      	              (45, 0.7849293563579278),
[92mINFO [0m:      	              (46, 0.8351648351648352),
[92mINFO [0m:      	              (47, 0.8367346938775511),
[92mINFO [0m:      	              (48, 0.8288854003139717),
[92mINFO [0m:      	              (49, 0.7990580847723705),
[92mINFO [0m:      	              (50, 0.8383045525902669)]}
[92mINFO [0m:      
[36m(pid=2823996)[0m [2026-09-03 03:41:35,200 E 2823996 2826815] core_worker_process.cc:825: Failed to establish connection to the metrics exporter agent. Metrics will not be exported. Exporter agent status: RpcError: Running out of retries to initialize the metrics agent. rpc_code: 14[32m [repeated 47x across cluster] (Ray deduplicates logs by default. Set RAY_DEDUP_LOGS=0 to disable log deduplication, or see https://docs.ray.io/en/master/ray-observability/user-guides/configure-logging.html#log-deduplication for more options.)[0m
