[93mWARNING [0m:   DEPRECATED FEATURE: flwr.simulation.start_simulation() is deprecated.
	Instead, use the `flwr run` CLI command to start a local simulation in your Flower app, as shown for example below:

		$ flwr new  # Create a new Flower app from a template

		$ flwr run  # Run the Flower app in Simulation Mode

	Using `start_simulation()` is deprecated.

            This is a deprecated feature. It will be removed
            entirely in future versions of Flower.
        
[92mINFO [0m:      Starting Flower simulation, config: num_rounds=50, no round_timeout
2026-09-03 03:41:04,022	INFO worker.py:2012 -- Started a local Ray instance.
/export/home/ralhasan/anaconda3/envs/fl_fu/lib/python3.10/site-packages/ray/_private/worker.py:2051: FutureWarning: Tip: In future versions of Ray, Ray will no longer override accelerator visible devices env var if num_gpus=0 or num_gpus=None (default). To enable this behavior and turn off this error message, set RAY_ACCEL_ENV_VAR_OVERRIDE_ON_ZERO=0
  warnings.warn(
[92mINFO [0m:      Flower VCE: Ray initialized with resources: {'GPU': 1.0, 'node:10.141.10.4': 1.0, 'memory': 377123277620.0, 'object_store_memory': 161624261836.0, 'node:__internal_head__': 1.0, 'CPU': 32.0, 'accelerator_type:A16': 1.0}
[92mINFO [0m:      Optimize your simulation with Flower VCE: https://flower.ai/docs/framework/how-to-run-simulations.html
[92mINFO [0m:      Flower VCE: Resources for each Virtual Client: {'num_cpus': 1, 'num_gpus': 0.3333333333333333}
[92mINFO [0m:      Flower VCE: Creating VirtualClientEngineActorPool with 3 actors
[92mINFO [0m:      [INIT]
[92mINFO [0m:      Using initial global parameters provided by strategy
[92mINFO [0m:      Starting evaluation of initial global parameters
[92mINFO [0m:      Evaluation returned no results (`None`)
[92mINFO [0m:      
[92mINFO [0m:      [ROUND 1]
[92mINFO [0m:      configure_fit: strategy sampled 3 clients (out of 3)
[36m(pid=gcs_server)[0m [2026-09-03 03:41:31,833 E 2388964 2388964] (gcs_server) gcs_server.cc:302: Failed to establish connection to the event+metrics exporter agent. Events and metrics will not be exported. Exporter agent status: RpcError: Running out of retries to initialize the metrics agent. rpc_code: 14
[33m(raylet)[0m [2026-09-03 03:41:33,957 E 2389302 2389302] (raylet) main.cc:975: Failed to establish connection to the metrics exporter agent. Metrics will not be exported. Exporter agent status: RpcError: Running out of retries to initialize the metrics agent. rpc_code: 14
[36m(ClientAppActor pid=2389442)[0m [2026-09-03 03:41:35,606 E 2389442 2389799] core_worker_process.cc:825: Failed to establish connection to the metrics exporter agent. Metrics will not be exported. Exporter agent status: RpcError: Running out of retries to initialize the metrics agent. rpc_code: 14
[2026-09-03 03:41:36,111 E 2388771 2389440] core_worker_process.cc:825: Failed to establish connection to the metrics exporter agent. Metrics will not be exported. Exporter agent status: RpcError: Running out of retries to initialize the metrics agent. rpc_code: 14
[92mINFO [0m:      aggregate_fit: received 3 results and 0 failures
[92mINFO [0m:      configure_evaluate: strategy sampled 3 clients (out of 3)
[92mINFO [0m:      aggregate_evaluate: received 3 results and 0 failures
[92mINFO [0m:      
[92mINFO [0m:      [ROUND 2]
[92mINFO [0m:      configure_fit: strategy sampled 3 clients (out of 3)
[92mINFO [0m:      aggregate_fit: received 3 results and 0 failures
[92mINFO [0m:      configure_evaluate: strategy sampled 3 clients (out of 3)
[92mINFO [0m:      aggregate_evaluate: received 3 results and 0 failures
[92mINFO [0m:      
[92mINFO [0m:      [ROUND 3]
[92mINFO [0m:      configure_fit: strategy sampled 3 clients (out of 3)
[92mINFO [0m:      aggregate_fit: received 3 results and 0 failures
[92mINFO [0m:      configure_evaluate: strategy sampled 3 clients (out of 3)
[92mINFO [0m:      aggregate_evaluate: received 3 results and 0 failures
[92mINFO [0m:      
[92mINFO [0m:      [ROUND 4]
[92mINFO [0m:      configure_fit: strategy sampled 3 clients (out of 3)
[92mINFO [0m:      aggregate_fit: received 3 results and 0 failures
[92mINFO [0m:      configure_evaluate: strategy sampled 3 clients (out of 3)
[92mINFO [0m:      aggregate_evaluate: received 3 results and 0 failures
[92mINFO [0m:      
[92mINFO [0m:      [ROUND 5]
[92mINFO [0m:      configure_fit: strategy sampled 3 clients (out of 3)
[92mINFO [0m:      aggregate_fit: received 3 results and 0 failures
[92mINFO [0m:      configure_evaluate: strategy sampled 3 clients (out of 3)
[92mINFO [0m:      aggregate_evaluate: received 3 results and 0 failures
[92mINFO [0m:      
[92mINFO [0m:      [ROUND 6]
[92mINFO [0m:      configure_fit: strategy sampled 3 clients (out of 3)
[92mINFO [0m:      aggregate_fit: received 3 results and 0 failures
[92mINFO [0m:      configure_evaluate: strategy sampled 3 clients (out of 3)
[92mINFO [0m:      aggregate_evaluate: received 3 results and 0 failures
[92mINFO [0m:      
[92mINFO [0m:      [ROUND 7]
[92mINFO [0m:      configure_fit: strategy sampled 3 clients (out of 3)
[92mINFO [0m:      aggregate_fit: received 3 results and 0 failures
[92mINFO [0m:      configure_evaluate: strategy sampled 3 clients (out of 3)
[92mINFO [0m:      aggregate_evaluate: received 3 results and 0 failures
[92mINFO [0m:      
[92mINFO [0m:      [ROUND 8]
[92mINFO [0m:      configure_fit: strategy sampled 3 clients (out of 3)
[92mINFO [0m:      aggregate_fit: received 3 results and 0 failures
[92mINFO [0m:      configure_evaluate: strategy sampled 3 clients (out of 3)
[92mINFO [0m:      aggregate_evaluate: received 3 results and 0 failures
[92mINFO [0m:      
[92mINFO [0m:      [ROUND 9]
[92mINFO [0m:      configure_fit: strategy sampled 3 clients (out of 3)
[92mINFO [0m:      aggregate_fit: received 3 results and 0 failures
[92mINFO [0m:      configure_evaluate: strategy sampled 3 clients (out of 3)
[92mINFO [0m:      aggregate_evaluate: received 3 results and 0 failures
[92mINFO [0m:      
[92mINFO [0m:      [ROUND 10]
[92mINFO [0m:      configure_fit: strategy sampled 3 clients (out of 3)
[92mINFO [0m:      aggregate_fit: received 3 results and 0 failures
[92mINFO [0m:      configure_evaluate: strategy sampled 3 clients (out of 3)
[92mINFO [0m:      aggregate_evaluate: received 3 results and 0 failures
[92mINFO [0m:      
[92mINFO [0m:      [ROUND 11]
[92mINFO [0m:      configure_fit: strategy sampled 3 clients (out of 3)
[92mINFO [0m:      aggregate_fit: received 3 results and 0 failures
[92mINFO [0m:      configure_evaluate: strategy sampled 3 clients (out of 3)
[92mINFO [0m:      aggregate_evaluate: received 3 results and 0 failures
[92mINFO [0m:      
[92mINFO [0m:      [ROUND 12]
[92mINFO [0m:      configure_fit: strategy sampled 3 clients (out of 3)
[92mINFO [0m:      aggregate_fit: received 3 results and 0 failures
[92mINFO [0m:      configure_evaluate: strategy sampled 3 clients (out of 3)
[92mINFO [0m:      aggregate_evaluate: received 3 results and 0 failures
[92mINFO [0m:      
[92mINFO [0m:      [ROUND 13]
[92mINFO [0m:      configure_fit: strategy sampled 3 clients (out of 3)
[92mINFO [0m:      aggregate_fit: received 3 results and 0 failures
[92mINFO [0m:      configure_evaluate: strategy sampled 3 clients (out of 3)
[92mINFO [0m:      aggregate_evaluate: received 3 results and 0 failures
[92mINFO [0m:      
[92mINFO [0m:      [ROUND 14]
[92mINFO [0m:      configure_fit: strategy sampled 3 clients (out of 3)
[92mINFO [0m:      aggregate_fit: received 3 results and 0 failures
[92mINFO [0m:      configure_evaluate: strategy sampled 3 clients (out of 3)
[92mINFO [0m:      aggregate_evaluate: received 3 results and 0 failures
[92mINFO [0m:      
[92mINFO [0m:      [ROUND 15]
[92mINFO [0m:      configure_fit: strategy sampled 3 clients (out of 3)
[92mINFO [0m:      aggregate_fit: received 3 results and 0 failures
[92mINFO [0m:      configure_evaluate: strategy sampled 3 clients (out of 3)
[92mINFO [0m:      aggregate_evaluate: received 3 results and 0 failures
[92mINFO [0m:      
[92mINFO [0m:      [ROUND 16]
[92mINFO [0m:      configure_fit: strategy sampled 3 clients (out of 3)
[92mINFO [0m:      aggregate_fit: received 3 results and 0 failures
[92mINFO [0m:      configure_evaluate: strategy sampled 3 clients (out of 3)
[92mINFO [0m:      aggregate_evaluate: received 3 results and 0 failures
[92mINFO [0m:      
[92mINFO [0m:      [ROUND 17]
[92mINFO [0m:      configure_fit: strategy sampled 3 clients (out of 3)
[92mINFO [0m:      aggregate_fit: received 3 results and 0 failures
[92mINFO [0m:      configure_evaluate: strategy sampled 3 clients (out of 3)
[92mINFO [0m:      aggregate_evaluate: received 3 results and 0 failures
[92mINFO [0m:      
[92mINFO [0m:      [ROUND 18]
[92mINFO [0m:      configure_fit: strategy sampled 3 clients (out of 3)
[92mINFO [0m:      aggregate_fit: received 3 results and 0 failures
[92mINFO [0m:      configure_evaluate: strategy sampled 3 clients (out of 3)
[92mINFO [0m:      aggregate_evaluate: received 3 results and 0 failures
[92mINFO [0m:      
[92mINFO [0m:      [ROUND 19]
[92mINFO [0m:      configure_fit: strategy sampled 3 clients (out of 3)
[92mINFO [0m:      aggregate_fit: received 3 results and 0 failures
[92mINFO [0m:      configure_evaluate: strategy sampled 3 clients (out of 3)
[92mINFO [0m:      aggregate_evaluate: received 3 results and 0 failures
[92mINFO [0m:      
[92mINFO [0m:      [ROUND 20]
[92mINFO [0m:      configure_fit: strategy sampled 3 clients (out of 3)
[92mINFO [0m:      aggregate_fit: received 3 results and 0 failures
[92mINFO [0m:      configure_evaluate: strategy sampled 3 clients (out of 3)
[92mINFO [0m:      aggregate_evaluate: received 3 results and 0 failures
[92mINFO [0m:      
[92mINFO [0m:      [ROUND 21]
[92mINFO [0m:      configure_fit: strategy sampled 3 clients (out of 3)
[92mINFO [0m:      aggregate_fit: received 3 results and 0 failures
[92mINFO [0m:      configure_evaluate: strategy sampled 3 clients (out of 3)
[92mINFO [0m:      aggregate_evaluate: received 3 results and 0 failures
[92mINFO [0m:      
[92mINFO [0m:      [ROUND 22]
[92mINFO [0m:      configure_fit: strategy sampled 3 clients (out of 3)
[92mINFO [0m:      aggregate_fit: received 3 results and 0 failures
[92mINFO [0m:      configure_evaluate: strategy sampled 3 clients (out of 3)
[92mINFO [0m:      aggregate_evaluate: received 3 results and 0 failures
[92mINFO [0m:      
[92mINFO [0m:      [ROUND 23]
[92mINFO [0m:      configure_fit: strategy sampled 3 clients (out of 3)
[92mINFO [0m:      aggregate_fit: received 3 results and 0 failures
[92mINFO [0m:      configure_evaluate: strategy sampled 3 clients (out of 3)
[92mINFO [0m:      aggregate_evaluate: received 3 results and 0 failures
[92mINFO [0m:      
[92mINFO [0m:      [ROUND 24]
[92mINFO [0m:      configure_fit: strategy sampled 3 clients (out of 3)
[92mINFO [0m:      aggregate_fit: received 3 results and 0 failures
[92mINFO [0m:      configure_evaluate: strategy sampled 3 clients (out of 3)
[92mINFO [0m:      aggregate_evaluate: received 3 results and 0 failures
[92mINFO [0m:      
[92mINFO [0m:      [ROUND 25]
[92mINFO [0m:      configure_fit: strategy sampled 3 clients (out of 3)
[92mINFO [0m:      aggregate_fit: received 3 results and 0 failures
[92mINFO [0m:      configure_evaluate: strategy sampled 3 clients (out of 3)
[92mINFO [0m:      aggregate_evaluate: received 3 results and 0 failures
[92mINFO [0m:      
[92mINFO [0m:      [ROUND 26]
[92mINFO [0m:      configure_fit: strategy sampled 3 clients (out of 3)
[92mINFO [0m:      aggregate_fit: received 3 results and 0 failures
[92mINFO [0m:      configure_evaluate: strategy sampled 3 clients (out of 3)
[92mINFO [0m:      aggregate_evaluate: received 3 results and 0 failures
[92mINFO [0m:      
[92mINFO [0m:      [ROUND 27]
[92mINFO [0m:      configure_fit: strategy sampled 3 clients (out of 3)
[92mINFO [0m:      aggregate_fit: received 3 results and 0 failures
[92mINFO [0m:      configure_evaluate: strategy sampled 3 clients (out of 3)
[92mINFO [0m:      aggregate_evaluate: received 3 results and 0 failures
[92mINFO [0m:      
[92mINFO [0m:      [ROUND 28]
[92mINFO [0m:      configure_fit: strategy sampled 3 clients (out of 3)
[92mINFO [0m:      aggregate_fit: received 3 results and 0 failures
[92mINFO [0m:      configure_evaluate: strategy sampled 3 clients (out of 3)
[92mINFO [0m:      aggregate_evaluate: received 3 results and 0 failures
[92mINFO [0m:      
[92mINFO [0m:      [ROUND 29]
[92mINFO [0m:      configure_fit: strategy sampled 3 clients (out of 3)
[92mINFO [0m:      aggregate_fit: received 3 results and 0 failures
[92mINFO [0m:      configure_evaluate: strategy sampled 3 clients (out of 3)
[92mINFO [0m:      aggregate_evaluate: received 3 results and 0 failures
[92mINFO [0m:      
[92mINFO [0m:      [ROUND 30]
[92mINFO [0m:      configure_fit: strategy sampled 3 clients (out of 3)
[92mINFO [0m:      aggregate_fit: received 3 results and 0 failures
[92mINFO [0m:      configure_evaluate: strategy sampled 3 clients (out of 3)
[92mINFO [0m:      aggregate_evaluate: received 3 results and 0 failures
[92mINFO [0m:      
[92mINFO [0m:      [ROUND 31]
[92mINFO [0m:      configure_fit: strategy sampled 3 clients (out of 3)
[92mINFO [0m:      aggregate_fit: received 3 results and 0 failures
[92mINFO [0m:      configure_evaluate: strategy sampled 3 clients (out of 3)
[92mINFO [0m:      aggregate_evaluate: received 3 results and 0 failures
[92mINFO [0m:      
[92mINFO [0m:      [ROUND 32]
[92mINFO [0m:      configure_fit: strategy sampled 3 clients (out of 3)
[92mINFO [0m:      aggregate_fit: received 3 results and 0 failures
[92mINFO [0m:      configure_evaluate: strategy sampled 3 clients (out of 3)
[92mINFO [0m:      aggregate_evaluate: received 3 results and 0 failures
[92mINFO [0m:      
[92mINFO [0m:      [ROUND 33]
[92mINFO [0m:      configure_fit: strategy sampled 3 clients (out of 3)
[92mINFO [0m:      aggregate_fit: received 3 results and 0 failures
[92mINFO [0m:      configure_evaluate: strategy sampled 3 clients (out of 3)
[92mINFO [0m:      aggregate_evaluate: received 3 results and 0 failures
[92mINFO [0m:      
[92mINFO [0m:      [ROUND 34]
[92mINFO [0m:      configure_fit: strategy sampled 3 clients (out of 3)
[92mINFO [0m:      aggregate_fit: received 3 results and 0 failures
[92mINFO [0m:      configure_evaluate: strategy sampled 3 clients (out of 3)
[92mINFO [0m:      aggregate_evaluate: received 3 results and 0 failures
[92mINFO [0m:      
[92mINFO [0m:      [ROUND 35]
[92mINFO [0m:      configure_fit: strategy sampled 3 clients (out of 3)
[92mINFO [0m:      aggregate_fit: received 3 results and 0 failures
[92mINFO [0m:      configure_evaluate: strategy sampled 3 clients (out of 3)
[92mINFO [0m:      aggregate_evaluate: received 3 results and 0 failures
[92mINFO [0m:      
[92mINFO [0m:      [ROUND 36]
[92mINFO [0m:      configure_fit: strategy sampled 3 clients (out of 3)
[92mINFO [0m:      aggregate_fit: received 3 results and 0 failures
[92mINFO [0m:      configure_evaluate: strategy sampled 3 clients (out of 3)
[92mINFO [0m:      aggregate_evaluate: received 3 results and 0 failures
[92mINFO [0m:      
[92mINFO [0m:      [ROUND 37]
[92mINFO [0m:      configure_fit: strategy sampled 3 clients (out of 3)
[92mINFO [0m:      aggregate_fit: received 3 results and 0 failures
[92mINFO [0m:      configure_evaluate: strategy sampled 3 clients (out of 3)
[92mINFO [0m:      aggregate_evaluate: received 3 results and 0 failures
[92mINFO [0m:      
[92mINFO [0m:      [ROUND 38]
[92mINFO [0m:      configure_fit: strategy sampled 3 clients (out of 3)
[92mINFO [0m:      aggregate_fit: received 3 results and 0 failures
[92mINFO [0m:      configure_evaluate: strategy sampled 3 clients (out of 3)
[92mINFO [0m:      aggregate_evaluate: received 3 results and 0 failures
[92mINFO [0m:      
[92mINFO [0m:      [ROUND 39]
[92mINFO [0m:      configure_fit: strategy sampled 3 clients (out of 3)
[92mINFO [0m:      aggregate_fit: received 3 results and 0 failures
[92mINFO [0m:      configure_evaluate: strategy sampled 3 clients (out of 3)
[92mINFO [0m:      aggregate_evaluate: received 3 results and 0 failures
[92mINFO [0m:      
[92mINFO [0m:      [ROUND 40]
[92mINFO [0m:      configure_fit: strategy sampled 3 clients (out of 3)
[92mINFO [0m:      aggregate_fit: received 3 results and 0 failures
[92mINFO [0m:      configure_evaluate: strategy sampled 3 clients (out of 3)
[92mINFO [0m:      aggregate_evaluate: received 3 results and 0 failures
[92mINFO [0m:      
[92mINFO [0m:      [ROUND 41]
[92mINFO [0m:      configure_fit: strategy sampled 3 clients (out of 3)
[92mINFO [0m:      aggregate_fit: received 3 results and 0 failures
[92mINFO [0m:      configure_evaluate: strategy sampled 3 clients (out of 3)
[92mINFO [0m:      aggregate_evaluate: received 3 results and 0 failures
[92mINFO [0m:      
[92mINFO [0m:      [ROUND 42]
[92mINFO [0m:      configure_fit: strategy sampled 3 clients (out of 3)
[92mINFO [0m:      aggregate_fit: received 3 results and 0 failures
[92mINFO [0m:      configure_evaluate: strategy sampled 3 clients (out of 3)
[92mINFO [0m:      aggregate_evaluate: received 3 results and 0 failures
[92mINFO [0m:      
[92mINFO [0m:      [ROUND 43]
[92mINFO [0m:      configure_fit: strategy sampled 3 clients (out of 3)
[92mINFO [0m:      aggregate_fit: received 3 results and 0 failures
[92mINFO [0m:      configure_evaluate: strategy sampled 3 clients (out of 3)
[92mINFO [0m:      aggregate_evaluate: received 3 results and 0 failures
[92mINFO [0m:      
[92mINFO [0m:      [ROUND 44]
[92mINFO [0m:      configure_fit: strategy sampled 3 clients (out of 3)
[92mINFO [0m:      aggregate_fit: received 3 results and 0 failures
[92mINFO [0m:      configure_evaluate: strategy sampled 3 clients (out of 3)
[92mINFO [0m:      aggregate_evaluate: received 3 results and 0 failures
[92mINFO [0m:      
[92mINFO [0m:      [ROUND 45]
[92mINFO [0m:      configure_fit: strategy sampled 3 clients (out of 3)
[92mINFO [0m:      aggregate_fit: received 3 results and 0 failures
[92mINFO [0m:      configure_evaluate: strategy sampled 3 clients (out of 3)
[92mINFO [0m:      aggregate_evaluate: received 3 results and 0 failures
[92mINFO [0m:      
[92mINFO [0m:      [ROUND 46]
[92mINFO [0m:      configure_fit: strategy sampled 3 clients (out of 3)
[92mINFO [0m:      aggregate_fit: received 3 results and 0 failures
[92mINFO [0m:      configure_evaluate: strategy sampled 3 clients (out of 3)
[92mINFO [0m:      aggregate_evaluate: received 3 results and 0 failures
[92mINFO [0m:      
[92mINFO [0m:      [ROUND 47]
[92mINFO [0m:      configure_fit: strategy sampled 3 clients (out of 3)
[92mINFO [0m:      aggregate_fit: received 3 results and 0 failures
[92mINFO [0m:      configure_evaluate: strategy sampled 3 clients (out of 3)
[92mINFO [0m:      aggregate_evaluate: received 3 results and 0 failures
[92mINFO [0m:      
[92mINFO [0m:      [ROUND 48]
[92mINFO [0m:      configure_fit: strategy sampled 3 clients (out of 3)
[92mINFO [0m:      aggregate_fit: received 3 results and 0 failures
[92mINFO [0m:      configure_evaluate: strategy sampled 3 clients (out of 3)
[92mINFO [0m:      aggregate_evaluate: received 3 results and 0 failures
[92mINFO [0m:      
[92mINFO [0m:      [ROUND 49]
[92mINFO [0m:      configure_fit: strategy sampled 3 clients (out of 3)
[92mINFO [0m:      aggregate_fit: received 3 results and 0 failures
[92mINFO [0m:      configure_evaluate: strategy sampled 3 clients (out of 3)
[92mINFO [0m:      aggregate_evaluate: received 3 results and 0 failures
[92mINFO [0m:      
[92mINFO [0m:      [ROUND 50]
[92mINFO [0m:      configure_fit: strategy sampled 3 clients (out of 3)
[92mINFO [0m:      aggregate_fit: received 3 results and 0 failures
[92mINFO [0m:      configure_evaluate: strategy sampled 3 clients (out of 3)
[92mINFO [0m:      aggregate_evaluate: received 3 results and 0 failures
[92mINFO [0m:      
[92mINFO [0m:      [SUMMARY]
[92mINFO [0m:      Run finished 50 round(s) in 3197.13s
[92mINFO [0m:      	History (loss, distributed):
[92mINFO [0m:      		round 1: 2.089969958764979
[92mINFO [0m:      		round 2: 6.845207286988395
[92mINFO [0m:      		round 3: 4.708301994612366
[92mINFO [0m:      		round 4: 1.3197610956065509
[92mINFO [0m:      		round 5: 0.9454898766857489
[92mINFO [0m:      		round 6: 0.9356067367775287
[92mINFO [0m:      		round 7: 0.9527006171749001
[92mINFO [0m:      		round 8: 0.8420782109818991
[92mINFO [0m:      		round 9: 0.9908113234458577
[92mINFO [0m:      		round 10: 0.9027898616188175
[92mINFO [0m:      		round 11: 1.0161057373792448
[92mINFO [0m:      		round 12: 1.51281266515633
[92mINFO [0m:      		round 13: 1.4161191831578266
[92mINFO [0m:      		round 14: 0.8968467003135142
[92mINFO [0m:      		round 15: 1.1956879436689045
[92mINFO [0m:      		round 16: 1.251560743599896
[92mINFO [0m:      		round 17: 1.216065795586285
[92mINFO [0m:      		round 18: 1.1546101458780058
[92mINFO [0m:      		round 19: 1.1688456963893945
[92mINFO [0m:      		round 20: 1.3150460496427874
[92mINFO [0m:      		round 21: 0.9822499752044678
[92mINFO [0m:      		round 22: 1.1232629348194956
[92mINFO [0m:      		round 23: 0.9486658429051493
[92mINFO [0m:      		round 24: 1.589024237972601
[92mINFO [0m:      		round 25: 1.3427542548457063
[92mINFO [0m:      		round 26: 1.0481047873594322
[92mINFO [0m:      		round 27: 1.471727885481327
[92mINFO [0m:      		round 28: 1.2935962260026759
[92mINFO [0m:      		round 29: 1.9231083943059717
[92mINFO [0m:      		round 30: 1.4046973978144408
[92mINFO [0m:      		round 31: 1.4678009757582022
[92mINFO [0m:      		round 32: 1.688893360727623
[92mINFO [0m:      		round 33: 1.3998283023538076
[92mINFO [0m:      		round 34: 1.7396772690526732
[92mINFO [0m:      		round 35: 1.6964190818451264
[92mINFO [0m:      		round 36: 2.027154012614219
[92mINFO [0m:      		round 37: 1.4377282680110244
[92mINFO [0m:      		round 38: 1.5201104508838623
[92mINFO [0m:      		round 39: 2.0465956357201005
[92mINFO [0m:      		round 40: 2.4005074741006673
[92mINFO [0m:      		round 41: 2.43711995204627
[92mINFO [0m:      		round 42: 1.628549261220396
[92mINFO [0m:      		round 43: 1.9101573787541881
[92mINFO [0m:      		round 44: 2.192130763152047
[92mINFO [0m:      		round 45: 1.9404904305175397
[92mINFO [0m:      		round 46: 1.7178527410617288
[92mINFO [0m:      		round 47: 1.5779312049013854
[92mINFO [0m:      		round 48: 1.682712236217558
[92mINFO [0m:      		round 49: 2.0490714042115625
[92mINFO [0m:      		round 50: 1.767732376798372
[92mINFO [0m:      	History (metrics, distributed, fit):
[92mINFO [0m:      	{'comm_bytes': [(1, 44673804.0),
[92mINFO [0m:      	                (2, 44673804.0),
[92mINFO [0m:      	                (3, 44673804.0),
[92mINFO [0m:      	                (4, 44673804.0),
[92mINFO [0m:      	                (5, 44673804.0),
[92mINFO [0m:      	                (6, 44673804.0),
[92mINFO [0m:      	                (7, 44673804.0),
[92mINFO [0m:      	                (8, 44673804.0),
[92mINFO [0m:      	                (9, 44673804.0),
[92mINFO [0m:      	                (10, 44673804.0),
[92mINFO [0m:      	                (11, 44673804.0),
[92mINFO [0m:      	                (12, 44673804.0),
[92mINFO [0m:      	                (13, 44673804.0),
[92mINFO [0m:      	                (14, 44673804.0),
[92mINFO [0m:      	                (15, 44673804.0),
[92mINFO [0m:      	                (16, 44673804.0),
[92mINFO [0m:      	                (17, 44673804.0),
[92mINFO [0m:      	                (18, 44673804.0),
[92mINFO [0m:      	                (19, 44673804.0),
[92mINFO [0m:      	                (20, 44673804.0),
[92mINFO [0m:      	                (21, 44673804.0),
[92mINFO [0m:      	                (22, 44673804.0),
[92mINFO [0m:      	                (23, 44673804.0),
[92mINFO [0m:      	                (24, 44673804.0),
[92mINFO [0m:      	                (25, 44673804.0),
[92mINFO [0m:      	                (26, 44673804.0),
[92mINFO [0m:      	                (27, 44673804.0),
[92mINFO [0m:      	                (28, 44673804.0),
[92mINFO [0m:      	                (29, 44673804.0),
[92mINFO [0m:      	                (30, 44673804.0),
[92mINFO [0m:      	                (31, 44673804.0),
[92mINFO [0m:      	                (32, 44673804.0),
[92mINFO [0m:      	                (33, 44673804.0),
[92mINFO [0m:      	                (34, 44673804.0),
[92mINFO [0m:      	                (35, 44673804.0),
[92mINFO [0m:      	                (36, 44673804.0),
[92mINFO [0m:      	                (37, 44673804.0),
[92mINFO [0m:      	                (38, 44673804.0),
[92mINFO [0m:      	                (39, 44673804.0),
[92mINFO [0m:      	                (40, 44673804.0),
[92mINFO [0m:      	                (41, 44673804.0),
[92mINFO [0m:      	                (42, 44673804.0),
[92mINFO [0m:      	                (43, 44673804.0),
[92mINFO [0m:      	                (44, 44673804.0),
[92mINFO [0m:      	                (45, 44673804.0),
[92mINFO [0m:      	                (46, 44673804.0),
[92mINFO [0m:      	                (47, 44673804.0),
[92mINFO [0m:      	                (48, 44673804.0),
[92mINFO [0m:      	                (49, 44673804.0),
[92mINFO [0m:      	                (50, 44673804.0)],
[92mINFO [0m:      	 'comp_time_sec': [(1, 18.79569736064187),
[92mINFO [0m:      	                   (2, 18.193175725314926),
[92mINFO [0m:      	                   (3, 18.35141428798555),
[92mINFO [0m:      	                   (4, 19.213853355452947),
[92mINFO [0m:      	                   (5, 18.12103876624654),
[92mINFO [0m:      	                   (6, 17.998369501042273),
[92mINFO [0m:      	                   (7, 18.333921733109847),
[92mINFO [0m:      	                   (8, 18.01715767948995),
[92mINFO [0m:      	                   (9, 18.17010620507327),
[92mINFO [0m:      	                   (10, 18.831411014432494),
[92mINFO [0m:      	                   (11, 18.261713053869165),
[92mINFO [0m:      	                   (12, 18.18767698998508),
[92mINFO [0m:      	                   (13, 18.742559319899488),
[92mINFO [0m:      	                   (14, 18.16141072846213),
[92mINFO [0m:      	                   (15, 17.896789363721613),
[92mINFO [0m:      	                   (16, 18.96678063520801),
[92mINFO [0m:      	                   (17, 17.945166652852837),
[92mINFO [0m:      	                   (18, 17.875077325364817),
[92mINFO [0m:      	                   (19, 18.469280015809733),
[92mINFO [0m:      	                   (20, 17.71630023260833),
[92mINFO [0m:      	                   (21, 18.148151665808182),
[92mINFO [0m:      	                   (22, 18.53558197558633),
[92mINFO [0m:      	                   (23, 17.925726891035147),
[92mINFO [0m:      	                   (24, 19.20727918553258),
[92mINFO [0m:      	                   (25, 18.430091616193298),
[92mINFO [0m:      	                   (26, 17.543289700044475),
[92mINFO [0m:      	                   (27, 18.495891702033784),
[92mINFO [0m:      	                   (28, 18.166150354113974),
[92mINFO [0m:      	                   (29, 17.92944144778572),
[92mINFO [0m:      	                   (30, 18.487068376051106),
[92mINFO [0m:      	                   (31, 18.169319026554998),
[92mINFO [0m:      	                   (32, 18.073527354025558),
[92mINFO [0m:      	                   (33, 18.68702886038618),
[92mINFO [0m:      	                   (34, 18.263701600048382),
[92mINFO [0m:      	                   (35, 18.18505467821958),
[92mINFO [0m:      	                   (36, 18.890206080180384),
[92mINFO [0m:      	                   (37, 18.387826998714402),
[92mINFO [0m:      	                   (38, 17.983600922724005),
[92mINFO [0m:      	                   (39, 18.740501138532586),
[92mINFO [0m:      	                   (40, 18.42915029111116),
[92mINFO [0m:      	                   (41, 18.536369601257235),
[92mINFO [0m:      	                   (42, 18.363869952118915),
[92mINFO [0m:      	                   (43, 18.50714061241376),
[92mINFO [0m:      	                   (44, 18.194870131760247),
[92mINFO [0m:      	                   (45, 18.89287953461583),
[92mINFO [0m:      	                   (46, 18.26794270752918),
[92mINFO [0m:      	                   (47, 18.110757925764844),
[92mINFO [0m:      	                   (48, 18.515338975450266),
[92mINFO [0m:      	                   (49, 18.29692581378424),
[92mINFO [0m:      	                   (50, 18.05156117418538)],
[92mINFO [0m:      	 'train_loss': [(1, 0.8078323627300843),
[92mINFO [0m:      	                (2, 0.7227471527174715),
[92mINFO [0m:      	                (3, 0.6776559967498339),
[92mINFO [0m:      	                (4, 0.6813960874239215),
[92mINFO [0m:      	                (5, 0.6590954519122553),
[92mINFO [0m:      	                (6, 0.6010824581317777),
[92mINFO [0m:      	                (7, 0.5911723259562748),
[92mINFO [0m:      	                (8, 0.5470372848583401),
[92mINFO [0m:      	                (9, 0.5202662818778436),
[92mINFO [0m:      	                (10, 0.4878887436639388),
[92mINFO [0m:      	                (11, 0.4181704362596216),
[92mINFO [0m:      	                (12, 0.3659052334718377),
[92mINFO [0m:      	                (13, 0.37197615570221093),
[92mINFO [0m:      	                (14, 0.31283865149844997),
[92mINFO [0m:      	                (15, 0.29621622085945715),
[92mINFO [0m:      	                (16, 0.26625160985904467),
[92mINFO [0m:      	                (17, 0.2838597856698411),
[92mINFO [0m:      	                (18, 0.22142782650829654),
[92mINFO [0m:      	                (19, 0.2388573986147609),
[92mINFO [0m:      	                (20, 0.2524443855145082),
[92mINFO [0m:      	                (21, 0.18933115020482902),
[92mINFO [0m:      	                (22, 0.23400606318351305),
[92mINFO [0m:      	                (23, 0.2002115038864488),
[92mINFO [0m:      	                (24, 0.2157138697174824),
[92mINFO [0m:      	                (25, 0.17780356568776493),
[92mINFO [0m:      	                (26, 0.18945047341565147),
[92mINFO [0m:      	                (27, 0.14894294395978086),
[92mINFO [0m:      	                (28, 0.15804727497440554),
[92mINFO [0m:      	                (29, 0.14687083092521672),
[92mINFO [0m:      	                (30, 0.18384805751742714),
[92mINFO [0m:      	                (31, 0.1321215640997966),
[92mINFO [0m:      	                (32, 0.09060610084773014),
[92mINFO [0m:      	                (33, 0.16586124055523624),
[92mINFO [0m:      	                (34, 0.10254663352509255),
[92mINFO [0m:      	                (35, 0.12385595879790735),
[92mINFO [0m:      	                (36, 0.12969342121303065),
[92mINFO [0m:      	                (37, 0.14247452779340755),
[92mINFO [0m:      	                (38, 0.1335240877222888),
[92mINFO [0m:      	                (39, 0.12642247023232314),
[92mINFO [0m:      	                (40, 0.10766635323391219),
[92mINFO [0m:      	                (41, 0.1116117074431452),
[92mINFO [0m:      	                (42, 0.16575316700556006),
[92mINFO [0m:      	                (43, 0.07528284535299835),
[92mINFO [0m:      	                (44, 0.0989883294129368),
[92mINFO [0m:      	                (45, 0.09930074339934293),
[92mINFO [0m:      	                (46, 0.10868303463884822),
[92mINFO [0m:      	                (47, 0.1387098925845877),
[92mINFO [0m:      	                (48, 0.08680502207251364),
[92mINFO [0m:      	                (49, 0.10125441977774331),
[92mINFO [0m:      	                (50, 0.081760577573967)]}
[92mINFO [0m:      	History (metrics, distributed, evaluate):
[92mINFO [0m:      	{'accuracy': [(1, 0.640502354788069),
[92mINFO [0m:      	              (2, 0.5667189952904239),
[92mINFO [0m:      	              (3, 0.5729984301412873),
[92mINFO [0m:      	              (4, 0.640502354788069),
[92mINFO [0m:      	              (5, 0.717425431711146),
[92mINFO [0m:      	              (6, 0.6043956043956044),
[92mINFO [0m:      	              (7, 0.5494505494505495),
[92mINFO [0m:      	              (8, 0.6577708006279435),
[92mINFO [0m:      	              (9, 0.6138147566718996),
[92mINFO [0m:      	              (10, 0.631083202511774),
[92mINFO [0m:      	              (11, 0.5667189952904239),
[92mINFO [0m:      	              (12, 0.44583987441130296),
[92mINFO [0m:      	              (13, 0.5306122448979592),
[92mINFO [0m:      	              (14, 0.6860282574568289),
[92mINFO [0m:      	              (15, 0.6295133437990581),
[92mINFO [0m:      	              (16, 0.5792778649921507),
[92mINFO [0m:      	              (17, 0.6326530612244898),
[92mINFO [0m:      	              (18, 0.6766091051805337),
[92mINFO [0m:      	              (19, 0.631083202511774),
[92mINFO [0m:      	              (20, 0.6577708006279435),
[92mINFO [0m:      	              (21, 0.6844583987441131),
[92mINFO [0m:      	              (22, 0.6923076923076923),
[92mINFO [0m:      	              (23, 0.7378335949764521),
[92mINFO [0m:      	              (24, 0.6295133437990581),
[92mINFO [0m:      	              (25, 0.7221350078492935),
[92mINFO [0m:      	              (26, 0.6985871271585558),
[92mINFO [0m:      	              (27, 0.7001569858712716),
[92mINFO [0m:      	              (28, 0.6891679748822606),
[92mINFO [0m:      	              (29, 0.6279434850863422),
[92mINFO [0m:      	              (30, 0.7205651491365777),
[92mINFO [0m:      	              (31, 0.7142857142857143),
[92mINFO [0m:      	              (32, 0.6891679748822606),
[92mINFO [0m:      	              (33, 0.7394034536891679),
[92mINFO [0m:      	              (34, 0.6828885400313972),
[92mINFO [0m:      	              (35, 0.6766091051805337),
[92mINFO [0m:      	              (36, 0.6703296703296703),
[92mINFO [0m:      	              (37, 0.6813186813186813),
[92mINFO [0m:      	              (38, 0.6923076923076923),
[92mINFO [0m:      	              (39, 0.7001569858712716),
[92mINFO [0m:      	              (40, 0.6828885400313972),
[92mINFO [0m:      	              (41, 0.6970172684458399),
[92mINFO [0m:      	              (42, 0.7001569858712716),
[92mINFO [0m:      	              (43, 0.706436420722135),
[92mINFO [0m:      	              (44, 0.7394034536891679),
[92mINFO [0m:      	              (45, 0.717425431711146),
[92mINFO [0m:      	              (46, 0.7551020408163265),
[92mINFO [0m:      	              (47, 0.7456828885400314),
[92mINFO [0m:      	              (48, 0.7425431711145997),
[92mINFO [0m:      	              (49, 0.640502354788069),
[92mINFO [0m:      	              (50, 0.7221350078492935)]}
[92mINFO [0m:      
[36m(pid=2389470)[0m [2026-09-03 03:41:36,076 E 2389470 2391482] core_worker_process.cc:825: Failed to establish connection to the metrics exporter agent. Metrics will not be exported. Exporter agent status: RpcError: Running out of retries to initialize the metrics agent. rpc_code: 14[32m [repeated 31x across cluster] (Ray deduplicates logs by default. Set RAY_DEDUP_LOGS=0 to disable log deduplication, or see https://docs.ray.io/en/master/ray-observability/user-guides/configure-logging.html#log-deduplication for more options.)[0m
