[93mWARNING [0m:   DEPRECATED FEATURE: flwr.simulation.start_simulation() is deprecated.
	Instead, use the `flwr run` CLI command to start a local simulation in your Flower app, as shown for example below:

		$ flwr new  # Create a new Flower app from a template

		$ flwr run  # Run the Flower app in Simulation Mode

	Using `start_simulation()` is deprecated.

            This is a deprecated feature. It will be removed
            entirely in future versions of Flower.
        
[92mINFO [0m:      Starting Flower simulation, config: num_rounds=50, no round_timeout
2026-08-31 17:06:35,851	INFO worker.py:2012 -- Started a local Ray instance.
/export/home/ralhasan/anaconda3/envs/fl_fu/lib/python3.10/site-packages/ray/_private/worker.py:2051: FutureWarning: Tip: In future versions of Ray, Ray will no longer override accelerator visible devices env var if num_gpus=0 or num_gpus=None (default). To enable this behavior and turn off this error message, set RAY_ACCEL_ENV_VAR_OVERRIDE_ON_ZERO=0
  warnings.warn(
[92mINFO [0m:      Flower VCE: Ray initialized with resources: {'memory': 374919762740.0, 'object_store_memory': 160679898316.0, 'node:10.141.10.30': 1.0, 'CPU': 48.0, 'GPU': 1.0, 'accelerator_type:P100': 1.0, 'node:__internal_head__': 1.0}
[92mINFO [0m:      Optimize your simulation with Flower VCE: https://flower.ai/docs/framework/how-to-run-simulations.html
[92mINFO [0m:      Flower VCE: Resources for each Virtual Client: {'num_cpus': 1, 'num_gpus': 0.3333333333333333}
[92mINFO [0m:      Flower VCE: Creating VirtualClientEngineActorPool with 3 actors
[92mINFO [0m:      [INIT]
[92mINFO [0m:      Using initial global parameters provided by strategy
[92mINFO [0m:      Starting evaluation of initial global parameters
[92mINFO [0m:      Evaluation returned no results (`None`)
[92mINFO [0m:      
[92mINFO [0m:      [ROUND 1]
[92mINFO [0m:      configure_fit: strategy sampled 3 clients (out of 3)
[36m(pid=gcs_server)[0m [2026-08-31 17:07:02,356 E 2391221 2391221] (gcs_server) gcs_server.cc:302: Failed to establish connection to the event+metrics exporter agent. Events and metrics will not be exported. Exporter agent status: RpcError: Running out of retries to initialize the metrics agent. rpc_code: 14
[33m(raylet)[0m [2026-08-31 17:07:05,796 E 2391403 2391403] (raylet) main.cc:975: Failed to establish connection to the metrics exporter agent. Metrics will not be exported. Exporter agent status: RpcError: Running out of retries to initialize the metrics agent. rpc_code: 14
[36m(ClientAppActor pid=2391534)[0m [2026-08-31 17:07:06,863 E 2391534 2391682] core_worker_process.cc:825: Failed to establish connection to the metrics exporter agent. Metrics will not be exported. Exporter agent status: RpcError: Running out of retries to initialize the metrics agent. rpc_code: 14
[2026-08-31 17:07:07,684 E 2390865 2391532] core_worker_process.cc:825: Failed to establish connection to the metrics exporter agent. Metrics will not be exported. Exporter agent status: RpcError: Running out of retries to initialize the metrics agent. rpc_code: 14
[92mINFO [0m:      aggregate_fit: received 3 results and 0 failures
[92mINFO [0m:      configure_evaluate: strategy sampled 3 clients (out of 3)
[92mINFO [0m:      aggregate_evaluate: received 3 results and 0 failures
[92mINFO [0m:      
[92mINFO [0m:      [ROUND 2]
[92mINFO [0m:      configure_fit: strategy sampled 3 clients (out of 3)
[92mINFO [0m:      aggregate_fit: received 3 results and 0 failures
[92mINFO [0m:      configure_evaluate: strategy sampled 3 clients (out of 3)
[92mINFO [0m:      aggregate_evaluate: received 3 results and 0 failures
[92mINFO [0m:      
[92mINFO [0m:      [ROUND 3]
[92mINFO [0m:      configure_fit: strategy sampled 3 clients (out of 3)
[92mINFO [0m:      aggregate_fit: received 3 results and 0 failures
[92mINFO [0m:      configure_evaluate: strategy sampled 3 clients (out of 3)
[92mINFO [0m:      aggregate_evaluate: received 3 results and 0 failures
[92mINFO [0m:      
[92mINFO [0m:      [ROUND 4]
[92mINFO [0m:      configure_fit: strategy sampled 3 clients (out of 3)
[92mINFO [0m:      aggregate_fit: received 3 results and 0 failures
[92mINFO [0m:      configure_evaluate: strategy sampled 3 clients (out of 3)
[92mINFO [0m:      aggregate_evaluate: received 3 results and 0 failures
[92mINFO [0m:      
[92mINFO [0m:      [ROUND 5]
[92mINFO [0m:      configure_fit: strategy sampled 3 clients (out of 3)
[92mINFO [0m:      aggregate_fit: received 3 results and 0 failures
[92mINFO [0m:      configure_evaluate: strategy sampled 3 clients (out of 3)
[92mINFO [0m:      aggregate_evaluate: received 3 results and 0 failures
[92mINFO [0m:      
[92mINFO [0m:      [ROUND 6]
[92mINFO [0m:      configure_fit: strategy sampled 3 clients (out of 3)
[92mINFO [0m:      aggregate_fit: received 3 results and 0 failures
[92mINFO [0m:      configure_evaluate: strategy sampled 3 clients (out of 3)
[92mINFO [0m:      aggregate_evaluate: received 3 results and 0 failures
[92mINFO [0m:      
[92mINFO [0m:      [ROUND 7]
[92mINFO [0m:      configure_fit: strategy sampled 3 clients (out of 3)
[92mINFO [0m:      aggregate_fit: received 3 results and 0 failures
[92mINFO [0m:      configure_evaluate: strategy sampled 3 clients (out of 3)
[92mINFO [0m:      aggregate_evaluate: received 3 results and 0 failures
[92mINFO [0m:      
[92mINFO [0m:      [ROUND 8]
[92mINFO [0m:      configure_fit: strategy sampled 3 clients (out of 3)
[92mINFO [0m:      aggregate_fit: received 3 results and 0 failures
[92mINFO [0m:      configure_evaluate: strategy sampled 3 clients (out of 3)
[92mINFO [0m:      aggregate_evaluate: received 3 results and 0 failures
[92mINFO [0m:      
[92mINFO [0m:      [ROUND 9]
[92mINFO [0m:      configure_fit: strategy sampled 3 clients (out of 3)
[92mINFO [0m:      aggregate_fit: received 3 results and 0 failures
[92mINFO [0m:      configure_evaluate: strategy sampled 3 clients (out of 3)
[92mINFO [0m:      aggregate_evaluate: received 3 results and 0 failures
[92mINFO [0m:      
[92mINFO [0m:      [ROUND 10]
[92mINFO [0m:      configure_fit: strategy sampled 3 clients (out of 3)
[92mINFO [0m:      aggregate_fit: received 3 results and 0 failures
[92mINFO [0m:      configure_evaluate: strategy sampled 3 clients (out of 3)
[92mINFO [0m:      aggregate_evaluate: received 3 results and 0 failures
[92mINFO [0m:      
[92mINFO [0m:      [ROUND 11]
[92mINFO [0m:      configure_fit: strategy sampled 3 clients (out of 3)
[92mINFO [0m:      aggregate_fit: received 3 results and 0 failures
[92mINFO [0m:      configure_evaluate: strategy sampled 3 clients (out of 3)
[92mINFO [0m:      aggregate_evaluate: received 3 results and 0 failures
[92mINFO [0m:      
[92mINFO [0m:      [ROUND 12]
[92mINFO [0m:      configure_fit: strategy sampled 3 clients (out of 3)
[92mINFO [0m:      aggregate_fit: received 3 results and 0 failures
[92mINFO [0m:      configure_evaluate: strategy sampled 3 clients (out of 3)
[92mINFO [0m:      aggregate_evaluate: received 3 results and 0 failures
[92mINFO [0m:      
[92mINFO [0m:      [ROUND 13]
[92mINFO [0m:      configure_fit: strategy sampled 3 clients (out of 3)
[92mINFO [0m:      aggregate_fit: received 3 results and 0 failures
[92mINFO [0m:      configure_evaluate: strategy sampled 3 clients (out of 3)
[92mINFO [0m:      aggregate_evaluate: received 3 results and 0 failures
[92mINFO [0m:      
[92mINFO [0m:      [ROUND 14]
[92mINFO [0m:      configure_fit: strategy sampled 3 clients (out of 3)
[92mINFO [0m:      aggregate_fit: received 3 results and 0 failures
[92mINFO [0m:      configure_evaluate: strategy sampled 3 clients (out of 3)
[92mINFO [0m:      aggregate_evaluate: received 3 results and 0 failures
[92mINFO [0m:      
[92mINFO [0m:      [ROUND 15]
[92mINFO [0m:      configure_fit: strategy sampled 3 clients (out of 3)
[92mINFO [0m:      aggregate_fit: received 3 results and 0 failures
[92mINFO [0m:      configure_evaluate: strategy sampled 3 clients (out of 3)
[92mINFO [0m:      aggregate_evaluate: received 3 results and 0 failures
[92mINFO [0m:      
[92mINFO [0m:      [ROUND 16]
[92mINFO [0m:      configure_fit: strategy sampled 3 clients (out of 3)
[92mINFO [0m:      aggregate_fit: received 3 results and 0 failures
[92mINFO [0m:      configure_evaluate: strategy sampled 3 clients (out of 3)
[92mINFO [0m:      aggregate_evaluate: received 3 results and 0 failures
[92mINFO [0m:      
[92mINFO [0m:      [ROUND 17]
[92mINFO [0m:      configure_fit: strategy sampled 3 clients (out of 3)
[92mINFO [0m:      aggregate_fit: received 3 results and 0 failures
[92mINFO [0m:      configure_evaluate: strategy sampled 3 clients (out of 3)
[92mINFO [0m:      aggregate_evaluate: received 3 results and 0 failures
[92mINFO [0m:      
[92mINFO [0m:      [ROUND 18]
[92mINFO [0m:      configure_fit: strategy sampled 3 clients (out of 3)
[92mINFO [0m:      aggregate_fit: received 3 results and 0 failures
[92mINFO [0m:      configure_evaluate: strategy sampled 3 clients (out of 3)
[92mINFO [0m:      aggregate_evaluate: received 3 results and 0 failures
[92mINFO [0m:      
[92mINFO [0m:      [ROUND 19]
[92mINFO [0m:      configure_fit: strategy sampled 3 clients (out of 3)
[92mINFO [0m:      aggregate_fit: received 3 results and 0 failures
[92mINFO [0m:      configure_evaluate: strategy sampled 3 clients (out of 3)
[92mINFO [0m:      aggregate_evaluate: received 3 results and 0 failures
[92mINFO [0m:      
[92mINFO [0m:      [ROUND 20]
[92mINFO [0m:      configure_fit: strategy sampled 3 clients (out of 3)
[92mINFO [0m:      aggregate_fit: received 3 results and 0 failures
[92mINFO [0m:      configure_evaluate: strategy sampled 3 clients (out of 3)
[92mINFO [0m:      aggregate_evaluate: received 3 results and 0 failures
[92mINFO [0m:      
[92mINFO [0m:      [ROUND 21]
[92mINFO [0m:      configure_fit: strategy sampled 3 clients (out of 3)
[92mINFO [0m:      aggregate_fit: received 3 results and 0 failures
[92mINFO [0m:      configure_evaluate: strategy sampled 3 clients (out of 3)
[92mINFO [0m:      aggregate_evaluate: received 3 results and 0 failures
[92mINFO [0m:      
[92mINFO [0m:      [ROUND 22]
[92mINFO [0m:      configure_fit: strategy sampled 3 clients (out of 3)
[92mINFO [0m:      aggregate_fit: received 3 results and 0 failures
[92mINFO [0m:      configure_evaluate: strategy sampled 3 clients (out of 3)
[92mINFO [0m:      aggregate_evaluate: received 3 results and 0 failures
[92mINFO [0m:      
[92mINFO [0m:      [ROUND 23]
[92mINFO [0m:      configure_fit: strategy sampled 3 clients (out of 3)
[92mINFO [0m:      aggregate_fit: received 3 results and 0 failures
[92mINFO [0m:      configure_evaluate: strategy sampled 3 clients (out of 3)
[92mINFO [0m:      aggregate_evaluate: received 3 results and 0 failures
[92mINFO [0m:      
[92mINFO [0m:      [ROUND 24]
[92mINFO [0m:      configure_fit: strategy sampled 3 clients (out of 3)
[92mINFO [0m:      aggregate_fit: received 3 results and 0 failures
[92mINFO [0m:      configure_evaluate: strategy sampled 3 clients (out of 3)
[92mINFO [0m:      aggregate_evaluate: received 3 results and 0 failures
[92mINFO [0m:      
[92mINFO [0m:      [ROUND 25]
[92mINFO [0m:      configure_fit: strategy sampled 3 clients (out of 3)
[92mINFO [0m:      aggregate_fit: received 3 results and 0 failures
[92mINFO [0m:      configure_evaluate: strategy sampled 3 clients (out of 3)
[92mINFO [0m:      aggregate_evaluate: received 3 results and 0 failures
[92mINFO [0m:      
[92mINFO [0m:      [ROUND 26]
[92mINFO [0m:      configure_fit: strategy sampled 3 clients (out of 3)
[92mINFO [0m:      aggregate_fit: received 3 results and 0 failures
[92mINFO [0m:      configure_evaluate: strategy sampled 3 clients (out of 3)
[92mINFO [0m:      aggregate_evaluate: received 3 results and 0 failures
[92mINFO [0m:      
[92mINFO [0m:      [ROUND 27]
[92mINFO [0m:      configure_fit: strategy sampled 3 clients (out of 3)
[92mINFO [0m:      aggregate_fit: received 3 results and 0 failures
[92mINFO [0m:      configure_evaluate: strategy sampled 3 clients (out of 3)
[92mINFO [0m:      aggregate_evaluate: received 3 results and 0 failures
[92mINFO [0m:      
[92mINFO [0m:      [ROUND 28]
[92mINFO [0m:      configure_fit: strategy sampled 3 clients (out of 3)
[92mINFO [0m:      aggregate_fit: received 3 results and 0 failures
[92mINFO [0m:      configure_evaluate: strategy sampled 3 clients (out of 3)
[92mINFO [0m:      aggregate_evaluate: received 3 results and 0 failures
[92mINFO [0m:      
[92mINFO [0m:      [ROUND 29]
[92mINFO [0m:      configure_fit: strategy sampled 3 clients (out of 3)
[92mINFO [0m:      aggregate_fit: received 3 results and 0 failures
[92mINFO [0m:      configure_evaluate: strategy sampled 3 clients (out of 3)
[92mINFO [0m:      aggregate_evaluate: received 3 results and 0 failures
[92mINFO [0m:      
[92mINFO [0m:      [ROUND 30]
[92mINFO [0m:      configure_fit: strategy sampled 3 clients (out of 3)
[92mINFO [0m:      aggregate_fit: received 3 results and 0 failures
[92mINFO [0m:      configure_evaluate: strategy sampled 3 clients (out of 3)
[92mINFO [0m:      aggregate_evaluate: received 3 results and 0 failures
[92mINFO [0m:      
[92mINFO [0m:      [ROUND 31]
[92mINFO [0m:      configure_fit: strategy sampled 3 clients (out of 3)
[92mINFO [0m:      aggregate_fit: received 3 results and 0 failures
[92mINFO [0m:      configure_evaluate: strategy sampled 3 clients (out of 3)
[92mINFO [0m:      aggregate_evaluate: received 3 results and 0 failures
[92mINFO [0m:      
[92mINFO [0m:      [ROUND 32]
[92mINFO [0m:      configure_fit: strategy sampled 3 clients (out of 3)
[92mINFO [0m:      aggregate_fit: received 3 results and 0 failures
[92mINFO [0m:      configure_evaluate: strategy sampled 3 clients (out of 3)
[92mINFO [0m:      aggregate_evaluate: received 3 results and 0 failures
[92mINFO [0m:      
[92mINFO [0m:      [ROUND 33]
[92mINFO [0m:      configure_fit: strategy sampled 3 clients (out of 3)
[92mINFO [0m:      aggregate_fit: received 3 results and 0 failures
[92mINFO [0m:      configure_evaluate: strategy sampled 3 clients (out of 3)
[92mINFO [0m:      aggregate_evaluate: received 3 results and 0 failures
[92mINFO [0m:      
[92mINFO [0m:      [ROUND 34]
[92mINFO [0m:      configure_fit: strategy sampled 3 clients (out of 3)
[92mINFO [0m:      aggregate_fit: received 3 results and 0 failures
[92mINFO [0m:      configure_evaluate: strategy sampled 3 clients (out of 3)
[92mINFO [0m:      aggregate_evaluate: received 3 results and 0 failures
[92mINFO [0m:      
[92mINFO [0m:      [ROUND 35]
[92mINFO [0m:      configure_fit: strategy sampled 3 clients (out of 3)
[92mINFO [0m:      aggregate_fit: received 3 results and 0 failures
[92mINFO [0m:      configure_evaluate: strategy sampled 3 clients (out of 3)
[92mINFO [0m:      aggregate_evaluate: received 3 results and 0 failures
[92mINFO [0m:      
[92mINFO [0m:      [ROUND 36]
[92mINFO [0m:      configure_fit: strategy sampled 3 clients (out of 3)
[92mINFO [0m:      aggregate_fit: received 3 results and 0 failures
[92mINFO [0m:      configure_evaluate: strategy sampled 3 clients (out of 3)
[92mINFO [0m:      aggregate_evaluate: received 3 results and 0 failures
[92mINFO [0m:      
[92mINFO [0m:      [ROUND 37]
[92mINFO [0m:      configure_fit: strategy sampled 3 clients (out of 3)
[92mINFO [0m:      aggregate_fit: received 3 results and 0 failures
[92mINFO [0m:      configure_evaluate: strategy sampled 3 clients (out of 3)
[92mINFO [0m:      aggregate_evaluate: received 3 results and 0 failures
[92mINFO [0m:      
[92mINFO [0m:      [ROUND 38]
[92mINFO [0m:      configure_fit: strategy sampled 3 clients (out of 3)
[92mINFO [0m:      aggregate_fit: received 3 results and 0 failures
[92mINFO [0m:      configure_evaluate: strategy sampled 3 clients (out of 3)
[92mINFO [0m:      aggregate_evaluate: received 3 results and 0 failures
[92mINFO [0m:      
[92mINFO [0m:      [ROUND 39]
[92mINFO [0m:      configure_fit: strategy sampled 3 clients (out of 3)
[92mINFO [0m:      aggregate_fit: received 3 results and 0 failures
[92mINFO [0m:      configure_evaluate: strategy sampled 3 clients (out of 3)
[92mINFO [0m:      aggregate_evaluate: received 3 results and 0 failures
[92mINFO [0m:      
[92mINFO [0m:      [ROUND 40]
[92mINFO [0m:      configure_fit: strategy sampled 3 clients (out of 3)
[92mINFO [0m:      aggregate_fit: received 3 results and 0 failures
[92mINFO [0m:      configure_evaluate: strategy sampled 3 clients (out of 3)
[92mINFO [0m:      aggregate_evaluate: received 3 results and 0 failures
[92mINFO [0m:      
[92mINFO [0m:      [ROUND 41]
[92mINFO [0m:      configure_fit: strategy sampled 3 clients (out of 3)
[92mINFO [0m:      aggregate_fit: received 3 results and 0 failures
[92mINFO [0m:      configure_evaluate: strategy sampled 3 clients (out of 3)
[92mINFO [0m:      aggregate_evaluate: received 3 results and 0 failures
[92mINFO [0m:      
[92mINFO [0m:      [ROUND 42]
[92mINFO [0m:      configure_fit: strategy sampled 3 clients (out of 3)
[92mINFO [0m:      aggregate_fit: received 3 results and 0 failures
[92mINFO [0m:      configure_evaluate: strategy sampled 3 clients (out of 3)
[92mINFO [0m:      aggregate_evaluate: received 3 results and 0 failures
[92mINFO [0m:      
[92mINFO [0m:      [ROUND 43]
[92mINFO [0m:      configure_fit: strategy sampled 3 clients (out of 3)
[92mINFO [0m:      aggregate_fit: received 3 results and 0 failures
[92mINFO [0m:      configure_evaluate: strategy sampled 3 clients (out of 3)
[92mINFO [0m:      aggregate_evaluate: received 3 results and 0 failures
[92mINFO [0m:      
[92mINFO [0m:      [ROUND 44]
[92mINFO [0m:      configure_fit: strategy sampled 3 clients (out of 3)
[92mINFO [0m:      aggregate_fit: received 3 results and 0 failures
[92mINFO [0m:      configure_evaluate: strategy sampled 3 clients (out of 3)
[92mINFO [0m:      aggregate_evaluate: received 3 results and 0 failures
[92mINFO [0m:      
[92mINFO [0m:      [ROUND 45]
[92mINFO [0m:      configure_fit: strategy sampled 3 clients (out of 3)
[92mINFO [0m:      aggregate_fit: received 3 results and 0 failures
[92mINFO [0m:      configure_evaluate: strategy sampled 3 clients (out of 3)
[92mINFO [0m:      aggregate_evaluate: received 3 results and 0 failures
[92mINFO [0m:      
[92mINFO [0m:      [ROUND 46]
[92mINFO [0m:      configure_fit: strategy sampled 3 clients (out of 3)
[92mINFO [0m:      aggregate_fit: received 3 results and 0 failures
[92mINFO [0m:      configure_evaluate: strategy sampled 3 clients (out of 3)
[92mINFO [0m:      aggregate_evaluate: received 3 results and 0 failures
[92mINFO [0m:      
[92mINFO [0m:      [ROUND 47]
[92mINFO [0m:      configure_fit: strategy sampled 3 clients (out of 3)
[92mINFO [0m:      aggregate_fit: received 3 results and 0 failures
[92mINFO [0m:      configure_evaluate: strategy sampled 3 clients (out of 3)
[92mINFO [0m:      aggregate_evaluate: received 3 results and 0 failures
[92mINFO [0m:      
[92mINFO [0m:      [ROUND 48]
[92mINFO [0m:      configure_fit: strategy sampled 3 clients (out of 3)
[92mINFO [0m:      aggregate_fit: received 3 results and 0 failures
[92mINFO [0m:      configure_evaluate: strategy sampled 3 clients (out of 3)
[92mINFO [0m:      aggregate_evaluate: received 3 results and 0 failures
[92mINFO [0m:      
[92mINFO [0m:      [ROUND 49]
[92mINFO [0m:      configure_fit: strategy sampled 3 clients (out of 3)
[92mINFO [0m:      aggregate_fit: received 3 results and 0 failures
[92mINFO [0m:      configure_evaluate: strategy sampled 3 clients (out of 3)
[92mINFO [0m:      aggregate_evaluate: received 3 results and 0 failures
[92mINFO [0m:      
[92mINFO [0m:      [ROUND 50]
[92mINFO [0m:      configure_fit: strategy sampled 3 clients (out of 3)
[92mINFO [0m:      aggregate_fit: received 3 results and 0 failures
[92mINFO [0m:      configure_evaluate: strategy sampled 3 clients (out of 3)
[92mINFO [0m:      aggregate_evaluate: received 3 results and 0 failures
[92mINFO [0m:      
[92mINFO [0m:      [SUMMARY]
[92mINFO [0m:      Run finished 50 round(s) in 8327.61s
[92mINFO [0m:      	History (loss, distributed):
[92mINFO [0m:      		round 1: 1.3336058054791888
[92mINFO [0m:      		round 2: 52.83808119966995
[92mINFO [0m:      		round 3: 2.37164540642659
[92mINFO [0m:      		round 4: 1.2303285765311034
[92mINFO [0m:      		round 5: 1.2896195985084427
[92mINFO [0m:      		round 6: 0.8282020722678168
[92mINFO [0m:      		round 7: 0.9911057913509231
[92mINFO [0m:      		round 8: 1.096558741862583
[92mINFO [0m:      		round 9: 0.744598099444313
[92mINFO [0m:      		round 10: 0.7478735536465558
[92mINFO [0m:      		round 11: 0.9676885525557085
[92mINFO [0m:      		round 12: 0.7546641757855048
[92mINFO [0m:      		round 13: 0.9858289861370293
[92mINFO [0m:      		round 14: 0.9795519747015445
[92mINFO [0m:      		round 15: 0.811020831485371
[92mINFO [0m:      		round 16: 1.0995938915063392
[92mINFO [0m:      		round 17: 0.9237571713548253
[92mINFO [0m:      		round 18: 1.0052147369182654
[92mINFO [0m:      		round 19: 0.6866909113699451
[92mINFO [0m:      		round 20: 0.6275711852349516
[92mINFO [0m:      		round 21: 0.8918208433329778
[92mINFO [0m:      		round 22: 0.7672788673891939
[92mINFO [0m:      		round 23: 1.180515392082546
[92mINFO [0m:      		round 24: 1.154393497980207
[92mINFO [0m:      		round 25: 0.9228778275890711
[92mINFO [0m:      		round 26: 0.6907041725268357
[92mINFO [0m:      		round 27: 0.7674768841247918
[92mINFO [0m:      		round 28: 0.8008261000798954
[92mINFO [0m:      		round 29: 1.1108318053452673
[92mINFO [0m:      		round 30: 0.6631853574743638
[92mINFO [0m:      		round 31: 0.77081214165201
[92mINFO [0m:      		round 32: 0.7911571630889296
[92mINFO [0m:      		round 33: 0.7491947824802115
[92mINFO [0m:      		round 34: 0.8982390786853387
[92mINFO [0m:      		round 35: 1.0297669855657718
[92mINFO [0m:      		round 36: 0.7226276930474225
[92mINFO [0m:      		round 37: 0.8776662706276307
[92mINFO [0m:      		round 38: 0.8855871780274006
[92mINFO [0m:      		round 39: 0.9272751038615538
[92mINFO [0m:      		round 40: 0.7928732243308675
[92mINFO [0m:      		round 41: 0.8172368698586704
[92mINFO [0m:      		round 42: 0.8756562085424549
[92mINFO [0m:      		round 43: 0.9285240474203318
[92mINFO [0m:      		round 44: 0.8269430811371101
[92mINFO [0m:      		round 45: 0.8867824842299523
[92mINFO [0m:      		round 46: 0.9763220186123048
[92mINFO [0m:      		round 47: 0.6998314950190989
[92mINFO [0m:      		round 48: 0.7380164533295578
[92mINFO [0m:      		round 49: 0.8629713055867412
[92mINFO [0m:      		round 50: 0.7477688911457402
[92mINFO [0m:      	History (metrics, distributed, fit):
[92mINFO [0m:      	{'comm_bytes': [(1, 44673804.0),
[92mINFO [0m:      	                (2, 44673804.0),
[92mINFO [0m:      	                (3, 44673804.0),
[92mINFO [0m:      	                (4, 44673804.0),
[92mINFO [0m:      	                (5, 44673804.0),
[92mINFO [0m:      	                (6, 44673804.0),
[92mINFO [0m:      	                (7, 44673804.0),
[92mINFO [0m:      	                (8, 44673804.0),
[92mINFO [0m:      	                (9, 44673804.0),
[92mINFO [0m:      	                (10, 44673804.0),
[92mINFO [0m:      	                (11, 44673804.0),
[92mINFO [0m:      	                (12, 44673804.0),
[92mINFO [0m:      	                (13, 44673804.0),
[92mINFO [0m:      	                (14, 44673804.0),
[92mINFO [0m:      	                (15, 44673804.0),
[92mINFO [0m:      	                (16, 44673804.0),
[92mINFO [0m:      	                (17, 44673804.0),
[92mINFO [0m:      	                (18, 44673804.0),
[92mINFO [0m:      	                (19, 44673804.0),
[92mINFO [0m:      	                (20, 44673804.0),
[92mINFO [0m:      	                (21, 44673804.0),
[92mINFO [0m:      	                (22, 44673804.0),
[92mINFO [0m:      	                (23, 44673804.0),
[92mINFO [0m:      	                (24, 44673804.0),
[92mINFO [0m:      	                (25, 44673804.0),
[92mINFO [0m:      	                (26, 44673804.0),
[92mINFO [0m:      	                (27, 44673804.0),
[92mINFO [0m:      	                (28, 44673804.0),
[92mINFO [0m:      	                (29, 44673804.0),
[92mINFO [0m:      	                (30, 44673804.0),
[92mINFO [0m:      	                (31, 44673804.0),
[92mINFO [0m:      	                (32, 44673804.0),
[92mINFO [0m:      	                (33, 44673804.0),
[92mINFO [0m:      	                (34, 44673804.0),
[92mINFO [0m:      	                (35, 44673804.0),
[92mINFO [0m:      	                (36, 44673804.0),
[92mINFO [0m:      	                (37, 44673804.0),
[92mINFO [0m:      	                (38, 44673804.0),
[92mINFO [0m:      	                (39, 44673804.0),
[92mINFO [0m:      	                (40, 44673804.0),
[92mINFO [0m:      	                (41, 44673804.0),
[92mINFO [0m:      	                (42, 44673804.0),
[92mINFO [0m:      	                (43, 44673804.0),
[92mINFO [0m:      	                (44, 44673804.0),
[92mINFO [0m:      	                (45, 44673804.0),
[92mINFO [0m:      	                (46, 44673804.0),
[92mINFO [0m:      	                (47, 44673804.0),
[92mINFO [0m:      	                (48, 44673804.0),
[92mINFO [0m:      	                (49, 44673804.0),
[92mINFO [0m:      	                (50, 44673804.0)],
[92mINFO [0m:      	 'comp_time_sec': [(1, 109.50165292359976),
[92mINFO [0m:      	                   (2, 60.206425764694096),
[92mINFO [0m:      	                   (3, 60.65319245504149),
[92mINFO [0m:      	                   (4, 60.33663726557513),
[92mINFO [0m:      	                   (5, 60.61806063900039),
[92mINFO [0m:      	                   (6, 60.217744392706145),
[92mINFO [0m:      	                   (7, 59.679992751308646),
[92mINFO [0m:      	                   (8, 60.19833286537534),
[92mINFO [0m:      	                   (9, 60.0043155797548),
[92mINFO [0m:      	                   (10, 60.88166150002145),
[92mINFO [0m:      	                   (11, 59.90143296857628),
[92mINFO [0m:      	                   (12, 60.45379838443723),
[92mINFO [0m:      	                   (13, 59.93083671738164),
[92mINFO [0m:      	                   (14, 59.81700508635846),
[92mINFO [0m:      	                   (15, 59.56135960823913),
[92mINFO [0m:      	                   (16, 60.9611393146575),
[92mINFO [0m:      	                   (17, 60.21478771618542),
[92mINFO [0m:      	                   (18, 60.33761493177091),
[92mINFO [0m:      	                   (19, 60.40595712363015),
[92mINFO [0m:      	                   (20, 59.97567788440473),
[92mINFO [0m:      	                   (21, 59.35026641705545),
[92mINFO [0m:      	                   (22, 60.537921317268115),
[92mINFO [0m:      	                   (23, 60.37121880824778),
[92mINFO [0m:      	                   (24, 59.915658609429336),
[92mINFO [0m:      	                   (25, 60.46752150778323),
[92mINFO [0m:      	                   (26, 60.702651916666234),
[92mINFO [0m:      	                   (27, 60.70160527206764),
[92mINFO [0m:      	                   (28, 60.34204388078129),
[92mINFO [0m:      	                   (29, 59.81856382494371),
[92mINFO [0m:      	                   (30, 60.07680390161074),
[92mINFO [0m:      	                   (31, 59.95563307139139),
[92mINFO [0m:      	                   (32, 60.23930752972527),
[92mINFO [0m:      	                   (33, 60.56914116408151),
[92mINFO [0m:      	                   (34, 60.20421748390528),
[92mINFO [0m:      	                   (35, 60.60265395930661),
[92mINFO [0m:      	                   (36, 60.219391902945375),
[92mINFO [0m:      	                   (37, 60.29003650302301),
[92mINFO [0m:      	                   (38, 60.36726647939524),
[92mINFO [0m:      	                   (39, 60.85226534782572),
[92mINFO [0m:      	                   (40, 62.543699441884236),
[92mINFO [0m:      	                   (41, 61.77056546752335),
[92mINFO [0m:      	                   (42, 61.98091251743037),
[92mINFO [0m:      	                   (43, 61.47409387391979),
[92mINFO [0m:      	                   (44, 60.78486539793353),
[92mINFO [0m:      	                   (45, 62.074181390240774),
[92mINFO [0m:      	                   (46, 61.690143353831964),
[92mINFO [0m:      	                   (47, 61.204846859917666),
[92mINFO [0m:      	                   (48, 61.29486630458922),
[92mINFO [0m:      	                   (49, 61.332413970531675),
[92mINFO [0m:      	                   (50, 61.96849366301528)],
[92mINFO [0m:      	 'train_loss': [(1, 0.6973119328405988),
[92mINFO [0m:      	                (2, 0.7121668193972095),
[92mINFO [0m:      	                (3, 0.719854592908397),
[92mINFO [0m:      	                (4, 0.6788822323373818),
[92mINFO [0m:      	                (5, 0.6462556961337587),
[92mINFO [0m:      	                (6, 0.6086872280957816),
[92mINFO [0m:      	                (7, 0.5672240198312204),
[92mINFO [0m:      	                (8, 0.5086903887109715),
[92mINFO [0m:      	                (9, 0.49110121559934594),
[92mINFO [0m:      	                (10, 0.4425948650260772),
[92mINFO [0m:      	                (11, 0.40692538518993304),
[92mINFO [0m:      	                (12, 0.3639493460124714),
[92mINFO [0m:      	                (13, 0.3165382150840569),
[92mINFO [0m:      	                (14, 0.3006360747715064),
[92mINFO [0m:      	                (15, 0.2649417665548163),
[92mINFO [0m:      	                (16, 0.2557230674183199),
[92mINFO [0m:      	                (17, 0.23503408164465614),
[92mINFO [0m:      	                (18, 0.23016831622973513),
[92mINFO [0m:      	                (19, 0.20030280833305542),
[92mINFO [0m:      	                (20, 0.1888862191701893),
[92mINFO [0m:      	                (21, 0.17714458264295738),
[92mINFO [0m:      	                (22, 0.15341788879317064),
[92mINFO [0m:      	                (23, 0.14474330608551497),
[92mINFO [0m:      	                (24, 0.13670712940530572),
[92mINFO [0m:      	                (25, 0.14084726293728136),
[92mINFO [0m:      	                (26, 0.1328736376799794),
[92mINFO [0m:      	                (27, 0.1353093322272706),
[92mINFO [0m:      	                (28, 0.12399739967936929),
[92mINFO [0m:      	                (29, 0.10716381897957458),
[92mINFO [0m:      	                (30, 0.12701604389388446),
[92mINFO [0m:      	                (31, 0.10737551626433199),
[92mINFO [0m:      	                (32, 0.10711510372807752),
[92mINFO [0m:      	                (33, 0.10321934643023048),
[92mINFO [0m:      	                (34, 0.10086176094849338),
[92mINFO [0m:      	                (35, 0.09665693694216757),
[92mINFO [0m:      	                (36, 0.08575891821812882),
[92mINFO [0m:      	                (37, 0.09246233812011166),
[92mINFO [0m:      	                (38, 0.08822584719705515),
[92mINFO [0m:      	                (39, 0.06771281491600342),
[92mINFO [0m:      	                (40, 0.08168426923234517),
[92mINFO [0m:      	                (41, 0.08159497257962972),
[92mINFO [0m:      	                (42, 0.07594623678557953),
[92mINFO [0m:      	                (43, 0.06940414448948692),
[92mINFO [0m:      	                (44, 0.07758780168210369),
[92mINFO [0m:      	                (45, 0.06386589224368176),
[92mINFO [0m:      	                (46, 0.05984802767561965),
[92mINFO [0m:      	                (47, 0.0673177505177097),
[92mINFO [0m:      	                (48, 0.06801667269588495),
[92mINFO [0m:      	                (49, 0.07352105870945168),
[92mINFO [0m:      	                (50, 0.0732083365598383)]}
[92mINFO [0m:      	History (metrics, distributed, evaluate):
[92mINFO [0m:      	{'accuracy': [(1, 0.5839874411302983),
[92mINFO [0m:      	              (2, 0.554160125588697),
[92mINFO [0m:      	              (3, 0.673469387755102),
[92mINFO [0m:      	              (4, 0.6169544740973313),
[92mINFO [0m:      	              (5, 0.6200941915227629),
[92mINFO [0m:      	              (6, 0.6609105180533752),
[92mINFO [0m:      	              (7, 0.6593406593406593),
[92mINFO [0m:      	              (8, 0.6499215070643642),
[92mINFO [0m:      	              (9, 0.7362637362637363),
[92mINFO [0m:      	              (10, 0.6718995290423861),
[92mINFO [0m:      	              (11, 0.6671899529042387),
[92mINFO [0m:      	              (12, 0.7441130298273155),
[92mINFO [0m:      	              (13, 0.7237048665620094),
[92mINFO [0m:      	              (14, 0.7127158555729984),
[92mINFO [0m:      	              (15, 0.7315541601255887),
[92mINFO [0m:      	              (16, 0.6860282574568289),
[92mINFO [0m:      	              (17, 0.7142857142857143),
[92mINFO [0m:      	              (18, 0.6593406593406593),
[92mINFO [0m:      	              (19, 0.8210361067503925),
[92mINFO [0m:      	              (20, 0.8006279434850864),
[92mINFO [0m:      	              (21, 0.7472527472527473),
[92mINFO [0m:      	              (22, 0.7645211930926217),
[92mINFO [0m:      	              (23, 0.7252747252747253),
[92mINFO [0m:      	              (24, 0.7299843014128728),
[92mINFO [0m:      	              (25, 0.7582417582417582),
[92mINFO [0m:      	              (26, 0.8163265306122449),
[92mINFO [0m:      	              (27, 0.7880690737833596),
[92mINFO [0m:      	              (28, 0.7692307692307693),
[92mINFO [0m:      	              (29, 0.7676609105180534),
[92mINFO [0m:      	              (30, 0.8084772370486656),
[92mINFO [0m:      	              (31, 0.814756671899529),
[92mINFO [0m:      	              (32, 0.7676609105180534),
[92mINFO [0m:      	              (33, 0.8084772370486656),
[92mINFO [0m:      	              (34, 0.7912087912087912),
[92mINFO [0m:      	              (35, 0.7613814756671899),
[92mINFO [0m:      	              (36, 0.8037676609105181),
[92mINFO [0m:      	              (37, 0.8021978021978022),
[92mINFO [0m:      	              (38, 0.7959183673469388),
[92mINFO [0m:      	              (39, 0.8210361067503925),
[92mINFO [0m:      	              (40, 0.814756671899529),
[92mINFO [0m:      	              (41, 0.8021978021978022),
[92mINFO [0m:      	              (42, 0.7974882260596546),
[92mINFO [0m:      	              (43, 0.8210361067503925),
[92mINFO [0m:      	              (44, 0.8335949764521193),
[92mINFO [0m:      	              (45, 0.8304552590266876),
[92mINFO [0m:      	              (46, 0.8006279434850864),
[92mINFO [0m:      	              (47, 0.8602825745682888),
[92mINFO [0m:      	              (48, 0.8602825745682888),
[92mINFO [0m:      	              (49, 0.8288854003139717),
[92mINFO [0m:      	              (50, 0.8304552590266876)]}
[92mINFO [0m:      
[36m(pid=2391568)[0m [2026-08-31 17:07:07,659 E 2391568 2394357] core_worker_process.cc:825: Failed to establish connection to the metrics exporter agent. Metrics will not be exported. Exporter agent status: RpcError: Running out of retries to initialize the metrics agent. rpc_code: 14[32m [repeated 47x across cluster] (Ray deduplicates logs by default. Set RAY_DEDUP_LOGS=0 to disable log deduplication, or see https://docs.ray.io/en/master/ray-observability/user-guides/configure-logging.html#log-deduplication for more options.)[0m
