============================================================
Learning-curve FL run
Run ID:       lc_s2026_fedbn_stdce_p20_seed2026_job386749
Setting:      fedbn_stdce
Train data:   p20
Dataset path: /export/home/ralhasan/fl-fu-oral3/dataset/oral3_learning_curve_seed42/p20
Train seed:   2026
Config:       configs/learning_curve_fedbn_stdce.yaml
SLURM job:    386750
============================================================
Thu Sep  3 03:43:10 2026       
+---------------------------------------------------------------------------------------+
| NVIDIA-SMI 535.113.01             Driver Version: 535.113.01   CUDA Version: 12.2     |
|-----------------------------------------+----------------------+----------------------+
| GPU  Name                 Persistence-M | Bus-Id        Disp.A | Volatile Uncorr. ECC |
| Fan  Temp   Perf          Pwr:Usage/Cap |         Memory-Usage | GPU-Util  Compute M. |
|                                         |                      |               MIG M. |
|=========================================+======================+======================|
|   0  Tesla P100-PCIE-16GB           Off | 00000000:D8:00.0 Off |                    0 |
| N/A   28C    P0              24W / 250W |      0MiB / 16384MiB |      0%      Default |
|                                         |                      |                  N/A |
+-----------------------------------------+----------------------+----------------------+
                                                                                         
+---------------------------------------------------------------------------------------+
| Processes:                                                                            |
|  GPU   GI   CI        PID   Type   Process name                            GPU Memory |
|        ID   ID                                                             Usage      |
|=======================================================================================|
|  No running processes found                                                           |
+---------------------------------------------------------------------------------------+
Applied --set overrides: {'dataset_path': '/export/home/ralhasan/fl-fu-oral3/dataset/oral3_learning_curve_seed42/p20', 'seed': 2026}
[2026-09-03 03:43:17] === Run started: lc_s2026_fedbn_stdce_p20_seed2026_job386749 ===
[2026-09-03 03:43:17] Config loaded from configs/learning_curve_fedbn_stdce.yaml
[2026-09-03 03:43:17] Run directories: {'log_dir': 'logs/fl/lc_s2026_fedbn_stdce_p20_seed2026_job386749', 'tb_dir': 'logs/fl/lc_s2026_fedbn_stdce_p20_seed2026_job386749/tb', 'checkpoint_dir': 'checkpoints/fl/lc_s2026_fedbn_stdce_p20_seed2026_job386749', 'output_dir': 'outputs/fl/lc_s2026_fedbn_stdce_p20_seed2026_job386749'}
[2026-09-03 03:43:17] Indexing dataset...
[2026-09-03 03:43:17] Indexed 506 train samples, 637 test samples.
[2026-09-03 03:43:17] Built 3 client partition(s) (client_split=hospital_based).
[2026-09-03 03:43:17]   client_id=Spain_Dataset hospital=Spain_Dataset n_samples=79
[2026-09-03 03:43:17]   client_id=Canada_Dataset hospital=Canada_Dataset n_samples=326
[2026-09-03 03:43:17]   client_id=India_Dataset hospital=India_Dataset n_samples=101
[2026-09-03 03:43:17] Run hyperparameters:
  algorithm: fedbn
  model: resnet18
  num_clients: 3
  global_epochs: 50
  local_epochs: 3
  batch_size: 16
  learning_rate: 0.001
  domain_adaptation: True
  imbalance_method: standard_ce
[2026-09-03 03:43:18] [class_imbalance] method=standard_ce, global_train_counts=[277, 154, 75], beta=0.999, weight_clip=None
[2026-09-03 03:43:18] [class_imbalance/client] client_id=Spain_Dataset, hospital=Spain_Dataset, local_counts=[30, 32, 17], loss_weights=None
[2026-09-03 03:43:18] [class_imbalance/client] client_id=Canada_Dataset, hospital=Canada_Dataset, local_counts=[245, 54, 27], loss_weights=None
[2026-09-03 03:43:18] [class_imbalance/client] client_id=India_Dataset, hospital=India_Dataset, local_counts=[2, 68, 31], loss_weights=None
[2026-09-03 03:43:18] Starting Flower simulation: algorithm=fedbn, clients=3, rounds=50
[2026-09-03 03:44:02] [FL round 1] comm=134021412B comp=54.46s
[2026-09-03 03:44:51] [FL round 2] comm=134021412B comp=54.08s
[2026-09-03 03:45:39] [FL round 3] comm=134021412B comp=51.76s
[2026-09-03 03:46:28] [FL round 4] comm=134021412B comp=52.73s
[2026-09-03 03:47:17] [FL round 5] comm=134021412B comp=53.71s
[2026-09-03 03:48:05] [FL round 6] comm=134021412B comp=53.35s
[2026-09-03 03:48:52] [FL round 7] comm=134021412B comp=51.72s
[2026-09-03 03:49:41] [FL round 8] comm=134021412B comp=54.53s
[2026-09-03 03:50:29] [FL round 9] comm=134021412B comp=52.97s
[2026-09-03 03:51:18] [FL round 10] comm=134021412B comp=53.70s
[2026-09-03 03:52:06] [FL round 11] comm=134021412B comp=52.40s
[2026-09-03 03:52:53] [FL round 12] comm=134021412B comp=52.87s
[2026-09-03 03:53:42] [FL round 13] comm=134021412B comp=53.60s
[2026-09-03 03:54:31] [FL round 14] comm=134021412B comp=53.31s
[2026-09-03 03:55:20] [FL round 15] comm=134021412B comp=53.12s
[2026-09-03 03:56:08] [FL round 16] comm=134021412B comp=52.33s
[2026-09-03 03:56:57] [FL round 17] comm=134021412B comp=52.94s
[2026-09-03 03:57:45] [FL round 18] comm=134021412B comp=53.66s
[2026-09-03 03:58:31] [FL round 19] comm=134021412B comp=51.48s
[2026-09-03 03:59:18] [FL round 20] comm=134021412B comp=51.69s
[2026-09-03 04:00:07] [FL round 21] comm=134021412B comp=53.67s
[2026-09-03 04:00:54] [FL round 22] comm=134021412B comp=52.02s
[2026-09-03 04:01:45] [FL round 23] comm=134021412B comp=55.34s
[2026-09-03 04:02:32] [FL round 24] comm=134021412B comp=53.12s
[2026-09-03 04:03:21] [FL round 25] comm=134021412B comp=52.87s
[2026-09-03 04:04:10] [FL round 26] comm=134021412B comp=53.24s
[2026-09-03 04:04:59] [FL round 27] comm=134021412B comp=54.02s
[2026-09-03 04:05:47] [FL round 28] comm=134021412B comp=52.42s
[2026-09-03 04:06:35] [FL round 29] comm=134021412B comp=52.55s
[2026-09-03 04:07:24] [FL round 30] comm=134021412B comp=54.32s
[2026-09-03 04:08:14] [FL round 31] comm=134021412B comp=54.32s
[2026-09-03 04:09:02] [FL round 32] comm=134021412B comp=53.27s
[2026-09-03 04:09:52] [FL round 33] comm=134021412B comp=54.31s
[2026-09-03 04:10:41] [FL round 34] comm=134021412B comp=52.67s
[2026-09-03 04:11:28] [FL round 35] comm=134021412B comp=52.44s
[2026-09-03 04:12:17] [FL round 36] comm=134021412B comp=53.45s
[2026-09-03 04:13:06] [FL round 37] comm=134021412B comp=52.77s
[2026-09-03 04:13:55] [FL round 38] comm=134021412B comp=52.87s
[2026-09-03 04:14:43] [FL round 39] comm=134021412B comp=52.84s
[2026-09-03 04:15:30] [FL round 40] comm=134021412B comp=51.58s
[2026-09-03 04:16:18] [FL round 41] comm=134021412B comp=53.00s
[2026-09-03 04:17:07] [FL round 42] comm=134021412B comp=53.18s
[2026-09-03 04:17:55] [FL round 43] comm=134021412B comp=53.45s
[2026-09-03 04:18:45] [FL round 44] comm=134021412B comp=54.82s
[2026-09-03 04:19:34] [FL round 45] comm=134021412B comp=53.98s
[2026-09-03 04:20:22] [FL round 46] comm=134021412B comp=52.60s
[2026-09-03 04:21:12] [FL round 47] comm=134021412B comp=55.17s
[2026-09-03 04:22:00] [FL round 48] comm=134021412B comp=52.19s
[2026-09-03 04:22:50] [FL round 49] comm=134021412B comp=54.42s
[2026-09-03 04:23:41] [FL round 50] comm=134021412B comp=56.77s
[2026-09-03 04:23:56] FedBN checkpoint assembled: non-BN params from server aggregation, BN params taken from client 'Spain_Dataset' (representative).
[2026-09-03 04:23:56] Running FedBN final evaluation with hospital-specific BN models.
[2026-09-03 04:24:08] [eval/fedbn_per_hospital] hospital=Spain_Dataset acc=0.6698 loss=1.9869 n=106
[2026-09-03 04:24:12] [eval/fedbn_per_hospital] hospital=Canada_Dataset acc=0.7694 loss=1.7808 n=399
[2026-09-03 04:24:15] [eval/fedbn_per_hospital] hospital=India_Dataset acc=0.6742 loss=1.8434 n=132
[2026-09-03 04:24:15] [eval/fedbn_weighted_overall] overall_acc=0.7331 overall_loss=1.8281 total_samples=637
[2026-09-03 04:24:15] [eval/classification] accuracy=0.7331 macro_precision=0.6855 macro_recall=0.6666 macro_f1=0.6740 weighted_f1=0.7278
[2026-09-03 04:24:15] Saved final global model checkpoint to checkpoints/fl/lc_s2026_fedbn_stdce_p20_seed2026_job386749/best.pt
[2026-09-03 04:24:16] Saved 3 per-hospital BN-complete checkpoints to checkpoints/fl/lc_s2026_fedbn_stdce_p20_seed2026_job386749/per_hospital
[2026-09-03 04:24:16] === Run finished: lc_s2026_fedbn_stdce_p20_seed2026_job386749 (elapsed 2459.2s) ===

Done. run_id = lc_s2026_fedbn_stdce_p20_seed2026_job386749
Use this run_id as --source_run for scripts/run_fu.py.

Done: lc_s2026_fedbn_stdce_p20_seed2026_job386749
Metrics: logs/fl/lc_s2026_fedbn_stdce_p20_seed2026_job386749/metrics.json
