[93mWARNING [0m:   DEPRECATED FEATURE: flwr.simulation.start_simulation() is deprecated.
	Instead, use the `flwr run` CLI command to start a local simulation in your Flower app, as shown for example below:

		$ flwr new  # Create a new Flower app from a template

		$ flwr run  # Run the Flower app in Simulation Mode

	Using `start_simulation()` is deprecated.

            This is a deprecated feature. It will be removed
            entirely in future versions of Flower.
        
[92mINFO [0m:      Starting Flower simulation, config: num_rounds=50, no round_timeout
2026-09-03 03:41:05,017	INFO worker.py:2012 -- Started a local Ray instance.
/export/home/ralhasan/anaconda3/envs/fl_fu/lib/python3.10/site-packages/ray/_private/worker.py:2051: FutureWarning: Tip: In future versions of Ray, Ray will no longer override accelerator visible devices env var if num_gpus=0 or num_gpus=None (default). To enable this behavior and turn off this error message, set RAY_ACCEL_ENV_VAR_OVERRIDE_ON_ZERO=0
  warnings.warn(
[92mINFO [0m:      Flower VCE: Ray initialized with resources: {'GPU': 1.0, 'node:10.141.10.4': 1.0, 'memory': 377123039642.0, 'object_store_memory': 161624159846.0, 'node:__internal_head__': 1.0, 'CPU': 32.0, 'accelerator_type:A16': 1.0}
[92mINFO [0m:      Optimize your simulation with Flower VCE: https://flower.ai/docs/framework/how-to-run-simulations.html
[92mINFO [0m:      Flower VCE: Resources for each Virtual Client: {'num_cpus': 1, 'num_gpus': 0.3333333333333333}
[92mINFO [0m:      Flower VCE: Creating VirtualClientEngineActorPool with 3 actors
[92mINFO [0m:      [INIT]
[92mINFO [0m:      Using initial global parameters provided by strategy
[92mINFO [0m:      Starting evaluation of initial global parameters
[92mINFO [0m:      Evaluation returned no results (`None`)
[92mINFO [0m:      
[92mINFO [0m:      [ROUND 1]
[92mINFO [0m:      configure_fit: strategy sampled 3 clients (out of 3)
[36m(pid=gcs_server)[0m [2026-09-03 03:41:32,007 E 2389054 2389054] (gcs_server) gcs_server.cc:302: Failed to establish connection to the event+metrics exporter agent. Events and metrics will not be exported. Exporter agent status: RpcError: Running out of retries to initialize the metrics agent. rpc_code: 14
[33m(raylet)[0m [2026-09-03 03:41:34,974 E 2389303 2389303] (raylet) main.cc:975: Failed to establish connection to the metrics exporter agent. Metrics will not be exported. Exporter agent status: RpcError: Running out of retries to initialize the metrics agent. rpc_code: 14
[36m(ClientAppActor pid=2389592)[0m [2026-09-03 03:41:36,883 E 2389592 2391840] core_worker_process.cc:825: Failed to establish connection to the metrics exporter agent. Metrics will not be exported. Exporter agent status: RpcError: Running out of retries to initialize the metrics agent. rpc_code: 14
[2026-09-03 03:41:37,299 E 2388770 2389584] core_worker_process.cc:825: Failed to establish connection to the metrics exporter agent. Metrics will not be exported. Exporter agent status: RpcError: Running out of retries to initialize the metrics agent. rpc_code: 14
[92mINFO [0m:      aggregate_fit: received 3 results and 0 failures
[92mINFO [0m:      configure_evaluate: strategy sampled 3 clients (out of 3)
[92mINFO [0m:      aggregate_evaluate: received 3 results and 0 failures
[92mINFO [0m:      
[92mINFO [0m:      [ROUND 2]
[92mINFO [0m:      configure_fit: strategy sampled 3 clients (out of 3)
[92mINFO [0m:      aggregate_fit: received 3 results and 0 failures
[92mINFO [0m:      configure_evaluate: strategy sampled 3 clients (out of 3)
[92mINFO [0m:      aggregate_evaluate: received 3 results and 0 failures
[92mINFO [0m:      
[92mINFO [0m:      [ROUND 3]
[92mINFO [0m:      configure_fit: strategy sampled 3 clients (out of 3)
[92mINFO [0m:      aggregate_fit: received 3 results and 0 failures
[92mINFO [0m:      configure_evaluate: strategy sampled 3 clients (out of 3)
[92mINFO [0m:      aggregate_evaluate: received 3 results and 0 failures
[92mINFO [0m:      
[92mINFO [0m:      [ROUND 4]
[92mINFO [0m:      configure_fit: strategy sampled 3 clients (out of 3)
[92mINFO [0m:      aggregate_fit: received 3 results and 0 failures
[92mINFO [0m:      configure_evaluate: strategy sampled 3 clients (out of 3)
[92mINFO [0m:      aggregate_evaluate: received 3 results and 0 failures
[92mINFO [0m:      
[92mINFO [0m:      [ROUND 5]
[92mINFO [0m:      configure_fit: strategy sampled 3 clients (out of 3)
[92mINFO [0m:      aggregate_fit: received 3 results and 0 failures
[92mINFO [0m:      configure_evaluate: strategy sampled 3 clients (out of 3)
[92mINFO [0m:      aggregate_evaluate: received 3 results and 0 failures
[92mINFO [0m:      
[92mINFO [0m:      [ROUND 6]
[92mINFO [0m:      configure_fit: strategy sampled 3 clients (out of 3)
[92mINFO [0m:      aggregate_fit: received 3 results and 0 failures
[92mINFO [0m:      configure_evaluate: strategy sampled 3 clients (out of 3)
[92mINFO [0m:      aggregate_evaluate: received 3 results and 0 failures
[92mINFO [0m:      
[92mINFO [0m:      [ROUND 7]
[92mINFO [0m:      configure_fit: strategy sampled 3 clients (out of 3)
[92mINFO [0m:      aggregate_fit: received 3 results and 0 failures
[92mINFO [0m:      configure_evaluate: strategy sampled 3 clients (out of 3)
[92mINFO [0m:      aggregate_evaluate: received 3 results and 0 failures
[92mINFO [0m:      
[92mINFO [0m:      [ROUND 8]
[92mINFO [0m:      configure_fit: strategy sampled 3 clients (out of 3)
[92mINFO [0m:      aggregate_fit: received 3 results and 0 failures
[92mINFO [0m:      configure_evaluate: strategy sampled 3 clients (out of 3)
[92mINFO [0m:      aggregate_evaluate: received 3 results and 0 failures
[92mINFO [0m:      
[92mINFO [0m:      [ROUND 9]
[92mINFO [0m:      configure_fit: strategy sampled 3 clients (out of 3)
[92mINFO [0m:      aggregate_fit: received 3 results and 0 failures
[92mINFO [0m:      configure_evaluate: strategy sampled 3 clients (out of 3)
[92mINFO [0m:      aggregate_evaluate: received 3 results and 0 failures
[92mINFO [0m:      
[92mINFO [0m:      [ROUND 10]
[92mINFO [0m:      configure_fit: strategy sampled 3 clients (out of 3)
[92mINFO [0m:      aggregate_fit: received 3 results and 0 failures
[92mINFO [0m:      configure_evaluate: strategy sampled 3 clients (out of 3)
[92mINFO [0m:      aggregate_evaluate: received 3 results and 0 failures
[92mINFO [0m:      
[92mINFO [0m:      [ROUND 11]
[92mINFO [0m:      configure_fit: strategy sampled 3 clients (out of 3)
[92mINFO [0m:      aggregate_fit: received 3 results and 0 failures
[92mINFO [0m:      configure_evaluate: strategy sampled 3 clients (out of 3)
[92mINFO [0m:      aggregate_evaluate: received 3 results and 0 failures
[92mINFO [0m:      
[92mINFO [0m:      [ROUND 12]
[92mINFO [0m:      configure_fit: strategy sampled 3 clients (out of 3)
[92mINFO [0m:      aggregate_fit: received 3 results and 0 failures
[92mINFO [0m:      configure_evaluate: strategy sampled 3 clients (out of 3)
[92mINFO [0m:      aggregate_evaluate: received 3 results and 0 failures
[92mINFO [0m:      
[92mINFO [0m:      [ROUND 13]
[92mINFO [0m:      configure_fit: strategy sampled 3 clients (out of 3)
[92mINFO [0m:      aggregate_fit: received 3 results and 0 failures
[92mINFO [0m:      configure_evaluate: strategy sampled 3 clients (out of 3)
[92mINFO [0m:      aggregate_evaluate: received 3 results and 0 failures
[92mINFO [0m:      
[92mINFO [0m:      [ROUND 14]
[92mINFO [0m:      configure_fit: strategy sampled 3 clients (out of 3)
[92mINFO [0m:      aggregate_fit: received 3 results and 0 failures
[92mINFO [0m:      configure_evaluate: strategy sampled 3 clients (out of 3)
[92mINFO [0m:      aggregate_evaluate: received 3 results and 0 failures
[92mINFO [0m:      
[92mINFO [0m:      [ROUND 15]
[92mINFO [0m:      configure_fit: strategy sampled 3 clients (out of 3)
[92mINFO [0m:      aggregate_fit: received 3 results and 0 failures
[92mINFO [0m:      configure_evaluate: strategy sampled 3 clients (out of 3)
[92mINFO [0m:      aggregate_evaluate: received 3 results and 0 failures
[92mINFO [0m:      
[92mINFO [0m:      [ROUND 16]
[92mINFO [0m:      configure_fit: strategy sampled 3 clients (out of 3)
[92mINFO [0m:      aggregate_fit: received 3 results and 0 failures
[92mINFO [0m:      configure_evaluate: strategy sampled 3 clients (out of 3)
[92mINFO [0m:      aggregate_evaluate: received 3 results and 0 failures
[92mINFO [0m:      
[92mINFO [0m:      [ROUND 17]
[92mINFO [0m:      configure_fit: strategy sampled 3 clients (out of 3)
[92mINFO [0m:      aggregate_fit: received 3 results and 0 failures
[92mINFO [0m:      configure_evaluate: strategy sampled 3 clients (out of 3)
[92mINFO [0m:      aggregate_evaluate: received 3 results and 0 failures
[92mINFO [0m:      
[92mINFO [0m:      [ROUND 18]
[92mINFO [0m:      configure_fit: strategy sampled 3 clients (out of 3)
[92mINFO [0m:      aggregate_fit: received 3 results and 0 failures
[92mINFO [0m:      configure_evaluate: strategy sampled 3 clients (out of 3)
[92mINFO [0m:      aggregate_evaluate: received 3 results and 0 failures
[92mINFO [0m:      
[92mINFO [0m:      [ROUND 19]
[92mINFO [0m:      configure_fit: strategy sampled 3 clients (out of 3)
[92mINFO [0m:      aggregate_fit: received 3 results and 0 failures
[92mINFO [0m:      configure_evaluate: strategy sampled 3 clients (out of 3)
[92mINFO [0m:      aggregate_evaluate: received 3 results and 0 failures
[92mINFO [0m:      
[92mINFO [0m:      [ROUND 20]
[92mINFO [0m:      configure_fit: strategy sampled 3 clients (out of 3)
[92mINFO [0m:      aggregate_fit: received 3 results and 0 failures
[92mINFO [0m:      configure_evaluate: strategy sampled 3 clients (out of 3)
[92mINFO [0m:      aggregate_evaluate: received 3 results and 0 failures
[92mINFO [0m:      
[92mINFO [0m:      [ROUND 21]
[92mINFO [0m:      configure_fit: strategy sampled 3 clients (out of 3)
[92mINFO [0m:      aggregate_fit: received 3 results and 0 failures
[92mINFO [0m:      configure_evaluate: strategy sampled 3 clients (out of 3)
[92mINFO [0m:      aggregate_evaluate: received 3 results and 0 failures
[92mINFO [0m:      
[92mINFO [0m:      [ROUND 22]
[92mINFO [0m:      configure_fit: strategy sampled 3 clients (out of 3)
[92mINFO [0m:      aggregate_fit: received 3 results and 0 failures
[92mINFO [0m:      configure_evaluate: strategy sampled 3 clients (out of 3)
[92mINFO [0m:      aggregate_evaluate: received 3 results and 0 failures
[92mINFO [0m:      
[92mINFO [0m:      [ROUND 23]
[92mINFO [0m:      configure_fit: strategy sampled 3 clients (out of 3)
[92mINFO [0m:      aggregate_fit: received 3 results and 0 failures
[92mINFO [0m:      configure_evaluate: strategy sampled 3 clients (out of 3)
[92mINFO [0m:      aggregate_evaluate: received 3 results and 0 failures
[92mINFO [0m:      
[92mINFO [0m:      [ROUND 24]
[92mINFO [0m:      configure_fit: strategy sampled 3 clients (out of 3)
[92mINFO [0m:      aggregate_fit: received 3 results and 0 failures
[92mINFO [0m:      configure_evaluate: strategy sampled 3 clients (out of 3)
[92mINFO [0m:      aggregate_evaluate: received 3 results and 0 failures
[92mINFO [0m:      
[92mINFO [0m:      [ROUND 25]
[92mINFO [0m:      configure_fit: strategy sampled 3 clients (out of 3)
[92mINFO [0m:      aggregate_fit: received 3 results and 0 failures
[92mINFO [0m:      configure_evaluate: strategy sampled 3 clients (out of 3)
[92mINFO [0m:      aggregate_evaluate: received 3 results and 0 failures
[92mINFO [0m:      
[92mINFO [0m:      [ROUND 26]
[92mINFO [0m:      configure_fit: strategy sampled 3 clients (out of 3)
[92mINFO [0m:      aggregate_fit: received 3 results and 0 failures
[92mINFO [0m:      configure_evaluate: strategy sampled 3 clients (out of 3)
[92mINFO [0m:      aggregate_evaluate: received 3 results and 0 failures
[92mINFO [0m:      
[92mINFO [0m:      [ROUND 27]
[92mINFO [0m:      configure_fit: strategy sampled 3 clients (out of 3)
[92mINFO [0m:      aggregate_fit: received 3 results and 0 failures
[92mINFO [0m:      configure_evaluate: strategy sampled 3 clients (out of 3)
[92mINFO [0m:      aggregate_evaluate: received 3 results and 0 failures
[92mINFO [0m:      
[92mINFO [0m:      [ROUND 28]
[92mINFO [0m:      configure_fit: strategy sampled 3 clients (out of 3)
[92mINFO [0m:      aggregate_fit: received 3 results and 0 failures
[92mINFO [0m:      configure_evaluate: strategy sampled 3 clients (out of 3)
[92mINFO [0m:      aggregate_evaluate: received 3 results and 0 failures
[92mINFO [0m:      
[92mINFO [0m:      [ROUND 29]
[92mINFO [0m:      configure_fit: strategy sampled 3 clients (out of 3)
[92mINFO [0m:      aggregate_fit: received 3 results and 0 failures
[92mINFO [0m:      configure_evaluate: strategy sampled 3 clients (out of 3)
[92mINFO [0m:      aggregate_evaluate: received 3 results and 0 failures
[92mINFO [0m:      
[92mINFO [0m:      [ROUND 30]
[92mINFO [0m:      configure_fit: strategy sampled 3 clients (out of 3)
[92mINFO [0m:      aggregate_fit: received 3 results and 0 failures
[92mINFO [0m:      configure_evaluate: strategy sampled 3 clients (out of 3)
[92mINFO [0m:      aggregate_evaluate: received 3 results and 0 failures
[92mINFO [0m:      
[92mINFO [0m:      [ROUND 31]
[92mINFO [0m:      configure_fit: strategy sampled 3 clients (out of 3)
[92mINFO [0m:      aggregate_fit: received 3 results and 0 failures
[92mINFO [0m:      configure_evaluate: strategy sampled 3 clients (out of 3)
[92mINFO [0m:      aggregate_evaluate: received 3 results and 0 failures
[92mINFO [0m:      
[92mINFO [0m:      [ROUND 32]
[92mINFO [0m:      configure_fit: strategy sampled 3 clients (out of 3)
[92mINFO [0m:      aggregate_fit: received 3 results and 0 failures
[92mINFO [0m:      configure_evaluate: strategy sampled 3 clients (out of 3)
[92mINFO [0m:      aggregate_evaluate: received 3 results and 0 failures
[92mINFO [0m:      
[92mINFO [0m:      [ROUND 33]
[92mINFO [0m:      configure_fit: strategy sampled 3 clients (out of 3)
[92mINFO [0m:      aggregate_fit: received 3 results and 0 failures
[92mINFO [0m:      configure_evaluate: strategy sampled 3 clients (out of 3)
[92mINFO [0m:      aggregate_evaluate: received 3 results and 0 failures
[92mINFO [0m:      
[92mINFO [0m:      [ROUND 34]
[92mINFO [0m:      configure_fit: strategy sampled 3 clients (out of 3)
[92mINFO [0m:      aggregate_fit: received 3 results and 0 failures
[92mINFO [0m:      configure_evaluate: strategy sampled 3 clients (out of 3)
[92mINFO [0m:      aggregate_evaluate: received 3 results and 0 failures
[92mINFO [0m:      
[92mINFO [0m:      [ROUND 35]
[92mINFO [0m:      configure_fit: strategy sampled 3 clients (out of 3)
[92mINFO [0m:      aggregate_fit: received 3 results and 0 failures
[92mINFO [0m:      configure_evaluate: strategy sampled 3 clients (out of 3)
[92mINFO [0m:      aggregate_evaluate: received 3 results and 0 failures
[92mINFO [0m:      
[92mINFO [0m:      [ROUND 36]
[92mINFO [0m:      configure_fit: strategy sampled 3 clients (out of 3)
[92mINFO [0m:      aggregate_fit: received 3 results and 0 failures
[92mINFO [0m:      configure_evaluate: strategy sampled 3 clients (out of 3)
[92mINFO [0m:      aggregate_evaluate: received 3 results and 0 failures
[92mINFO [0m:      
[92mINFO [0m:      [ROUND 37]
[92mINFO [0m:      configure_fit: strategy sampled 3 clients (out of 3)
[92mINFO [0m:      aggregate_fit: received 3 results and 0 failures
[92mINFO [0m:      configure_evaluate: strategy sampled 3 clients (out of 3)
[92mINFO [0m:      aggregate_evaluate: received 3 results and 0 failures
[92mINFO [0m:      
[92mINFO [0m:      [ROUND 38]
[92mINFO [0m:      configure_fit: strategy sampled 3 clients (out of 3)
[92mINFO [0m:      aggregate_fit: received 3 results and 0 failures
[92mINFO [0m:      configure_evaluate: strategy sampled 3 clients (out of 3)
[92mINFO [0m:      aggregate_evaluate: received 3 results and 0 failures
[92mINFO [0m:      
[92mINFO [0m:      [ROUND 39]
[92mINFO [0m:      configure_fit: strategy sampled 3 clients (out of 3)
[92mINFO [0m:      aggregate_fit: received 3 results and 0 failures
[92mINFO [0m:      configure_evaluate: strategy sampled 3 clients (out of 3)
[92mINFO [0m:      aggregate_evaluate: received 3 results and 0 failures
[92mINFO [0m:      
[92mINFO [0m:      [ROUND 40]
[92mINFO [0m:      configure_fit: strategy sampled 3 clients (out of 3)
[92mINFO [0m:      aggregate_fit: received 3 results and 0 failures
[92mINFO [0m:      configure_evaluate: strategy sampled 3 clients (out of 3)
[92mINFO [0m:      aggregate_evaluate: received 3 results and 0 failures
[92mINFO [0m:      
[92mINFO [0m:      [ROUND 41]
[92mINFO [0m:      configure_fit: strategy sampled 3 clients (out of 3)
[92mINFO [0m:      aggregate_fit: received 3 results and 0 failures
[92mINFO [0m:      configure_evaluate: strategy sampled 3 clients (out of 3)
[92mINFO [0m:      aggregate_evaluate: received 3 results and 0 failures
[92mINFO [0m:      
[92mINFO [0m:      [ROUND 42]
[92mINFO [0m:      configure_fit: strategy sampled 3 clients (out of 3)
[92mINFO [0m:      aggregate_fit: received 3 results and 0 failures
[92mINFO [0m:      configure_evaluate: strategy sampled 3 clients (out of 3)
[92mINFO [0m:      aggregate_evaluate: received 3 results and 0 failures
[92mINFO [0m:      
[92mINFO [0m:      [ROUND 43]
[92mINFO [0m:      configure_fit: strategy sampled 3 clients (out of 3)
[92mINFO [0m:      aggregate_fit: received 3 results and 0 failures
[92mINFO [0m:      configure_evaluate: strategy sampled 3 clients (out of 3)
[92mINFO [0m:      aggregate_evaluate: received 3 results and 0 failures
[92mINFO [0m:      
[92mINFO [0m:      [ROUND 44]
[92mINFO [0m:      configure_fit: strategy sampled 3 clients (out of 3)
[92mINFO [0m:      aggregate_fit: received 3 results and 0 failures
[92mINFO [0m:      configure_evaluate: strategy sampled 3 clients (out of 3)
[92mINFO [0m:      aggregate_evaluate: received 3 results and 0 failures
[92mINFO [0m:      
[92mINFO [0m:      [ROUND 45]
[92mINFO [0m:      configure_fit: strategy sampled 3 clients (out of 3)
[92mINFO [0m:      aggregate_fit: received 3 results and 0 failures
[92mINFO [0m:      configure_evaluate: strategy sampled 3 clients (out of 3)
[92mINFO [0m:      aggregate_evaluate: received 3 results and 0 failures
[92mINFO [0m:      
[92mINFO [0m:      [ROUND 46]
[92mINFO [0m:      configure_fit: strategy sampled 3 clients (out of 3)
[92mINFO [0m:      aggregate_fit: received 3 results and 0 failures
[92mINFO [0m:      configure_evaluate: strategy sampled 3 clients (out of 3)
[92mINFO [0m:      aggregate_evaluate: received 3 results and 0 failures
[92mINFO [0m:      
[92mINFO [0m:      [ROUND 47]
[92mINFO [0m:      configure_fit: strategy sampled 3 clients (out of 3)
[92mINFO [0m:      aggregate_fit: received 3 results and 0 failures
[92mINFO [0m:      configure_evaluate: strategy sampled 3 clients (out of 3)
[92mINFO [0m:      aggregate_evaluate: received 3 results and 0 failures
[92mINFO [0m:      
[92mINFO [0m:      [ROUND 48]
[92mINFO [0m:      configure_fit: strategy sampled 3 clients (out of 3)
[92mINFO [0m:      aggregate_fit: received 3 results and 0 failures
[92mINFO [0m:      configure_evaluate: strategy sampled 3 clients (out of 3)
[92mINFO [0m:      aggregate_evaluate: received 3 results and 0 failures
[92mINFO [0m:      
[92mINFO [0m:      [ROUND 49]
[92mINFO [0m:      configure_fit: strategy sampled 3 clients (out of 3)
[92mINFO [0m:      aggregate_fit: received 3 results and 0 failures
[92mINFO [0m:      configure_evaluate: strategy sampled 3 clients (out of 3)
[92mINFO [0m:      aggregate_evaluate: received 3 results and 0 failures
[92mINFO [0m:      
[92mINFO [0m:      [ROUND 50]
[92mINFO [0m:      configure_fit: strategy sampled 3 clients (out of 3)
[92mINFO [0m:      aggregate_fit: received 3 results and 0 failures
[92mINFO [0m:      configure_evaluate: strategy sampled 3 clients (out of 3)
[92mINFO [0m:      aggregate_evaluate: received 3 results and 0 failures
[92mINFO [0m:      
[92mINFO [0m:      [SUMMARY]
[92mINFO [0m:      Run finished 50 round(s) in 4776.95s
[92mINFO [0m:      	History (loss, distributed):
[92mINFO [0m:      		round 1: 1.0486816753585073
[92mINFO [0m:      		round 2: 22.44146993891972
[92mINFO [0m:      		round 3: 4.6137671508070435
[92mINFO [0m:      		round 4: 7.304691525418867
[92mINFO [0m:      		round 5: 13.748414318874081
[92mINFO [0m:      		round 6: 7.9351587312374985
[92mINFO [0m:      		round 7: 0.9075034501226955
[92mINFO [0m:      		round 8: 1.7246544795283343
[92mINFO [0m:      		round 9: 0.8840879259902978
[92mINFO [0m:      		round 10: 1.2883014330871438
[92mINFO [0m:      		round 11: 0.8371132584157133
[92mINFO [0m:      		round 12: 1.1997946184508654
[92mINFO [0m:      		round 13: 0.8272512853613454
[92mINFO [0m:      		round 14: 0.8807155034231429
[92mINFO [0m:      		round 15: 1.2114645692299075
[92mINFO [0m:      		round 16: 0.7729987574147654
[92mINFO [0m:      		round 17: 0.7387706825459958
[92mINFO [0m:      		round 18: 1.242369189647902
[92mINFO [0m:      		round 19: 1.0471319136103057
[92mINFO [0m:      		round 20: 1.0682096777942902
[92mINFO [0m:      		round 21: 0.8536096815037391
[92mINFO [0m:      		round 22: 0.9534334213804787
[92mINFO [0m:      		round 23: 0.9828884348951666
[92mINFO [0m:      		round 24: 1.0333408388649836
[92mINFO [0m:      		round 25: 0.8125234834814745
[92mINFO [0m:      		round 26: 0.9780760455168959
[92mINFO [0m:      		round 27: 0.9454718661645144
[92mINFO [0m:      		round 28: 1.1657776681697538
[92mINFO [0m:      		round 29: 0.9669487395877928
[92mINFO [0m:      		round 30: 0.8808856640168973
[92mINFO [0m:      		round 31: 1.0295964467282197
[92mINFO [0m:      		round 32: 0.9909217426877942
[92mINFO [0m:      		round 33: 0.8906310699423965
[92mINFO [0m:      		round 34: 1.0423005432405128
[92mINFO [0m:      		round 35: 1.0207355266416467
[92mINFO [0m:      		round 36: 1.4143854761423085
[92mINFO [0m:      		round 37: 1.219813462726924
[92mINFO [0m:      		round 38: 1.1396013329878707
[92mINFO [0m:      		round 39: 1.123492690139513
[92mINFO [0m:      		round 40: 0.9512395718408342
[92mINFO [0m:      		round 41: 1.029449733310442
[92mINFO [0m:      		round 42: 1.1613866717933299
[92mINFO [0m:      		round 43: 1.1163540357194572
[92mINFO [0m:      		round 44: 1.1360968028076777
[92mINFO [0m:      		round 45: 1.7719231711311654
[92mINFO [0m:      		round 46: 1.390640064910218
[92mINFO [0m:      		round 47: 1.2502953676825603
[92mINFO [0m:      		round 48: 1.2444431805161515
[92mINFO [0m:      		round 49: 1.603795847488535
[92mINFO [0m:      		round 50: 2.057710309698593
[92mINFO [0m:      	History (metrics, distributed, fit):
[92mINFO [0m:      	{'comm_bytes': [(1, 44673804.0),
[92mINFO [0m:      	                (2, 44673804.0),
[92mINFO [0m:      	                (3, 44673804.0),
[92mINFO [0m:      	                (4, 44673804.0),
[92mINFO [0m:      	                (5, 44673804.0),
[92mINFO [0m:      	                (6, 44673804.0),
[92mINFO [0m:      	                (7, 44673804.0),
[92mINFO [0m:      	                (8, 44673804.0),
[92mINFO [0m:      	                (9, 44673804.0),
[92mINFO [0m:      	                (10, 44673804.0),
[92mINFO [0m:      	                (11, 44673804.0),
[92mINFO [0m:      	                (12, 44673804.0),
[92mINFO [0m:      	                (13, 44673804.0),
[92mINFO [0m:      	                (14, 44673804.0),
[92mINFO [0m:      	                (15, 44673804.0),
[92mINFO [0m:      	                (16, 44673804.0),
[92mINFO [0m:      	                (17, 44673804.0),
[92mINFO [0m:      	                (18, 44673804.0),
[92mINFO [0m:      	                (19, 44673804.0),
[92mINFO [0m:      	                (20, 44673804.0),
[92mINFO [0m:      	                (21, 44673804.0),
[92mINFO [0m:      	                (22, 44673804.0),
[92mINFO [0m:      	                (23, 44673804.0),
[92mINFO [0m:      	                (24, 44673804.0),
[92mINFO [0m:      	                (25, 44673804.0),
[92mINFO [0m:      	                (26, 44673804.0),
[92mINFO [0m:      	                (27, 44673804.0),
[92mINFO [0m:      	                (28, 44673804.0),
[92mINFO [0m:      	                (29, 44673804.0),
[92mINFO [0m:      	                (30, 44673804.0),
[92mINFO [0m:      	                (31, 44673804.0),
[92mINFO [0m:      	                (32, 44673804.0),
[92mINFO [0m:      	                (33, 44673804.0),
[92mINFO [0m:      	                (34, 44673804.0),
[92mINFO [0m:      	                (35, 44673804.0),
[92mINFO [0m:      	                (36, 44673804.0),
[92mINFO [0m:      	                (37, 44673804.0),
[92mINFO [0m:      	                (38, 44673804.0),
[92mINFO [0m:      	                (39, 44673804.0),
[92mINFO [0m:      	                (40, 44673804.0),
[92mINFO [0m:      	                (41, 44673804.0),
[92mINFO [0m:      	                (42, 44673804.0),
[92mINFO [0m:      	                (43, 44673804.0),
[92mINFO [0m:      	                (44, 44673804.0),
[92mINFO [0m:      	                (45, 44673804.0),
[92mINFO [0m:      	                (46, 44673804.0),
[92mINFO [0m:      	                (47, 44673804.0),
[92mINFO [0m:      	                (48, 44673804.0),
[92mINFO [0m:      	                (49, 44673804.0),
[92mINFO [0m:      	                (50, 44673804.0)],
[92mINFO [0m:      	 'comp_time_sec': [(1, 34.31381509242914),
[92mINFO [0m:      	                   (2, 33.790413319006475),
[92mINFO [0m:      	                   (3, 33.789266400083285),
[92mINFO [0m:      	                   (4, 33.60628423935328),
[92mINFO [0m:      	                   (5, 34.643464597254344),
[92mINFO [0m:      	                   (6, 33.700613375951555),
[92mINFO [0m:      	                   (7, 34.29103326468308),
[92mINFO [0m:      	                   (8, 33.387880600886),
[92mINFO [0m:      	                   (9, 34.27129512519761),
[92mINFO [0m:      	                   (10, 33.611273727003166),
[92mINFO [0m:      	                   (11, 34.43342514574175),
[92mINFO [0m:      	                   (12, 33.86927216763092),
[92mINFO [0m:      	                   (13, 33.92810180295384),
[92mINFO [0m:      	                   (14, 34.33273115760006),
[92mINFO [0m:      	                   (15, 33.587156982816886),
[92mINFO [0m:      	                   (16, 34.44499639599516),
[92mINFO [0m:      	                   (17, 33.45718053341852),
[92mINFO [0m:      	                   (18, 34.23069547478264),
[92mINFO [0m:      	                   (19, 33.30991645912682),
[92mINFO [0m:      	                   (20, 34.203595080554365),
[92mINFO [0m:      	                   (21, 34.27504550117477),
[92mINFO [0m:      	                   (22, 34.36328434473899),
[92mINFO [0m:      	                   (23, 33.80049170262715),
[92mINFO [0m:      	                   (24, 34.24048326330542),
[92mINFO [0m:      	                   (25, 33.84480526649505),
[92mINFO [0m:      	                   (26, 33.5647930511121),
[92mINFO [0m:      	                   (27, 33.77169697007249),
[92mINFO [0m:      	                   (28, 34.0795931482221),
[92mINFO [0m:      	                   (29, 34.22452252809348),
[92mINFO [0m:      	                   (30, 34.66304765979684),
[92mINFO [0m:      	                   (31, 33.35001201413322),
[92mINFO [0m:      	                   (32, 34.235325716421215),
[92mINFO [0m:      	                   (33, 33.9178558947772),
[92mINFO [0m:      	                   (34, 33.775131376067094),
[92mINFO [0m:      	                   (35, 32.40896943899301),
[92mINFO [0m:      	                   (36, 32.76185068905471),
[92mINFO [0m:      	                   (37, 33.05587636883677),
[92mINFO [0m:      	                   (38, 33.064668767315865),
[92mINFO [0m:      	                   (39, 32.59023405955388),
[92mINFO [0m:      	                   (40, 32.98601766733023),
[92mINFO [0m:      	                   (41, 32.73280834587368),
[92mINFO [0m:      	                   (42, 32.44711562632574),
[92mINFO [0m:      	                   (43, 32.55725349430032),
[92mINFO [0m:      	                   (44, 32.55556707504468),
[92mINFO [0m:      	                   (45, 32.10483960757359),
[92mINFO [0m:      	                   (46, 32.500536102750125),
[92mINFO [0m:      	                   (47, 32.69439506154559),
[92mINFO [0m:      	                   (48, 32.385354982090185),
[92mINFO [0m:      	                   (49, 32.41535296712872),
[92mINFO [0m:      	                   (50, 32.610945188082184)],
[92mINFO [0m:      	 'train_loss': [(1, 0.7645234731486522),
[92mINFO [0m:      	                (2, 0.7658521099137486),
[92mINFO [0m:      	                (3, 0.7881937002855132),
[92mINFO [0m:      	                (4, 0.7964915451122835),
[92mINFO [0m:      	                (5, 0.7647566005533042),
[92mINFO [0m:      	                (6, 0.7448469882123063),
[92mINFO [0m:      	                (7, 0.7503326966017436),
[92mINFO [0m:      	                (8, 0.7177773078985333),
[92mINFO [0m:      	                (9, 0.6976757919755657),
[92mINFO [0m:      	                (10, 0.6832119788394561),
[92mINFO [0m:      	                (11, 0.6859123292933355),
[92mINFO [0m:      	                (12, 0.6747449563997797),
[92mINFO [0m:      	                (13, 0.6619724630307097),
[92mINFO [0m:      	                (14, 0.6355508934505588),
[92mINFO [0m:      	                (15, 0.6287778164420105),
[92mINFO [0m:      	                (16, 0.6101155959717549),
[92mINFO [0m:      	                (17, 0.6004694592491511),
[92mINFO [0m:      	                (18, 0.5648186089937328),
[92mINFO [0m:      	                (19, 0.5538137705984527),
[92mINFO [0m:      	                (20, 0.5398667683697501),
[92mINFO [0m:      	                (21, 0.5109920656548109),
[92mINFO [0m:      	                (22, 0.46481439978208494),
[92mINFO [0m:      	                (23, 0.43832459271817953),
[92mINFO [0m:      	                (24, 0.40503669886853794),
[92mINFO [0m:      	                (25, 0.397353933003517),
[92mINFO [0m:      	                (26, 0.3514025070725643),
[92mINFO [0m:      	                (27, 0.3349239777980619),
[92mINFO [0m:      	                (28, 0.3097208499790259),
[92mINFO [0m:      	                (29, 0.28167628718852805),
[92mINFO [0m:      	                (30, 0.29539447740688457),
[92mINFO [0m:      	                (31, 0.24930063261236537),
[92mINFO [0m:      	                (32, 0.2370896350704498),
[92mINFO [0m:      	                (33, 0.22942344601081793),
[92mINFO [0m:      	                (34, 0.20272089258485818),
[92mINFO [0m:      	                (35, 0.18877612483171757),
[92mINFO [0m:      	                (36, 0.20138877173412334),
[92mINFO [0m:      	                (37, 0.18122552164943131),
[92mINFO [0m:      	                (38, 0.1758344716903369),
[92mINFO [0m:      	                (39, 0.15609655083502902),
[92mINFO [0m:      	                (40, 0.20249367994378856),
[92mINFO [0m:      	                (41, 0.15858628436636937),
[92mINFO [0m:      	                (42, 0.1756163696523117),
[92mINFO [0m:      	                (43, 0.16745052905489483),
[92mINFO [0m:      	                (44, 0.13151561493834654),
[92mINFO [0m:      	                (45, 0.14196501336305628),
[92mINFO [0m:      	                (46, 0.1423950388463818),
[92mINFO [0m:      	                (47, 0.11387301555907957),
[92mINFO [0m:      	                (48, 0.11447820064389684),
[92mINFO [0m:      	                (49, 0.12008483864799867),
[92mINFO [0m:      	                (50, 0.10173508911239047)]}
[92mINFO [0m:      	History (metrics, distributed, evaluate):
[92mINFO [0m:      	{'accuracy': [(1, 0.6577708006279435),
[92mINFO [0m:      	              (2, 0.6169544740973313),
[92mINFO [0m:      	              (3, 0.673469387755102),
[92mINFO [0m:      	              (4, 0.6232339089481946),
[92mINFO [0m:      	              (5, 0.6342229199372057),
[92mINFO [0m:      	              (6, 0.6216640502354788),
[92mINFO [0m:      	              (7, 0.6483516483516484),
[92mINFO [0m:      	              (8, 0.6232339089481946),
[92mINFO [0m:      	              (9, 0.6248037676609105),
[92mINFO [0m:      	              (10, 0.6295133437990581),
[92mINFO [0m:      	              (11, 0.6452119309262166),
[92mINFO [0m:      	              (12, 0.5714285714285714),
[92mINFO [0m:      	              (13, 0.6248037676609105),
[92mINFO [0m:      	              (14, 0.6577708006279435),
[92mINFO [0m:      	              (15, 0.5729984301412873),
[92mINFO [0m:      	              (16, 0.6750392464678179),
[92mINFO [0m:      	              (17, 0.6970172684458399),
[92mINFO [0m:      	              (18, 0.6075353218210361),
[92mINFO [0m:      	              (19, 0.6452119309262166),
[92mINFO [0m:      	              (20, 0.6232339089481946),
[92mINFO [0m:      	              (21, 0.6562009419152276),
[92mINFO [0m:      	              (22, 0.6326530612244898),
[92mINFO [0m:      	              (23, 0.6514913657770801),
[92mINFO [0m:      	              (24, 0.6326530612244898),
[92mINFO [0m:      	              (25, 0.6624803767660911),
[92mINFO [0m:      	              (26, 0.6813186813186813),
[92mINFO [0m:      	              (27, 0.6279434850863422),
[92mINFO [0m:      	              (28, 0.6373626373626373),
[92mINFO [0m:      	              (29, 0.6452119309262166),
[92mINFO [0m:      	              (30, 0.6938775510204082),
[92mINFO [0m:      	              (31, 0.6970172684458399),
[92mINFO [0m:      	              (32, 0.6907378335949764),
[92mINFO [0m:      	              (33, 0.7111459968602826),
[92mINFO [0m:      	              (34, 0.7237048665620094),
[92mINFO [0m:      	              (35, 0.7551020408163265),
[92mINFO [0m:      	              (36, 0.6373626373626373),
[92mINFO [0m:      	              (37, 0.6452119309262166),
[92mINFO [0m:      	              (38, 0.7032967032967034),
[92mINFO [0m:      	              (39, 0.6718995290423861),
[92mINFO [0m:      	              (40, 0.728414442700157),
[92mINFO [0m:      	              (41, 0.7346938775510204),
[92mINFO [0m:      	              (42, 0.6938775510204082),
[92mINFO [0m:      	              (43, 0.7362637362637363),
[92mINFO [0m:      	              (44, 0.7598116169544741),
[92mINFO [0m:      	              (45, 0.6797488226059655),
[92mINFO [0m:      	              (46, 0.6844583987441131),
[92mINFO [0m:      	              (47, 0.7142857142857143),
[92mINFO [0m:      	              (48, 0.7205651491365777),
[92mINFO [0m:      	              (49, 0.6546310832025117),
[92mINFO [0m:      	              (50, 0.6232339089481946)]}
[92mINFO [0m:      
[36m(pid=2389645)[0m [2026-09-03 03:41:37,269 E 2389645 2393410] core_worker_process.cc:825: Failed to establish connection to the metrics exporter agent. Metrics will not be exported. Exporter agent status: RpcError: Running out of retries to initialize the metrics agent. rpc_code: 14[32m [repeated 31x across cluster] (Ray deduplicates logs by default. Set RAY_DEDUP_LOGS=0 to disable log deduplication, or see https://docs.ray.io/en/master/ray-observability/user-guides/configure-logging.html#log-deduplication for more options.)[0m
