[93mWARNING [0m:   DEPRECATED FEATURE: flwr.simulation.start_simulation() is deprecated.
	Instead, use the `flwr run` CLI command to start a local simulation in your Flower app, as shown for example below:

		$ flwr new  # Create a new Flower app from a template

		$ flwr run  # Run the Flower app in Simulation Mode

	Using `start_simulation()` is deprecated.

            This is a deprecated feature. It will be removed
            entirely in future versions of Flower.
        
[92mINFO [0m:      Starting Flower simulation, config: num_rounds=50, no round_timeout
2026-09-05 23:52:47,677	INFO worker.py:2012 -- Started a local Ray instance.
/export/home/ralhasan/anaconda3/envs/fl_fu/lib/python3.10/site-packages/ray/_private/worker.py:2051: FutureWarning: Tip: In future versions of Ray, Ray will no longer override accelerator visible devices env var if num_gpus=0 or num_gpus=None (default). To enable this behavior and turn off this error message, set RAY_ACCEL_ENV_VAR_OVERRIDE_ON_ZERO=0
  warnings.warn(
[92mINFO [0m:      Flower VCE: Ray initialized with resources: {'node:10.141.10.2': 1.0, 'object_store_memory': 127397514854.0, 'accelerator_type:P100': 1.0, 'GPU': 1.0, 'CPU': 48.0, 'memory': 297260867994.0, 'node:__internal_head__': 1.0}
[92mINFO [0m:      Optimize your simulation with Flower VCE: https://flower.ai/docs/framework/how-to-run-simulations.html
[92mINFO [0m:      Flower VCE: Resources for each Virtual Client: {'num_cpus': 1, 'num_gpus': 0.3333333333333333}
[92mINFO [0m:      Flower VCE: Creating VirtualClientEngineActorPool with 3 actors
[92mINFO [0m:      [INIT]
[92mINFO [0m:      Using initial global parameters provided by strategy
[92mINFO [0m:      Starting evaluation of initial global parameters
[92mINFO [0m:      Evaluation returned no results (`None`)
[92mINFO [0m:      
[92mINFO [0m:      [ROUND 1]
[92mINFO [0m:      configure_fit: strategy sampled 3 clients (out of 3)
[36m(pid=gcs_server)[0m [2026-09-05 23:53:12,344 E 218443 218443] (gcs_server) gcs_server.cc:302: Failed to establish connection to the event+metrics exporter agent. Events and metrics will not be exported. Exporter agent status: RpcError: Running out of retries to initialize the metrics agent. rpc_code: 14
[33m(raylet)[0m [2026-09-05 23:53:17,537 E 218624 218624] (raylet) main.cc:975: Failed to establish connection to the metrics exporter agent. Metrics will not be exported. Exporter agent status: RpcError: Running out of retries to initialize the metrics agent. rpc_code: 14
[36m(ClientAppActor pid=218757)[0m [2026-09-05 23:53:19,187 E 218757 218918] core_worker_process.cc:825: Failed to establish connection to the metrics exporter agent. Metrics will not be exported. Exporter agent status: RpcError: Running out of retries to initialize the metrics agent. rpc_code: 14
[2026-09-05 23:53:20,697 E 218297 218756] core_worker_process.cc:825: Failed to establish connection to the metrics exporter agent. Metrics will not be exported. Exporter agent status: RpcError: Running out of retries to initialize the metrics agent. rpc_code: 14
[92mINFO [0m:      aggregate_fit: received 3 results and 0 failures
[92mINFO [0m:      configure_evaluate: strategy sampled 3 clients (out of 3)
[92mINFO [0m:      aggregate_evaluate: received 3 results and 0 failures
[92mINFO [0m:      
[92mINFO [0m:      [ROUND 2]
[92mINFO [0m:      configure_fit: strategy sampled 3 clients (out of 3)
[92mINFO [0m:      aggregate_fit: received 3 results and 0 failures
[92mINFO [0m:      configure_evaluate: strategy sampled 3 clients (out of 3)
[92mINFO [0m:      aggregate_evaluate: received 3 results and 0 failures
[92mINFO [0m:      
[92mINFO [0m:      [ROUND 3]
[92mINFO [0m:      configure_fit: strategy sampled 3 clients (out of 3)
[92mINFO [0m:      aggregate_fit: received 3 results and 0 failures
[92mINFO [0m:      configure_evaluate: strategy sampled 3 clients (out of 3)
[92mINFO [0m:      aggregate_evaluate: received 3 results and 0 failures
[92mINFO [0m:      
[92mINFO [0m:      [ROUND 4]
[92mINFO [0m:      configure_fit: strategy sampled 3 clients (out of 3)
[92mINFO [0m:      aggregate_fit: received 3 results and 0 failures
[92mINFO [0m:      configure_evaluate: strategy sampled 3 clients (out of 3)
[92mINFO [0m:      aggregate_evaluate: received 3 results and 0 failures
[92mINFO [0m:      
[92mINFO [0m:      [ROUND 5]
[92mINFO [0m:      configure_fit: strategy sampled 3 clients (out of 3)
[92mINFO [0m:      aggregate_fit: received 3 results and 0 failures
[92mINFO [0m:      configure_evaluate: strategy sampled 3 clients (out of 3)
[92mINFO [0m:      aggregate_evaluate: received 3 results and 0 failures
[92mINFO [0m:      
[92mINFO [0m:      [ROUND 6]
[92mINFO [0m:      configure_fit: strategy sampled 3 clients (out of 3)
[92mINFO [0m:      aggregate_fit: received 3 results and 0 failures
[92mINFO [0m:      configure_evaluate: strategy sampled 3 clients (out of 3)
[92mINFO [0m:      aggregate_evaluate: received 3 results and 0 failures
[92mINFO [0m:      
[92mINFO [0m:      [ROUND 7]
[92mINFO [0m:      configure_fit: strategy sampled 3 clients (out of 3)
[92mINFO [0m:      aggregate_fit: received 3 results and 0 failures
[92mINFO [0m:      configure_evaluate: strategy sampled 3 clients (out of 3)
[92mINFO [0m:      aggregate_evaluate: received 3 results and 0 failures
[92mINFO [0m:      
[92mINFO [0m:      [ROUND 8]
[92mINFO [0m:      configure_fit: strategy sampled 3 clients (out of 3)
[92mINFO [0m:      aggregate_fit: received 3 results and 0 failures
[92mINFO [0m:      configure_evaluate: strategy sampled 3 clients (out of 3)
[92mINFO [0m:      aggregate_evaluate: received 3 results and 0 failures
[92mINFO [0m:      
[92mINFO [0m:      [ROUND 9]
[92mINFO [0m:      configure_fit: strategy sampled 3 clients (out of 3)
[92mINFO [0m:      aggregate_fit: received 3 results and 0 failures
[92mINFO [0m:      configure_evaluate: strategy sampled 3 clients (out of 3)
[92mINFO [0m:      aggregate_evaluate: received 3 results and 0 failures
[92mINFO [0m:      
[92mINFO [0m:      [ROUND 10]
[92mINFO [0m:      configure_fit: strategy sampled 3 clients (out of 3)
[92mINFO [0m:      aggregate_fit: received 3 results and 0 failures
[92mINFO [0m:      configure_evaluate: strategy sampled 3 clients (out of 3)
[92mINFO [0m:      aggregate_evaluate: received 3 results and 0 failures
[92mINFO [0m:      
[92mINFO [0m:      [ROUND 11]
[92mINFO [0m:      configure_fit: strategy sampled 3 clients (out of 3)
[92mINFO [0m:      aggregate_fit: received 3 results and 0 failures
[92mINFO [0m:      configure_evaluate: strategy sampled 3 clients (out of 3)
[92mINFO [0m:      aggregate_evaluate: received 3 results and 0 failures
[92mINFO [0m:      
[92mINFO [0m:      [ROUND 12]
[92mINFO [0m:      configure_fit: strategy sampled 3 clients (out of 3)
[92mINFO [0m:      aggregate_fit: received 3 results and 0 failures
[92mINFO [0m:      configure_evaluate: strategy sampled 3 clients (out of 3)
[92mINFO [0m:      aggregate_evaluate: received 3 results and 0 failures
[92mINFO [0m:      
[92mINFO [0m:      [ROUND 13]
[92mINFO [0m:      configure_fit: strategy sampled 3 clients (out of 3)
[92mINFO [0m:      aggregate_fit: received 3 results and 0 failures
[92mINFO [0m:      configure_evaluate: strategy sampled 3 clients (out of 3)
[92mINFO [0m:      aggregate_evaluate: received 3 results and 0 failures
[92mINFO [0m:      
[92mINFO [0m:      [ROUND 14]
[92mINFO [0m:      configure_fit: strategy sampled 3 clients (out of 3)
[92mINFO [0m:      aggregate_fit: received 3 results and 0 failures
[92mINFO [0m:      configure_evaluate: strategy sampled 3 clients (out of 3)
[92mINFO [0m:      aggregate_evaluate: received 3 results and 0 failures
[92mINFO [0m:      
[92mINFO [0m:      [ROUND 15]
[92mINFO [0m:      configure_fit: strategy sampled 3 clients (out of 3)
[92mINFO [0m:      aggregate_fit: received 3 results and 0 failures
[92mINFO [0m:      configure_evaluate: strategy sampled 3 clients (out of 3)
[92mINFO [0m:      aggregate_evaluate: received 3 results and 0 failures
[92mINFO [0m:      
[92mINFO [0m:      [ROUND 16]
[92mINFO [0m:      configure_fit: strategy sampled 3 clients (out of 3)
[92mINFO [0m:      aggregate_fit: received 3 results and 0 failures
[92mINFO [0m:      configure_evaluate: strategy sampled 3 clients (out of 3)
[92mINFO [0m:      aggregate_evaluate: received 3 results and 0 failures
[92mINFO [0m:      
[92mINFO [0m:      [ROUND 17]
[92mINFO [0m:      configure_fit: strategy sampled 3 clients (out of 3)
[92mINFO [0m:      aggregate_fit: received 3 results and 0 failures
[92mINFO [0m:      configure_evaluate: strategy sampled 3 clients (out of 3)
[92mINFO [0m:      aggregate_evaluate: received 3 results and 0 failures
[92mINFO [0m:      
[92mINFO [0m:      [ROUND 18]
[92mINFO [0m:      configure_fit: strategy sampled 3 clients (out of 3)
[92mINFO [0m:      aggregate_fit: received 3 results and 0 failures
[92mINFO [0m:      configure_evaluate: strategy sampled 3 clients (out of 3)
[92mINFO [0m:      aggregate_evaluate: received 3 results and 0 failures
[92mINFO [0m:      
[92mINFO [0m:      [ROUND 19]
[92mINFO [0m:      configure_fit: strategy sampled 3 clients (out of 3)
[92mINFO [0m:      aggregate_fit: received 3 results and 0 failures
[92mINFO [0m:      configure_evaluate: strategy sampled 3 clients (out of 3)
[92mINFO [0m:      aggregate_evaluate: received 3 results and 0 failures
[92mINFO [0m:      
[92mINFO [0m:      [ROUND 20]
[92mINFO [0m:      configure_fit: strategy sampled 3 clients (out of 3)
[92mINFO [0m:      aggregate_fit: received 3 results and 0 failures
[92mINFO [0m:      configure_evaluate: strategy sampled 3 clients (out of 3)
[92mINFO [0m:      aggregate_evaluate: received 3 results and 0 failures
[92mINFO [0m:      
[92mINFO [0m:      [ROUND 21]
[92mINFO [0m:      configure_fit: strategy sampled 3 clients (out of 3)
[92mINFO [0m:      aggregate_fit: received 3 results and 0 failures
[92mINFO [0m:      configure_evaluate: strategy sampled 3 clients (out of 3)
[92mINFO [0m:      aggregate_evaluate: received 3 results and 0 failures
[92mINFO [0m:      
[92mINFO [0m:      [ROUND 22]
[92mINFO [0m:      configure_fit: strategy sampled 3 clients (out of 3)
[92mINFO [0m:      aggregate_fit: received 3 results and 0 failures
[92mINFO [0m:      configure_evaluate: strategy sampled 3 clients (out of 3)
[92mINFO [0m:      aggregate_evaluate: received 3 results and 0 failures
[92mINFO [0m:      
[92mINFO [0m:      [ROUND 23]
[92mINFO [0m:      configure_fit: strategy sampled 3 clients (out of 3)
[92mINFO [0m:      aggregate_fit: received 3 results and 0 failures
[92mINFO [0m:      configure_evaluate: strategy sampled 3 clients (out of 3)
[92mINFO [0m:      aggregate_evaluate: received 3 results and 0 failures
[92mINFO [0m:      
[92mINFO [0m:      [ROUND 24]
[92mINFO [0m:      configure_fit: strategy sampled 3 clients (out of 3)
[92mINFO [0m:      aggregate_fit: received 3 results and 0 failures
[92mINFO [0m:      configure_evaluate: strategy sampled 3 clients (out of 3)
[92mINFO [0m:      aggregate_evaluate: received 3 results and 0 failures
[92mINFO [0m:      
[92mINFO [0m:      [ROUND 25]
[92mINFO [0m:      configure_fit: strategy sampled 3 clients (out of 3)
[92mINFO [0m:      aggregate_fit: received 3 results and 0 failures
[92mINFO [0m:      configure_evaluate: strategy sampled 3 clients (out of 3)
[92mINFO [0m:      aggregate_evaluate: received 3 results and 0 failures
[92mINFO [0m:      
[92mINFO [0m:      [ROUND 26]
[92mINFO [0m:      configure_fit: strategy sampled 3 clients (out of 3)
[92mINFO [0m:      aggregate_fit: received 3 results and 0 failures
[92mINFO [0m:      configure_evaluate: strategy sampled 3 clients (out of 3)
[92mINFO [0m:      aggregate_evaluate: received 3 results and 0 failures
[92mINFO [0m:      
[92mINFO [0m:      [ROUND 27]
[92mINFO [0m:      configure_fit: strategy sampled 3 clients (out of 3)
[92mINFO [0m:      aggregate_fit: received 3 results and 0 failures
[92mINFO [0m:      configure_evaluate: strategy sampled 3 clients (out of 3)
[92mINFO [0m:      aggregate_evaluate: received 3 results and 0 failures
[92mINFO [0m:      
[92mINFO [0m:      [ROUND 28]
[92mINFO [0m:      configure_fit: strategy sampled 3 clients (out of 3)
[92mINFO [0m:      aggregate_fit: received 3 results and 0 failures
[92mINFO [0m:      configure_evaluate: strategy sampled 3 clients (out of 3)
[92mINFO [0m:      aggregate_evaluate: received 3 results and 0 failures
[92mINFO [0m:      
[92mINFO [0m:      [ROUND 29]
[92mINFO [0m:      configure_fit: strategy sampled 3 clients (out of 3)
[92mINFO [0m:      aggregate_fit: received 3 results and 0 failures
[92mINFO [0m:      configure_evaluate: strategy sampled 3 clients (out of 3)
[92mINFO [0m:      aggregate_evaluate: received 3 results and 0 failures
[92mINFO [0m:      
[92mINFO [0m:      [ROUND 30]
[92mINFO [0m:      configure_fit: strategy sampled 3 clients (out of 3)
[92mINFO [0m:      aggregate_fit: received 3 results and 0 failures
[92mINFO [0m:      configure_evaluate: strategy sampled 3 clients (out of 3)
[92mINFO [0m:      aggregate_evaluate: received 3 results and 0 failures
[92mINFO [0m:      
[92mINFO [0m:      [ROUND 31]
[92mINFO [0m:      configure_fit: strategy sampled 3 clients (out of 3)
[92mINFO [0m:      aggregate_fit: received 3 results and 0 failures
[92mINFO [0m:      configure_evaluate: strategy sampled 3 clients (out of 3)
[92mINFO [0m:      aggregate_evaluate: received 3 results and 0 failures
[92mINFO [0m:      
[92mINFO [0m:      [ROUND 32]
[92mINFO [0m:      configure_fit: strategy sampled 3 clients (out of 3)
[92mINFO [0m:      aggregate_fit: received 3 results and 0 failures
[92mINFO [0m:      configure_evaluate: strategy sampled 3 clients (out of 3)
[92mINFO [0m:      aggregate_evaluate: received 3 results and 0 failures
[92mINFO [0m:      
[92mINFO [0m:      [ROUND 33]
[92mINFO [0m:      configure_fit: strategy sampled 3 clients (out of 3)
[92mINFO [0m:      aggregate_fit: received 3 results and 0 failures
[92mINFO [0m:      configure_evaluate: strategy sampled 3 clients (out of 3)
[92mINFO [0m:      aggregate_evaluate: received 3 results and 0 failures
[92mINFO [0m:      
[92mINFO [0m:      [ROUND 34]
[92mINFO [0m:      configure_fit: strategy sampled 3 clients (out of 3)
[92mINFO [0m:      aggregate_fit: received 3 results and 0 failures
[92mINFO [0m:      configure_evaluate: strategy sampled 3 clients (out of 3)
[92mINFO [0m:      aggregate_evaluate: received 3 results and 0 failures
[92mINFO [0m:      
[92mINFO [0m:      [ROUND 35]
[92mINFO [0m:      configure_fit: strategy sampled 3 clients (out of 3)
[92mINFO [0m:      aggregate_fit: received 3 results and 0 failures
[92mINFO [0m:      configure_evaluate: strategy sampled 3 clients (out of 3)
[92mINFO [0m:      aggregate_evaluate: received 3 results and 0 failures
[92mINFO [0m:      
[92mINFO [0m:      [ROUND 36]
[92mINFO [0m:      configure_fit: strategy sampled 3 clients (out of 3)
[92mINFO [0m:      aggregate_fit: received 3 results and 0 failures
[92mINFO [0m:      configure_evaluate: strategy sampled 3 clients (out of 3)
[92mINFO [0m:      aggregate_evaluate: received 3 results and 0 failures
[92mINFO [0m:      
[92mINFO [0m:      [ROUND 37]
[92mINFO [0m:      configure_fit: strategy sampled 3 clients (out of 3)
[92mINFO [0m:      aggregate_fit: received 3 results and 0 failures
[92mINFO [0m:      configure_evaluate: strategy sampled 3 clients (out of 3)
[92mINFO [0m:      aggregate_evaluate: received 3 results and 0 failures
[92mINFO [0m:      
[92mINFO [0m:      [ROUND 38]
[92mINFO [0m:      configure_fit: strategy sampled 3 clients (out of 3)
[92mINFO [0m:      aggregate_fit: received 3 results and 0 failures
[92mINFO [0m:      configure_evaluate: strategy sampled 3 clients (out of 3)
[92mINFO [0m:      aggregate_evaluate: received 3 results and 0 failures
[92mINFO [0m:      
[92mINFO [0m:      [ROUND 39]
[92mINFO [0m:      configure_fit: strategy sampled 3 clients (out of 3)
[92mINFO [0m:      aggregate_fit: received 3 results and 0 failures
[92mINFO [0m:      configure_evaluate: strategy sampled 3 clients (out of 3)
[92mINFO [0m:      aggregate_evaluate: received 3 results and 0 failures
[92mINFO [0m:      
[92mINFO [0m:      [ROUND 40]
[92mINFO [0m:      configure_fit: strategy sampled 3 clients (out of 3)
[92mINFO [0m:      aggregate_fit: received 3 results and 0 failures
[92mINFO [0m:      configure_evaluate: strategy sampled 3 clients (out of 3)
[92mINFO [0m:      aggregate_evaluate: received 3 results and 0 failures
[92mINFO [0m:      
[92mINFO [0m:      [ROUND 41]
[92mINFO [0m:      configure_fit: strategy sampled 3 clients (out of 3)
[92mINFO [0m:      aggregate_fit: received 3 results and 0 failures
[92mINFO [0m:      configure_evaluate: strategy sampled 3 clients (out of 3)
[92mINFO [0m:      aggregate_evaluate: received 3 results and 0 failures
[92mINFO [0m:      
[92mINFO [0m:      [ROUND 42]
[92mINFO [0m:      configure_fit: strategy sampled 3 clients (out of 3)
[92mINFO [0m:      aggregate_fit: received 3 results and 0 failures
[92mINFO [0m:      configure_evaluate: strategy sampled 3 clients (out of 3)
[92mINFO [0m:      aggregate_evaluate: received 3 results and 0 failures
[92mINFO [0m:      
[92mINFO [0m:      [ROUND 43]
[92mINFO [0m:      configure_fit: strategy sampled 3 clients (out of 3)
[92mINFO [0m:      aggregate_fit: received 3 results and 0 failures
[92mINFO [0m:      configure_evaluate: strategy sampled 3 clients (out of 3)
[92mINFO [0m:      aggregate_evaluate: received 3 results and 0 failures
[92mINFO [0m:      
[92mINFO [0m:      [ROUND 44]
[92mINFO [0m:      configure_fit: strategy sampled 3 clients (out of 3)
[92mINFO [0m:      aggregate_fit: received 3 results and 0 failures
[92mINFO [0m:      configure_evaluate: strategy sampled 3 clients (out of 3)
[92mINFO [0m:      aggregate_evaluate: received 3 results and 0 failures
[92mINFO [0m:      
[92mINFO [0m:      [ROUND 45]
[92mINFO [0m:      configure_fit: strategy sampled 3 clients (out of 3)
[92mINFO [0m:      aggregate_fit: received 3 results and 0 failures
[92mINFO [0m:      configure_evaluate: strategy sampled 3 clients (out of 3)
[92mINFO [0m:      aggregate_evaluate: received 3 results and 0 failures
[92mINFO [0m:      
[92mINFO [0m:      [ROUND 46]
[92mINFO [0m:      configure_fit: strategy sampled 3 clients (out of 3)
[92mINFO [0m:      aggregate_fit: received 3 results and 0 failures
[92mINFO [0m:      configure_evaluate: strategy sampled 3 clients (out of 3)
[92mINFO [0m:      aggregate_evaluate: received 3 results and 0 failures
[92mINFO [0m:      
[92mINFO [0m:      [ROUND 47]
[92mINFO [0m:      configure_fit: strategy sampled 3 clients (out of 3)
[92mINFO [0m:      aggregate_fit: received 3 results and 0 failures
[92mINFO [0m:      configure_evaluate: strategy sampled 3 clients (out of 3)
[92mINFO [0m:      aggregate_evaluate: received 3 results and 0 failures
[92mINFO [0m:      
[92mINFO [0m:      [ROUND 48]
[92mINFO [0m:      configure_fit: strategy sampled 3 clients (out of 3)
[92mINFO [0m:      aggregate_fit: received 3 results and 0 failures
[92mINFO [0m:      configure_evaluate: strategy sampled 3 clients (out of 3)
[92mINFO [0m:      aggregate_evaluate: received 3 results and 0 failures
[92mINFO [0m:      
[92mINFO [0m:      [ROUND 49]
[92mINFO [0m:      configure_fit: strategy sampled 3 clients (out of 3)
[92mINFO [0m:      aggregate_fit: received 3 results and 0 failures
[92mINFO [0m:      configure_evaluate: strategy sampled 3 clients (out of 3)
[92mINFO [0m:      aggregate_evaluate: received 3 results and 0 failures
[92mINFO [0m:      
[92mINFO [0m:      [ROUND 50]
[92mINFO [0m:      configure_fit: strategy sampled 3 clients (out of 3)
[92mINFO [0m:      aggregate_fit: received 3 results and 0 failures
[92mINFO [0m:      configure_evaluate: strategy sampled 3 clients (out of 3)
[92mINFO [0m:      aggregate_evaluate: received 3 results and 0 failures
[92mINFO [0m:      
[92mINFO [0m:      [SUMMARY]
[92mINFO [0m:      Run finished 50 round(s) in 5970.96s
[92mINFO [0m:      	History (loss, distributed):
[92mINFO [0m:      		round 1: 1.1738273943489304
[92mINFO [0m:      		round 2: 1.6225101927615515
[92mINFO [0m:      		round 3: 1.0676240423223475
[92mINFO [0m:      		round 4: 0.7594203189179137
[92mINFO [0m:      		round 5: 1.0606300738205903
[92mINFO [0m:      		round 6: 0.8793829702881854
[92mINFO [0m:      		round 7: 0.8706625661632891
[92mINFO [0m:      		round 8: 0.9079530163312819
[92mINFO [0m:      		round 9: 0.956810454745869
[92mINFO [0m:      		round 10: 1.0237747406472966
[92mINFO [0m:      		round 11: 0.966653977916978
[92mINFO [0m:      		round 12: 0.889254358537156
[92mINFO [0m:      		round 13: 1.0339259742941924
[92mINFO [0m:      		round 14: 0.9040237426570671
[92mINFO [0m:      		round 15: 1.7895557289501562
[92mINFO [0m:      		round 16: 0.8537918508427109
[92mINFO [0m:      		round 17: 0.9067365305623978
[92mINFO [0m:      		round 18: 0.9227087149159687
[92mINFO [0m:      		round 19: 0.8353609286213595
[92mINFO [0m:      		round 20: 1.0799667695698034
[92mINFO [0m:      		round 21: 0.9930636843131326
[92mINFO [0m:      		round 22: 1.2092678658371818
[92mINFO [0m:      		round 23: 0.9461936440371457
[92mINFO [0m:      		round 24: 0.7548242118706696
[92mINFO [0m:      		round 25: 0.9165937640240747
[92mINFO [0m:      		round 26: 0.7307569990592484
[92mINFO [0m:      		round 27: 0.7589868556070646
[92mINFO [0m:      		round 28: 1.1656918210588583
[92mINFO [0m:      		round 29: 1.0137467595423846
[92mINFO [0m:      		round 30: 0.9421892771979844
[92mINFO [0m:      		round 31: 1.1736368494389031
[92mINFO [0m:      		round 32: 0.9216694998970837
[92mINFO [0m:      		round 33: 0.8570288143689442
[92mINFO [0m:      		round 34: 1.0560585126409445
[92mINFO [0m:      		round 35: 0.810695307361462
[92mINFO [0m:      		round 36: 1.4140900371002627
[92mINFO [0m:      		round 37: 1.1922965370816014
[92mINFO [0m:      		round 38: 1.0850141087848126
[92mINFO [0m:      		round 39: 1.5230601099597545
[92mINFO [0m:      		round 40: 1.3582875844851623
[92mINFO [0m:      		round 41: 1.559529154863555
[92mINFO [0m:      		round 42: 1.22898805631234
[92mINFO [0m:      		round 43: 1.5418933708925426
[92mINFO [0m:      		round 44: 1.4251675226529312
[92mINFO [0m:      		round 45: 1.1877868736767336
[92mINFO [0m:      		round 46: 0.9662256858054273
[92mINFO [0m:      		round 47: 1.1153807509193427
[92mINFO [0m:      		round 48: 1.050123535184368
[92mINFO [0m:      		round 49: 1.1577055897119417
[92mINFO [0m:      		round 50: 1.673323537192338
[92mINFO [0m:      	History (metrics, distributed, fit):
[92mINFO [0m:      	{'comm_bytes': [(1, 44673804.0),
[92mINFO [0m:      	                (2, 44673804.0),
[92mINFO [0m:      	                (3, 44673804.0),
[92mINFO [0m:      	                (4, 44673804.0),
[92mINFO [0m:      	                (5, 44673804.0),
[92mINFO [0m:      	                (6, 44673804.0),
[92mINFO [0m:      	                (7, 44673804.0),
[92mINFO [0m:      	                (8, 44673804.0),
[92mINFO [0m:      	                (9, 44673804.0),
[92mINFO [0m:      	                (10, 44673804.0),
[92mINFO [0m:      	                (11, 44673804.0),
[92mINFO [0m:      	                (12, 44673804.0),
[92mINFO [0m:      	                (13, 44673804.0),
[92mINFO [0m:      	                (14, 44673804.0),
[92mINFO [0m:      	                (15, 44673804.0),
[92mINFO [0m:      	                (16, 44673804.0),
[92mINFO [0m:      	                (17, 44673804.0),
[92mINFO [0m:      	                (18, 44673804.0),
[92mINFO [0m:      	                (19, 44673804.0),
[92mINFO [0m:      	                (20, 44673804.0),
[92mINFO [0m:      	                (21, 44673804.0),
[92mINFO [0m:      	                (22, 44673804.0),
[92mINFO [0m:      	                (23, 44673804.0),
[92mINFO [0m:      	                (24, 44673804.0),
[92mINFO [0m:      	                (25, 44673804.0),
[92mINFO [0m:      	                (26, 44673804.0),
[92mINFO [0m:      	                (27, 44673804.0),
[92mINFO [0m:      	                (28, 44673804.0),
[92mINFO [0m:      	                (29, 44673804.0),
[92mINFO [0m:      	                (30, 44673804.0),
[92mINFO [0m:      	                (31, 44673804.0),
[92mINFO [0m:      	                (32, 44673804.0),
[92mINFO [0m:      	                (33, 44673804.0),
[92mINFO [0m:      	                (34, 44673804.0),
[92mINFO [0m:      	                (35, 44673804.0),
[92mINFO [0m:      	                (36, 44673804.0),
[92mINFO [0m:      	                (37, 44673804.0),
[92mINFO [0m:      	                (38, 44673804.0),
[92mINFO [0m:      	                (39, 44673804.0),
[92mINFO [0m:      	                (40, 44673804.0),
[92mINFO [0m:      	                (41, 44673804.0),
[92mINFO [0m:      	                (42, 44673804.0),
[92mINFO [0m:      	                (43, 44673804.0),
[92mINFO [0m:      	                (44, 44673804.0),
[92mINFO [0m:      	                (45, 44673804.0),
[92mINFO [0m:      	                (46, 44673804.0),
[92mINFO [0m:      	                (47, 44673804.0),
[92mINFO [0m:      	                (48, 44673804.0),
[92mINFO [0m:      	                (49, 44673804.0),
[92mINFO [0m:      	                (50, 44673804.0)],
[92mINFO [0m:      	 'comp_time_sec': [(1, 45.07089832824046),
[92mINFO [0m:      	                   (2, 46.087784096011966),
[92mINFO [0m:      	                   (3, 43.087538131109376),
[92mINFO [0m:      	                   (4, 43.62788557959354),
[92mINFO [0m:      	                   (5, 42.540664908454175),
[92mINFO [0m:      	                   (6, 45.28968243852375),
[92mINFO [0m:      	                   (7, 41.47684983475002),
[92mINFO [0m:      	                   (8, 40.47532669812676),
[92mINFO [0m:      	                   (9, 44.35337465860712),
[92mINFO [0m:      	                   (10, 44.17106289187754),
[92mINFO [0m:      	                   (11, 43.36395509787432),
[92mINFO [0m:      	                   (12, 44.91462645427448),
[92mINFO [0m:      	                   (13, 46.42419839046133),
[92mINFO [0m:      	                   (14, 42.516489174891646),
[92mINFO [0m:      	                   (15, 44.6667240050834),
[92mINFO [0m:      	                   (16, 43.21613623448244),
[92mINFO [0m:      	                   (17, 43.210374571207),
[92mINFO [0m:      	                   (18, 46.84565673756787),
[92mINFO [0m:      	                   (19, 44.29962413658307),
[92mINFO [0m:      	                   (20, 43.377499842737606),
[92mINFO [0m:      	                   (21, 44.945234255527886),
[92mINFO [0m:      	                   (22, 44.49687446337047),
[92mINFO [0m:      	                   (23, 43.351665983988546),
[92mINFO [0m:      	                   (24, 44.91141821268037),
[92mINFO [0m:      	                   (25, 45.34939423180002),
[92mINFO [0m:      	                   (26, 43.37021780201769),
[92mINFO [0m:      	                   (27, 43.49554886686521),
[92mINFO [0m:      	                   (28, 45.26091533711576),
[92mINFO [0m:      	                   (29, 44.896157170374565),
[92mINFO [0m:      	                   (30, 44.9509536290732),
[92mINFO [0m:      	                   (31, 47.06182917553609),
[92mINFO [0m:      	                   (32, 44.380028286318144),
[92mINFO [0m:      	                   (33, 44.796811194870415),
[92mINFO [0m:      	                   (34, 43.7345760830744),
[92mINFO [0m:      	                   (35, 42.85456568753626),
[92mINFO [0m:      	                   (36, 46.508339242672356),
[92mINFO [0m:      	                   (37, 43.695208578128515),
[92mINFO [0m:      	                   (38, 46.092325777988734),
[92mINFO [0m:      	                   (39, 46.00226712133002),
[92mINFO [0m:      	                   (40, 44.54554872062263),
[92mINFO [0m:      	                   (41, 43.649850348787986),
[92mINFO [0m:      	                   (42, 42.97296328713575),
[92mINFO [0m:      	                   (43, 41.94720641740664),
[92mINFO [0m:      	                   (44, 42.13729585625055),
[92mINFO [0m:      	                   (45, 43.47791986484227),
[92mINFO [0m:      	                   (46, 45.11515946463337),
[92mINFO [0m:      	                   (47, 44.44212759714427),
[92mINFO [0m:      	                   (48, 42.38660282131255),
[92mINFO [0m:      	                   (49, 43.45150629413409),
[92mINFO [0m:      	                   (50, 42.98999116974553)],
[92mINFO [0m:      	 'round_seed': [(1, 104176.85826771654),
[92mINFO [0m:      	                (2, 104177.85826771654),
[92mINFO [0m:      	                (3, 104178.85826771654),
[92mINFO [0m:      	                (4, 104179.85826771654),
[92mINFO [0m:      	                (5, 104180.85826771654),
[92mINFO [0m:      	                (6, 104181.85826771654),
[92mINFO [0m:      	                (7, 104182.85826771654),
[92mINFO [0m:      	                (8, 104183.85826771654),
[92mINFO [0m:      	                (9, 104184.85826771654),
[92mINFO [0m:      	                (10, 104185.85826771654),
[92mINFO [0m:      	                (11, 104186.85826771654),
[92mINFO [0m:      	                (12, 104187.85826771654),
[92mINFO [0m:      	                (13, 104188.85826771654),
[92mINFO [0m:      	                (14, 104189.85826771654),
[92mINFO [0m:      	                (15, 104190.85826771654),
[92mINFO [0m:      	                (16, 104191.85826771654),
[92mINFO [0m:      	                (17, 104192.85826771654),
[92mINFO [0m:      	                (18, 104193.85826771654),
[92mINFO [0m:      	                (19, 104194.85826771654),
[92mINFO [0m:      	                (20, 104195.85826771654),
[92mINFO [0m:      	                (21, 104196.85826771654),
[92mINFO [0m:      	                (22, 104197.85826771654),
[92mINFO [0m:      	                (23, 104198.85826771654),
[92mINFO [0m:      	                (24, 104199.85826771654),
[92mINFO [0m:      	                (25, 104200.85826771654),
[92mINFO [0m:      	                (26, 104201.85826771654),
[92mINFO [0m:      	                (27, 104202.85826771654),
[92mINFO [0m:      	                (28, 104203.85826771654),
[92mINFO [0m:      	                (29, 104204.85826771654),
[92mINFO [0m:      	                (30, 104205.85826771654),
[92mINFO [0m:      	                (31, 104206.85826771654),
[92mINFO [0m:      	                (32, 104207.85826771654),
[92mINFO [0m:      	                (33, 104208.85826771654),
[92mINFO [0m:      	                (34, 104209.85826771654),
[92mINFO [0m:      	                (35, 104210.85826771654),
[92mINFO [0m:      	                (36, 104211.85826771654),
[92mINFO [0m:      	                (37, 104212.85826771654),
[92mINFO [0m:      	                (38, 104213.85826771654),
[92mINFO [0m:      	                (39, 104214.85826771654),
[92mINFO [0m:      	                (40, 104215.85826771654),
[92mINFO [0m:      	                (41, 104216.85826771654),
[92mINFO [0m:      	                (42, 104217.85826771654),
[92mINFO [0m:      	                (43, 104218.85826771654),
[92mINFO [0m:      	                (44, 104219.85826771654),
[92mINFO [0m:      	                (45, 104220.85826771654),
[92mINFO [0m:      	                (46, 104221.85826771654),
[92mINFO [0m:      	                (47, 104222.85826771654),
[92mINFO [0m:      	                (48, 104223.85826771654),
[92mINFO [0m:      	                (49, 104224.85826771654),
[92mINFO [0m:      	                (50, 104225.85826771654)],
[92mINFO [0m:      	 'train_loss': [(1, 0.7465347831582261),
[92mINFO [0m:      	                (2, 0.7212531401821953),
[92mINFO [0m:      	                (3, 0.7017123382071171),
[92mINFO [0m:      	                (4, 0.6744134762236373),
[92mINFO [0m:      	                (5, 0.6263276102103644),
[92mINFO [0m:      	                (6, 0.609149341033323),
[92mINFO [0m:      	                (7, 0.5642604355818078),
[92mINFO [0m:      	                (8, 0.5169112175350162),
[92mINFO [0m:      	                (9, 0.47659268092525514),
[92mINFO [0m:      	                (10, 0.42371063984065),
[92mINFO [0m:      	                (11, 0.395469355100883),
[92mINFO [0m:      	                (12, 0.3423920399200553),
[92mINFO [0m:      	                (13, 0.3119232859104259),
[92mINFO [0m:      	                (14, 0.3020112292087484),
[92mINFO [0m:      	                (15, 0.24550949206530928),
[92mINFO [0m:      	                (16, 0.23386733604524987),
[92mINFO [0m:      	                (17, 0.19984747904246375),
[92mINFO [0m:      	                (18, 0.18606429462183652),
[92mINFO [0m:      	                (19, 0.20426324515505345),
[92mINFO [0m:      	                (20, 0.16932033261133475),
[92mINFO [0m:      	                (21, 0.16052749373035144),
[92mINFO [0m:      	                (22, 0.14524009165032656),
[92mINFO [0m:      	                (23, 0.1494190441617449),
[92mINFO [0m:      	                (24, 0.15531964342369256),
[92mINFO [0m:      	                (25, 0.11729018552908763),
[92mINFO [0m:      	                (26, 0.12081967196104425),
[92mINFO [0m:      	                (27, 0.10418133384752244),
[92mINFO [0m:      	                (28, 0.10472204557046065),
[92mINFO [0m:      	                (29, 0.11673690820401655),
[92mINFO [0m:      	                (30, 0.10763977581597964),
[92mINFO [0m:      	                (31, 0.1235998467551597),
[92mINFO [0m:      	                (32, 0.11892029558349693),
[92mINFO [0m:      	                (33, 0.09030697863954405),
[92mINFO [0m:      	                (34, 0.07106417224815961),
[92mINFO [0m:      	                (35, 0.08755096085244385),
[92mINFO [0m:      	                (36, 0.07721074521840583),
[92mINFO [0m:      	                (37, 0.10015211942299872),
[92mINFO [0m:      	                (38, 0.0695607077293098),
[92mINFO [0m:      	                (39, 0.08687428709612206),
[92mINFO [0m:      	                (40, 0.07471807654264784),
[92mINFO [0m:      	                (41, 0.08532803264714962),
[92mINFO [0m:      	                (42, 0.09116730601372248),
[92mINFO [0m:      	                (43, 0.06777004940220191),
[92mINFO [0m:      	                (44, 0.07081327475432715),
[92mINFO [0m:      	                (45, 0.06678957308076178),
[92mINFO [0m:      	                (46, 0.06233518716550038),
[92mINFO [0m:      	                (47, 0.06652835838038458),
[92mINFO [0m:      	                (48, 0.06865117969261748),
[92mINFO [0m:      	                (49, 0.05638574277441802),
[92mINFO [0m:      	                (50, 0.05828112537922694)]}
[92mINFO [0m:      	History (metrics, distributed, evaluate):
[92mINFO [0m:      	{'accuracy': [(1, 0.6530612244897959),
[92mINFO [0m:      	              (2, 0.5588697017268446),
[92mINFO [0m:      	              (3, 0.6687598116169545),
[92mINFO [0m:      	              (4, 0.7158555729984302),
[92mINFO [0m:      	              (5, 0.5792778649921507),
[92mINFO [0m:      	              (6, 0.6985871271585558),
[92mINFO [0m:      	              (7, 0.6530612244897959),
[92mINFO [0m:      	              (8, 0.6248037676609105),
[92mINFO [0m:      	              (9, 0.6295133437990581),
[92mINFO [0m:      	              (10, 0.6562009419152276),
[92mINFO [0m:      	              (11, 0.7001569858712716),
[92mINFO [0m:      	              (12, 0.5996860282574569),
[92mINFO [0m:      	              (13, 0.6703296703296703),
[92mINFO [0m:      	              (14, 0.6766091051805337),
[92mINFO [0m:      	              (15, 0.6232339089481946),
[92mINFO [0m:      	              (16, 0.7111459968602826),
[92mINFO [0m:      	              (17, 0.7299843014128728),
[92mINFO [0m:      	              (18, 0.7205651491365777),
[92mINFO [0m:      	              (19, 0.7566718995290423),
[92mINFO [0m:      	              (20, 0.7299843014128728),
[92mINFO [0m:      	              (21, 0.7080062794348508),
[92mINFO [0m:      	              (22, 0.7378335949764521),
[92mINFO [0m:      	              (23, 0.7488226059654631),
[92mINFO [0m:      	              (24, 0.7943485086342229),
[92mINFO [0m:      	              (25, 0.7660910518053375),
[92mINFO [0m:      	              (26, 0.7880690737833596),
[92mINFO [0m:      	              (27, 0.7990580847723705),
[92mINFO [0m:      	              (28, 0.7425431711145997),
[92mINFO [0m:      	              (29, 0.7299843014128728),
[92mINFO [0m:      	              (30, 0.7912087912087912),
[92mINFO [0m:      	              (31, 0.717425431711146),
[92mINFO [0m:      	              (32, 0.7692307692307693),
[92mINFO [0m:      	              (33, 0.7817896389324961),
[92mINFO [0m:      	              (34, 0.7645211930926217),
[92mINFO [0m:      	              (35, 0.8037676609105181),
[92mINFO [0m:      	              (36, 0.7205651491365777),
[92mINFO [0m:      	              (37, 0.7943485086342229),
[92mINFO [0m:      	              (38, 0.7880690737833596),
[92mINFO [0m:      	              (39, 0.7409733124018838),
[92mINFO [0m:      	              (40, 0.7394034536891679),
[92mINFO [0m:      	              (41, 0.7472527472527473),
[92mINFO [0m:      	              (42, 0.783359497645212),
[92mINFO [0m:      	              (43, 0.7127158555729984),
[92mINFO [0m:      	              (44, 0.7896389324960753),
[92mINFO [0m:      	              (45, 0.7786499215070644),
[92mINFO [0m:      	              (46, 0.8131868131868132),
[92mINFO [0m:      	              (47, 0.7786499215070644),
[92mINFO [0m:      	              (48, 0.8053375196232339),
[92mINFO [0m:      	              (49, 0.8053375196232339),
[92mINFO [0m:      	              (50, 0.7472527472527473)]}
[92mINFO [0m:      
[36m(pid=218819)[0m [2026-09-05 23:53:20,643 E 218819 221597] core_worker_process.cc:825: Failed to establish connection to the metrics exporter agent. Metrics will not be exported. Exporter agent status: RpcError: Running out of retries to initialize the metrics agent. rpc_code: 14[32m [repeated 47x across cluster] (Ray deduplicates logs by default. Set RAY_DEDUP_LOGS=0 to disable log deduplication, or see https://docs.ray.io/en/master/ray-observability/user-guides/configure-logging.html#log-deduplication for more options.)[0m
