[93mWARNING [0m:   DEPRECATED FEATURE: flwr.simulation.start_simulation() is deprecated.
	Instead, use the `flwr run` CLI command to start a local simulation in your Flower app, as shown for example below:

		$ flwr new  # Create a new Flower app from a template

		$ flwr run  # Run the Flower app in Simulation Mode

	Using `start_simulation()` is deprecated.

            This is a deprecated feature. It will be removed
            entirely in future versions of Flower.
        
[92mINFO [0m:      Starting Flower simulation, config: num_rounds=50, no round_timeout
2026-09-03 03:43:43,646	INFO worker.py:2012 -- Started a local Ray instance.
/export/home/ralhasan/anaconda3/envs/fl_fu/lib/python3.10/site-packages/ray/_private/worker.py:2051: FutureWarning: Tip: In future versions of Ray, Ray will no longer override accelerator visible devices env var if num_gpus=0 or num_gpus=None (default). To enable this behavior and turn off this error message, set RAY_ACCEL_ENV_VAR_OVERRIDE_ON_ZERO=0
  warnings.warn(
[92mINFO [0m:      Flower VCE: Ray initialized with resources: {'object_store_memory': 160259574988.0, 'accelerator_type:P100': 1.0, 'memory': 373939008308.0, 'GPU': 1.0, 'node:10.141.10.31': 1.0, 'CPU': 48.0, 'node:__internal_head__': 1.0}
[92mINFO [0m:      Optimize your simulation with Flower VCE: https://flower.ai/docs/framework/how-to-run-simulations.html
[92mINFO [0m:      Flower VCE: Resources for each Virtual Client: {'num_cpus': 1, 'num_gpus': 0.3333333333333333}
[92mINFO [0m:      Flower VCE: Creating VirtualClientEngineActorPool with 3 actors
[92mINFO [0m:      [INIT]
[92mINFO [0m:      Using initial global parameters provided by strategy
[92mINFO [0m:      Starting evaluation of initial global parameters
[92mINFO [0m:      Evaluation returned no results (`None`)
[92mINFO [0m:      
[92mINFO [0m:      [ROUND 1]
[92mINFO [0m:      configure_fit: strategy sampled 3 clients (out of 3)
[36m(pid=gcs_server)[0m [2026-09-03 03:44:05,669 E 1655956 1655956] (gcs_server) gcs_server.cc:302: Failed to establish connection to the event+metrics exporter agent. Events and metrics will not be exported. Exporter agent status: RpcError: Running out of retries to initialize the metrics agent. rpc_code: 14
[33m(raylet)[0m [2026-09-03 03:44:12,897 E 1656326 1656326] (raylet) main.cc:975: Failed to establish connection to the metrics exporter agent. Metrics will not be exported. Exporter agent status: RpcError: Running out of retries to initialize the metrics agent. rpc_code: 14
[36m(ClientAppActor pid=1656653)[0m [2026-09-03 03:44:16,030 E 1656653 1657521] core_worker_process.cc:825: Failed to establish connection to the metrics exporter agent. Metrics will not be exported. Exporter agent status: RpcError: Running out of retries to initialize the metrics agent. rpc_code: 14
[2026-09-03 03:44:16,700 E 1655690 1656648] core_worker_process.cc:825: Failed to establish connection to the metrics exporter agent. Metrics will not be exported. Exporter agent status: RpcError: Running out of retries to initialize the metrics agent. rpc_code: 14
[92mINFO [0m:      aggregate_fit: received 3 results and 0 failures
[92mINFO [0m:      configure_evaluate: strategy sampled 3 clients (out of 3)
[92mINFO [0m:      aggregate_evaluate: received 3 results and 0 failures
[92mINFO [0m:      
[92mINFO [0m:      [ROUND 2]
[92mINFO [0m:      configure_fit: strategy sampled 3 clients (out of 3)
[92mINFO [0m:      aggregate_fit: received 3 results and 0 failures
[92mINFO [0m:      configure_evaluate: strategy sampled 3 clients (out of 3)
[92mINFO [0m:      aggregate_evaluate: received 3 results and 0 failures
[92mINFO [0m:      
[92mINFO [0m:      [ROUND 3]
[92mINFO [0m:      configure_fit: strategy sampled 3 clients (out of 3)
[92mINFO [0m:      aggregate_fit: received 3 results and 0 failures
[92mINFO [0m:      configure_evaluate: strategy sampled 3 clients (out of 3)
[92mINFO [0m:      aggregate_evaluate: received 3 results and 0 failures
[92mINFO [0m:      
[92mINFO [0m:      [ROUND 4]
[92mINFO [0m:      configure_fit: strategy sampled 3 clients (out of 3)
[92mINFO [0m:      aggregate_fit: received 3 results and 0 failures
[92mINFO [0m:      configure_evaluate: strategy sampled 3 clients (out of 3)
[92mINFO [0m:      aggregate_evaluate: received 3 results and 0 failures
[92mINFO [0m:      
[92mINFO [0m:      [ROUND 5]
[92mINFO [0m:      configure_fit: strategy sampled 3 clients (out of 3)
[92mINFO [0m:      aggregate_fit: received 3 results and 0 failures
[92mINFO [0m:      configure_evaluate: strategy sampled 3 clients (out of 3)
[92mINFO [0m:      aggregate_evaluate: received 3 results and 0 failures
[92mINFO [0m:      
[92mINFO [0m:      [ROUND 6]
[92mINFO [0m:      configure_fit: strategy sampled 3 clients (out of 3)
[92mINFO [0m:      aggregate_fit: received 3 results and 0 failures
[92mINFO [0m:      configure_evaluate: strategy sampled 3 clients (out of 3)
[92mINFO [0m:      aggregate_evaluate: received 3 results and 0 failures
[92mINFO [0m:      
[92mINFO [0m:      [ROUND 7]
[92mINFO [0m:      configure_fit: strategy sampled 3 clients (out of 3)
[92mINFO [0m:      aggregate_fit: received 3 results and 0 failures
[92mINFO [0m:      configure_evaluate: strategy sampled 3 clients (out of 3)
[92mINFO [0m:      aggregate_evaluate: received 3 results and 0 failures
[92mINFO [0m:      
[92mINFO [0m:      [ROUND 8]
[92mINFO [0m:      configure_fit: strategy sampled 3 clients (out of 3)
[92mINFO [0m:      aggregate_fit: received 3 results and 0 failures
[92mINFO [0m:      configure_evaluate: strategy sampled 3 clients (out of 3)
[92mINFO [0m:      aggregate_evaluate: received 3 results and 0 failures
[92mINFO [0m:      
[92mINFO [0m:      [ROUND 9]
[92mINFO [0m:      configure_fit: strategy sampled 3 clients (out of 3)
[92mINFO [0m:      aggregate_fit: received 3 results and 0 failures
[92mINFO [0m:      configure_evaluate: strategy sampled 3 clients (out of 3)
[92mINFO [0m:      aggregate_evaluate: received 3 results and 0 failures
[92mINFO [0m:      
[92mINFO [0m:      [ROUND 10]
[92mINFO [0m:      configure_fit: strategy sampled 3 clients (out of 3)
[92mINFO [0m:      aggregate_fit: received 3 results and 0 failures
[92mINFO [0m:      configure_evaluate: strategy sampled 3 clients (out of 3)
[92mINFO [0m:      aggregate_evaluate: received 3 results and 0 failures
[92mINFO [0m:      
[92mINFO [0m:      [ROUND 11]
[92mINFO [0m:      configure_fit: strategy sampled 3 clients (out of 3)
[92mINFO [0m:      aggregate_fit: received 3 results and 0 failures
[92mINFO [0m:      configure_evaluate: strategy sampled 3 clients (out of 3)
[92mINFO [0m:      aggregate_evaluate: received 3 results and 0 failures
[92mINFO [0m:      
[92mINFO [0m:      [ROUND 12]
[92mINFO [0m:      configure_fit: strategy sampled 3 clients (out of 3)
[92mINFO [0m:      aggregate_fit: received 3 results and 0 failures
[92mINFO [0m:      configure_evaluate: strategy sampled 3 clients (out of 3)
[92mINFO [0m:      aggregate_evaluate: received 3 results and 0 failures
[92mINFO [0m:      
[92mINFO [0m:      [ROUND 13]
[92mINFO [0m:      configure_fit: strategy sampled 3 clients (out of 3)
[92mINFO [0m:      aggregate_fit: received 3 results and 0 failures
[92mINFO [0m:      configure_evaluate: strategy sampled 3 clients (out of 3)
[92mINFO [0m:      aggregate_evaluate: received 3 results and 0 failures
[92mINFO [0m:      
[92mINFO [0m:      [ROUND 14]
[92mINFO [0m:      configure_fit: strategy sampled 3 clients (out of 3)
[92mINFO [0m:      aggregate_fit: received 3 results and 0 failures
[92mINFO [0m:      configure_evaluate: strategy sampled 3 clients (out of 3)
[92mINFO [0m:      aggregate_evaluate: received 3 results and 0 failures
[92mINFO [0m:      
[92mINFO [0m:      [ROUND 15]
[92mINFO [0m:      configure_fit: strategy sampled 3 clients (out of 3)
[92mINFO [0m:      aggregate_fit: received 3 results and 0 failures
[92mINFO [0m:      configure_evaluate: strategy sampled 3 clients (out of 3)
[92mINFO [0m:      aggregate_evaluate: received 3 results and 0 failures
[92mINFO [0m:      
[92mINFO [0m:      [ROUND 16]
[92mINFO [0m:      configure_fit: strategy sampled 3 clients (out of 3)
[92mINFO [0m:      aggregate_fit: received 3 results and 0 failures
[92mINFO [0m:      configure_evaluate: strategy sampled 3 clients (out of 3)
[92mINFO [0m:      aggregate_evaluate: received 3 results and 0 failures
[92mINFO [0m:      
[92mINFO [0m:      [ROUND 17]
[92mINFO [0m:      configure_fit: strategy sampled 3 clients (out of 3)
[92mINFO [0m:      aggregate_fit: received 3 results and 0 failures
[92mINFO [0m:      configure_evaluate: strategy sampled 3 clients (out of 3)
[92mINFO [0m:      aggregate_evaluate: received 3 results and 0 failures
[92mINFO [0m:      
[92mINFO [0m:      [ROUND 18]
[92mINFO [0m:      configure_fit: strategy sampled 3 clients (out of 3)
[92mINFO [0m:      aggregate_fit: received 3 results and 0 failures
[92mINFO [0m:      configure_evaluate: strategy sampled 3 clients (out of 3)
[92mINFO [0m:      aggregate_evaluate: received 3 results and 0 failures
[92mINFO [0m:      
[92mINFO [0m:      [ROUND 19]
[92mINFO [0m:      configure_fit: strategy sampled 3 clients (out of 3)
[92mINFO [0m:      aggregate_fit: received 3 results and 0 failures
[92mINFO [0m:      configure_evaluate: strategy sampled 3 clients (out of 3)
[92mINFO [0m:      aggregate_evaluate: received 3 results and 0 failures
[92mINFO [0m:      
[92mINFO [0m:      [ROUND 20]
[92mINFO [0m:      configure_fit: strategy sampled 3 clients (out of 3)
[92mINFO [0m:      aggregate_fit: received 3 results and 0 failures
[92mINFO [0m:      configure_evaluate: strategy sampled 3 clients (out of 3)
[92mINFO [0m:      aggregate_evaluate: received 3 results and 0 failures
[92mINFO [0m:      
[92mINFO [0m:      [ROUND 21]
[92mINFO [0m:      configure_fit: strategy sampled 3 clients (out of 3)
[92mINFO [0m:      aggregate_fit: received 3 results and 0 failures
[92mINFO [0m:      configure_evaluate: strategy sampled 3 clients (out of 3)
[92mINFO [0m:      aggregate_evaluate: received 3 results and 0 failures
[92mINFO [0m:      
[92mINFO [0m:      [ROUND 22]
[92mINFO [0m:      configure_fit: strategy sampled 3 clients (out of 3)
[92mINFO [0m:      aggregate_fit: received 3 results and 0 failures
[92mINFO [0m:      configure_evaluate: strategy sampled 3 clients (out of 3)
[92mINFO [0m:      aggregate_evaluate: received 3 results and 0 failures
[92mINFO [0m:      
[92mINFO [0m:      [ROUND 23]
[92mINFO [0m:      configure_fit: strategy sampled 3 clients (out of 3)
[92mINFO [0m:      aggregate_fit: received 3 results and 0 failures
[92mINFO [0m:      configure_evaluate: strategy sampled 3 clients (out of 3)
[92mINFO [0m:      aggregate_evaluate: received 3 results and 0 failures
[92mINFO [0m:      
[92mINFO [0m:      [ROUND 24]
[92mINFO [0m:      configure_fit: strategy sampled 3 clients (out of 3)
[92mINFO [0m:      aggregate_fit: received 3 results and 0 failures
[92mINFO [0m:      configure_evaluate: strategy sampled 3 clients (out of 3)
[92mINFO [0m:      aggregate_evaluate: received 3 results and 0 failures
[92mINFO [0m:      
[92mINFO [0m:      [ROUND 25]
[92mINFO [0m:      configure_fit: strategy sampled 3 clients (out of 3)
[92mINFO [0m:      aggregate_fit: received 3 results and 0 failures
[92mINFO [0m:      configure_evaluate: strategy sampled 3 clients (out of 3)
[92mINFO [0m:      aggregate_evaluate: received 3 results and 0 failures
[92mINFO [0m:      
[92mINFO [0m:      [ROUND 26]
[92mINFO [0m:      configure_fit: strategy sampled 3 clients (out of 3)
[92mINFO [0m:      aggregate_fit: received 3 results and 0 failures
[92mINFO [0m:      configure_evaluate: strategy sampled 3 clients (out of 3)
[92mINFO [0m:      aggregate_evaluate: received 3 results and 0 failures
[92mINFO [0m:      
[92mINFO [0m:      [ROUND 27]
[92mINFO [0m:      configure_fit: strategy sampled 3 clients (out of 3)
[92mINFO [0m:      aggregate_fit: received 3 results and 0 failures
[92mINFO [0m:      configure_evaluate: strategy sampled 3 clients (out of 3)
[92mINFO [0m:      aggregate_evaluate: received 3 results and 0 failures
[92mINFO [0m:      
[92mINFO [0m:      [ROUND 28]
[92mINFO [0m:      configure_fit: strategy sampled 3 clients (out of 3)
[92mINFO [0m:      aggregate_fit: received 3 results and 0 failures
[92mINFO [0m:      configure_evaluate: strategy sampled 3 clients (out of 3)
[92mINFO [0m:      aggregate_evaluate: received 3 results and 0 failures
[92mINFO [0m:      
[92mINFO [0m:      [ROUND 29]
[92mINFO [0m:      configure_fit: strategy sampled 3 clients (out of 3)
[92mINFO [0m:      aggregate_fit: received 3 results and 0 failures
[92mINFO [0m:      configure_evaluate: strategy sampled 3 clients (out of 3)
[92mINFO [0m:      aggregate_evaluate: received 3 results and 0 failures
[92mINFO [0m:      
[92mINFO [0m:      [ROUND 30]
[92mINFO [0m:      configure_fit: strategy sampled 3 clients (out of 3)
[92mINFO [0m:      aggregate_fit: received 3 results and 0 failures
[92mINFO [0m:      configure_evaluate: strategy sampled 3 clients (out of 3)
[92mINFO [0m:      aggregate_evaluate: received 3 results and 0 failures
[92mINFO [0m:      
[92mINFO [0m:      [ROUND 31]
[92mINFO [0m:      configure_fit: strategy sampled 3 clients (out of 3)
[92mINFO [0m:      aggregate_fit: received 3 results and 0 failures
[92mINFO [0m:      configure_evaluate: strategy sampled 3 clients (out of 3)
[92mINFO [0m:      aggregate_evaluate: received 3 results and 0 failures
[92mINFO [0m:      
[92mINFO [0m:      [ROUND 32]
[92mINFO [0m:      configure_fit: strategy sampled 3 clients (out of 3)
[92mINFO [0m:      aggregate_fit: received 3 results and 0 failures
[92mINFO [0m:      configure_evaluate: strategy sampled 3 clients (out of 3)
[92mINFO [0m:      aggregate_evaluate: received 3 results and 0 failures
[92mINFO [0m:      
[92mINFO [0m:      [ROUND 33]
[92mINFO [0m:      configure_fit: strategy sampled 3 clients (out of 3)
[92mINFO [0m:      aggregate_fit: received 3 results and 0 failures
[92mINFO [0m:      configure_evaluate: strategy sampled 3 clients (out of 3)
[92mINFO [0m:      aggregate_evaluate: received 3 results and 0 failures
[92mINFO [0m:      
[92mINFO [0m:      [ROUND 34]
[92mINFO [0m:      configure_fit: strategy sampled 3 clients (out of 3)
[92mINFO [0m:      aggregate_fit: received 3 results and 0 failures
[92mINFO [0m:      configure_evaluate: strategy sampled 3 clients (out of 3)
[92mINFO [0m:      aggregate_evaluate: received 3 results and 0 failures
[92mINFO [0m:      
[92mINFO [0m:      [ROUND 35]
[92mINFO [0m:      configure_fit: strategy sampled 3 clients (out of 3)
[92mINFO [0m:      aggregate_fit: received 3 results and 0 failures
[92mINFO [0m:      configure_evaluate: strategy sampled 3 clients (out of 3)
[92mINFO [0m:      aggregate_evaluate: received 3 results and 0 failures
[92mINFO [0m:      
[92mINFO [0m:      [ROUND 36]
[92mINFO [0m:      configure_fit: strategy sampled 3 clients (out of 3)
[92mINFO [0m:      aggregate_fit: received 3 results and 0 failures
[92mINFO [0m:      configure_evaluate: strategy sampled 3 clients (out of 3)
[92mINFO [0m:      aggregate_evaluate: received 3 results and 0 failures
[92mINFO [0m:      
[92mINFO [0m:      [ROUND 37]
[92mINFO [0m:      configure_fit: strategy sampled 3 clients (out of 3)
[92mINFO [0m:      aggregate_fit: received 3 results and 0 failures
[92mINFO [0m:      configure_evaluate: strategy sampled 3 clients (out of 3)
[92mINFO [0m:      aggregate_evaluate: received 3 results and 0 failures
[92mINFO [0m:      
[92mINFO [0m:      [ROUND 38]
[92mINFO [0m:      configure_fit: strategy sampled 3 clients (out of 3)
[92mINFO [0m:      aggregate_fit: received 3 results and 0 failures
[92mINFO [0m:      configure_evaluate: strategy sampled 3 clients (out of 3)
[92mINFO [0m:      aggregate_evaluate: received 3 results and 0 failures
[92mINFO [0m:      
[92mINFO [0m:      [ROUND 39]
[92mINFO [0m:      configure_fit: strategy sampled 3 clients (out of 3)
[92mINFO [0m:      aggregate_fit: received 3 results and 0 failures
[92mINFO [0m:      configure_evaluate: strategy sampled 3 clients (out of 3)
[92mINFO [0m:      aggregate_evaluate: received 3 results and 0 failures
[92mINFO [0m:      
[92mINFO [0m:      [ROUND 40]
[92mINFO [0m:      configure_fit: strategy sampled 3 clients (out of 3)
[92mINFO [0m:      aggregate_fit: received 3 results and 0 failures
[92mINFO [0m:      configure_evaluate: strategy sampled 3 clients (out of 3)
[92mINFO [0m:      aggregate_evaluate: received 3 results and 0 failures
[92mINFO [0m:      
[92mINFO [0m:      [ROUND 41]
[92mINFO [0m:      configure_fit: strategy sampled 3 clients (out of 3)
[92mINFO [0m:      aggregate_fit: received 3 results and 0 failures
[92mINFO [0m:      configure_evaluate: strategy sampled 3 clients (out of 3)
[92mINFO [0m:      aggregate_evaluate: received 3 results and 0 failures
[92mINFO [0m:      
[92mINFO [0m:      [ROUND 42]
[92mINFO [0m:      configure_fit: strategy sampled 3 clients (out of 3)
[92mINFO [0m:      aggregate_fit: received 3 results and 0 failures
[92mINFO [0m:      configure_evaluate: strategy sampled 3 clients (out of 3)
[92mINFO [0m:      aggregate_evaluate: received 3 results and 0 failures
[92mINFO [0m:      
[92mINFO [0m:      [ROUND 43]
[92mINFO [0m:      configure_fit: strategy sampled 3 clients (out of 3)
[92mINFO [0m:      aggregate_fit: received 3 results and 0 failures
[92mINFO [0m:      configure_evaluate: strategy sampled 3 clients (out of 3)
[92mINFO [0m:      aggregate_evaluate: received 3 results and 0 failures
[92mINFO [0m:      
[92mINFO [0m:      [ROUND 44]
[92mINFO [0m:      configure_fit: strategy sampled 3 clients (out of 3)
[92mINFO [0m:      aggregate_fit: received 3 results and 0 failures
[92mINFO [0m:      configure_evaluate: strategy sampled 3 clients (out of 3)
[92mINFO [0m:      aggregate_evaluate: received 3 results and 0 failures
[92mINFO [0m:      
[92mINFO [0m:      [ROUND 45]
[92mINFO [0m:      configure_fit: strategy sampled 3 clients (out of 3)
[92mINFO [0m:      aggregate_fit: received 3 results and 0 failures
[92mINFO [0m:      configure_evaluate: strategy sampled 3 clients (out of 3)
[92mINFO [0m:      aggregate_evaluate: received 3 results and 0 failures
[92mINFO [0m:      
[92mINFO [0m:      [ROUND 46]
[92mINFO [0m:      configure_fit: strategy sampled 3 clients (out of 3)
[92mINFO [0m:      aggregate_fit: received 3 results and 0 failures
[92mINFO [0m:      configure_evaluate: strategy sampled 3 clients (out of 3)
[92mINFO [0m:      aggregate_evaluate: received 3 results and 0 failures
[92mINFO [0m:      
[92mINFO [0m:      [ROUND 47]
[92mINFO [0m:      configure_fit: strategy sampled 3 clients (out of 3)
[92mINFO [0m:      aggregate_fit: received 3 results and 0 failures
[92mINFO [0m:      configure_evaluate: strategy sampled 3 clients (out of 3)
[92mINFO [0m:      aggregate_evaluate: received 3 results and 0 failures
[92mINFO [0m:      
[92mINFO [0m:      [ROUND 48]
[92mINFO [0m:      configure_fit: strategy sampled 3 clients (out of 3)
[92mINFO [0m:      aggregate_fit: received 3 results and 0 failures
[92mINFO [0m:      configure_evaluate: strategy sampled 3 clients (out of 3)
[92mINFO [0m:      aggregate_evaluate: received 3 results and 0 failures
[92mINFO [0m:      
[92mINFO [0m:      [ROUND 49]
[92mINFO [0m:      configure_fit: strategy sampled 3 clients (out of 3)
[92mINFO [0m:      aggregate_fit: received 3 results and 0 failures
[92mINFO [0m:      configure_evaluate: strategy sampled 3 clients (out of 3)
[92mINFO [0m:      aggregate_evaluate: received 3 results and 0 failures
[92mINFO [0m:      
[92mINFO [0m:      [ROUND 50]
[92mINFO [0m:      configure_fit: strategy sampled 3 clients (out of 3)
[92mINFO [0m:      aggregate_fit: received 3 results and 0 failures
[92mINFO [0m:      configure_evaluate: strategy sampled 3 clients (out of 3)
[92mINFO [0m:      aggregate_evaluate: received 3 results and 0 failures
[92mINFO [0m:      
[92mINFO [0m:      [SUMMARY]
[92mINFO [0m:      Run finished 50 round(s) in 3848.72s
[92mINFO [0m:      	History (loss, distributed):
[92mINFO [0m:      		round 1: 1.032950224082923
[92mINFO [0m:      		round 2: 0.9775150909528627
[92mINFO [0m:      		round 3: 0.949838657955547
[92mINFO [0m:      		round 4: 1.0503819022485563
[92mINFO [0m:      		round 5: 0.8489283778042397
[92mINFO [0m:      		round 6: 0.8922060172262147
[92mINFO [0m:      		round 7: 0.9047708522581044
[92mINFO [0m:      		round 8: 1.0512444884099617
[92mINFO [0m:      		round 9: 0.7640353321467689
[92mINFO [0m:      		round 10: 0.8012834335421468
[92mINFO [0m:      		round 11: 0.961768068267936
[92mINFO [0m:      		round 12: 0.9501624923298835
[92mINFO [0m:      		round 13: 0.7740232325985069
[92mINFO [0m:      		round 14: 0.991032962896386
[92mINFO [0m:      		round 15: 0.8080682142563106
[92mINFO [0m:      		round 16: 1.0218649840616918
[92mINFO [0m:      		round 17: 0.8431368543411162
[92mINFO [0m:      		round 18: 0.8875027302202287
[92mINFO [0m:      		round 19: 0.8590389809204233
[92mINFO [0m:      		round 20: 1.1212064554122403
[92mINFO [0m:      		round 21: 1.0205269532403916
[92mINFO [0m:      		round 22: 1.1565715399149694
[92mINFO [0m:      		round 23: 0.8702274173486457
[92mINFO [0m:      		round 24: 1.08701007544199
[92mINFO [0m:      		round 25: 1.1472727179079898
[92mINFO [0m:      		round 26: 0.9917776386254997
[92mINFO [0m:      		round 27: 1.1762232078338741
[92mINFO [0m:      		round 28: 1.1585052393837736
[92mINFO [0m:      		round 29: 1.370217785543325
[92mINFO [0m:      		round 30: 0.9943076647402137
[92mINFO [0m:      		round 31: 1.240637881906478
[92mINFO [0m:      		round 32: 1.247161273287501
[92mINFO [0m:      		round 33: 1.1569918865598212
[92mINFO [0m:      		round 34: 1.434579673640897
[92mINFO [0m:      		round 35: 1.65498932593518
[92mINFO [0m:      		round 36: 1.052263722332484
[92mINFO [0m:      		round 37: 1.4226851204138438
[92mINFO [0m:      		round 38: 1.324166031359935
[92mINFO [0m:      		round 39: 1.181501463272907
[92mINFO [0m:      		round 40: 1.3606118062230375
[92mINFO [0m:      		round 41: 1.401859842485703
[92mINFO [0m:      		round 42: 1.4654566033200904
[92mINFO [0m:      		round 43: 1.8174758815159802
[92mINFO [0m:      		round 44: 1.42637442230149
[92mINFO [0m:      		round 45: 1.4198665123782304
[92mINFO [0m:      		round 46: 1.482169327837926
[92mINFO [0m:      		round 47: 1.2808928758226148
[92mINFO [0m:      		round 48: 1.5469330623314501
[92mINFO [0m:      		round 49: 1.6663497763114223
[92mINFO [0m:      		round 50: 1.6971900576383483
[92mINFO [0m:      	History (metrics, distributed, fit):
[92mINFO [0m:      	{'comm_bytes': [(1, 44673804.0),
[92mINFO [0m:      	                (2, 44673804.0),
[92mINFO [0m:      	                (3, 44673804.0),
[92mINFO [0m:      	                (4, 44673804.0),
[92mINFO [0m:      	                (5, 44673804.0),
[92mINFO [0m:      	                (6, 44673804.0),
[92mINFO [0m:      	                (7, 44673804.0),
[92mINFO [0m:      	                (8, 44673804.0),
[92mINFO [0m:      	                (9, 44673804.0),
[92mINFO [0m:      	                (10, 44673804.0),
[92mINFO [0m:      	                (11, 44673804.0),
[92mINFO [0m:      	                (12, 44673804.0),
[92mINFO [0m:      	                (13, 44673804.0),
[92mINFO [0m:      	                (14, 44673804.0),
[92mINFO [0m:      	                (15, 44673804.0),
[92mINFO [0m:      	                (16, 44673804.0),
[92mINFO [0m:      	                (17, 44673804.0),
[92mINFO [0m:      	                (18, 44673804.0),
[92mINFO [0m:      	                (19, 44673804.0),
[92mINFO [0m:      	                (20, 44673804.0),
[92mINFO [0m:      	                (21, 44673804.0),
[92mINFO [0m:      	                (22, 44673804.0),
[92mINFO [0m:      	                (23, 44673804.0),
[92mINFO [0m:      	                (24, 44673804.0),
[92mINFO [0m:      	                (25, 44673804.0),
[92mINFO [0m:      	                (26, 44673804.0),
[92mINFO [0m:      	                (27, 44673804.0),
[92mINFO [0m:      	                (28, 44673804.0),
[92mINFO [0m:      	                (29, 44673804.0),
[92mINFO [0m:      	                (30, 44673804.0),
[92mINFO [0m:      	                (31, 44673804.0),
[92mINFO [0m:      	                (32, 44673804.0),
[92mINFO [0m:      	                (33, 44673804.0),
[92mINFO [0m:      	                (34, 44673804.0),
[92mINFO [0m:      	                (35, 44673804.0),
[92mINFO [0m:      	                (36, 44673804.0),
[92mINFO [0m:      	                (37, 44673804.0),
[92mINFO [0m:      	                (38, 44673804.0),
[92mINFO [0m:      	                (39, 44673804.0),
[92mINFO [0m:      	                (40, 44673804.0),
[92mINFO [0m:      	                (41, 44673804.0),
[92mINFO [0m:      	                (42, 44673804.0),
[92mINFO [0m:      	                (43, 44673804.0),
[92mINFO [0m:      	                (44, 44673804.0),
[92mINFO [0m:      	                (45, 44673804.0),
[92mINFO [0m:      	                (46, 44673804.0),
[92mINFO [0m:      	                (47, 44673804.0),
[92mINFO [0m:      	                (48, 44673804.0),
[92mINFO [0m:      	                (49, 44673804.0),
[92mINFO [0m:      	                (50, 44673804.0)],
[92mINFO [0m:      	 'comp_time_sec': [(1, 27.912095195442966),
[92mINFO [0m:      	                   (2, 26.98475646690504),
[92mINFO [0m:      	                   (3, 26.94900102916319),
[92mINFO [0m:      	                   (4, 27.13686507035054),
[92mINFO [0m:      	                   (5, 26.801161385146823),
[92mINFO [0m:      	                   (6, 26.919674729454446),
[92mINFO [0m:      	                   (7, 27.323873655800753),
[92mINFO [0m:      	                   (8, 26.849740136069425),
[92mINFO [0m:      	                   (9, 27.54801039488828),
[92mINFO [0m:      	                   (10, 26.717011277727355),
[92mINFO [0m:      	                   (11, 26.595122595980794),
[92mINFO [0m:      	                   (12, 26.994009978202204),
[92mINFO [0m:      	                   (13, 27.336425830156376),
[92mINFO [0m:      	                   (14, 27.29289530955358),
[92mINFO [0m:      	                   (15, 27.062044613930365),
[92mINFO [0m:      	                   (16, 27.01164633799822),
[92mINFO [0m:      	                   (17, 27.362183331032476),
[92mINFO [0m:      	                   (18, 26.966297788732856),
[92mINFO [0m:      	                   (19, 26.551619684437558),
[92mINFO [0m:      	                   (20, 27.142857773064158),
[92mINFO [0m:      	                   (21, 26.81370774011405),
[92mINFO [0m:      	                   (22, 27.133997372151363),
[92mINFO [0m:      	                   (23, 27.973651572797426),
[92mINFO [0m:      	                   (24, 26.58162730497251),
[92mINFO [0m:      	                   (25, 26.953437392763366),
[92mINFO [0m:      	                   (26, 27.494143790747287),
[92mINFO [0m:      	                   (27, 26.982245830389168),
[92mINFO [0m:      	                   (28, 26.933988102794398),
[92mINFO [0m:      	                   (29, 27.289821356711304),
[92mINFO [0m:      	                   (30, 26.98930314588829),
[92mINFO [0m:      	                   (31, 26.433204895881037),
[92mINFO [0m:      	                   (32, 26.82765893776271),
[92mINFO [0m:      	                   (33, 27.22718740120912),
[92mINFO [0m:      	                   (34, 27.605077689451107),
[92mINFO [0m:      	                   (35, 26.89607213187735),
[92mINFO [0m:      	                   (36, 27.206418814273512),
[92mINFO [0m:      	                   (37, 27.6322987752083),
[92mINFO [0m:      	                   (38, 26.868803951632106),
[92mINFO [0m:      	                   (39, 27.337046720572477),
[92mINFO [0m:      	                   (40, 27.116104516287056),
[92mINFO [0m:      	                   (41, 27.14041368213631),
[92mINFO [0m:      	                   (42, 27.31199263820987),
[92mINFO [0m:      	                   (43, 27.149854939835077),
[92mINFO [0m:      	                   (44, 26.821967731095864),
[92mINFO [0m:      	                   (45, 27.483475603765754),
[92mINFO [0m:      	                   (46, 26.92275986539777),
[92mINFO [0m:      	                   (47, 27.237508800137913),
[92mINFO [0m:      	                   (48, 27.80106826317616),
[92mINFO [0m:      	                   (49, 27.16945906785818),
[92mINFO [0m:      	                   (50, 27.114956572211)],
[92mINFO [0m:      	 'train_loss': [(1, 0.7972325527401757),
[92mINFO [0m:      	                (2, 0.687854596057037),
[92mINFO [0m:      	                (3, 0.7086726497407152),
[92mINFO [0m:      	                (4, 0.7088201830780252),
[92mINFO [0m:      	                (5, 0.6984491284745641),
[92mINFO [0m:      	                (6, 0.6506926442951175),
[92mINFO [0m:      	                (7, 0.5776751934265807),
[92mINFO [0m:      	                (8, 0.5394668308549206),
[92mINFO [0m:      	                (9, 0.4890530232425141),
[92mINFO [0m:      	                (10, 0.46245068284613466),
[92mINFO [0m:      	                (11, 0.4322758166673832),
[92mINFO [0m:      	                (12, 0.3860214101391703),
[92mINFO [0m:      	                (13, 0.36273446625738776),
[92mINFO [0m:      	                (14, 0.31110724611137736),
[92mINFO [0m:      	                (15, 0.2877528638948781),
[92mINFO [0m:      	                (16, 0.2771588975520271),
[92mINFO [0m:      	                (17, 0.29389959028434076),
[92mINFO [0m:      	                (18, 0.2418844252160965),
[92mINFO [0m:      	                (19, 0.24585265560175126),
[92mINFO [0m:      	                (20, 0.23920060274576674),
[92mINFO [0m:      	                (21, 0.23428583961434538),
[92mINFO [0m:      	                (22, 0.19881517887527758),
[92mINFO [0m:      	                (23, 0.19007735261929806),
[92mINFO [0m:      	                (24, 0.17620971696420196),
[92mINFO [0m:      	                (25, 0.17142480618151584),
[92mINFO [0m:      	                (26, 0.1513200712270391),
[92mINFO [0m:      	                (27, 0.16126412884264435),
[92mINFO [0m:      	                (28, 0.16621032457626703),
[92mINFO [0m:      	                (29, 0.1414973982346162),
[92mINFO [0m:      	                (30, 0.16439857971063052),
[92mINFO [0m:      	                (31, 0.12934288361693813),
[92mINFO [0m:      	                (32, 0.13953518083167607),
[92mINFO [0m:      	                (33, 0.11102276309359306),
[92mINFO [0m:      	                (34, 0.11835241234589493),
[92mINFO [0m:      	                (35, 0.1223730410749829),
[92mINFO [0m:      	                (36, 0.10618398166333012),
[92mINFO [0m:      	                (37, 0.13049781373051128),
[92mINFO [0m:      	                (38, 0.12855424881682578),
[92mINFO [0m:      	                (39, 0.13236987392631364),
[92mINFO [0m:      	                (40, 0.11320086558349199),
[92mINFO [0m:      	                (41, 0.1033890966773923),
[92mINFO [0m:      	                (42, 0.09226317755633548),
[92mINFO [0m:      	                (43, 0.10775831352584078),
[92mINFO [0m:      	                (44, 0.10245243667031488),
[92mINFO [0m:      	                (45, 0.09474345173533458),
[92mINFO [0m:      	                (46, 0.10266253486135696),
[92mINFO [0m:      	                (47, 0.09784675468185755),
[92mINFO [0m:      	                (48, 0.09031296336125093),
[92mINFO [0m:      	                (49, 0.09058294846935573),
[92mINFO [0m:      	                (50, 0.07022795325805355)]}
[92mINFO [0m:      	History (metrics, distributed, evaluate):
[92mINFO [0m:      	{'accuracy': [(1, 0.5478806907378336),
[92mINFO [0m:      	              (2, 0.5902668759811617),
[92mINFO [0m:      	              (3, 0.6028257456828885),
[92mINFO [0m:      	              (4, 0.5996860282574569),
[92mINFO [0m:      	              (5, 0.5635792778649922),
[92mINFO [0m:      	              (6, 0.7001569858712716),
[92mINFO [0m:      	              (7, 0.6138147566718996),
[92mINFO [0m:      	              (8, 0.631083202511774),
[92mINFO [0m:      	              (9, 0.7048665620094191),
[92mINFO [0m:      	              (10, 0.6970172684458399),
[92mINFO [0m:      	              (11, 0.7189952904238619),
[92mINFO [0m:      	              (12, 0.6499215070643642),
[92mINFO [0m:      	              (13, 0.6687598116169545),
[92mINFO [0m:      	              (14, 0.6263736263736264),
[92mINFO [0m:      	              (15, 0.6875981161695447),
[92mINFO [0m:      	              (16, 0.6766091051805337),
[92mINFO [0m:      	              (17, 0.7158555729984302),
[92mINFO [0m:      	              (18, 0.7378335949764521),
[92mINFO [0m:      	              (19, 0.7080062794348508),
[92mINFO [0m:      	              (20, 0.6671899529042387),
[92mINFO [0m:      	              (21, 0.7409733124018838),
[92mINFO [0m:      	              (22, 0.6766091051805337),
[92mINFO [0m:      	              (23, 0.7472527472527473),
[92mINFO [0m:      	              (24, 0.7252747252747253),
[92mINFO [0m:      	              (25, 0.706436420722135),
[92mINFO [0m:      	              (26, 0.7221350078492935),
[92mINFO [0m:      	              (27, 0.7001569858712716),
[92mINFO [0m:      	              (28, 0.6907378335949764),
[92mINFO [0m:      	              (29, 0.6562009419152276),
[92mINFO [0m:      	              (30, 0.7472527472527473),
[92mINFO [0m:      	              (31, 0.6797488226059655),
[92mINFO [0m:      	              (32, 0.7205651491365777),
[92mINFO [0m:      	              (33, 0.7362637362637363),
[92mINFO [0m:      	              (34, 0.7519623233908949),
[92mINFO [0m:      	              (35, 0.6718995290423861),
[92mINFO [0m:      	              (36, 0.7221350078492935),
[92mINFO [0m:      	              (37, 0.7095761381475667),
[92mINFO [0m:      	              (38, 0.7221350078492935),
[92mINFO [0m:      	              (39, 0.7001569858712716),
[92mINFO [0m:      	              (40, 0.6703296703296703),
[92mINFO [0m:      	              (41, 0.750392464678179),
[92mINFO [0m:      	              (42, 0.7127158555729984),
[92mINFO [0m:      	              (43, 0.7158555729984302),
[92mINFO [0m:      	              (44, 0.728414442700157),
[92mINFO [0m:      	              (45, 0.7252747252747253),
[92mINFO [0m:      	              (46, 0.7205651491365777),
[92mINFO [0m:      	              (47, 0.7158555729984302),
[92mINFO [0m:      	              (48, 0.7032967032967034),
[92mINFO [0m:      	              (49, 0.6781789638932496),
[92mINFO [0m:      	              (50, 0.6970172684458399)]}
[92mINFO [0m:      
[36m(pid=1656731)[0m [2026-09-03 03:44:16,664 E 1656731 1662283] core_worker_process.cc:825: Failed to establish connection to the metrics exporter agent. Metrics will not be exported. Exporter agent status: RpcError: Running out of retries to initialize the metrics agent. rpc_code: 14[32m [repeated 47x across cluster] (Ray deduplicates logs by default. Set RAY_DEDUP_LOGS=0 to disable log deduplication, or see https://docs.ray.io/en/master/ray-observability/user-guides/configure-logging.html#log-deduplication for more options.)[0m
