============================================================
Learning-curve FL run
Run ID:       lc_s123_fedbn_stdce_p100_seed123_job386742
Setting:      fedbn_stdce
Train data:   p100
Dataset path: /export/home/ralhasan/fl-fu-oral3/dataset/oral3_learning_curve_seed42/p100
Train seed:   123
Config:       configs/learning_curve_fedbn_stdce.yaml
SLURM job:    386742
============================================================
Thu Sep  3 03:40:46 2026       
+---------------------------------------------------------------------------------------+
| NVIDIA-SMI 535.113.01             Driver Version: 535.113.01   CUDA Version: 12.2     |
|-----------------------------------------+----------------------+----------------------+
| GPU  Name                 Persistence-M | Bus-Id        Disp.A | Volatile Uncorr. ECC |
| Fan  Temp   Perf          Pwr:Usage/Cap |         Memory-Usage | GPU-Util  Compute M. |
|                                         |                      |               MIG M. |
|=========================================+======================+======================|
|   0  Tesla P100-PCIE-16GB           Off | 00000000:3B:00.0 Off |                    0 |
| N/A   25C    P0              25W / 250W |      0MiB / 16384MiB |      0%      Default |
|                                         |                      |                  N/A |
+-----------------------------------------+----------------------+----------------------+
                                                                                         
+---------------------------------------------------------------------------------------+
| Processes:                                                                            |
|  GPU   GI   CI        PID   Type   Process name                            GPU Memory |
|        ID   ID                                                             Usage      |
|=======================================================================================|
|  No running processes found                                                           |
+---------------------------------------------------------------------------------------+
Applied --set overrides: {'dataset_path': '/export/home/ralhasan/fl-fu-oral3/dataset/oral3_learning_curve_seed42/p100', 'seed': 123}
[2026-09-03 03:40:59] === Run started: lc_s123_fedbn_stdce_p100_seed123_job386742 ===
[2026-09-03 03:40:59] Config loaded from configs/learning_curve_fedbn_stdce.yaml
[2026-09-03 03:40:59] Run directories: {'log_dir': 'logs/fl/lc_s123_fedbn_stdce_p100_seed123_job386742', 'tb_dir': 'logs/fl/lc_s123_fedbn_stdce_p100_seed123_job386742/tb', 'checkpoint_dir': 'checkpoints/fl/lc_s123_fedbn_stdce_p100_seed123_job386742', 'output_dir': 'outputs/fl/lc_s123_fedbn_stdce_p100_seed123_job386742'}
[2026-09-03 03:40:59] Indexing dataset...
[2026-09-03 03:40:59] Indexed 2538 train samples, 637 test samples.
[2026-09-03 03:40:59] Built 3 client partition(s) (client_split=hospital_based).
[2026-09-03 03:40:59]   client_id=Spain_Dataset hospital=Spain_Dataset n_samples=398
[2026-09-03 03:40:59]   client_id=Canada_Dataset hospital=Canada_Dataset n_samples=1635
[2026-09-03 03:40:59]   client_id=India_Dataset hospital=India_Dataset n_samples=505
[2026-09-03 03:40:59] Run hyperparameters:
  algorithm: fedbn
  model: resnet18
  num_clients: 3
  global_epochs: 50
  local_epochs: 3
  batch_size: 16
  learning_rate: 0.001
  domain_adaptation: True
  imbalance_method: standard_ce
[2026-09-03 03:40:59] [class_imbalance] method=standard_ce, global_train_counts=[1388, 772, 378], beta=0.999, weight_clip=None
[2026-09-03 03:40:59] [class_imbalance/client] client_id=Spain_Dataset, hospital=Spain_Dataset, local_counts=[151, 161, 86], loss_weights=None
[2026-09-03 03:40:59] [class_imbalance/client] client_id=Canada_Dataset, hospital=Canada_Dataset, local_counts=[1226, 272, 137], loss_weights=None
[2026-09-03 03:40:59] [class_imbalance/client] client_id=India_Dataset, hospital=India_Dataset, local_counts=[11, 339, 155], loss_weights=None
[2026-09-03 03:40:59] Starting Flower simulation: algorithm=fedbn, clients=3, rounds=50
[2026-09-03 03:43:38] [FL round 1] comm=134021412B comp=233.77s
[2026-09-03 03:46:24] [FL round 2] comm=134021412B comp=239.99s
[2026-09-03 03:49:13] [FL round 3] comm=134021412B comp=241.00s
[2026-09-03 03:52:01] [FL round 4] comm=134021412B comp=241.13s
[2026-09-03 03:54:48] [FL round 5] comm=134021412B comp=238.97s
[2026-09-03 03:57:32] [FL round 6] comm=134021412B comp=236.49s
[2026-09-03 04:00:16] [FL round 7] comm=134021412B comp=235.34s
[2026-09-03 04:03:04] [FL round 8] comm=134021412B comp=238.88s
[2026-09-03 04:05:53] [FL round 9] comm=134021412B comp=241.94s
[2026-09-03 04:08:39] [FL round 10] comm=134021412B comp=238.10s
[2026-09-03 04:11:26] [FL round 11] comm=134021412B comp=240.42s
[2026-09-03 04:14:11] [FL round 12] comm=134021412B comp=238.65s
[2026-09-03 04:16:58] [FL round 13] comm=134021412B comp=237.97s
[2026-09-03 04:19:44] [FL round 14] comm=134021412B comp=238.01s
[2026-09-03 04:22:30] [FL round 15] comm=134021412B comp=239.15s
[2026-09-03 04:25:16] [FL round 16] comm=134021412B comp=238.91s
[2026-09-03 04:28:03] [FL round 17] comm=134021412B comp=237.98s
[2026-09-03 04:30:48] [FL round 18] comm=134021412B comp=236.57s
[2026-09-03 04:33:34] [FL round 19] comm=134021412B comp=236.06s
[2026-09-03 04:36:15] [FL round 20] comm=134021412B comp=230.11s
[2026-09-03 04:39:02] [FL round 21] comm=134021412B comp=237.95s
[2026-09-03 04:41:48] [FL round 22] comm=134021412B comp=234.58s
[2026-09-03 04:44:32] [FL round 23] comm=134021412B comp=234.40s
[2026-09-03 04:47:17] [FL round 24] comm=134021412B comp=236.18s
[2026-09-03 04:50:03] [FL round 25] comm=134021412B comp=234.70s
[2026-09-03 04:52:48] [FL round 26] comm=134021412B comp=236.27s
[2026-09-03 04:55:34] [FL round 27] comm=134021412B comp=236.49s
[2026-09-03 04:58:19] [FL round 28] comm=134021412B comp=235.80s
[2026-09-03 05:01:06] [FL round 29] comm=134021412B comp=237.64s
[2026-09-03 05:03:54] [FL round 30] comm=134021412B comp=237.58s
[2026-09-03 05:06:39] [FL round 31] comm=134021412B comp=237.20s
[2026-09-03 05:09:26] [FL round 32] comm=134021412B comp=235.33s
[2026-09-03 05:12:10] [FL round 33] comm=134021412B comp=234.66s
[2026-09-03 05:14:54] [FL round 34] comm=134021412B comp=235.62s
[2026-09-03 05:17:40] [FL round 35] comm=134021412B comp=235.73s
[2026-09-03 05:20:24] [FL round 36] comm=134021412B comp=232.35s
[2026-09-03 05:23:09] [FL round 37] comm=134021412B comp=233.48s
[2026-09-03 05:25:55] [FL round 38] comm=134021412B comp=236.59s
[2026-09-03 05:28:40] [FL round 39] comm=134021412B comp=236.32s
[2026-09-03 05:31:26] [FL round 40] comm=134021412B comp=236.41s
[2026-09-03 05:34:11] [FL round 41] comm=134021412B comp=235.45s
[2026-09-03 05:36:56] [FL round 42] comm=134021412B comp=235.19s
[2026-09-03 05:39:40] [FL round 43] comm=134021412B comp=234.09s
[2026-09-03 05:42:25] [FL round 44] comm=134021412B comp=235.33s
[2026-09-03 05:45:07] [FL round 45] comm=134021412B comp=233.13s
[2026-09-03 05:47:51] [FL round 46] comm=134021412B comp=234.44s
[2026-09-03 05:50:35] [FL round 47] comm=134021412B comp=232.13s
[2026-09-03 05:53:20] [FL round 48] comm=134021412B comp=234.46s
[2026-09-03 05:56:03] [FL round 49] comm=134021412B comp=233.16s
[2026-09-03 05:58:45] [FL round 50] comm=134021412B comp=232.65s
[2026-09-03 05:59:00] FedBN checkpoint assembled: non-BN params from server aggregation, BN params taken from client 'Spain_Dataset' (representative).
[2026-09-03 05:59:00] Running FedBN final evaluation with hospital-specific BN models.
[2026-09-03 05:59:12] [eval/fedbn_per_hospital] hospital=Spain_Dataset acc=0.8868 loss=0.8688 n=106
[2026-09-03 05:59:16] [eval/fedbn_per_hospital] hospital=Canada_Dataset acc=0.8822 loss=0.6688 n=399
[2026-09-03 05:59:20] [eval/fedbn_per_hospital] hospital=India_Dataset acc=0.6667 loss=1.5680 n=132
[2026-09-03 05:59:20] [eval/fedbn_weighted_overall] overall_acc=0.8383 overall_loss=0.8884 total_samples=637
[2026-09-03 05:59:20] [eval/classification] accuracy=0.8383 macro_precision=0.8034 macro_recall=0.7963 macro_f1=0.7941 weighted_f1=0.8361
[2026-09-03 05:59:20] Saved final global model checkpoint to checkpoints/fl/lc_s123_fedbn_stdce_p100_seed123_job386742/best.pt
[2026-09-03 05:59:21] Saved 3 per-hospital BN-complete checkpoints to checkpoints/fl/lc_s123_fedbn_stdce_p100_seed123_job386742/per_hospital
[2026-09-03 05:59:21] === Run finished: lc_s123_fedbn_stdce_p100_seed123_job386742 (elapsed 8302.1s) ===

Done. run_id = lc_s123_fedbn_stdce_p100_seed123_job386742
Use this run_id as --source_run for scripts/run_fu.py.

Done: lc_s123_fedbn_stdce_p100_seed123_job386742
Metrics: logs/fl/lc_s123_fedbn_stdce_p100_seed123_job386742/metrics.json
