[93mWARNING [0m:   DEPRECATED FEATURE: flwr.simulation.start_simulation() is deprecated.
	Instead, use the `flwr run` CLI command to start a local simulation in your Flower app, as shown for example below:

		$ flwr new  # Create a new Flower app from a template

		$ flwr run  # Run the Flower app in Simulation Mode

	Using `start_simulation()` is deprecated.

            This is a deprecated feature. It will be removed
            entirely in future versions of Flower.
        
[92mINFO [0m:      Starting Flower simulation, config: num_rounds=50, no round_timeout
2026-09-04 01:01:19,678	INFO worker.py:2012 -- Started a local Ray instance.
/export/home/ralhasan/anaconda3/envs/fl_fu/lib/python3.10/site-packages/ray/_private/worker.py:2051: FutureWarning: Tip: In future versions of Ray, Ray will no longer override accelerator visible devices env var if num_gpus=0 or num_gpus=None (default). To enable this behavior and turn off this error message, set RAY_ACCEL_ENV_VAR_OVERRIDE_ON_ZERO=0
  warnings.warn(
[92mINFO [0m:      Flower VCE: Ray initialized with resources: {'memory': 377707859559.0, 'node:10.141.10.4': 1.0, 'object_store_memory': 161874796953.0, 'GPU': 1.0, 'node:__internal_head__': 1.0, 'CPU': 32.0, 'accelerator_type:A16': 1.0}
[92mINFO [0m:      Optimize your simulation with Flower VCE: https://flower.ai/docs/framework/how-to-run-simulations.html
[92mINFO [0m:      Flower VCE: Resources for each Virtual Client: {'num_cpus': 1, 'num_gpus': 0.3333333333333333}
[92mINFO [0m:      Flower VCE: Creating VirtualClientEngineActorPool with 3 actors
[92mINFO [0m:      [INIT]
[92mINFO [0m:      Using initial global parameters provided by strategy
[92mINFO [0m:      Starting evaluation of initial global parameters
[92mINFO [0m:      Evaluation returned no results (`None`)
[92mINFO [0m:      
[92mINFO [0m:      [ROUND 1]
[92mINFO [0m:      configure_fit: strategy sampled 3 clients (out of 3)
[36m(pid=gcs_server)[0m [2026-09-04 01:01:46,217 E 2655547 2655547] (gcs_server) gcs_server.cc:302: Failed to establish connection to the event+metrics exporter agent. Events and metrics will not be exported. Exporter agent status: RpcError: Running out of retries to initialize the metrics agent. rpc_code: 14
[33m(raylet)[0m [2026-09-04 01:01:49,618 E 2655758 2655758] (raylet) main.cc:975: Failed to establish connection to the metrics exporter agent. Metrics will not be exported. Exporter agent status: RpcError: Running out of retries to initialize the metrics agent. rpc_code: 14
[36m(ClientAppActor pid=2655912)[0m [2026-09-04 01:01:51,006 E 2655912 2656297] core_worker_process.cc:825: Failed to establish connection to the metrics exporter agent. Metrics will not be exported. Exporter agent status: RpcError: Running out of retries to initialize the metrics agent. rpc_code: 14
[2026-09-04 01:01:51,455 E 2655439 2655906] core_worker_process.cc:825: Failed to establish connection to the metrics exporter agent. Metrics will not be exported. Exporter agent status: RpcError: Running out of retries to initialize the metrics agent. rpc_code: 14
[92mINFO [0m:      aggregate_fit: received 3 results and 0 failures
[92mINFO [0m:      configure_evaluate: strategy sampled 3 clients (out of 3)
[92mINFO [0m:      aggregate_evaluate: received 3 results and 0 failures
[92mINFO [0m:      
[92mINFO [0m:      [ROUND 2]
[92mINFO [0m:      configure_fit: strategy sampled 3 clients (out of 3)
[92mINFO [0m:      aggregate_fit: received 3 results and 0 failures
[92mINFO [0m:      configure_evaluate: strategy sampled 3 clients (out of 3)
[92mINFO [0m:      aggregate_evaluate: received 3 results and 0 failures
[92mINFO [0m:      
[92mINFO [0m:      [ROUND 3]
[92mINFO [0m:      configure_fit: strategy sampled 3 clients (out of 3)
[92mINFO [0m:      aggregate_fit: received 3 results and 0 failures
[92mINFO [0m:      configure_evaluate: strategy sampled 3 clients (out of 3)
[92mINFO [0m:      aggregate_evaluate: received 3 results and 0 failures
[92mINFO [0m:      
[92mINFO [0m:      [ROUND 4]
[92mINFO [0m:      configure_fit: strategy sampled 3 clients (out of 3)
[92mINFO [0m:      aggregate_fit: received 3 results and 0 failures
[92mINFO [0m:      configure_evaluate: strategy sampled 3 clients (out of 3)
[92mINFO [0m:      aggregate_evaluate: received 3 results and 0 failures
[92mINFO [0m:      
[92mINFO [0m:      [ROUND 5]
[92mINFO [0m:      configure_fit: strategy sampled 3 clients (out of 3)
[92mINFO [0m:      aggregate_fit: received 3 results and 0 failures
[92mINFO [0m:      configure_evaluate: strategy sampled 3 clients (out of 3)
[92mINFO [0m:      aggregate_evaluate: received 3 results and 0 failures
[92mINFO [0m:      
[92mINFO [0m:      [ROUND 6]
[92mINFO [0m:      configure_fit: strategy sampled 3 clients (out of 3)
[92mINFO [0m:      aggregate_fit: received 3 results and 0 failures
[92mINFO [0m:      configure_evaluate: strategy sampled 3 clients (out of 3)
[92mINFO [0m:      aggregate_evaluate: received 3 results and 0 failures
[92mINFO [0m:      
[92mINFO [0m:      [ROUND 7]
[92mINFO [0m:      configure_fit: strategy sampled 3 clients (out of 3)
[92mINFO [0m:      aggregate_fit: received 3 results and 0 failures
[92mINFO [0m:      configure_evaluate: strategy sampled 3 clients (out of 3)
[92mINFO [0m:      aggregate_evaluate: received 3 results and 0 failures
[92mINFO [0m:      
[92mINFO [0m:      [ROUND 8]
[92mINFO [0m:      configure_fit: strategy sampled 3 clients (out of 3)
[92mINFO [0m:      aggregate_fit: received 3 results and 0 failures
[92mINFO [0m:      configure_evaluate: strategy sampled 3 clients (out of 3)
[92mINFO [0m:      aggregate_evaluate: received 3 results and 0 failures
[92mINFO [0m:      
[92mINFO [0m:      [ROUND 9]
[92mINFO [0m:      configure_fit: strategy sampled 3 clients (out of 3)
[92mINFO [0m:      aggregate_fit: received 3 results and 0 failures
[92mINFO [0m:      configure_evaluate: strategy sampled 3 clients (out of 3)
[92mINFO [0m:      aggregate_evaluate: received 3 results and 0 failures
[92mINFO [0m:      
[92mINFO [0m:      [ROUND 10]
[92mINFO [0m:      configure_fit: strategy sampled 3 clients (out of 3)
[92mINFO [0m:      aggregate_fit: received 3 results and 0 failures
[92mINFO [0m:      configure_evaluate: strategy sampled 3 clients (out of 3)
[92mINFO [0m:      aggregate_evaluate: received 3 results and 0 failures
[92mINFO [0m:      
[92mINFO [0m:      [ROUND 11]
[92mINFO [0m:      configure_fit: strategy sampled 3 clients (out of 3)
[92mINFO [0m:      aggregate_fit: received 3 results and 0 failures
[92mINFO [0m:      configure_evaluate: strategy sampled 3 clients (out of 3)
[92mINFO [0m:      aggregate_evaluate: received 3 results and 0 failures
[92mINFO [0m:      
[92mINFO [0m:      [ROUND 12]
[92mINFO [0m:      configure_fit: strategy sampled 3 clients (out of 3)
[92mINFO [0m:      aggregate_fit: received 3 results and 0 failures
[92mINFO [0m:      configure_evaluate: strategy sampled 3 clients (out of 3)
[92mINFO [0m:      aggregate_evaluate: received 3 results and 0 failures
[92mINFO [0m:      
[92mINFO [0m:      [ROUND 13]
[92mINFO [0m:      configure_fit: strategy sampled 3 clients (out of 3)
[92mINFO [0m:      aggregate_fit: received 3 results and 0 failures
[92mINFO [0m:      configure_evaluate: strategy sampled 3 clients (out of 3)
[92mINFO [0m:      aggregate_evaluate: received 3 results and 0 failures
[92mINFO [0m:      
[92mINFO [0m:      [ROUND 14]
[92mINFO [0m:      configure_fit: strategy sampled 3 clients (out of 3)
[92mINFO [0m:      aggregate_fit: received 3 results and 0 failures
[92mINFO [0m:      configure_evaluate: strategy sampled 3 clients (out of 3)
[92mINFO [0m:      aggregate_evaluate: received 3 results and 0 failures
[92mINFO [0m:      
[92mINFO [0m:      [ROUND 15]
[92mINFO [0m:      configure_fit: strategy sampled 3 clients (out of 3)
[92mINFO [0m:      aggregate_fit: received 3 results and 0 failures
[92mINFO [0m:      configure_evaluate: strategy sampled 3 clients (out of 3)
[92mINFO [0m:      aggregate_evaluate: received 3 results and 0 failures
[92mINFO [0m:      
[92mINFO [0m:      [ROUND 16]
[92mINFO [0m:      configure_fit: strategy sampled 3 clients (out of 3)
[92mINFO [0m:      aggregate_fit: received 3 results and 0 failures
[92mINFO [0m:      configure_evaluate: strategy sampled 3 clients (out of 3)
[92mINFO [0m:      aggregate_evaluate: received 3 results and 0 failures
[92mINFO [0m:      
[92mINFO [0m:      [ROUND 17]
[92mINFO [0m:      configure_fit: strategy sampled 3 clients (out of 3)
[92mINFO [0m:      aggregate_fit: received 3 results and 0 failures
[92mINFO [0m:      configure_evaluate: strategy sampled 3 clients (out of 3)
[92mINFO [0m:      aggregate_evaluate: received 3 results and 0 failures
[92mINFO [0m:      
[92mINFO [0m:      [ROUND 18]
[92mINFO [0m:      configure_fit: strategy sampled 3 clients (out of 3)
[92mINFO [0m:      aggregate_fit: received 3 results and 0 failures
[92mINFO [0m:      configure_evaluate: strategy sampled 3 clients (out of 3)
[92mINFO [0m:      aggregate_evaluate: received 3 results and 0 failures
[92mINFO [0m:      
[92mINFO [0m:      [ROUND 19]
[92mINFO [0m:      configure_fit: strategy sampled 3 clients (out of 3)
[92mINFO [0m:      aggregate_fit: received 3 results and 0 failures
[92mINFO [0m:      configure_evaluate: strategy sampled 3 clients (out of 3)
[92mINFO [0m:      aggregate_evaluate: received 3 results and 0 failures
[92mINFO [0m:      
[92mINFO [0m:      [ROUND 20]
[92mINFO [0m:      configure_fit: strategy sampled 3 clients (out of 3)
[92mINFO [0m:      aggregate_fit: received 3 results and 0 failures
[92mINFO [0m:      configure_evaluate: strategy sampled 3 clients (out of 3)
[92mINFO [0m:      aggregate_evaluate: received 3 results and 0 failures
[92mINFO [0m:      
[92mINFO [0m:      [ROUND 21]
[92mINFO [0m:      configure_fit: strategy sampled 3 clients (out of 3)
[92mINFO [0m:      aggregate_fit: received 3 results and 0 failures
[92mINFO [0m:      configure_evaluate: strategy sampled 3 clients (out of 3)
[92mINFO [0m:      aggregate_evaluate: received 3 results and 0 failures
[92mINFO [0m:      
[92mINFO [0m:      [ROUND 22]
[92mINFO [0m:      configure_fit: strategy sampled 3 clients (out of 3)
[92mINFO [0m:      aggregate_fit: received 3 results and 0 failures
[92mINFO [0m:      configure_evaluate: strategy sampled 3 clients (out of 3)
[92mINFO [0m:      aggregate_evaluate: received 3 results and 0 failures
[92mINFO [0m:      
[92mINFO [0m:      [ROUND 23]
[92mINFO [0m:      configure_fit: strategy sampled 3 clients (out of 3)
[92mINFO [0m:      aggregate_fit: received 3 results and 0 failures
[92mINFO [0m:      configure_evaluate: strategy sampled 3 clients (out of 3)
[92mINFO [0m:      aggregate_evaluate: received 3 results and 0 failures
[92mINFO [0m:      
[92mINFO [0m:      [ROUND 24]
[92mINFO [0m:      configure_fit: strategy sampled 3 clients (out of 3)
[92mINFO [0m:      aggregate_fit: received 3 results and 0 failures
[92mINFO [0m:      configure_evaluate: strategy sampled 3 clients (out of 3)
[92mINFO [0m:      aggregate_evaluate: received 3 results and 0 failures
[92mINFO [0m:      
[92mINFO [0m:      [ROUND 25]
[92mINFO [0m:      configure_fit: strategy sampled 3 clients (out of 3)
[92mINFO [0m:      aggregate_fit: received 3 results and 0 failures
[92mINFO [0m:      configure_evaluate: strategy sampled 3 clients (out of 3)
[92mINFO [0m:      aggregate_evaluate: received 3 results and 0 failures
[92mINFO [0m:      
[92mINFO [0m:      [ROUND 26]
[92mINFO [0m:      configure_fit: strategy sampled 3 clients (out of 3)
[92mINFO [0m:      aggregate_fit: received 3 results and 0 failures
[92mINFO [0m:      configure_evaluate: strategy sampled 3 clients (out of 3)
[92mINFO [0m:      aggregate_evaluate: received 3 results and 0 failures
[92mINFO [0m:      
[92mINFO [0m:      [ROUND 27]
[92mINFO [0m:      configure_fit: strategy sampled 3 clients (out of 3)
[92mINFO [0m:      aggregate_fit: received 3 results and 0 failures
[92mINFO [0m:      configure_evaluate: strategy sampled 3 clients (out of 3)
[92mINFO [0m:      aggregate_evaluate: received 3 results and 0 failures
[92mINFO [0m:      
[92mINFO [0m:      [ROUND 28]
[92mINFO [0m:      configure_fit: strategy sampled 3 clients (out of 3)
[92mINFO [0m:      aggregate_fit: received 3 results and 0 failures
[92mINFO [0m:      configure_evaluate: strategy sampled 3 clients (out of 3)
[92mINFO [0m:      aggregate_evaluate: received 3 results and 0 failures
[92mINFO [0m:      
[92mINFO [0m:      [ROUND 29]
[92mINFO [0m:      configure_fit: strategy sampled 3 clients (out of 3)
[92mINFO [0m:      aggregate_fit: received 3 results and 0 failures
[92mINFO [0m:      configure_evaluate: strategy sampled 3 clients (out of 3)
[92mINFO [0m:      aggregate_evaluate: received 3 results and 0 failures
[92mINFO [0m:      
[92mINFO [0m:      [ROUND 30]
[92mINFO [0m:      configure_fit: strategy sampled 3 clients (out of 3)
[92mINFO [0m:      aggregate_fit: received 3 results and 0 failures
[92mINFO [0m:      configure_evaluate: strategy sampled 3 clients (out of 3)
[92mINFO [0m:      aggregate_evaluate: received 3 results and 0 failures
[92mINFO [0m:      
[92mINFO [0m:      [ROUND 31]
[92mINFO [0m:      configure_fit: strategy sampled 3 clients (out of 3)
[92mINFO [0m:      aggregate_fit: received 3 results and 0 failures
[92mINFO [0m:      configure_evaluate: strategy sampled 3 clients (out of 3)
[92mINFO [0m:      aggregate_evaluate: received 3 results and 0 failures
[92mINFO [0m:      
[92mINFO [0m:      [ROUND 32]
[92mINFO [0m:      configure_fit: strategy sampled 3 clients (out of 3)
[92mINFO [0m:      aggregate_fit: received 3 results and 0 failures
[92mINFO [0m:      configure_evaluate: strategy sampled 3 clients (out of 3)
[92mINFO [0m:      aggregate_evaluate: received 3 results and 0 failures
[92mINFO [0m:      
[92mINFO [0m:      [ROUND 33]
[92mINFO [0m:      configure_fit: strategy sampled 3 clients (out of 3)
[92mINFO [0m:      aggregate_fit: received 3 results and 0 failures
[92mINFO [0m:      configure_evaluate: strategy sampled 3 clients (out of 3)
[92mINFO [0m:      aggregate_evaluate: received 3 results and 0 failures
[92mINFO [0m:      
[92mINFO [0m:      [ROUND 34]
[92mINFO [0m:      configure_fit: strategy sampled 3 clients (out of 3)
[92mINFO [0m:      aggregate_fit: received 3 results and 0 failures
[92mINFO [0m:      configure_evaluate: strategy sampled 3 clients (out of 3)
[92mINFO [0m:      aggregate_evaluate: received 3 results and 0 failures
[92mINFO [0m:      
[92mINFO [0m:      [ROUND 35]
[92mINFO [0m:      configure_fit: strategy sampled 3 clients (out of 3)
[92mINFO [0m:      aggregate_fit: received 3 results and 0 failures
[92mINFO [0m:      configure_evaluate: strategy sampled 3 clients (out of 3)
[92mINFO [0m:      aggregate_evaluate: received 3 results and 0 failures
[92mINFO [0m:      
[92mINFO [0m:      [ROUND 36]
[92mINFO [0m:      configure_fit: strategy sampled 3 clients (out of 3)
[92mINFO [0m:      aggregate_fit: received 3 results and 0 failures
[92mINFO [0m:      configure_evaluate: strategy sampled 3 clients (out of 3)
[92mINFO [0m:      aggregate_evaluate: received 3 results and 0 failures
[92mINFO [0m:      
[92mINFO [0m:      [ROUND 37]
[92mINFO [0m:      configure_fit: strategy sampled 3 clients (out of 3)
[92mINFO [0m:      aggregate_fit: received 3 results and 0 failures
[92mINFO [0m:      configure_evaluate: strategy sampled 3 clients (out of 3)
[92mINFO [0m:      aggregate_evaluate: received 3 results and 0 failures
[92mINFO [0m:      
[92mINFO [0m:      [ROUND 38]
[92mINFO [0m:      configure_fit: strategy sampled 3 clients (out of 3)
[92mINFO [0m:      aggregate_fit: received 3 results and 0 failures
[92mINFO [0m:      configure_evaluate: strategy sampled 3 clients (out of 3)
[92mINFO [0m:      aggregate_evaluate: received 3 results and 0 failures
[92mINFO [0m:      
[92mINFO [0m:      [ROUND 39]
[92mINFO [0m:      configure_fit: strategy sampled 3 clients (out of 3)
[92mINFO [0m:      aggregate_fit: received 3 results and 0 failures
[92mINFO [0m:      configure_evaluate: strategy sampled 3 clients (out of 3)
[92mINFO [0m:      aggregate_evaluate: received 3 results and 0 failures
[92mINFO [0m:      
[92mINFO [0m:      [ROUND 40]
[92mINFO [0m:      configure_fit: strategy sampled 3 clients (out of 3)
[92mINFO [0m:      aggregate_fit: received 3 results and 0 failures
[92mINFO [0m:      configure_evaluate: strategy sampled 3 clients (out of 3)
[92mINFO [0m:      aggregate_evaluate: received 3 results and 0 failures
[92mINFO [0m:      
[92mINFO [0m:      [ROUND 41]
[92mINFO [0m:      configure_fit: strategy sampled 3 clients (out of 3)
[92mINFO [0m:      aggregate_fit: received 3 results and 0 failures
[92mINFO [0m:      configure_evaluate: strategy sampled 3 clients (out of 3)
[92mINFO [0m:      aggregate_evaluate: received 3 results and 0 failures
[92mINFO [0m:      
[92mINFO [0m:      [ROUND 42]
[92mINFO [0m:      configure_fit: strategy sampled 3 clients (out of 3)
[92mINFO [0m:      aggregate_fit: received 3 results and 0 failures
[92mINFO [0m:      configure_evaluate: strategy sampled 3 clients (out of 3)
[92mINFO [0m:      aggregate_evaluate: received 3 results and 0 failures
[92mINFO [0m:      
[92mINFO [0m:      [ROUND 43]
[92mINFO [0m:      configure_fit: strategy sampled 3 clients (out of 3)
[92mINFO [0m:      aggregate_fit: received 3 results and 0 failures
[92mINFO [0m:      configure_evaluate: strategy sampled 3 clients (out of 3)
[92mINFO [0m:      aggregate_evaluate: received 3 results and 0 failures
[92mINFO [0m:      
[92mINFO [0m:      [ROUND 44]
[92mINFO [0m:      configure_fit: strategy sampled 3 clients (out of 3)
[92mINFO [0m:      aggregate_fit: received 3 results and 0 failures
[92mINFO [0m:      configure_evaluate: strategy sampled 3 clients (out of 3)
[92mINFO [0m:      aggregate_evaluate: received 3 results and 0 failures
[92mINFO [0m:      
[92mINFO [0m:      [ROUND 45]
[92mINFO [0m:      configure_fit: strategy sampled 3 clients (out of 3)
[92mINFO [0m:      aggregate_fit: received 3 results and 0 failures
[92mINFO [0m:      configure_evaluate: strategy sampled 3 clients (out of 3)
[92mINFO [0m:      aggregate_evaluate: received 3 results and 0 failures
[92mINFO [0m:      
[92mINFO [0m:      [ROUND 46]
[92mINFO [0m:      configure_fit: strategy sampled 3 clients (out of 3)
[92mINFO [0m:      aggregate_fit: received 3 results and 0 failures
[92mINFO [0m:      configure_evaluate: strategy sampled 3 clients (out of 3)
[92mINFO [0m:      aggregate_evaluate: received 3 results and 0 failures
[92mINFO [0m:      
[92mINFO [0m:      [ROUND 47]
[92mINFO [0m:      configure_fit: strategy sampled 3 clients (out of 3)
[92mINFO [0m:      aggregate_fit: received 3 results and 0 failures
[92mINFO [0m:      configure_evaluate: strategy sampled 3 clients (out of 3)
[92mINFO [0m:      aggregate_evaluate: received 3 results and 0 failures
[92mINFO [0m:      
[92mINFO [0m:      [ROUND 48]
[92mINFO [0m:      configure_fit: strategy sampled 3 clients (out of 3)
[92mINFO [0m:      aggregate_fit: received 3 results and 0 failures
[92mINFO [0m:      configure_evaluate: strategy sampled 3 clients (out of 3)
[92mINFO [0m:      aggregate_evaluate: received 3 results and 0 failures
[92mINFO [0m:      
[92mINFO [0m:      [ROUND 49]
[92mINFO [0m:      configure_fit: strategy sampled 3 clients (out of 3)
[92mINFO [0m:      aggregate_fit: received 3 results and 0 failures
[92mINFO [0m:      configure_evaluate: strategy sampled 3 clients (out of 3)
[92mINFO [0m:      aggregate_evaluate: received 3 results and 0 failures
[92mINFO [0m:      
[92mINFO [0m:      [ROUND 50]
[92mINFO [0m:      configure_fit: strategy sampled 3 clients (out of 3)
[92mINFO [0m:      aggregate_fit: received 3 results and 0 failures
[92mINFO [0m:      configure_evaluate: strategy sampled 3 clients (out of 3)
[92mINFO [0m:      aggregate_evaluate: received 3 results and 0 failures
[92mINFO [0m:      
[92mINFO [0m:      [SUMMARY]
[92mINFO [0m:      Run finished 50 round(s) in 4868.65s
[92mINFO [0m:      	History (loss, distributed):
[92mINFO [0m:      		round 1: 6.417067750001814
[92mINFO [0m:      		round 2: 1.4408878704629475
[92mINFO [0m:      		round 3: 0.836076863846936
[92mINFO [0m:      		round 4: 1.166951855132868
[92mINFO [0m:      		round 5: 0.9232824185111647
[92mINFO [0m:      		round 6: 1.4294646074132793
[92mINFO [0m:      		round 7: 2.344628508508299
[92mINFO [0m:      		round 8: 0.8490645814821521
[92mINFO [0m:      		round 9: 0.7781424293151269
[92mINFO [0m:      		round 10: 0.7665153318896212
[92mINFO [0m:      		round 11: 0.8360366110384371
[92mINFO [0m:      		round 12: 0.887674273323601
[92mINFO [0m:      		round 13: 1.0542089581610912
[92mINFO [0m:      		round 14: 1.0801712859047685
[92mINFO [0m:      		round 15: 0.9439882067627211
[92mINFO [0m:      		round 16: 0.7755969035756457
[92mINFO [0m:      		round 17: 0.7439685334163474
[92mINFO [0m:      		round 18: 0.9385763413069573
[92mINFO [0m:      		round 19: 0.8966622222478106
[92mINFO [0m:      		round 20: 1.01720808730044
[92mINFO [0m:      		round 21: 0.9896847704608941
[92mINFO [0m:      		round 22: 0.9438226201412161
[92mINFO [0m:      		round 23: 0.8275078453790262
[92mINFO [0m:      		round 24: 0.919922166315362
[92mINFO [0m:      		round 25: 1.0869295964576011
[92mINFO [0m:      		round 26: 1.0542712992457806
[92mINFO [0m:      		round 27: 1.3960119645393438
[92mINFO [0m:      		round 28: 1.150442903228338
[92mINFO [0m:      		round 29: 1.2772897382265358
[92mINFO [0m:      		round 30: 1.2150377756265376
[92mINFO [0m:      		round 31: 1.0096649380555753
[92mINFO [0m:      		round 32: 1.0603215087795839
[92mINFO [0m:      		round 33: 0.8949858343676084
[92mINFO [0m:      		round 34: 1.6049504466029314
[92mINFO [0m:      		round 35: 1.2205918413959067
[92mINFO [0m:      		round 36: 1.6117573179258737
[92mINFO [0m:      		round 37: 1.3742506039801115
[92mINFO [0m:      		round 38: 1.2566258218636506
[92mINFO [0m:      		round 39: 1.3021632336208735
[92mINFO [0m:      		round 40: 1.3342062069595968
[92mINFO [0m:      		round 41: 1.2515863667430833
[92mINFO [0m:      		round 42: 1.24907412686909
[92mINFO [0m:      		round 43: 1.0911406040179954
[92mINFO [0m:      		round 44: 1.3683948867736468
[92mINFO [0m:      		round 45: 1.2009157185651818
[92mINFO [0m:      		round 46: 1.2035879373456844
[92mINFO [0m:      		round 47: 1.1535743081524057
[92mINFO [0m:      		round 48: 1.3584498056156482
[92mINFO [0m:      		round 49: 2.312970296858431
[92mINFO [0m:      		round 50: 1.6407855263468187
[92mINFO [0m:      	History (metrics, distributed, fit):
[92mINFO [0m:      	{'comm_bytes': [(1, 44673804.0),
[92mINFO [0m:      	                (2, 44673804.0),
[92mINFO [0m:      	                (3, 44673804.0),
[92mINFO [0m:      	                (4, 44673804.0),
[92mINFO [0m:      	                (5, 44673804.0),
[92mINFO [0m:      	                (6, 44673804.0),
[92mINFO [0m:      	                (7, 44673804.0),
[92mINFO [0m:      	                (8, 44673804.0),
[92mINFO [0m:      	                (9, 44673804.0),
[92mINFO [0m:      	                (10, 44673804.0),
[92mINFO [0m:      	                (11, 44673804.0),
[92mINFO [0m:      	                (12, 44673804.0),
[92mINFO [0m:      	                (13, 44673804.0),
[92mINFO [0m:      	                (14, 44673804.0),
[92mINFO [0m:      	                (15, 44673804.0),
[92mINFO [0m:      	                (16, 44673804.0),
[92mINFO [0m:      	                (17, 44673804.0),
[92mINFO [0m:      	                (18, 44673804.0),
[92mINFO [0m:      	                (19, 44673804.0),
[92mINFO [0m:      	                (20, 44673804.0),
[92mINFO [0m:      	                (21, 44673804.0),
[92mINFO [0m:      	                (22, 44673804.0),
[92mINFO [0m:      	                (23, 44673804.0),
[92mINFO [0m:      	                (24, 44673804.0),
[92mINFO [0m:      	                (25, 44673804.0),
[92mINFO [0m:      	                (26, 44673804.0),
[92mINFO [0m:      	                (27, 44673804.0),
[92mINFO [0m:      	                (28, 44673804.0),
[92mINFO [0m:      	                (29, 44673804.0),
[92mINFO [0m:      	                (30, 44673804.0),
[92mINFO [0m:      	                (31, 44673804.0),
[92mINFO [0m:      	                (32, 44673804.0),
[92mINFO [0m:      	                (33, 44673804.0),
[92mINFO [0m:      	                (34, 44673804.0),
[92mINFO [0m:      	                (35, 44673804.0),
[92mINFO [0m:      	                (36, 44673804.0),
[92mINFO [0m:      	                (37, 44673804.0),
[92mINFO [0m:      	                (38, 44673804.0),
[92mINFO [0m:      	                (39, 44673804.0),
[92mINFO [0m:      	                (40, 44673804.0),
[92mINFO [0m:      	                (41, 44673804.0),
[92mINFO [0m:      	                (42, 44673804.0),
[92mINFO [0m:      	                (43, 44673804.0),
[92mINFO [0m:      	                (44, 44673804.0),
[92mINFO [0m:      	                (45, 44673804.0),
[92mINFO [0m:      	                (46, 44673804.0),
[92mINFO [0m:      	                (47, 44673804.0),
[92mINFO [0m:      	                (48, 44673804.0),
[92mINFO [0m:      	                (49, 44673804.0),
[92mINFO [0m:      	                (50, 44673804.0)],
[92mINFO [0m:      	 'comp_time_sec': [(1, 34.83580661290261),
[92mINFO [0m:      	                   (2, 34.68419495277856),
[92mINFO [0m:      	                   (3, 34.038819727813),
[92mINFO [0m:      	                   (4, 34.00105386702032),
[92mINFO [0m:      	                   (5, 34.46054139174888),
[92mINFO [0m:      	                   (6, 34.25773907413144),
[92mINFO [0m:      	                   (7, 34.362709141341895),
[92mINFO [0m:      	                   (8, 34.1991016070048),
[92mINFO [0m:      	                   (9, 34.36311279716341),
[92mINFO [0m:      	                   (10, 34.620753759463156),
[92mINFO [0m:      	                   (11, 34.903461875765046),
[92mINFO [0m:      	                   (12, 34.36011826874471),
[92mINFO [0m:      	                   (13, 34.62701699907728),
[92mINFO [0m:      	                   (14, 34.21292072640368),
[92mINFO [0m:      	                   (15, 34.47794610602851),
[92mINFO [0m:      	                   (16, 34.32827179201491),
[92mINFO [0m:      	                   (17, 35.35871767245336),
[92mINFO [0m:      	                   (18, 34.302172130381564),
[92mINFO [0m:      	                   (19, 34.37862865036056),
[92mINFO [0m:      	                   (20, 34.594979225531134),
[92mINFO [0m:      	                   (21, 34.28344774528368),
[92mINFO [0m:      	                   (22, 34.23364669190356),
[92mINFO [0m:      	                   (23, 34.39888736482202),
[92mINFO [0m:      	                   (24, 34.05575386071816),
[92mINFO [0m:      	                   (25, 34.37055827550869),
[92mINFO [0m:      	                   (26, 34.893905887001836),
[92mINFO [0m:      	                   (27, 34.41994098140408),
[92mINFO [0m:      	                   (28, 34.50905658695589),
[92mINFO [0m:      	                   (29, 34.25640627477296),
[92mINFO [0m:      	                   (30, 33.915997032112855),
[92mINFO [0m:      	                   (31, 34.212299476713824),
[92mINFO [0m:      	                   (32, 34.572139894703675),
[92mINFO [0m:      	                   (33, 33.98918579927328),
[92mINFO [0m:      	                   (34, 34.25771876246736),
[92mINFO [0m:      	                   (35, 34.42182644302323),
[92mINFO [0m:      	                   (36, 34.00822736948905),
[92mINFO [0m:      	                   (37, 34.60010252196408),
[92mINFO [0m:      	                   (38, 34.566783155445044),
[92mINFO [0m:      	                   (39, 34.780711838009324),
[92mINFO [0m:      	                   (40, 34.23407453051686),
[92mINFO [0m:      	                   (41, 34.33902777064246),
[92mINFO [0m:      	                   (42, 34.365247433942685),
[92mINFO [0m:      	                   (43, 34.229294002408814),
[92mINFO [0m:      	                   (44, 34.29751279368203),
[92mINFO [0m:      	                   (45, 34.35931713341256),
[92mINFO [0m:      	                   (46, 34.46533006935195),
[92mINFO [0m:      	                   (47, 34.32308586438497),
[92mINFO [0m:      	                   (48, 33.47248277109286),
[92mINFO [0m:      	                   (49, 34.44231791091859),
[92mINFO [0m:      	                   (50, 34.01669226924813)],
[92mINFO [0m:      	 'round_seed': [(1, 104463.25049309665),
[92mINFO [0m:      	                (2, 104464.25049309665),
[92mINFO [0m:      	                (3, 104465.25049309665),
[92mINFO [0m:      	                (4, 104466.25049309665),
[92mINFO [0m:      	                (5, 104467.25049309665),
[92mINFO [0m:      	                (6, 104468.25049309665),
[92mINFO [0m:      	                (7, 104469.25049309665),
[92mINFO [0m:      	                (8, 104470.25049309665),
[92mINFO [0m:      	                (9, 104471.25049309665),
[92mINFO [0m:      	                (10, 104472.25049309665),
[92mINFO [0m:      	                (11, 104473.25049309665),
[92mINFO [0m:      	                (12, 104474.25049309665),
[92mINFO [0m:      	                (13, 104475.25049309665),
[92mINFO [0m:      	                (14, 104476.25049309665),
[92mINFO [0m:      	                (15, 104477.25049309665),
[92mINFO [0m:      	                (16, 104478.25049309665),
[92mINFO [0m:      	                (17, 104479.25049309665),
[92mINFO [0m:      	                (18, 104480.25049309665),
[92mINFO [0m:      	                (19, 104481.25049309665),
[92mINFO [0m:      	                (20, 104482.25049309665),
[92mINFO [0m:      	                (21, 104483.25049309665),
[92mINFO [0m:      	                (22, 104484.25049309665),
[92mINFO [0m:      	                (23, 104485.25049309665),
[92mINFO [0m:      	                (24, 104486.25049309665),
[92mINFO [0m:      	                (25, 104487.25049309665),
[92mINFO [0m:      	                (26, 104488.25049309665),
[92mINFO [0m:      	                (27, 104489.25049309665),
[92mINFO [0m:      	                (28, 104490.25049309665),
[92mINFO [0m:      	                (29, 104491.25049309665),
[92mINFO [0m:      	                (30, 104492.25049309665),
[92mINFO [0m:      	                (31, 104493.25049309665),
[92mINFO [0m:      	                (32, 104494.25049309665),
[92mINFO [0m:      	                (33, 104495.25049309665),
[92mINFO [0m:      	                (34, 104496.25049309665),
[92mINFO [0m:      	                (35, 104497.25049309665),
[92mINFO [0m:      	                (36, 104498.25049309665),
[92mINFO [0m:      	                (37, 104499.25049309665),
[92mINFO [0m:      	                (38, 104500.25049309665),
[92mINFO [0m:      	                (39, 104501.25049309665),
[92mINFO [0m:      	                (40, 104502.25049309665),
[92mINFO [0m:      	                (41, 104503.25049309665),
[92mINFO [0m:      	                (42, 104504.25049309665),
[92mINFO [0m:      	                (43, 104505.25049309665),
[92mINFO [0m:      	                (44, 104506.25049309665),
[92mINFO [0m:      	                (45, 104507.25049309665),
[92mINFO [0m:      	                (46, 104508.25049309665),
[92mINFO [0m:      	                (47, 104509.25049309665),
[92mINFO [0m:      	                (48, 104510.25049309665),
[92mINFO [0m:      	                (49, 104511.25049309665),
[92mINFO [0m:      	                (50, 104512.25049309665)],
[92mINFO [0m:      	 'train_loss': [(1, 0.8003669129152488),
[92mINFO [0m:      	                (2, 0.7617914179009608),
[92mINFO [0m:      	                (3, 0.7480227430821873),
[92mINFO [0m:      	                (4, 0.7279979202568752),
[92mINFO [0m:      	                (5, 0.7293791181912197),
[92mINFO [0m:      	                (6, 0.6795036117024735),
[92mINFO [0m:      	                (7, 0.6707643631994133),
[92mINFO [0m:      	                (8, 0.6604930189367011),
[92mINFO [0m:      	                (9, 0.6022124777293782),
[92mINFO [0m:      	                (10, 0.5616981104160795),
[92mINFO [0m:      	                (11, 0.5042773433912121),
[92mINFO [0m:      	                (12, 0.48337238548041966),
[92mINFO [0m:      	                (13, 0.46409887200803096),
[92mINFO [0m:      	                (14, 0.4041852988195446),
[92mINFO [0m:      	                (15, 0.3865165670693035),
[92mINFO [0m:      	                (16, 0.38209496690870776),
[92mINFO [0m:      	                (17, 0.3086681688966084),
[92mINFO [0m:      	                (18, 0.30200779474918776),
[92mINFO [0m:      	                (19, 0.2927240428624139),
[92mINFO [0m:      	                (20, 0.2704650524649906),
[92mINFO [0m:      	                (21, 0.26276082822490443),
[92mINFO [0m:      	                (22, 0.23862003511547913),
[92mINFO [0m:      	                (23, 0.2476663662040933),
[92mINFO [0m:      	                (24, 0.23826705415512775),
[92mINFO [0m:      	                (25, 0.1969777884936879),
[92mINFO [0m:      	                (26, 0.21738293733260247),
[92mINFO [0m:      	                (27, 0.19560915662236839),
[92mINFO [0m:      	                (28, 0.1930538305683606),
[92mINFO [0m:      	                (29, 0.15348663296071413),
[92mINFO [0m:      	                (30, 0.15401357607917177),
[92mINFO [0m:      	                (31, 0.16048292984147347),
[92mINFO [0m:      	                (32, 0.15439503053933934),
[92mINFO [0m:      	                (33, 0.15939063840053633),
[92mINFO [0m:      	                (34, 0.14772841117493127),
[92mINFO [0m:      	                (35, 0.11531915232008964),
[92mINFO [0m:      	                (36, 0.15351839808928916),
[92mINFO [0m:      	                (37, 0.14848648321333538),
[92mINFO [0m:      	                (38, 0.11289198246662817),
[92mINFO [0m:      	                (39, 0.1211988634986966),
[92mINFO [0m:      	                (40, 0.11879113532745428),
[92mINFO [0m:      	                (41, 0.11375648903168838),
[92mINFO [0m:      	                (42, 0.09710832243178848),
[92mINFO [0m:      	                (43, 0.0959176008958045),
[92mINFO [0m:      	                (44, 0.10717380230686759),
[92mINFO [0m:      	                (45, 0.12872369730210276),
[92mINFO [0m:      	                (46, 0.10486330203346093),
[92mINFO [0m:      	                (47, 0.11576284357359266),
[92mINFO [0m:      	                (48, 0.10054027278173971),
[92mINFO [0m:      	                (49, 0.08243636860725836),
[92mINFO [0m:      	                (50, 0.08131491337352512)]}
[92mINFO [0m:      	History (metrics, distributed, evaluate):
[92mINFO [0m:      	{'accuracy': [(1, 0.6766091051805337),
[92mINFO [0m:      	              (2, 0.6530612244897959),
[92mINFO [0m:      	              (3, 0.6656200941915228),
[92mINFO [0m:      	              (4, 0.5227629513343799),
[92mINFO [0m:      	              (5, 0.6467817896389325),
[92mINFO [0m:      	              (6, 0.6985871271585558),
[92mINFO [0m:      	              (7, 0.6514913657770801),
[92mINFO [0m:      	              (8, 0.6875981161695447),
[92mINFO [0m:      	              (9, 0.6766091051805337),
[92mINFO [0m:      	              (10, 0.6813186813186813),
[92mINFO [0m:      	              (11, 0.673469387755102),
[92mINFO [0m:      	              (12, 0.695447409733124),
[92mINFO [0m:      	              (13, 0.673469387755102),
[92mINFO [0m:      	              (14, 0.609105180533752),
[92mINFO [0m:      	              (15, 0.6718995290423861),
[92mINFO [0m:      	              (16, 0.7048665620094191),
[92mINFO [0m:      	              (17, 0.7378335949764521),
[92mINFO [0m:      	              (18, 0.6985871271585558),
[92mINFO [0m:      	              (19, 0.7362637362637363),
[92mINFO [0m:      	              (20, 0.7142857142857143),
[92mINFO [0m:      	              (21, 0.6970172684458399),
[92mINFO [0m:      	              (22, 0.7048665620094191),
[92mINFO [0m:      	              (23, 0.7409733124018838),
[92mINFO [0m:      	              (24, 0.6860282574568289),
[92mINFO [0m:      	              (25, 0.7315541601255887),
[92mINFO [0m:      	              (26, 0.7315541601255887),
[92mINFO [0m:      	              (27, 0.6577708006279435),
[92mINFO [0m:      	              (28, 0.6750392464678179),
[92mINFO [0m:      	              (29, 0.706436420722135),
[92mINFO [0m:      	              (30, 0.673469387755102),
[92mINFO [0m:      	              (31, 0.7598116169544741),
[92mINFO [0m:      	              (32, 0.7189952904238619),
[92mINFO [0m:      	              (33, 0.7566718995290423),
[92mINFO [0m:      	              (34, 0.7001569858712716),
[92mINFO [0m:      	              (35, 0.7378335949764521),
[92mINFO [0m:      	              (36, 0.6781789638932496),
[92mINFO [0m:      	              (37, 0.6923076923076923),
[92mINFO [0m:      	              (38, 0.695447409733124),
[92mINFO [0m:      	              (39, 0.7519623233908949),
[92mINFO [0m:      	              (40, 0.6860282574568289),
[92mINFO [0m:      	              (41, 0.7488226059654631),
[92mINFO [0m:      	              (42, 0.7237048665620094),
[92mINFO [0m:      	              (43, 0.7519623233908949),
[92mINFO [0m:      	              (44, 0.7723704866562009),
[92mINFO [0m:      	              (45, 0.7205651491365777),
[92mINFO [0m:      	              (46, 0.750392464678179),
[92mINFO [0m:      	              (47, 0.7441130298273155),
[92mINFO [0m:      	              (48, 0.7127158555729984),
[92mINFO [0m:      	              (49, 0.6452119309262166),
[92mINFO [0m:      	              (50, 0.6860282574568289)]}
[92mINFO [0m:      
[36m(pid=2655931)[0m [2026-09-04 01:01:51,421 E 2655931 2657807] core_worker_process.cc:825: Failed to establish connection to the metrics exporter agent. Metrics will not be exported. Exporter agent status: RpcError: Running out of retries to initialize the metrics agent. rpc_code: 14[32m [repeated 31x across cluster] (Ray deduplicates logs by default. Set RAY_DEDUP_LOGS=0 to disable log deduplication, or see https://docs.ray.io/en/master/ray-observability/user-guides/configure-logging.html#log-deduplication for more options.)[0m
