[93mWARNING [0m:   DEPRECATED FEATURE: flwr.simulation.start_simulation() is deprecated.
	Instead, use the `flwr run` CLI command to start a local simulation in your Flower app, as shown for example below:

		$ flwr new  # Create a new Flower app from a template

		$ flwr run  # Run the Flower app in Simulation Mode

	Using `start_simulation()` is deprecated.

            This is a deprecated feature. It will be removed
            entirely in future versions of Flower.
        
[92mINFO [0m:      Starting Flower simulation, config: num_rounds=50, no round_timeout
2026-09-03 03:43:21,155	INFO worker.py:2012 -- Started a local Ray instance.
/export/home/ralhasan/anaconda3/envs/fl_fu/lib/python3.10/site-packages/ray/_private/worker.py:2051: FutureWarning: Tip: In future versions of Ray, Ray will no longer override accelerator visible devices env var if num_gpus=0 or num_gpus=None (default). To enable this behavior and turn off this error message, set RAY_ACCEL_ENV_VAR_OVERRIDE_ON_ZERO=0
  warnings.warn(
[92mINFO [0m:      Flower VCE: Ray initialized with resources: {'node:10.141.10.30': 1.0, 'object_store_memory': 158908776038.0, 'memory': 370787144090.0, 'CPU': 48.0, 'GPU': 1.0, 'accelerator_type:P100': 1.0, 'node:__internal_head__': 1.0}
[92mINFO [0m:      Optimize your simulation with Flower VCE: https://flower.ai/docs/framework/how-to-run-simulations.html
[92mINFO [0m:      Flower VCE: Resources for each Virtual Client: {'num_cpus': 1, 'num_gpus': 0.3333333333333333}
[92mINFO [0m:      Flower VCE: Creating VirtualClientEngineActorPool with 3 actors
[92mINFO [0m:      [INIT]
[92mINFO [0m:      Using initial global parameters provided by strategy
[92mINFO [0m:      Starting evaluation of initial global parameters
[92mINFO [0m:      Evaluation returned no results (`None`)
[92mINFO [0m:      
[92mINFO [0m:      [ROUND 1]
[92mINFO [0m:      configure_fit: strategy sampled 3 clients (out of 3)
[36m(pid=gcs_server)[0m [2026-09-03 03:43:49,459 E 2827584 2827584] (gcs_server) gcs_server.cc:302: Failed to establish connection to the event+metrics exporter agent. Events and metrics will not be exported. Exporter agent status: RpcError: Running out of retries to initialize the metrics agent. rpc_code: 14
[33m(raylet)[0m [2026-09-03 03:43:51,091 E 2827764 2827764] (raylet) main.cc:975: Failed to establish connection to the metrics exporter agent. Metrics will not be exported. Exporter agent status: RpcError: Running out of retries to initialize the metrics agent. rpc_code: 14
[36m(ClientAppActor pid=2827865)[0m [2026-09-03 03:43:52,420 E 2827865 2828014] core_worker_process.cc:825: Failed to establish connection to the metrics exporter agent. Metrics will not be exported. Exporter agent status: RpcError: Running out of retries to initialize the metrics agent. rpc_code: 14
[2026-09-03 03:43:53,354 E 2827453 2827863] core_worker_process.cc:825: Failed to establish connection to the metrics exporter agent. Metrics will not be exported. Exporter agent status: RpcError: Running out of retries to initialize the metrics agent. rpc_code: 14
[92mINFO [0m:      aggregate_fit: received 3 results and 0 failures
[92mINFO [0m:      configure_evaluate: strategy sampled 3 clients (out of 3)
[92mINFO [0m:      aggregate_evaluate: received 3 results and 0 failures
[92mINFO [0m:      
[92mINFO [0m:      [ROUND 2]
[92mINFO [0m:      configure_fit: strategy sampled 3 clients (out of 3)
[92mINFO [0m:      aggregate_fit: received 3 results and 0 failures
[92mINFO [0m:      configure_evaluate: strategy sampled 3 clients (out of 3)
[92mINFO [0m:      aggregate_evaluate: received 3 results and 0 failures
[92mINFO [0m:      
[92mINFO [0m:      [ROUND 3]
[92mINFO [0m:      configure_fit: strategy sampled 3 clients (out of 3)
[92mINFO [0m:      aggregate_fit: received 3 results and 0 failures
[92mINFO [0m:      configure_evaluate: strategy sampled 3 clients (out of 3)
[92mINFO [0m:      aggregate_evaluate: received 3 results and 0 failures
[92mINFO [0m:      
[92mINFO [0m:      [ROUND 4]
[92mINFO [0m:      configure_fit: strategy sampled 3 clients (out of 3)
[92mINFO [0m:      aggregate_fit: received 3 results and 0 failures
[92mINFO [0m:      configure_evaluate: strategy sampled 3 clients (out of 3)
[92mINFO [0m:      aggregate_evaluate: received 3 results and 0 failures
[92mINFO [0m:      
[92mINFO [0m:      [ROUND 5]
[92mINFO [0m:      configure_fit: strategy sampled 3 clients (out of 3)
[92mINFO [0m:      aggregate_fit: received 3 results and 0 failures
[92mINFO [0m:      configure_evaluate: strategy sampled 3 clients (out of 3)
[92mINFO [0m:      aggregate_evaluate: received 3 results and 0 failures
[92mINFO [0m:      
[92mINFO [0m:      [ROUND 6]
[92mINFO [0m:      configure_fit: strategy sampled 3 clients (out of 3)
[92mINFO [0m:      aggregate_fit: received 3 results and 0 failures
[92mINFO [0m:      configure_evaluate: strategy sampled 3 clients (out of 3)
[92mINFO [0m:      aggregate_evaluate: received 3 results and 0 failures
[92mINFO [0m:      
[92mINFO [0m:      [ROUND 7]
[92mINFO [0m:      configure_fit: strategy sampled 3 clients (out of 3)
[92mINFO [0m:      aggregate_fit: received 3 results and 0 failures
[92mINFO [0m:      configure_evaluate: strategy sampled 3 clients (out of 3)
[92mINFO [0m:      aggregate_evaluate: received 3 results and 0 failures
[92mINFO [0m:      
[92mINFO [0m:      [ROUND 8]
[92mINFO [0m:      configure_fit: strategy sampled 3 clients (out of 3)
[92mINFO [0m:      aggregate_fit: received 3 results and 0 failures
[92mINFO [0m:      configure_evaluate: strategy sampled 3 clients (out of 3)
[92mINFO [0m:      aggregate_evaluate: received 3 results and 0 failures
[92mINFO [0m:      
[92mINFO [0m:      [ROUND 9]
[92mINFO [0m:      configure_fit: strategy sampled 3 clients (out of 3)
[92mINFO [0m:      aggregate_fit: received 3 results and 0 failures
[92mINFO [0m:      configure_evaluate: strategy sampled 3 clients (out of 3)
[92mINFO [0m:      aggregate_evaluate: received 3 results and 0 failures
[92mINFO [0m:      
[92mINFO [0m:      [ROUND 10]
[92mINFO [0m:      configure_fit: strategy sampled 3 clients (out of 3)
[92mINFO [0m:      aggregate_fit: received 3 results and 0 failures
[92mINFO [0m:      configure_evaluate: strategy sampled 3 clients (out of 3)
[92mINFO [0m:      aggregate_evaluate: received 3 results and 0 failures
[92mINFO [0m:      
[92mINFO [0m:      [ROUND 11]
[92mINFO [0m:      configure_fit: strategy sampled 3 clients (out of 3)
[92mINFO [0m:      aggregate_fit: received 3 results and 0 failures
[92mINFO [0m:      configure_evaluate: strategy sampled 3 clients (out of 3)
[92mINFO [0m:      aggregate_evaluate: received 3 results and 0 failures
[92mINFO [0m:      
[92mINFO [0m:      [ROUND 12]
[92mINFO [0m:      configure_fit: strategy sampled 3 clients (out of 3)
[92mINFO [0m:      aggregate_fit: received 3 results and 0 failures
[92mINFO [0m:      configure_evaluate: strategy sampled 3 clients (out of 3)
[92mINFO [0m:      aggregate_evaluate: received 3 results and 0 failures
[92mINFO [0m:      
[92mINFO [0m:      [ROUND 13]
[92mINFO [0m:      configure_fit: strategy sampled 3 clients (out of 3)
[92mINFO [0m:      aggregate_fit: received 3 results and 0 failures
[92mINFO [0m:      configure_evaluate: strategy sampled 3 clients (out of 3)
[92mINFO [0m:      aggregate_evaluate: received 3 results and 0 failures
[92mINFO [0m:      
[92mINFO [0m:      [ROUND 14]
[92mINFO [0m:      configure_fit: strategy sampled 3 clients (out of 3)
[92mINFO [0m:      aggregate_fit: received 3 results and 0 failures
[92mINFO [0m:      configure_evaluate: strategy sampled 3 clients (out of 3)
[92mINFO [0m:      aggregate_evaluate: received 3 results and 0 failures
[92mINFO [0m:      
[92mINFO [0m:      [ROUND 15]
[92mINFO [0m:      configure_fit: strategy sampled 3 clients (out of 3)
[92mINFO [0m:      aggregate_fit: received 3 results and 0 failures
[92mINFO [0m:      configure_evaluate: strategy sampled 3 clients (out of 3)
[92mINFO [0m:      aggregate_evaluate: received 3 results and 0 failures
[92mINFO [0m:      
[92mINFO [0m:      [ROUND 16]
[92mINFO [0m:      configure_fit: strategy sampled 3 clients (out of 3)
[92mINFO [0m:      aggregate_fit: received 3 results and 0 failures
[92mINFO [0m:      configure_evaluate: strategy sampled 3 clients (out of 3)
[92mINFO [0m:      aggregate_evaluate: received 3 results and 0 failures
[92mINFO [0m:      
[92mINFO [0m:      [ROUND 17]
[92mINFO [0m:      configure_fit: strategy sampled 3 clients (out of 3)
[92mINFO [0m:      aggregate_fit: received 3 results and 0 failures
[92mINFO [0m:      configure_evaluate: strategy sampled 3 clients (out of 3)
[92mINFO [0m:      aggregate_evaluate: received 3 results and 0 failures
[92mINFO [0m:      
[92mINFO [0m:      [ROUND 18]
[92mINFO [0m:      configure_fit: strategy sampled 3 clients (out of 3)
[92mINFO [0m:      aggregate_fit: received 3 results and 0 failures
[92mINFO [0m:      configure_evaluate: strategy sampled 3 clients (out of 3)
[92mINFO [0m:      aggregate_evaluate: received 3 results and 0 failures
[92mINFO [0m:      
[92mINFO [0m:      [ROUND 19]
[92mINFO [0m:      configure_fit: strategy sampled 3 clients (out of 3)
[92mINFO [0m:      aggregate_fit: received 3 results and 0 failures
[92mINFO [0m:      configure_evaluate: strategy sampled 3 clients (out of 3)
[92mINFO [0m:      aggregate_evaluate: received 3 results and 0 failures
[92mINFO [0m:      
[92mINFO [0m:      [ROUND 20]
[92mINFO [0m:      configure_fit: strategy sampled 3 clients (out of 3)
[92mINFO [0m:      aggregate_fit: received 3 results and 0 failures
[92mINFO [0m:      configure_evaluate: strategy sampled 3 clients (out of 3)
[92mINFO [0m:      aggregate_evaluate: received 3 results and 0 failures
[92mINFO [0m:      
[92mINFO [0m:      [ROUND 21]
[92mINFO [0m:      configure_fit: strategy sampled 3 clients (out of 3)
[92mINFO [0m:      aggregate_fit: received 3 results and 0 failures
[92mINFO [0m:      configure_evaluate: strategy sampled 3 clients (out of 3)
[92mINFO [0m:      aggregate_evaluate: received 3 results and 0 failures
[92mINFO [0m:      
[92mINFO [0m:      [ROUND 22]
[92mINFO [0m:      configure_fit: strategy sampled 3 clients (out of 3)
[92mINFO [0m:      aggregate_fit: received 3 results and 0 failures
[92mINFO [0m:      configure_evaluate: strategy sampled 3 clients (out of 3)
[92mINFO [0m:      aggregate_evaluate: received 3 results and 0 failures
[92mINFO [0m:      
[92mINFO [0m:      [ROUND 23]
[92mINFO [0m:      configure_fit: strategy sampled 3 clients (out of 3)
[92mINFO [0m:      aggregate_fit: received 3 results and 0 failures
[92mINFO [0m:      configure_evaluate: strategy sampled 3 clients (out of 3)
[92mINFO [0m:      aggregate_evaluate: received 3 results and 0 failures
[92mINFO [0m:      
[92mINFO [0m:      [ROUND 24]
[92mINFO [0m:      configure_fit: strategy sampled 3 clients (out of 3)
[92mINFO [0m:      aggregate_fit: received 3 results and 0 failures
[92mINFO [0m:      configure_evaluate: strategy sampled 3 clients (out of 3)
[92mINFO [0m:      aggregate_evaluate: received 3 results and 0 failures
[92mINFO [0m:      
[92mINFO [0m:      [ROUND 25]
[92mINFO [0m:      configure_fit: strategy sampled 3 clients (out of 3)
[92mINFO [0m:      aggregate_fit: received 3 results and 0 failures
[92mINFO [0m:      configure_evaluate: strategy sampled 3 clients (out of 3)
[92mINFO [0m:      aggregate_evaluate: received 3 results and 0 failures
[92mINFO [0m:      
[92mINFO [0m:      [ROUND 26]
[92mINFO [0m:      configure_fit: strategy sampled 3 clients (out of 3)
[92mINFO [0m:      aggregate_fit: received 3 results and 0 failures
[92mINFO [0m:      configure_evaluate: strategy sampled 3 clients (out of 3)
[92mINFO [0m:      aggregate_evaluate: received 3 results and 0 failures
[92mINFO [0m:      
[92mINFO [0m:      [ROUND 27]
[92mINFO [0m:      configure_fit: strategy sampled 3 clients (out of 3)
[92mINFO [0m:      aggregate_fit: received 3 results and 0 failures
[92mINFO [0m:      configure_evaluate: strategy sampled 3 clients (out of 3)
[92mINFO [0m:      aggregate_evaluate: received 3 results and 0 failures
[92mINFO [0m:      
[92mINFO [0m:      [ROUND 28]
[92mINFO [0m:      configure_fit: strategy sampled 3 clients (out of 3)
[92mINFO [0m:      aggregate_fit: received 3 results and 0 failures
[92mINFO [0m:      configure_evaluate: strategy sampled 3 clients (out of 3)
[92mINFO [0m:      aggregate_evaluate: received 3 results and 0 failures
[92mINFO [0m:      
[92mINFO [0m:      [ROUND 29]
[92mINFO [0m:      configure_fit: strategy sampled 3 clients (out of 3)
[92mINFO [0m:      aggregate_fit: received 3 results and 0 failures
[92mINFO [0m:      configure_evaluate: strategy sampled 3 clients (out of 3)
[92mINFO [0m:      aggregate_evaluate: received 3 results and 0 failures
[92mINFO [0m:      
[92mINFO [0m:      [ROUND 30]
[92mINFO [0m:      configure_fit: strategy sampled 3 clients (out of 3)
[92mINFO [0m:      aggregate_fit: received 3 results and 0 failures
[92mINFO [0m:      configure_evaluate: strategy sampled 3 clients (out of 3)
[92mINFO [0m:      aggregate_evaluate: received 3 results and 0 failures
[92mINFO [0m:      
[92mINFO [0m:      [ROUND 31]
[92mINFO [0m:      configure_fit: strategy sampled 3 clients (out of 3)
[92mINFO [0m:      aggregate_fit: received 3 results and 0 failures
[92mINFO [0m:      configure_evaluate: strategy sampled 3 clients (out of 3)
[92mINFO [0m:      aggregate_evaluate: received 3 results and 0 failures
[92mINFO [0m:      
[92mINFO [0m:      [ROUND 32]
[92mINFO [0m:      configure_fit: strategy sampled 3 clients (out of 3)
[92mINFO [0m:      aggregate_fit: received 3 results and 0 failures
[92mINFO [0m:      configure_evaluate: strategy sampled 3 clients (out of 3)
[92mINFO [0m:      aggregate_evaluate: received 3 results and 0 failures
[92mINFO [0m:      
[92mINFO [0m:      [ROUND 33]
[92mINFO [0m:      configure_fit: strategy sampled 3 clients (out of 3)
[92mINFO [0m:      aggregate_fit: received 3 results and 0 failures
[92mINFO [0m:      configure_evaluate: strategy sampled 3 clients (out of 3)
[92mINFO [0m:      aggregate_evaluate: received 3 results and 0 failures
[92mINFO [0m:      
[92mINFO [0m:      [ROUND 34]
[92mINFO [0m:      configure_fit: strategy sampled 3 clients (out of 3)
[92mINFO [0m:      aggregate_fit: received 3 results and 0 failures
[92mINFO [0m:      configure_evaluate: strategy sampled 3 clients (out of 3)
[92mINFO [0m:      aggregate_evaluate: received 3 results and 0 failures
[92mINFO [0m:      
[92mINFO [0m:      [ROUND 35]
[92mINFO [0m:      configure_fit: strategy sampled 3 clients (out of 3)
[92mINFO [0m:      aggregate_fit: received 3 results and 0 failures
[92mINFO [0m:      configure_evaluate: strategy sampled 3 clients (out of 3)
[92mINFO [0m:      aggregate_evaluate: received 3 results and 0 failures
[92mINFO [0m:      
[92mINFO [0m:      [ROUND 36]
[92mINFO [0m:      configure_fit: strategy sampled 3 clients (out of 3)
[92mINFO [0m:      aggregate_fit: received 3 results and 0 failures
[92mINFO [0m:      configure_evaluate: strategy sampled 3 clients (out of 3)
[92mINFO [0m:      aggregate_evaluate: received 3 results and 0 failures
[92mINFO [0m:      
[92mINFO [0m:      [ROUND 37]
[92mINFO [0m:      configure_fit: strategy sampled 3 clients (out of 3)
[92mINFO [0m:      aggregate_fit: received 3 results and 0 failures
[92mINFO [0m:      configure_evaluate: strategy sampled 3 clients (out of 3)
[92mINFO [0m:      aggregate_evaluate: received 3 results and 0 failures
[92mINFO [0m:      
[92mINFO [0m:      [ROUND 38]
[92mINFO [0m:      configure_fit: strategy sampled 3 clients (out of 3)
[92mINFO [0m:      aggregate_fit: received 3 results and 0 failures
[92mINFO [0m:      configure_evaluate: strategy sampled 3 clients (out of 3)
[92mINFO [0m:      aggregate_evaluate: received 3 results and 0 failures
[92mINFO [0m:      
[92mINFO [0m:      [ROUND 39]
[92mINFO [0m:      configure_fit: strategy sampled 3 clients (out of 3)
[92mINFO [0m:      aggregate_fit: received 3 results and 0 failures
[92mINFO [0m:      configure_evaluate: strategy sampled 3 clients (out of 3)
[92mINFO [0m:      aggregate_evaluate: received 3 results and 0 failures
[92mINFO [0m:      
[92mINFO [0m:      [ROUND 40]
[92mINFO [0m:      configure_fit: strategy sampled 3 clients (out of 3)
[92mINFO [0m:      aggregate_fit: received 3 results and 0 failures
[92mINFO [0m:      configure_evaluate: strategy sampled 3 clients (out of 3)
[92mINFO [0m:      aggregate_evaluate: received 3 results and 0 failures
[92mINFO [0m:      
[92mINFO [0m:      [ROUND 41]
[92mINFO [0m:      configure_fit: strategy sampled 3 clients (out of 3)
[92mINFO [0m:      aggregate_fit: received 3 results and 0 failures
[92mINFO [0m:      configure_evaluate: strategy sampled 3 clients (out of 3)
[92mINFO [0m:      aggregate_evaluate: received 3 results and 0 failures
[92mINFO [0m:      
[92mINFO [0m:      [ROUND 42]
[92mINFO [0m:      configure_fit: strategy sampled 3 clients (out of 3)
[92mINFO [0m:      aggregate_fit: received 3 results and 0 failures
[92mINFO [0m:      configure_evaluate: strategy sampled 3 clients (out of 3)
[92mINFO [0m:      aggregate_evaluate: received 3 results and 0 failures
[92mINFO [0m:      
[92mINFO [0m:      [ROUND 43]
[92mINFO [0m:      configure_fit: strategy sampled 3 clients (out of 3)
[92mINFO [0m:      aggregate_fit: received 3 results and 0 failures
[92mINFO [0m:      configure_evaluate: strategy sampled 3 clients (out of 3)
[92mINFO [0m:      aggregate_evaluate: received 3 results and 0 failures
[92mINFO [0m:      
[92mINFO [0m:      [ROUND 44]
[92mINFO [0m:      configure_fit: strategy sampled 3 clients (out of 3)
[92mINFO [0m:      aggregate_fit: received 3 results and 0 failures
[92mINFO [0m:      configure_evaluate: strategy sampled 3 clients (out of 3)
[92mINFO [0m:      aggregate_evaluate: received 3 results and 0 failures
[92mINFO [0m:      
[92mINFO [0m:      [ROUND 45]
[92mINFO [0m:      configure_fit: strategy sampled 3 clients (out of 3)
[92mINFO [0m:      aggregate_fit: received 3 results and 0 failures
[92mINFO [0m:      configure_evaluate: strategy sampled 3 clients (out of 3)
[92mINFO [0m:      aggregate_evaluate: received 3 results and 0 failures
[92mINFO [0m:      
[92mINFO [0m:      [ROUND 46]
[92mINFO [0m:      configure_fit: strategy sampled 3 clients (out of 3)
[92mINFO [0m:      aggregate_fit: received 3 results and 0 failures
[92mINFO [0m:      configure_evaluate: strategy sampled 3 clients (out of 3)
[92mINFO [0m:      aggregate_evaluate: received 3 results and 0 failures
[92mINFO [0m:      
[92mINFO [0m:      [ROUND 47]
[92mINFO [0m:      configure_fit: strategy sampled 3 clients (out of 3)
[92mINFO [0m:      aggregate_fit: received 3 results and 0 failures
[92mINFO [0m:      configure_evaluate: strategy sampled 3 clients (out of 3)
[92mINFO [0m:      aggregate_evaluate: received 3 results and 0 failures
[92mINFO [0m:      
[92mINFO [0m:      [ROUND 48]
[92mINFO [0m:      configure_fit: strategy sampled 3 clients (out of 3)
[92mINFO [0m:      aggregate_fit: received 3 results and 0 failures
[92mINFO [0m:      configure_evaluate: strategy sampled 3 clients (out of 3)
[92mINFO [0m:      aggregate_evaluate: received 3 results and 0 failures
[92mINFO [0m:      
[92mINFO [0m:      [ROUND 49]
[92mINFO [0m:      configure_fit: strategy sampled 3 clients (out of 3)
[92mINFO [0m:      aggregate_fit: received 3 results and 0 failures
[92mINFO [0m:      configure_evaluate: strategy sampled 3 clients (out of 3)
[92mINFO [0m:      aggregate_evaluate: received 3 results and 0 failures
[92mINFO [0m:      
[92mINFO [0m:      [ROUND 50]
[92mINFO [0m:      configure_fit: strategy sampled 3 clients (out of 3)
[92mINFO [0m:      aggregate_fit: received 3 results and 0 failures
[92mINFO [0m:      configure_evaluate: strategy sampled 3 clients (out of 3)
[92mINFO [0m:      aggregate_evaluate: received 3 results and 0 failures
[92mINFO [0m:      
[92mINFO [0m:      [SUMMARY]
[92mINFO [0m:      Run finished 50 round(s) in 2432.48s
[92mINFO [0m:      	History (loss, distributed):
[92mINFO [0m:      		round 1: 3.846249735406841
[92mINFO [0m:      		round 2: 5.646349091357082
[92mINFO [0m:      		round 3: 5.628889352404856
[92mINFO [0m:      		round 4: 2.960159113166453
[92mINFO [0m:      		round 5: 2.006721390659805
[92mINFO [0m:      		round 6: 0.9557284247744214
[92mINFO [0m:      		round 7: 1.3336404458191276
[92mINFO [0m:      		round 8: 0.9959391573417692
[92mINFO [0m:      		round 9: 0.9461628372665477
[92mINFO [0m:      		round 10: 0.7665945196076877
[92mINFO [0m:      		round 11: 0.8238742306617964
[92mINFO [0m:      		round 12: 0.9697443977629933
[92mINFO [0m:      		round 13: 1.1157352262800866
[92mINFO [0m:      		round 14: 0.8546227068878605
[92mINFO [0m:      		round 15: 0.7577480301377911
[92mINFO [0m:      		round 16: 0.912400916850361
[92mINFO [0m:      		round 17: 1.2518958710558021
[92mINFO [0m:      		round 18: 1.097700527736119
[92mINFO [0m:      		round 19: 1.1967829334866869
[92mINFO [0m:      		round 20: 0.9550445025766289
[92mINFO [0m:      		round 21: 0.8885492985275701
[92mINFO [0m:      		round 22: 2.1588798696803897
[92mINFO [0m:      		round 23: 1.142081121073413
[92mINFO [0m:      		round 24: 1.7012509034604442
[92mINFO [0m:      		round 25: 1.3603675804500068
[92mINFO [0m:      		round 26: 0.9727920445158867
[92mINFO [0m:      		round 27: 1.010729585187963
[92mINFO [0m:      		round 28: 1.2717264978627396
[92mINFO [0m:      		round 29: 1.593762682057812
[92mINFO [0m:      		round 30: 1.1897053964629045
[92mINFO [0m:      		round 31: 1.30573237305317
[92mINFO [0m:      		round 32: 1.167036452171286
[92mINFO [0m:      		round 33: 1.3824292287768525
[92mINFO [0m:      		round 34: 2.9208752815946935
[92mINFO [0m:      		round 35: 1.3941711351652653
[92mINFO [0m:      		round 36: 1.2842241176718399
[92mINFO [0m:      		round 37: 1.3600470769735202
[92mINFO [0m:      		round 38: 1.3162269614742166
[92mINFO [0m:      		round 39: 1.9085340773037254
[92mINFO [0m:      		round 40: 1.4280632937581423
[92mINFO [0m:      		round 41: 1.829644118016074
[92mINFO [0m:      		round 42: 1.8461519255883279
[92mINFO [0m:      		round 43: 1.9814881485663178
[92mINFO [0m:      		round 44: 1.6318048242796825
[92mINFO [0m:      		round 45: 1.5524356157498456
[92mINFO [0m:      		round 46: 1.528841876651466
[92mINFO [0m:      		round 47: 1.9690031691500405
[92mINFO [0m:      		round 48: 1.8960680717798286
[92mINFO [0m:      		round 49: 2.0867607140839772
[92mINFO [0m:      		round 50: 1.8280740815300343
[92mINFO [0m:      	History (metrics, distributed, fit):
[92mINFO [0m:      	{'comm_bytes': [(1, 44673804.0),
[92mINFO [0m:      	                (2, 44673804.0),
[92mINFO [0m:      	                (3, 44673804.0),
[92mINFO [0m:      	                (4, 44673804.0),
[92mINFO [0m:      	                (5, 44673804.0),
[92mINFO [0m:      	                (6, 44673804.0),
[92mINFO [0m:      	                (7, 44673804.0),
[92mINFO [0m:      	                (8, 44673804.0),
[92mINFO [0m:      	                (9, 44673804.0),
[92mINFO [0m:      	                (10, 44673804.0),
[92mINFO [0m:      	                (11, 44673804.0),
[92mINFO [0m:      	                (12, 44673804.0),
[92mINFO [0m:      	                (13, 44673804.0),
[92mINFO [0m:      	                (14, 44673804.0),
[92mINFO [0m:      	                (15, 44673804.0),
[92mINFO [0m:      	                (16, 44673804.0),
[92mINFO [0m:      	                (17, 44673804.0),
[92mINFO [0m:      	                (18, 44673804.0),
[92mINFO [0m:      	                (19, 44673804.0),
[92mINFO [0m:      	                (20, 44673804.0),
[92mINFO [0m:      	                (21, 44673804.0),
[92mINFO [0m:      	                (22, 44673804.0),
[92mINFO [0m:      	                (23, 44673804.0),
[92mINFO [0m:      	                (24, 44673804.0),
[92mINFO [0m:      	                (25, 44673804.0),
[92mINFO [0m:      	                (26, 44673804.0),
[92mINFO [0m:      	                (27, 44673804.0),
[92mINFO [0m:      	                (28, 44673804.0),
[92mINFO [0m:      	                (29, 44673804.0),
[92mINFO [0m:      	                (30, 44673804.0),
[92mINFO [0m:      	                (31, 44673804.0),
[92mINFO [0m:      	                (32, 44673804.0),
[92mINFO [0m:      	                (33, 44673804.0),
[92mINFO [0m:      	                (34, 44673804.0),
[92mINFO [0m:      	                (35, 44673804.0),
[92mINFO [0m:      	                (36, 44673804.0),
[92mINFO [0m:      	                (37, 44673804.0),
[92mINFO [0m:      	                (38, 44673804.0),
[92mINFO [0m:      	                (39, 44673804.0),
[92mINFO [0m:      	                (40, 44673804.0),
[92mINFO [0m:      	                (41, 44673804.0),
[92mINFO [0m:      	                (42, 44673804.0),
[92mINFO [0m:      	                (43, 44673804.0),
[92mINFO [0m:      	                (44, 44673804.0),
[92mINFO [0m:      	                (45, 44673804.0),
[92mINFO [0m:      	                (46, 44673804.0),
[92mINFO [0m:      	                (47, 44673804.0),
[92mINFO [0m:      	                (48, 44673804.0),
[92mINFO [0m:      	                (49, 44673804.0),
[92mINFO [0m:      	                (50, 44673804.0)],
[92mINFO [0m:      	 'comp_time_sec': [(1, 13.956100797464725),
[92mINFO [0m:      	                   (2, 13.769738470141595),
[92mINFO [0m:      	                   (3, 13.240105154957226),
[92mINFO [0m:      	                   (4, 13.349646806716919),
[92mINFO [0m:      	                   (5, 13.55266666176762),
[92mINFO [0m:      	                   (6, 13.516426738071818),
[92mINFO [0m:      	                   (7, 13.232075191298021),
[92mINFO [0m:      	                   (8, 13.907814604020402),
[92mINFO [0m:      	                   (9, 13.585447277947377),
[92mINFO [0m:      	                   (10, 13.733050391136894),
[92mINFO [0m:      	                   (11, 13.46510865989881),
[92mINFO [0m:      	                   (12, 13.629226561120376),
[92mINFO [0m:      	                   (13, 13.637671522943398),
[92mINFO [0m:      	                   (14, 13.478323878978081),
[92mINFO [0m:      	                   (15, 13.574977748950008),
[92mINFO [0m:      	                   (16, 13.455753597346218),
[92mINFO [0m:      	                   (17, 13.366154535014639),
[92mINFO [0m:      	                   (18, 13.637243736402791),
[92mINFO [0m:      	                   (19, 13.479000155633617),
[92mINFO [0m:      	                   (20, 13.30084271299038),
[92mINFO [0m:      	                   (21, 13.592223456725772),
[92mINFO [0m:      	                   (22, 13.337864009759171),
[92mINFO [0m:      	                   (23, 13.983859600285767),
[92mINFO [0m:      	                   (24, 13.5761855397771),
[92mINFO [0m:      	                   (25, 13.575561926770115),
[92mINFO [0m:      	                   (26, 13.575498940445218),
[92mINFO [0m:      	                   (27, 13.537565754807513),
[92mINFO [0m:      	                   (28, 13.38545193125608),
[92mINFO [0m:      	                   (29, 13.393632327615038),
[92mINFO [0m:      	                   (30, 13.818647812948868),
[92mINFO [0m:      	                   (31, 13.642510859391434),
[92mINFO [0m:      	                   (32, 13.575661710599666),
[92mINFO [0m:      	                   (33, 13.860120572120305),
[92mINFO [0m:      	                   (34, 13.431478342519918),
[92mINFO [0m:      	                   (35, 13.424304219102671),
[92mINFO [0m:      	                   (36, 13.652985585065698),
[92mINFO [0m:      	                   (37, 13.536880473374378),
[92mINFO [0m:      	                   (38, 13.415270094814979),
[92mINFO [0m:      	                   (39, 13.506077420098979),
[92mINFO [0m:      	                   (40, 13.37516625832192),
[92mINFO [0m:      	                   (41, 13.52235985885967),
[92mINFO [0m:      	                   (42, 13.55835955604734),
[92mINFO [0m:      	                   (43, 13.736468061156895),
[92mINFO [0m:      	                   (44, 13.853026905078663),
[92mINFO [0m:      	                   (45, 13.623354126813384),
[92mINFO [0m:      	                   (46, 13.425708514899604),
[92mINFO [0m:      	                   (47, 14.01089165568823),
[92mINFO [0m:      	                   (48, 13.329302255815197),
[92mINFO [0m:      	                   (49, 13.686007081284354),
[92mINFO [0m:      	                   (50, 14.44276663578546)],
[92mINFO [0m:      	 'train_loss': [(1, 0.7795631774957746),
[92mINFO [0m:      	                (2, 0.7753777470859202),
[92mINFO [0m:      	                (3, 0.7801617539451026),
[92mINFO [0m:      	                (4, 0.7670867532908644),
[92mINFO [0m:      	                (5, 0.7604070375321897),
[92mINFO [0m:      	                (6, 0.7156783189685082),
[92mINFO [0m:      	                (7, 0.6929429885284896),
[92mINFO [0m:      	                (8, 0.6690211894631618),
[92mINFO [0m:      	                (9, 0.6718685416875307),
[92mINFO [0m:      	                (10, 0.6242720607736642),
[92mINFO [0m:      	                (11, 0.5922933980928204),
[92mINFO [0m:      	                (12, 0.5628509745761857),
[92mINFO [0m:      	                (13, 0.5553668668611308),
[92mINFO [0m:      	                (14, 0.5078376298243851),
[92mINFO [0m:      	                (15, 0.4585243580850376),
[92mINFO [0m:      	                (16, 0.4431244353832415),
[92mINFO [0m:      	                (17, 0.42976538403584563),
[92mINFO [0m:      	                (18, 0.3881964449572144),
[92mINFO [0m:      	                (19, 0.3745794058799654),
[92mINFO [0m:      	                (20, 0.31682890280683873),
[92mINFO [0m:      	                (21, 0.32935150778299127),
[92mINFO [0m:      	                (22, 0.30468166429177607),
[92mINFO [0m:      	                (23, 0.2756709821610524),
[92mINFO [0m:      	                (24, 0.27472406978267794),
[92mINFO [0m:      	                (25, 0.25498645012788423),
[92mINFO [0m:      	                (26, 0.23026070267660764),
[92mINFO [0m:      	                (27, 0.25678985869636184),
[92mINFO [0m:      	                (28, 0.20748379804965605),
[92mINFO [0m:      	                (29, 0.2549746219967017),
[92mINFO [0m:      	                (30, 0.23489167391981589),
[92mINFO [0m:      	                (31, 0.24844311620236453),
[92mINFO [0m:      	                (32, 0.16620931578302547),
[92mINFO [0m:      	                (33, 0.1756247023477474),
[92mINFO [0m:      	                (34, 0.1750190023320856),
[92mINFO [0m:      	                (35, 0.1923374421715607),
[92mINFO [0m:      	                (36, 0.1545081565680488),
[92mINFO [0m:      	                (37, 0.14048637755137702),
[92mINFO [0m:      	                (38, 0.1285389782706858),
[92mINFO [0m:      	                (39, 0.14564284355909837),
[92mINFO [0m:      	                (40, 0.1499109896377254),
[92mINFO [0m:      	                (41, 0.1325468281817963),
[92mINFO [0m:      	                (42, 0.15186560534349908),
[92mINFO [0m:      	                (43, 0.13053834265049366),
[92mINFO [0m:      	                (44, 0.1042685808318327),
[92mINFO [0m:      	                (45, 0.13119058557062607),
[92mINFO [0m:      	                (46, 0.13126077691515875),
[92mINFO [0m:      	                (47, 0.09375963653367386),
[92mINFO [0m:      	                (48, 0.12852309206395293),
[92mINFO [0m:      	                (49, 0.1177742723265905),
[92mINFO [0m:      	                (50, 0.1368963705828738)]}
[92mINFO [0m:      	History (metrics, distributed, evaluate):
[92mINFO [0m:      	{'accuracy': [(1, 0.5604395604395604),
[92mINFO [0m:      	              (2, 0.5463108320251178),
[92mINFO [0m:      	              (3, 0.5494505494505495),
[92mINFO [0m:      	              (4, 0.5588697017268446),
[92mINFO [0m:      	              (5, 0.5447409733124019),
[92mINFO [0m:      	              (6, 0.6153846153846154),
[92mINFO [0m:      	              (7, 0.6875981161695447),
[92mINFO [0m:      	              (8, 0.6216640502354788),
[92mINFO [0m:      	              (9, 0.6875981161695447),
[92mINFO [0m:      	              (10, 0.7048665620094191),
[92mINFO [0m:      	              (11, 0.6718995290423861),
[92mINFO [0m:      	              (12, 0.5777080062794349),
[92mINFO [0m:      	              (13, 0.554160125588697),
[92mINFO [0m:      	              (14, 0.6075353218210361),
[92mINFO [0m:      	              (15, 0.6813186813186813),
[92mINFO [0m:      	              (16, 0.7032967032967034),
[92mINFO [0m:      	              (17, 0.5164835164835165),
[92mINFO [0m:      	              (18, 0.6248037676609105),
[92mINFO [0m:      	              (19, 0.543171114599686),
[92mINFO [0m:      	              (20, 0.6562009419152276),
[92mINFO [0m:      	              (21, 0.6687598116169545),
[92mINFO [0m:      	              (22, 0.423861852433281),
[92mINFO [0m:      	              (23, 0.6043956043956044),
[92mINFO [0m:      	              (24, 0.5447409733124019),
[92mINFO [0m:      	              (25, 0.5808477237048666),
[92mINFO [0m:      	              (26, 0.6923076923076923),
[92mINFO [0m:      	              (27, 0.6875981161695447),
[92mINFO [0m:      	              (28, 0.6232339089481946),
[92mINFO [0m:      	              (29, 0.5714285714285714),
[92mINFO [0m:      	              (30, 0.6232339089481946),
[92mINFO [0m:      	              (31, 0.5777080062794349),
[92mINFO [0m:      	              (32, 0.6624803767660911),
[92mINFO [0m:      	              (33, 0.6279434850863422),
[92mINFO [0m:      	              (34, 0.5886970172684458),
[92mINFO [0m:      	              (35, 0.6436420722135008),
[92mINFO [0m:      	              (36, 0.6656200941915228),
[92mINFO [0m:      	              (37, 0.7158555729984302),
[92mINFO [0m:      	              (38, 0.6970172684458399),
[92mINFO [0m:      	              (39, 0.6326530612244898),
[92mINFO [0m:      	              (40, 0.7048665620094191),
[92mINFO [0m:      	              (41, 0.7425431711145997),
[92mINFO [0m:      	              (42, 0.6059654631083202),
[92mINFO [0m:      	              (43, 0.6797488226059655),
[92mINFO [0m:      	              (44, 0.7315541601255887),
[92mINFO [0m:      	              (45, 0.7189952904238619),
[92mINFO [0m:      	              (46, 0.7456828885400314),
[92mINFO [0m:      	              (47, 0.695447409733124),
[92mINFO [0m:      	              (48, 0.7127158555729984),
[92mINFO [0m:      	              (49, 0.6703296703296703),
[92mINFO [0m:      	              (50, 0.7331240188383046)]}
[92mINFO [0m:      
[36m(pid=2827889)[0m [2026-09-03 03:43:53,333 E 2827889 2830719] core_worker_process.cc:825: Failed to establish connection to the metrics exporter agent. Metrics will not be exported. Exporter agent status: RpcError: Running out of retries to initialize the metrics agent. rpc_code: 14[32m [repeated 47x across cluster] (Ray deduplicates logs by default. Set RAY_DEDUP_LOGS=0 to disable log deduplication, or see https://docs.ray.io/en/master/ray-observability/user-guides/configure-logging.html#log-deduplication for more options.)[0m
