[2026-08-31 17:06:57] === Run started: lc_s42_fedbn_stdce_p60_seed42_job385026 ===
[2026-08-31 17:06:57] Config loaded from configs/learning_curve_fedbn_stdce.yaml
[2026-08-31 17:06:57] Run directories: {'log_dir': 'logs/fl/lc_s42_fedbn_stdce_p60_seed42_job385026', 'tb_dir': 'logs/fl/lc_s42_fedbn_stdce_p60_seed42_job385026/tb', 'checkpoint_dir': 'checkpoints/fl/lc_s42_fedbn_stdce_p60_seed42_job385026', 'output_dir': 'outputs/fl/lc_s42_fedbn_stdce_p60_seed42_job385026'}
[2026-08-31 17:06:57] Indexing dataset...
[2026-08-31 17:07:00] Indexed 1524 train samples, 637 test samples.
[2026-08-31 17:07:00] Built 3 client partition(s) (client_split=hospital_based).
[2026-08-31 17:07:00]   client_id=Spain_Dataset hospital=Spain_Dataset n_samples=240
[2026-08-31 17:07:00]   client_id=Canada_Dataset hospital=Canada_Dataset n_samples=981
[2026-08-31 17:07:00]   client_id=India_Dataset hospital=India_Dataset n_samples=303
[2026-08-31 17:07:00] Run hyperparameters:
  algorithm: fedbn
  model: resnet18
  num_clients: 3
  global_epochs: 50
  local_epochs: 3
  batch_size: 16
  learning_rate: 0.001
  domain_adaptation: True
  imbalance_method: standard_ce
[2026-08-31 17:07:01] [class_imbalance] method=standard_ce, global_train_counts=[834, 463, 227], beta=0.999, weight_clip=None
[2026-08-31 17:07:01] [class_imbalance/client] client_id=Spain_Dataset, hospital=Spain_Dataset, local_counts=[91, 97, 52], loss_weights=None
[2026-08-31 17:07:01] [class_imbalance/client] client_id=Canada_Dataset, hospital=Canada_Dataset, local_counts=[736, 163, 82], loss_weights=None
[2026-08-31 17:07:01] [class_imbalance/client] client_id=India_Dataset, hospital=India_Dataset, local_counts=[7, 203, 93], loss_weights=None
[2026-08-31 17:07:01] Starting Flower simulation: algorithm=fedbn, clients=3, rounds=50
[2026-08-31 17:09:27] [FL round 1] comm=134021412B comp=209.82s
[2026-08-31 17:11:51] [FL round 2] comm=134021412B comp=174.58s
[2026-08-31 17:13:55] [FL round 3] comm=134021412B comp=175.62s
[2026-08-31 17:15:55] [FL round 4] comm=134021412B comp=168.45s
[2026-08-31 17:17:54] [FL round 5] comm=134021412B comp=165.20s
[2026-08-31 17:19:58] [FL round 6] comm=134021412B comp=168.12s
[2026-08-31 17:21:57] [FL round 7] comm=134021412B comp=162.19s
[2026-08-31 17:23:49] [FL round 8] comm=134021412B comp=156.90s
[2026-08-31 17:25:49] [FL round 9] comm=134021412B comp=162.45s
[2026-08-31 17:27:54] [FL round 10] comm=134021412B comp=174.50s
[2026-08-31 17:30:05] [FL round 11] comm=134021412B comp=180.33s
[2026-08-31 17:32:02] [FL round 12] comm=134021412B comp=171.96s
[2026-08-31 17:33:57] [FL round 13] comm=134021412B comp=162.38s
[2026-08-31 17:35:57] [FL round 14] comm=134021412B comp=166.28s
[2026-08-31 17:37:57] [FL round 15] comm=134021412B comp=172.37s
[2026-08-31 17:39:57] [FL round 16] comm=134021412B comp=165.85s
[2026-08-31 17:41:59] [FL round 17] comm=134021412B comp=169.15s
[2026-08-31 17:44:05] [FL round 18] comm=134021412B comp=177.56s
[2026-08-31 17:46:07] [FL round 19] comm=134021412B comp=168.05s
[2026-08-31 17:48:09] [FL round 20] comm=134021412B comp=174.62s
[2026-08-31 17:50:09] [FL round 21] comm=134021412B comp=172.94s
[2026-08-31 17:52:10] [FL round 22] comm=134021412B comp=167.72s
[2026-08-31 17:54:13] [FL round 23] comm=134021412B comp=167.21s
[2026-08-31 17:56:09] [FL round 24] comm=134021412B comp=162.39s
[2026-08-31 17:58:08] [FL round 25] comm=134021412B comp=163.81s
[2026-08-31 18:00:10] [FL round 26] comm=134021412B comp=166.41s
[2026-08-31 18:02:06] [FL round 27] comm=134021412B comp=163.05s
[2026-08-31 18:04:03] [FL round 28] comm=134021412B comp=167.13s
[2026-08-31 18:06:05] [FL round 29] comm=134021412B comp=175.81s
[2026-08-31 18:08:02] [FL round 30] comm=134021412B comp=165.38s
[2026-08-31 18:10:01] [FL round 31] comm=134021412B comp=169.09s
[2026-08-31 18:12:01] [FL round 32] comm=134021412B comp=170.97s
[2026-08-31 18:13:58] [FL round 33] comm=134021412B comp=165.09s
[2026-08-31 18:15:57] [FL round 34] comm=134021412B comp=167.29s
[2026-08-31 18:17:58] [FL round 35] comm=134021412B comp=169.18s
[2026-08-31 18:20:01] [FL round 36] comm=134021412B comp=167.95s
[2026-08-31 18:21:57] [FL round 37] comm=134021412B comp=164.18s
[2026-08-31 18:23:59] [FL round 38] comm=134021412B comp=165.03s
[2026-08-31 18:25:55] [FL round 39] comm=134021412B comp=163.39s
[2026-08-31 18:27:54] [FL round 40] comm=134021412B comp=172.96s
[2026-08-31 18:29:52] [FL round 41] comm=134021412B comp=167.47s
[2026-08-31 18:31:53] [FL round 42] comm=134021412B comp=167.15s
[2026-08-31 18:33:58] [FL round 43] comm=134021412B comp=175.48s
[2026-08-31 18:36:00] [FL round 44] comm=134021412B comp=176.05s
[2026-08-31 18:37:57] [FL round 45] comm=134021412B comp=160.24s
[2026-08-31 18:39:55] [FL round 46] comm=134021412B comp=166.40s
[2026-08-31 18:41:56] [FL round 47] comm=134021412B comp=176.10s
[2026-08-31 18:43:54] [FL round 48] comm=134021412B comp=162.06s
[2026-08-31 18:45:51] [FL round 49] comm=134021412B comp=161.28s
[2026-08-31 18:48:00] [FL round 50] comm=134021412B comp=176.90s
[2026-08-31 18:48:15] FedBN checkpoint assembled: non-BN params from server aggregation, BN params taken from client 'Spain_Dataset' (representative).
[2026-08-31 18:48:16] Running FedBN final evaluation with hospital-specific BN models.
[2026-08-31 18:48:31] [eval/fedbn_per_hospital] hospital=Spain_Dataset acc=0.6604 loss=2.4264 n=106
[2026-08-31 18:48:37] [eval/fedbn_per_hospital] hospital=Canada_Dataset acc=0.8471 loss=1.0306 n=399
[2026-08-31 18:48:42] [eval/fedbn_per_hospital] hospital=India_Dataset acc=0.7652 loss=1.0540 n=132
[2026-08-31 18:48:42] [eval/fedbn_weighted_overall] overall_acc=0.7991 overall_loss=1.2677 total_samples=637
[2026-08-31 18:48:43] [eval/classification] accuracy=0.7991 macro_precision=0.7941 macro_recall=0.7172 macro_f1=0.7427 weighted_f1=0.7916
[2026-08-31 18:48:43] Saved final global model checkpoint to checkpoints/fl/lc_s42_fedbn_stdce_p60_seed42_job385026/best.pt
[2026-08-31 18:48:44] Saved 3 per-hospital BN-complete checkpoints to checkpoints/fl/lc_s42_fedbn_stdce_p60_seed42_job385026/per_hospital
[2026-08-31 18:48:44] === Run finished: lc_s42_fedbn_stdce_p60_seed42_job385026 (elapsed 6106.6s) ===
