[2026-09-03 03:40:59] === Run started: lc_s123_fedbn_stdce_p40_seed123_job386742 ===
[2026-09-03 03:40:59] Config loaded from configs/learning_curve_fedbn_stdce.yaml
[2026-09-03 03:40:59] Run directories: {'log_dir': 'logs/fl/lc_s123_fedbn_stdce_p40_seed123_job386742', 'tb_dir': 'logs/fl/lc_s123_fedbn_stdce_p40_seed123_job386742/tb', 'checkpoint_dir': 'checkpoints/fl/lc_s123_fedbn_stdce_p40_seed123_job386742', 'output_dir': 'outputs/fl/lc_s123_fedbn_stdce_p40_seed123_job386742'}
[2026-09-03 03:40:59] Indexing dataset...
[2026-09-03 03:41:00] Indexed 1014 train samples, 637 test samples.
[2026-09-03 03:41:00] Built 3 client partition(s) (client_split=hospital_based).
[2026-09-03 03:41:00]   client_id=Spain_Dataset hospital=Spain_Dataset n_samples=158
[2026-09-03 03:41:00]   client_id=Canada_Dataset hospital=Canada_Dataset n_samples=654
[2026-09-03 03:41:00]   client_id=India_Dataset hospital=India_Dataset n_samples=202
[2026-09-03 03:41:00] Run hyperparameters:
  algorithm: fedbn
  model: resnet18
  num_clients: 3
  global_epochs: 50
  local_epochs: 3
  batch_size: 16
  learning_rate: 0.001
  domain_adaptation: True
  imbalance_method: standard_ce
[2026-09-03 03:41:00] [class_imbalance] method=standard_ce, global_train_counts=[554, 309, 151], beta=0.999, weight_clip=None
[2026-09-03 03:41:00] [class_imbalance/client] client_id=Spain_Dataset, hospital=Spain_Dataset, local_counts=[60, 64, 34], loss_weights=None
[2026-09-03 03:41:00] [class_imbalance/client] client_id=Canada_Dataset, hospital=Canada_Dataset, local_counts=[490, 109, 55], loss_weights=None
[2026-09-03 03:41:00] [class_imbalance/client] client_id=India_Dataset, hospital=India_Dataset, local_counts=[4, 136, 62], loss_weights=None
[2026-09-03 03:41:00] Starting Flower simulation: algorithm=fedbn, clients=3, rounds=50
[2026-09-03 03:42:30] [FL round 1] comm=134021412B comp=128.16s
[2026-09-03 03:44:05] [FL round 2] comm=134021412B comp=126.35s
[2026-09-03 03:45:38] [FL round 3] comm=134021412B comp=125.24s
[2026-09-03 03:47:14] [FL round 4] comm=134021412B comp=127.32s
[2026-09-03 03:48:51] [FL round 5] comm=134021412B comp=130.15s
[2026-09-03 03:50:26] [FL round 6] comm=134021412B comp=126.94s
[2026-09-03 03:52:04] [FL round 7] comm=134021412B comp=129.33s
[2026-09-03 03:53:41] [FL round 8] comm=134021412B comp=126.05s
[2026-09-03 03:55:18] [FL round 9] comm=134021412B comp=129.21s
[2026-09-03 03:56:55] [FL round 10] comm=134021412B comp=126.90s
[2026-09-03 03:58:33] [FL round 11] comm=134021412B comp=130.46s
[2026-09-03 04:00:09] [FL round 12] comm=134021412B comp=127.80s
[2026-09-03 04:01:46] [FL round 13] comm=134021412B comp=127.38s
[2026-09-03 04:03:24] [FL round 14] comm=134021412B comp=130.14s
[2026-09-03 04:04:59] [FL round 15] comm=134021412B comp=126.32s
[2026-09-03 04:06:36] [FL round 16] comm=134021412B comp=129.77s
[2026-09-03 04:08:13] [FL round 17] comm=134021412B comp=126.03s
[2026-09-03 04:09:50] [FL round 18] comm=134021412B comp=128.86s
[2026-09-03 04:11:26] [FL round 19] comm=134021412B comp=125.87s
[2026-09-03 04:13:03] [FL round 20] comm=134021412B comp=127.80s
[2026-09-03 04:14:42] [FL round 21] comm=134021412B comp=130.37s
[2026-09-03 04:16:20] [FL round 22] comm=134021412B comp=130.34s
[2026-09-03 04:17:56] [FL round 23] comm=134021412B comp=127.64s
[2026-09-03 04:19:34] [FL round 24] comm=134021412B comp=128.60s
[2026-09-03 04:21:10] [FL round 25] comm=134021412B comp=127.70s
[2026-09-03 04:22:45] [FL round 26] comm=134021412B comp=126.37s
[2026-09-03 04:24:21] [FL round 27] comm=134021412B comp=127.18s
[2026-09-03 04:25:57] [FL round 28] comm=134021412B comp=128.76s
[2026-09-03 04:27:35] [FL round 29] comm=134021412B comp=128.95s
[2026-09-03 04:29:13] [FL round 30] comm=134021412B comp=130.76s
[2026-09-03 04:30:47] [FL round 31] comm=134021412B comp=125.04s
[2026-09-03 04:32:25] [FL round 32] comm=134021412B comp=129.93s
[2026-09-03 04:34:03] [FL round 33] comm=134021412B comp=128.16s
[2026-09-03 04:35:38] [FL round 34] comm=134021412B comp=127.14s
[2026-09-03 04:37:10] [FL round 35] comm=134021412B comp=121.88s
[2026-09-03 04:38:43] [FL round 36] comm=134021412B comp=123.72s
[2026-09-03 04:40:17] [FL round 37] comm=134021412B comp=125.25s
[2026-09-03 04:41:53] [FL round 38] comm=134021412B comp=125.77s
[2026-09-03 04:43:25] [FL round 39] comm=134021412B comp=121.97s
[2026-09-03 04:45:00] [FL round 40] comm=134021412B comp=124.89s
[2026-09-03 04:46:33] [FL round 41] comm=134021412B comp=123.40s
[2026-09-03 04:48:05] [FL round 42] comm=134021412B comp=123.45s
[2026-09-03 04:49:37] [FL round 43] comm=134021412B comp=122.29s
[2026-09-03 04:51:09] [FL round 44] comm=134021412B comp=121.78s
[2026-09-03 04:52:42] [FL round 45] comm=134021412B comp=121.87s
[2026-09-03 04:54:15] [FL round 46] comm=134021412B comp=122.81s
[2026-09-03 04:55:48] [FL round 47] comm=134021412B comp=123.83s
[2026-09-03 04:57:21] [FL round 48] comm=134021412B comp=122.83s
[2026-09-03 04:58:54] [FL round 49] comm=134021412B comp=122.05s
[2026-09-03 05:00:26] [FL round 50] comm=134021412B comp=123.37s
[2026-09-03 05:00:44] FedBN checkpoint assembled: non-BN params from server aggregation, BN params taken from client 'Spain_Dataset' (representative).
[2026-09-03 05:00:45] Running FedBN final evaluation with hospital-specific BN models.
[2026-09-03 05:00:58] [eval/fedbn_per_hospital] hospital=Spain_Dataset acc=0.6698 loss=1.6520 n=106
[2026-09-03 05:01:03] [eval/fedbn_per_hospital] hospital=Canada_Dataset acc=0.6466 loss=2.3762 n=399
[2026-09-03 05:01:08] [eval/fedbn_per_hospital] hospital=India_Dataset acc=0.5152 loss=1.4208 n=132
[2026-09-03 05:01:08] [eval/fedbn_weighted_overall] overall_acc=0.6232 overall_loss=2.0577 total_samples=637
[2026-09-03 05:01:08] [eval/classification] accuracy=0.6232 macro_precision=0.6077 macro_recall=0.6113 macro_f1=0.6008 weighted_f1=0.6330
[2026-09-03 05:01:09] Saved final global model checkpoint to checkpoints/fl/lc_s123_fedbn_stdce_p40_seed123_job386742/best.pt
[2026-09-03 05:01:09] Saved 3 per-hospital BN-complete checkpoints to checkpoints/fl/lc_s123_fedbn_stdce_p40_seed123_job386742/per_hospital
[2026-09-03 05:01:09] === Run finished: lc_s123_fedbn_stdce_p40_seed123_job386742 (elapsed 4810.7s) ===
